[  +87 ms] Artifact Instance of 'MaterialFonts' is not required, skipping update.
[        ] Artifact Instance of 'GradleWrapper' is not required, skipping update.
[        ] Artifact Instance of 'AndroidGenSnapshotArtifacts' is not required, skipping update.
[        ] Artifact Instance of 'AndroidInternalBuildArtifacts' is not required, skipping update.
[        ] Artifact Instance of 'IOSEngineArtifacts' is not required, skipping update.
[        ] Artifact Instance of 'FlutterWebSdk' is not required, skipping update.
[        ] Artifact Instance of 'LegacyCanvasKitRemover' is not required, skipping update.
[        ] Artifact Instance of 'FlutterSdk' is not required, skipping update.
[        ] Artifact Instance of 'WindowsEngineArtifacts' is not required, skipping update.
[        ] Artifact Instance of 'MacOSEngineArtifacts' is not required, skipping update.
[        ] Artifact Instance of 'LinuxEngineArtifacts' is not required, skipping update.
[        ] Artifact Instance of 'LinuxFuchsiaSDKArtifacts' is not required, skipping update.
[        ] Artifact Instance of 'MacOSFuchsiaSDKArtifacts' is not required, skipping update.
[        ] Artifact Instance of 'FlutterRunnerSDKArtifacts' is not required, skipping update.
[        ] Artifact Instance of 'FlutterRunnerDebugSymbols' is not required, skipping update.
[        ] Artifact Instance of 'IosUsbArtifacts' is not required, skipping update.
[        ] Artifact Instance of 'IosUsbArtifacts' is not required, skipping update.
[        ] Artifact Instance of 'IosUsbArtifacts' is not required, skipping update.
[        ] Artifact Instance of 'IosUsbArtifacts' is not required, skipping update.
[        ] Artifact Instance of 'IosUsbArtifacts' is not required, skipping update.
[        ] Artifact Instance of 'IosUsbArtifacts' is not required, skipping update.
[        ] Artifact Instance of 'FontSubsetArtifacts' is not required, skipping update.
[        ] Artifact Instance of 'PubDependencies' is not required, skipping update.
[        ] executing: [C:\Users\Dyuthi\flutter\flutter/] git -c log.showSignature=false log HEAD -n 1 --pretty=format:%ad --date=iso
[  +41 ms] Exit code 0 from: git -c log.showSignature=false log HEAD -n 1 --pretty=format:%ad --date=iso
[        ] 2026-02-18 13:54:59 -0800
[   +9 ms] Artifact Instance of 'AndroidGenSnapshotArtifacts' is not required, skipping update.
[        ] Artifact Instance of 'AndroidInternalBuildArtifacts' is not required, skipping update.
[        ] Artifact Instance of 'IOSEngineArtifacts' is not required, skipping update.
[        ] Artifact Instance of 'FlutterWebSdk' is not required, skipping update.
[        ] Artifact Instance of 'FlutterEngineStamp' is not required, skipping update.
[        ] Artifact Instance of 'LegacyCanvasKitRemover' is not required, skipping update.
[        ] Artifact Instance of 'WindowsEngineArtifacts' is not required, skipping update.
[        ] Artifact Instance of 'MacOSEngineArtifacts' is not required, skipping update.
[        ] Artifact Instance of 'LinuxEngineArtifacts' is not required, skipping update.
[        ] Artifact Instance of 'LinuxFuchsiaSDKArtifacts' is not required, skipping update.
[        ] Artifact Instance of 'MacOSFuchsiaSDKArtifacts' is not required, skipping update.
[        ] Artifact Instance of 'FlutterRunnerSDKArtifacts' is not required, skipping update.
[        ] Artifact Instance of 'FlutterRunnerDebugSymbols' is not required, skipping update.
[  +29 ms] Artifact Instance of 'MaterialFonts' is not required, skipping update.
[        ] Artifact Instance of 'GradleWrapper' is not required, skipping update.
[        ] Artifact Instance of 'AndroidInternalBuildArtifacts' is not required, skipping update.
[        ] Artifact Instance of 'IOSEngineArtifacts' is not required, skipping update.
[        ] Artifact Instance of 'FlutterWebSdk' is not required, skipping update.
[        ] Artifact Instance of 'FlutterEngineStamp' is not required, skipping update.
[        ] Artifact Instance of 'LegacyCanvasKitRemover' is not required, skipping update.
[        ] Artifact Instance of 'FlutterSdk' is not required, skipping update.
[        ] Artifact Instance of 'WindowsEngineArtifacts' is not required, skipping update.
[        ] Artifact Instance of 'MacOSEngineArtifacts' is not required, skipping update.
[        ] Artifact Instance of 'LinuxEngineArtifacts' is not required, skipping update.
[        ] Artifact Instance of 'LinuxFuchsiaSDKArtifacts' is not required, skipping update.
[        ] Artifact Instance of 'MacOSFuchsiaSDKArtifacts' is not required, skipping update.
[        ] Artifact Instance of 'FlutterRunnerSDKArtifacts' is not required, skipping update.
[        ] Artifact Instance of 'FlutterRunnerDebugSymbols' is not required, skipping update.
[        ] Artifact Instance of 'IosUsbArtifacts' is not required, skipping update.
[        ] Artifact Instance of 'IosUsbArtifacts' is not required, skipping update.
[        ] Artifact Instance of 'IosUsbArtifacts' is not required, skipping update.
[        ] Artifact Instance of 'IosUsbArtifacts' is not required, skipping update.
[        ] Artifact Instance of 'IosUsbArtifacts' is not required, skipping update.
[        ] Artifact Instance of 'IosUsbArtifacts' is not required, skipping update.
[        ] Artifact Instance of 'FontSubsetArtifacts' is not required, skipping update.
[        ] Artifact Instance of 'PubDependencies' is not required, skipping update.
[  +30 ms] executing: [C:\Users\Dyuthi\smartnotes/] C:\Users\Dyuthi\flutter\flutter\bin\cache\dart-sdk\bin\dart pub --suppress-analytics --directory . get --example
Resolving dependencies...
Downloading packages...
  camera 0.10.6 (0.12.0+1 available)
  camera_avfoundation 0.9.23+2 (0.10.1 available)
  camera_platform_interface 2.12.0 (2.13.0 available)
  file_picker 8.3.7 (11.0.2 available)
  fl_chart 0.63.0 (1.2.0 available)
  flutter_lints 2.0.3 (6.0.0 available)
  lints 2.1.1 (6.1.0 available)
  matcher 0.12.18 (0.12.19 available)
  meta 1.17.0 (1.18.2 available)
  test_api 0.7.9 (0.7.11 available)
  vector_math 2.2.0 (2.3.0 available)
  vm_service 15.0.2 (15.1.0 available)
  win32 5.15.0 (6.0.1 available)
Got dependencies!
13 packages have newer versions incompatible with dependency constraints.
Try `flutter pub outdated` for more information.
[ +322 ms] Found plugin record at C:\Users\Dyuthi\AppData\Local\Pub\Cache\hosted\pub.dev\record-6.2.0\
[   +4 ms] Found plugin record_windows at C:\Users\Dyuthi\AppData\Local\Pub\Cache\hosted\pub.dev\record_windows-1.0.7\
[   +2 ms] Found plugin record_web at C:\Users\Dyuthi\AppData\Local\Pub\Cache\hosted\pub.dev\record_web-1.3.0\
[   +2 ms] Found plugin record_macos at C:\Users\Dyuthi\AppData\Local\Pub\Cache\hosted\pub.dev\record_macos-1.2.1\
[        ] Found plugin record_linux at C:\Users\Dyuthi\AppData\Local\Pub\Cache\hosted\pub.dev\record_linux-1.3.0\
[   +1 ms] Found plugin record_ios at C:\Users\Dyuthi\AppData\Local\Pub\Cache\hosted\pub.dev\record_ios-1.2.0\
[        ] Found plugin record_android at C:\Users\Dyuthi\AppData\Local\Pub\Cache\hosted\pub.dev\record_android-1.5.1\
[   +2 ms] Found plugin path_provider at C:\Users\Dyuthi\AppData\Local\Pub\Cache\hosted\pub.dev\path_provider-2.1.5\
[   +1 ms] Found plugin path_provider_windows at C:\Users\Dyuthi\AppData\Local\Pub\Cache\hosted\pub.dev\path_provider_windows-2.3.0\
[   +2 ms] Found plugin path_provider_linux at C:\Users\Dyuthi\AppData\Local\Pub\Cache\hosted\pub.dev\path_provider_linux-2.2.1\
[   +1 ms] Found plugin path_provider_foundation at C:\Users\Dyuthi\AppData\Local\Pub\Cache\hosted\pub.dev\path_provider_foundation-2.6.0\
[   +6 ms] Found plugin path_provider_android at C:\Users\Dyuthi\AppData\Local\Pub\Cache\hosted\pub.dev\path_provider_android-2.3.1\
[        ] Found plugin jni_flutter at C:\Users\Dyuthi\AppData\Local\Pub\Cache\hosted\pub.dev\jni_flutter-1.0.1\
[        ] Found plugin jni at C:\Users\Dyuthi\AppData\Local\Pub\Cache\hosted\pub.dev\jni-1.0.0\
[   +1 ms] Found plugin image_picker at C:\Users\Dyuthi\AppData\Local\Pub\Cache\hosted\pub.dev\image_picker-1.2.1\
[        ] Found plugin image_picker_windows at C:\Users\Dyuthi\AppData\Local\Pub\Cache\hosted\pub.dev\image_picker_windows-0.2.2\
[   +3 ms] Found plugin file_selector_windows at C:\Users\Dyuthi\AppData\Local\Pub\Cache\hosted\pub.dev\file_selector_windows-0.9.3+5\
[   +1 ms] Found plugin image_picker_macos at C:\Users\Dyuthi\AppData\Local\Pub\Cache\hosted\pub.dev\image_picker_macos-0.2.2+1\
[        ] Found plugin file_selector_macos at C:\Users\Dyuthi\AppData\Local\Pub\Cache\hosted\pub.dev\file_selector_macos-0.9.5\
[        ] Found plugin image_picker_linux at C:\Users\Dyuthi\AppData\Local\Pub\Cache\hosted\pub.dev\image_picker_linux-0.2.2\
[        ] Found plugin file_selector_linux at C:\Users\Dyuthi\AppData\Local\Pub\Cache\hosted\pub.dev\file_selector_linux-0.9.4\
[        ] Found plugin image_picker_ios at C:\Users\Dyuthi\AppData\Local\Pub\Cache\hosted\pub.dev\image_picker_ios-0.8.13+6\
[        ] Found plugin image_picker_for_web at C:\Users\Dyuthi\AppData\Local\Pub\Cache\hosted\pub.dev\image_picker_for_web-3.1.1\
[   +1 ms] Found plugin image_picker_android at C:\Users\Dyuthi\AppData\Local\Pub\Cache\hosted\pub.dev\image_picker_android-0.8.13+16\
[        ] Found plugin flutter_plugin_android_lifecycle at C:\Users\Dyuthi\AppData\Local\Pub\Cache\hosted\pub.dev\flutter_plugin_android_lifecycle-2.0.34\
[   +3 ms] Found plugin file_picker at C:\Users\Dyuthi\AppData\Local\Pub\Cache\hosted\pub.dev\file_picker-8.3.7\
[   +2 ms] Found plugin camera at C:\Users\Dyuthi\AppData\Local\Pub\Cache\hosted\pub.dev\camera-0.10.6\
[   +1 ms] Found plugin camera_web at C:\Users\Dyuthi\AppData\Local\Pub\Cache\hosted\pub.dev\camera_web-0.3.5+3\
[   +1 ms] Found plugin camera_avfoundation at C:\Users\Dyuthi\AppData\Local\Pub\Cache\hosted\pub.dev\camera_avfoundation-0.9.23+2\
[        ] Found plugin camera_android at C:\Users\Dyuthi\AppData\Local\Pub\Cache\hosted\pub.dev\camera_android-0.10.10+16\
[  +28 ms] Found plugin record at C:\Users\Dyuthi\AppData\Local\Pub\Cache\hosted\pub.dev\record-6.2.0\
[   +2 ms] Found plugin record_windows at C:\Users\Dyuthi\AppData\Local\Pub\Cache\hosted\pub.dev\record_windows-1.0.7\
[   +1 ms] Found plugin record_web at C:\Users\Dyuthi\AppData\Local\Pub\Cache\hosted\pub.dev\record_web-1.3.0\
[   +1 ms] Found plugin record_macos at C:\Users\Dyuthi\AppData\Local\Pub\Cache\hosted\pub.dev\record_macos-1.2.1\
[        ] Found plugin record_linux at C:\Users\Dyuthi\AppData\Local\Pub\Cache\hosted\pub.dev\record_linux-1.3.0\
[        ] Found plugin record_ios at C:\Users\Dyuthi\AppData\Local\Pub\Cache\hosted\pub.dev\record_ios-1.2.0\
[        ] Found plugin record_android at C:\Users\Dyuthi\AppData\Local\Pub\Cache\hosted\pub.dev\record_android-1.5.1\
[   +1 ms] Found plugin path_provider at C:\Users\Dyuthi\AppData\Local\Pub\Cache\hosted\pub.dev\path_provider-2.1.5\
[        ] Found plugin path_provider_windows at C:\Users\Dyuthi\AppData\Local\Pub\Cache\hosted\pub.dev\path_provider_windows-2.3.0\
[   +1 ms] Found plugin path_provider_linux at C:\Users\Dyuthi\AppData\Local\Pub\Cache\hosted\pub.dev\path_provider_linux-2.2.1\
[   +1 ms] Found plugin path_provider_foundation at C:\Users\Dyuthi\AppData\Local\Pub\Cache\hosted\pub.dev\path_provider_foundation-2.6.0\
[   +3 ms] Found plugin path_provider_android at C:\Users\Dyuthi\AppData\Local\Pub\Cache\hosted\pub.dev\path_provider_android-2.3.1\
[        ] Found plugin jni_flutter at C:\Users\Dyuthi\AppData\Local\Pub\Cache\hosted\pub.dev\jni_flutter-1.0.1\
[        ] Found plugin jni at C:\Users\Dyuthi\AppData\Local\Pub\Cache\hosted\pub.dev\jni-1.0.0\
[   +1 ms] Found plugin image_picker at C:\Users\Dyuthi\AppData\Local\Pub\Cache\hosted\pub.dev\image_picker-1.2.1\
[        ] Found plugin image_picker_windows at C:\Users\Dyuthi\AppData\Local\Pub\Cache\hosted\pub.dev\image_picker_windows-0.2.2\
[   +1 ms] Found plugin file_selector_windows at C:\Users\Dyuthi\AppData\Local\Pub\Cache\hosted\pub.dev\file_selector_windows-0.9.3+5\
[   +1 ms] Found plugin image_picker_macos at C:\Users\Dyuthi\AppData\Local\Pub\Cache\hosted\pub.dev\image_picker_macos-0.2.2+1\
[        ] Found plugin file_selector_macos at C:\Users\Dyuthi\AppData\Local\Pub\Cache\hosted\pub.dev\file_selector_macos-0.9.5\
[        ] Found plugin image_picker_linux at C:\Users\Dyuthi\AppData\Local\Pub\Cache\hosted\pub.dev\image_picker_linux-0.2.2\
[        ] Found plugin file_selector_linux at C:\Users\Dyuthi\AppData\Local\Pub\Cache\hosted\pub.dev\file_selector_linux-0.9.4\
[        ] Found plugin image_picker_ios at C:\Users\Dyuthi\AppData\Local\Pub\Cache\hosted\pub.dev\image_picker_ios-0.8.13+6\
[        ] Found plugin image_picker_for_web at C:\Users\Dyuthi\AppData\Local\Pub\Cache\hosted\pub.dev\image_picker_for_web-3.1.1\
[        ] Found plugin image_picker_android at C:\Users\Dyuthi\AppData\Local\Pub\Cache\hosted\pub.dev\image_picker_android-0.8.13+16\
[        ] Found plugin flutter_plugin_android_lifecycle at C:\Users\Dyuthi\AppData\Local\Pub\Cache\hosted\pub.dev\flutter_plugin_android_lifecycle-2.0.34\
[   +1 ms] Found plugin file_picker at C:\Users\Dyuthi\AppData\Local\Pub\Cache\hosted\pub.dev\file_picker-8.3.7\
[   +1 ms] Found plugin camera at C:\Users\Dyuthi\AppData\Local\Pub\Cache\hosted\pub.dev\camera-0.10.6\
[        ] Found plugin camera_web at C:\Users\Dyuthi\AppData\Local\Pub\Cache\hosted\pub.dev\camera_web-0.3.5+3\
[   +1 ms] Found plugin camera_avfoundation at C:\Users\Dyuthi\AppData\Local\Pub\Cache\hosted\pub.dev\camera_avfoundation-0.9.23+2\
[        ] Found plugin camera_android at C:\Users\Dyuthi\AppData\Local\Pub\Cache\hosted\pub.dev\camera_android-0.10.10+16\
[   +1 ms] Generating C:\Users\Dyuthi\smartnotes\android\app\src\main\java\io\flutter\plugins\GeneratedPluginRegistrant.java
[   +4 ms] Skipping generating GeneratedPluginRegistrant.java because it is up-to-date.
[  +17 ms] executing: C:\Program Files\Android\Android Studio\jbr\bin\java -version
[  +68 ms] Exit code 0 from: C:\Program Files\Android\Android Studio\jbr\bin\java -version
[        ] openjdk version "21.0.9" 2025-10-21
           OpenJDK Runtime Environment (build 21.0.9+-14649483-b1163.86)
           OpenJDK 64-Bit Server VM (build 21.0.9+-14649483-b1163.86, mixed mode)
[   +4 ms] Top-level Gradle build file not found, skipping migration of task "clean".
[   +1 ms] executing: C:\Program Files\Android\Android Studio\jbr\bin\java --version
[  +71 ms] Exit code 0 from: C:\Program Files\Android\Android Studio\jbr\bin\java --version
[        ] openjdk 21.0.9 2025-10-21
           OpenJDK Runtime Environment (build 21.0.9+-14649483-b1163.86)
           OpenJDK 64-Bit Server VM (build 21.0.9+-14649483-b1163.86, mixed mode)
[   +1 ms] Version of Java is different than impacted version, no migration attempted.
[   +7 ms] CMake project not found, skipping support Android 15 16k page size migration.
[   +2 ms] Using gradle from C:\Users\Dyuthi\smartnotes\android\gradlew.bat.
[   +5 ms] LocalFile: 'C:\Users\Dyuthi\smartnotes\android\build.gradle.kts' doesn't provide an AGP version. Checking settings.
[        ] LocalFile: 'C:\Users\Dyuthi\smartnotes\android\settings.gradle.kts' provides AGP version: 8.11.1
[   +2 ms] Running Gradle task 'assembleRelease'...
[        ] executing: [C:\Users\Dyuthi\smartnotes\android/] C:\Users\Dyuthi\smartnotes\android\gradlew.bat --full-stacktrace --info -Pverbose=true -Ptarget-platform=android-arm,android-arm64,android-x64 -Ptarget=lib\main.dart -Pbase-application-name=android.app.Application -Pdart-defines=RkxVVFRFUl9WRVJTSU9OPTMuNDEuMg==,RkxVVFRFUl9DSEFOTkVMPXN0YWJsZQ==,RkxVVFRFUl9HSVRfVVJMPWh0dHBzOi8vZ2l0aHViLmNvbS9mbHV0dGVyL2ZsdXR0ZXIuZ2l0,RkxVVFRFUl9GUkFNRVdPUktfUkVWSVNJT049OTA2NzNhNGVlZg==,RkxVVFRFUl9FTkdJTkVfUkVWSVNJT049NmMwYmFhZWJmNw==,RkxVVFRFUl9EQVJUX1ZFUlNJT049My4xMS4w -Pdart-obfuscation=false -Ptrack-widget-creation=true -Ptree-shake-icons=true assembleRelease
[ +384 ms] Initialized native services in: C:\Users\Dyuthi\.gradle\native
[        ] Initialized jansi services in: C:\Users\Dyuthi\.gradle\native
[ +120 ms] Welcome to Gradle 8.14!
[        ] Here are the highlights of this release:
[        ]  - Java 24 support
[        ]  - GraalVM Native Image toolchain selection
[        ]  - Enhancements to test reporting
[        ]  - Build Authoring improvements
[        ] For more details see https://docs.gradle.org/8.14/release-notes.html
[  +93 ms] The client will now receive all logging from the daemon (pid: 23140). The daemon log file: C:\Users\Dyuthi\.gradle\daemon\8.14\daemon-23140.out.log
[        ] Starting 3rd build in daemon [uptime: 35 mins 24.911 secs, performance: 99%, GC rate: 0.00/s, heap usage: 0% of 8 GiB, non-heap usage: 3% of 4 GiB]
[        ] Using 16 worker leases.
[        ] Now considering [C:\Users\Dyuthi\smartnotes\android, C:\Users\Dyuthi\Downloads\flutter_windows_3.41.6-stable\flutter\packages\flutter_tools\gradle] as hierarchies to watch
[        ] Watching the file system is configured to be enabled if available
[        ] File system watching is active
[        ] Starting Build
[  +94 ms] Now considering [C:\Users\Dyuthi\flutter\flutter\packages\flutter_tools\gradle, C:\Users\Dyuthi\smartnotes\android, C:\Users\Dyuthi\Downloads\flutter_windows_3.41.6-stable\flutter\packages\flutter_tools\gradle] as hierarchies to watch
[ +110 ms] > Configure project :gradle
[        ] Evaluating project ':gradle' using build file 'C:\Users\Dyuthi\flutter\flutter\packages\flutter_tools\gradle\build.gradle.kts'.
[        ] Resolved plugin [id: 'org.gradle.java-gradle-plugin']
[        ] Resolved plugin [id: 'org.gradle.groovy']
[        ] Resolved plugin [id: 'org.gradle.kotlin.kotlin-dsl', version: '5.2.0']
[        ] Resolved plugin [id: 'org.jetbrains.kotlin.jvm', version: '1.9.20']
[        ] Using Kotlin Gradle Plugin gradle85 variant
[        ] kotlin scripting plugin: created the scripting discovery configuration: kotlinScriptDef
[        ] kotlin scripting plugin: created the scripting discovery configuration: testKotlinScriptDef
[        ] file or directory 'C:\Users\Dyuthi\flutter\flutter\packages\flutter_tools\gradle\src\main\java', not found
[        ] Resolved plugin [id: 'dev.flutter.flutter-plugin-loader', version: '1.0.0']
[        ] Resolved plugin [id: 'com.android.application', version: '8.11.1', apply: false]
[        ] Resolved plugin [id: 'org.jetbrains.kotlin.android', version: '2.2.20', apply: false]
[        ] Resolve mutations for :gradle:checkKotlinGradlePluginConfigurationErrors (Thread[#517,Execution worker,5,main]) started.
[        ] :gradle:checkKotlinGradlePluginConfigurationErrors (Thread[#527,Execution worker Thread 11,5,main]) started.
[        ] > Task :gradle:checkKotlinGradlePluginConfigurationErrors SKIPPED
[        ] Skipping task ':gradle:checkKotlinGradlePluginConfigurationErrors' as task onlyIf 'errorDiagnostics are present' is false.
[        ] Resolve mutations for :gradle:compileKotlin (Thread[#527,Execution worker Thread 11,5,main]) started.
[        ] :gradle:compileKotlin (Thread[#527,Execution worker Thread 11,5,main]) started.
[  +90 ms] > Task :gradle:compileKotlin UP-TO-DATE
[        ] Caching disabled for task ':gradle:compileKotlin' because:
[        ]   Build cache is disabled
[        ] Skipping task ':gradle:compileKotlin' as it is up-to-date.
[        ] Resolve mutations for :gradle:compileJava (Thread[#527,Execution worker Thread 11,5,main]) started.
[        ] :gradle:compileJava (Thread[#527,Execution worker Thread 11,5,main]) started.
[        ] > Task :gradle:compileJava NO-SOURCE
[        ] Skipping task ':gradle:compileJava' as it has no source files and no previous output files.
[        ] Resolve mutations for :gradle:compileGroovy (Thread[#527,Execution worker Thread 11,5,main]) started.
[        ] :gradle:compileGroovy (Thread[#527,Execution worker Thread 11,5,main]) started.
[        ] > Task :gradle:compileGroovy NO-SOURCE
[        ] Skipping task ':gradle:compileGroovy' as it has no source files and no previous output files.
[        ] Resolve mutations for :gradle:pluginDescriptors (Thread[#527,Execution worker Thread 11,5,main]) started.
[        ] :gradle:pluginDescriptors (Thread[#527,Execution worker Thread 11,5,main]) started.
[        ] > Task :gradle:pluginDescriptors UP-TO-DATE
[        ] Caching disabled for task ':gradle:pluginDescriptors' because:
[        ]   Build cache is disabled
[        ]   Not worth caching
[        ] Skipping task ':gradle:pluginDescriptors' as it is up-to-date.
[        ] Resolve mutations for :gradle:processResources (Thread[#527,Execution worker Thread 11,5,main]) started.
[        ] :gradle:processResources (Thread[#527,Execution worker Thread 11,5,main]) started.
[        ] > Task :gradle:processResources UP-TO-DATE
[        ] Caching disabled for task ':gradle:processResources' because:
[        ]   Build cache is disabled
[        ]   Not worth caching
[        ] Skipping task ':gradle:processResources' as it is up-to-date.
[        ] Resolve mutations for :gradle:classes (Thread[#527,Execution worker Thread 11,5,main]) started.
[        ] :gradle:classes (Thread[#527,Execution worker Thread 11,5,main]) started.
[        ] > Task :gradle:classes UP-TO-DATE
[        ] Skipping task ':gradle:classes' as it has no actions.
[        ] Resolve mutations for :gradle:jar (Thread[#520,Execution worker Thread 4,5,main]) started.
[        ] :gradle:jar (Thread[#520,Execution worker Thread 4,5,main]) started.
[        ] > Task :gradle:jar UP-TO-DATE
[        ] Caching disabled for task ':gradle:jar' because:
[        ]   Build cache is disabled
[        ]   Not worth caching
[        ] Skipping task ':gradle:jar' as it is up-to-date.
[ +105 ms] Settings evaluated using settings file 'C:\Users\Dyuthi\smartnotes\android\settings.gradle.kts'.
[        ] Projects loaded. Root project using build file 'C:\Users\Dyuthi\smartnotes\android\build.gradle.kts'.
[        ] Included projects: [root project 'android', project ':app', project ':camera_android', project ':file_picker', project ':flutter_plugin_android_lifecycle', project ':image_picker_android', project ':jni', project ':jni_flutter', project ':record_android']
[  +93 ms] > Configure project :app
[        ] Evaluating project ':app' using build file 'C:\Users\Dyuthi\smartnotes\android\app\build.gradle.kts'.
[        ] Resolved plugin [id: 'com.android.application']
[        ] Resolved plugin [id: 'kotlin-android']
[        ] Resolved plugin [id: 'dev.flutter.flutter-gradle-plugin']
[        ] Using default execution profile
[        ] Build 68eaaf56-860e-48cd-b070-dde0e8eef6ea is started
[        ] Using Kotlin Gradle Plugin gradle813 variant
[        ] C/C++: android.ndkVersion from module build.gradle is [28.2.13676358]
[        ] C/C++: android.ndkPath from module build.gradle is not set
[        ] C/C++: ndk.dir in local.properties is not set
[        ] C/C++: Not considering ANDROID_NDK_HOME because support was removed after deprecation period.
[        ] C/C++: sdkFolder is C:\Users\Dyuthi\AppData\Local\Android\sdk
[        ] C/C++: android.ndkVersion from module build.gradle is [28.2.13676358]
[        ] C/C++: android.ndkPath from module build.gradle is not set
[        ] C/C++: ndk.dir in local.properties is not set
[        ] C/C++: Not considering ANDROID_NDK_HOME because support was removed after deprecation period.
[        ] C/C++: sdkFolder is C:\Users\Dyuthi\AppData\Local\Android\sdk
[        ] C/C++: android.ndkVersion from module build.gradle is [28.2.13676358]
[        ] C/C++: android.ndkPath from module build.gradle is not set
[        ] C/C++: ndk.dir in local.properties is not set
[        ] C/C++: Not considering ANDROID_NDK_HOME because support was removed after deprecation period.
[        ] C/C++: sdkFolder is C:\Users\Dyuthi\AppData\Local\Android\sdk
[        ] C/C++: android.ndkVersion from module build.gradle is [28.2.13676358]
[        ] C/C++: android.ndkPath from module build.gradle is not set
[        ] C/C++: ndk.dir in local.properties is not set
[        ] C/C++: Not considering ANDROID_NDK_HOME because support was removed after deprecation period.
[        ] C/C++: sdkFolder is C:\Users\Dyuthi\AppData\Local\Android\sdk
[        ] C/C++: android.ndkVersion from module build.gradle is [28.2.13676358]
[        ] C/C++: android.ndkPath from module build.gradle is not set
[        ] C/C++: ndk.dir in local.properties is not set
[        ] C/C++: Not considering ANDROID_NDK_HOME because support was removed after deprecation period.
[        ] C/C++: sdkFolder is C:\Users\Dyuthi\AppData\Local\Android\sdk
[        ] C/C++: android.ndkVersion from module build.gradle is [28.2.13676358]
[        ] C/C++: android.ndkPath from module build.gradle is not set
[        ] C/C++: ndk.dir in local.properties is not set
[        ] C/C++: Not considering ANDROID_NDK_HOME because support was removed after deprecation period.
[        ] C/C++: sdkFolder is C:\Users\Dyuthi\AppData\Local\Android\sdk
[        ] C/C++: android.ndkVersion from module build.gradle is [28.2.13676358]
[        ] C/C++: android.ndkPath from module build.gradle is not set
[        ] C/C++: ndk.dir in local.properties is not set
[        ] C/C++: Not considering ANDROID_NDK_HOME because support was removed after deprecation period.
[        ] C/C++: sdkFolder is C:\Users\Dyuthi\AppData\Local\Android\sdk
[        ] C/C++: android.ndkVersion from module build.gradle is [28.2.13676358]
[        ] C/C++: android.ndkPath from module build.gradle is not set
[        ] C/C++: ndk.dir in local.properties is not set
[        ] C/C++: Not considering ANDROID_NDK_HOME because support was removed after deprecation period.
[        ] C/C++: sdkFolder is C:\Users\Dyuthi\AppData\Local\Android\sdk
[        ] C/C++: android.ndkVersion from module build.gradle is [28.2.13676358]
[        ] C/C++: android.ndkPath from module build.gradle is not set
[        ] C/C++: ndk.dir in local.properties is not set
[        ] C/C++: Not considering ANDROID_NDK_HOME because support was removed after deprecation period.
[        ] C/C++: sdkFolder is C:\Users\Dyuthi\AppData\Local\Android\sdk
[        ] C/C++: android.ndkVersion from module build.gradle is [28.2.13676358]
[        ] C/C++: android.ndkPath from module build.gradle is not set
[        ] C/C++: ndk.dir in local.properties is not set
[        ] C/C++: Not considering ANDROID_NDK_HOME because support was removed after deprecation period.
[        ] C/C++: sdkFolder is C:\Users\Dyuthi\AppData\Local\Android\sdk
[        ] C/C++: android.ndkVersion from module build.gradle is [28.2.13676358]
[        ] C/C++: android.ndkPath from module build.gradle is not set
[        ] C/C++: ndk.dir in local.properties is not set
[        ] C/C++: Not considering ANDROID_NDK_HOME because support was removed after deprecation period.
[        ] C/C++: sdkFolder is C:\Users\Dyuthi\AppData\Local\Android\sdk
[        ] C/C++: android.ndkVersion from module build.gradle is [28.2.13676358]
[        ] C/C++: android.ndkPath from module build.gradle is not set
[        ] C/C++: ndk.dir in local.properties is not set
[        ] C/C++: Not considering ANDROID_NDK_HOME because support was removed after deprecation period.
[        ] C/C++: sdkFolder is C:\Users\Dyuthi\AppData\Local\Android\sdk
[        ] C/C++: android.ndkVersion from module build.gradle is [28.2.13676358]
[        ] C/C++: android.ndkPath from module build.gradle is not set
[        ] C/C++: ndk.dir in local.properties is not set
[        ] C/C++: Not considering ANDROID_NDK_HOME because support was removed after deprecation period.
[        ] C/C++: sdkFolder is C:\Users\Dyuthi\AppData\Local\Android\sdk
[        ] C/C++: android.ndkVersion from module build.gradle is [28.2.13676358]
[        ] C/C++: android.ndkPath from module build.gradle is not set
[        ] C/C++: ndk.dir in local.properties is not set
[        ] C/C++: Not considering ANDROID_NDK_HOME because support was removed after deprecation period.
[        ] C/C++: sdkFolder is C:\Users\Dyuthi\AppData\Local\Android\sdk
[        ] C/C++: android.ndkVersion from module build.gradle is [28.2.13676358]
[        ] C/C++: android.ndkPath from module build.gradle is not set
[        ] C/C++: ndk.dir in local.properties is not set
[        ] C/C++: Not considering ANDROID_NDK_HOME because support was removed after deprecation period.
[        ] C/C++: sdkFolder is C:\Users\Dyuthi\AppData\Local\Android\sdk
[        ] C/C++: android.ndkVersion from module build.gradle is [28.2.13676358]
[        ] C/C++: android.ndkPath from module build.gradle is not set
[        ] C/C++: ndk.dir in local.properties is not set
[        ] C/C++: Not considering ANDROID_NDK_HOME because support was removed after deprecation period.
[        ] C/C++: sdkFolder is C:\Users\Dyuthi\AppData\Local\Android\sdk
[        ] C/C++: android.ndkVersion from module build.gradle is [28.2.13676358]
[        ] C/C++: android.ndkPath from module build.gradle is not set
[        ] C/C++: ndk.dir in local.properties is not set
[        ] C/C++: Not considering ANDROID_NDK_HOME because support was removed after deprecation period.
[        ] C/C++: sdkFolder is C:\Users\Dyuthi\AppData\Local\Android\sdk
[        ] C/C++: android.ndkVersion from module build.gradle is [28.2.13676358]
[        ] C/C++: android.ndkPath from module build.gradle is not set
[        ] C/C++: ndk.dir in local.properties is not set
[        ] C/C++: Not considering ANDROID_NDK_HOME because support was removed after deprecation period.
[        ] C/C++: sdkFolder is C:\Users\Dyuthi\AppData\Local\Android\sdk
[        ] C/C++: android.ndkVersion from module build.gradle is [28.2.13676358]
[        ] C/C++: android.ndkPath from module build.gradle is not set
[        ] C/C++: ndk.dir in local.properties is not set
[        ] C/C++: Not considering ANDROID_NDK_HOME because support was removed after deprecation period.
[        ] C/C++: sdkFolder is C:\Users\Dyuthi\AppData\Local\Android\sdk
[        ] > Configure project :
[        ] Evaluating root project 'android' using build file 'C:\Users\Dyuthi\smartnotes\android\build.gradle.kts'.
[ +102 ms] > Configure project :camera_android
[        ] Evaluating project ':camera_android' using build file 'C:\Users\Dyuthi\AppData\Local\Pub\Cache\hosted\pub.dev\camera_android-0.10.10+16\android\build.gradle.kts'.
[        ] Resolved plugin [id: 'com.android.library']
[        ] Using default execution profile
[        ] > Configure project :file_picker
[        ] Evaluating project ':file_picker' using build file 'C:\Users\Dyuthi\AppData\Local\Pub\Cache\hosted\pub.dev\file_picker-8.3.7\android\build.gradle'.
[        ] Using default execution profile
[        ] > Configure project :flutter_plugin_android_lifecycle
[        ] Evaluating project ':flutter_plugin_android_lifecycle' using build file 'C:\Users\Dyuthi\AppData\Local\Pub\Cache\hosted\pub.dev\flutter_plugin_android_lifecycle-2.0.34\android\build.gradle.kts'.
[        ] Resolved plugin [id: 'com.android.library']
[        ] Using default execution profile
[  +91 ms] > Configure project :image_picker_android
[        ] Evaluating project ':image_picker_android' using build file 'C:\Users\Dyuthi\AppData\Local\Pub\Cache\hosted\pub.dev\image_picker_android-0.8.13+16\android\build.gradle.kts'.
[        ] Resolved plugin [id: 'com.android.library']
[        ] Using default execution profile
[        ] > Configure project :jni
[        ] Evaluating project ':jni' using build file 'C:\Users\Dyuthi\AppData\Local\Pub\Cache\hosted\pub.dev\jni-1.0.0\android\build.gradle'.
[        ] Using default execution profile
[        ] C/C++: android.ndkVersion from module build.gradle is [28.2.13676358]
[        ] C/C++: android.ndkPath from module build.gradle is not set
[        ] C/C++: ndk.dir in local.properties is not set
[        ] C/C++: Not considering ANDROID_NDK_HOME because support was removed after deprecation period.
[        ] C/C++: sdkFolder is C:\Users\Dyuthi\AppData\Local\Android\sdk
[        ] C/C++: android.ndkVersion from module build.gradle is [28.2.13676358]
[        ] C/C++: android.ndkPath from module build.gradle is not set
[        ] C/C++: ndk.dir in local.properties is not set
[        ] C/C++: Not considering ANDROID_NDK_HOME because support was removed after deprecation period.
[        ] C/C++: sdkFolder is C:\Users\Dyuthi\AppData\Local\Android\sdk
[        ] C/C++: android.ndkVersion from module build.gradle is [28.2.13676358]
[        ] C/C++: android.ndkPath from module build.gradle is not set
[        ] C/C++: ndk.dir in local.properties is not set
[        ] C/C++: Not considering ANDROID_NDK_HOME because support was removed after deprecation period.
[        ] C/C++: sdkFolder is C:\Users\Dyuthi\AppData\Local\Android\sdk
[        ] C/C++: android.ndkVersion from module build.gradle is [28.2.13676358]
[        ] C/C++: android.ndkPath from module build.gradle is not set
[        ] C/C++: ndk.dir in local.properties is not set
[        ] C/C++: Not considering ANDROID_NDK_HOME because support was removed after deprecation period.
[        ] C/C++: sdkFolder is C:\Users\Dyuthi\AppData\Local\Android\sdk
[        ] C/C++: android.ndkVersion from module build.gradle is [28.2.13676358]
[        ] C/C++: android.ndkPath from module build.gradle is not set
[        ] C/C++: ndk.dir in local.properties is not set
[        ] C/C++: Not considering ANDROID_NDK_HOME because support was removed after deprecation period.
[        ] C/C++: sdkFolder is C:\Users\Dyuthi\AppData\Local\Android\sdk
[        ] C/C++: android.ndkVersion from module build.gradle is [28.2.13676358]
[        ] C/C++: android.ndkPath from module build.gradle is not set
[        ] C/C++: ndk.dir in local.properties is not set
[        ] C/C++: Not considering ANDROID_NDK_HOME because support was removed after deprecation period.
[        ] C/C++: sdkFolder is C:\Users\Dyuthi\AppData\Local\Android\sdk
[        ] C/C++: android.ndkVersion from module build.gradle is [28.2.13676358]
[        ] C/C++: android.ndkPath from module build.gradle is not set
[        ] C/C++: ndk.dir in local.properties is not set
[        ] C/C++: Not considering ANDROID_NDK_HOME because support was removed after deprecation period.
[        ] C/C++: sdkFolder is C:\Users\Dyuthi\AppData\Local\Android\sdk
[        ] C/C++: android.ndkVersion from module build.gradle is [28.2.13676358]
[        ] C/C++: android.ndkPath from module build.gradle is not set
[        ] C/C++: ndk.dir in local.properties is not set
[        ] C/C++: Not considering ANDROID_NDK_HOME because support was removed after deprecation period.
[        ] C/C++: sdkFolder is C:\Users\Dyuthi\AppData\Local\Android\sdk
[        ] C/C++: android.ndkVersion from module build.gradle is [28.2.13676358]
[        ] C/C++: android.ndkPath from module build.gradle is not set
[        ] C/C++: ndk.dir in local.properties is not set
[        ] C/C++: Not considering ANDROID_NDK_HOME because support was removed after deprecation period.
[        ] C/C++: sdkFolder is C:\Users\Dyuthi\AppData\Local\Android\sdk
[        ] C/C++: android.ndkVersion from module build.gradle is [28.2.13676358]
[        ] C/C++: android.ndkPath from module build.gradle is not set
[        ] C/C++: ndk.dir in local.properties is not set
[        ] C/C++: Not considering ANDROID_NDK_HOME because support was removed after deprecation period.
[        ] C/C++: sdkFolder is C:\Users\Dyuthi\AppData\Local\Android\sdk
[        ] C/C++: android.ndkVersion from module build.gradle is [28.2.13676358]
[        ] C/C++: android.ndkPath from module build.gradle is not set
[        ] C/C++: ndk.dir in local.properties is not set
[        ] C/C++: Not considering ANDROID_NDK_HOME because support was removed after deprecation period.
[        ] C/C++: sdkFolder is C:\Users\Dyuthi\AppData\Local\Android\sdk
[        ] C/C++: android.ndkVersion from module build.gradle is [28.2.13676358]
[        ] C/C++: android.ndkPath from module build.gradle is not set
[        ] C/C++: ndk.dir in local.properties is not set
[        ] C/C++: Not considering ANDROID_NDK_HOME because support was removed after deprecation period.
[        ] C/C++: sdkFolder is C:\Users\Dyuthi\AppData\Local\Android\sdk
[        ] C/C++: android.ndkVersion from module build.gradle is [28.2.13676358]
[        ] C/C++: android.ndkPath from module build.gradle is not set
[        ] C/C++: ndk.dir in local.properties is not set
[        ] C/C++: Not considering ANDROID_NDK_HOME because support was removed after deprecation period.
[        ] C/C++: sdkFolder is C:\Users\Dyuthi\AppData\Local\Android\sdk
[        ] C/C++: android.ndkVersion from module build.gradle is [28.2.13676358]
[        ] C/C++: android.ndkPath from module build.gradle is not set
[        ] C/C++: ndk.dir in local.properties is not set
[        ] C/C++: Not considering ANDROID_NDK_HOME because support was removed after deprecation period.
[        ] C/C++: sdkFolder is C:\Users\Dyuthi\AppData\Local\Android\sdk
[        ] C/C++: android.ndkVersion from module build.gradle is [28.2.13676358]
[        ] C/C++: android.ndkPath from module build.gradle is not set
[        ] C/C++: ndk.dir in local.properties is not set
[        ] C/C++: Not considering ANDROID_NDK_HOME because support was removed after deprecation period.
[        ] C/C++: sdkFolder is C:\Users\Dyuthi\AppData\Local\Android\sdk
[        ] C/C++: android.ndkVersion from module build.gradle is [28.2.13676358]
[        ] C/C++: android.ndkPath from module build.gradle is not set
[        ] C/C++: ndk.dir in local.properties is not set
[        ] C/C++: Not considering ANDROID_NDK_HOME because support was removed after deprecation period.
[        ] C/C++: sdkFolder is C:\Users\Dyuthi\AppData\Local\Android\sdk
[        ] C/C++: android.ndkVersion from module build.gradle is [28.2.13676358]
[        ] C/C++: android.ndkPath from module build.gradle is not set
[        ] C/C++: ndk.dir in local.properties is not set
[        ] C/C++: Not considering ANDROID_NDK_HOME because support was removed after deprecation period.
[        ] C/C++: sdkFolder is C:\Users\Dyuthi\AppData\Local\Android\sdk
[        ] C/C++: android.ndkVersion from module build.gradle is [28.2.13676358]
[        ] C/C++: android.ndkPath from module build.gradle is not set
[        ] C/C++: ndk.dir in local.properties is not set
[        ] C/C++: Not considering ANDROID_NDK_HOME because support was removed after deprecation period.
[        ] C/C++: sdkFolder is C:\Users\Dyuthi\AppData\Local\Android\sdk
[        ] C/C++: android.ndkVersion from module build.gradle is [28.2.13676358]
[        ] C/C++: android.ndkPath from module build.gradle is not set
[        ] C/C++: ndk.dir in local.properties is not set
[        ] C/C++: Not considering ANDROID_NDK_HOME because support was removed after deprecation period.
[        ] C/C++: sdkFolder is C:\Users\Dyuthi\AppData\Local\Android\sdk
[        ] > Configure project :jni_flutter
[        ] Evaluating project ':jni_flutter' using build file 'C:\Users\Dyuthi\AppData\Local\Pub\Cache\hosted\pub.dev\jni_flutter-1.0.1\android\build.gradle'.
[        ] Using default execution profile
[  +90 ms] > Configure project :record_android
[        ] Evaluating project ':record_android' using build file 'C:\Users\Dyuthi\AppData\Local\Pub\Cache\hosted\pub.dev\record_android-1.5.1\android\build.gradle'.
[        ] Using default execution profile
[        ] Using Kotlin Gradle Plugin gradle813 variant
[        ] All projects evaluated.
[        ] Task name matched 'assembleRelease'
[        ] Selected primary task 'assembleRelease' from project :
[ +312 ms] Tasks to be executed: [task ':app:ReleaseMinSdkCheck', task ':app:compileFlutterBuildRelease', task ':app:packJniLibsflutterBuildRelease', task ':app:preBuild', task ':app:preReleaseBuild', task ':app:configureCMakeRelease[arm64-v8a]', task ':app:buildCMakeRelease[arm64-v8a]', task ':app:configureCMakeRelease[armeabi-v7a]', task ':app:buildCMakeRelease[armeabi-v7a]', task ':app:configureCMakeRelease[x86_64]', task ':app:buildCMakeRelease[x86_64]', task ':app:mergeReleaseJniLibFolders', task ':camera_android:preBuild', task ':camera_android:preReleaseBuild', task ':camera_android:mergeReleaseJniLibFolders', task ':camera_android:mergeReleaseNativeLibs', task ':camera_android:copyReleaseJniLibsProjectOnly', task ':file_picker:preBuild', task ':file_picker:preReleaseBuild', task ':file_picker:mergeReleaseJniLibFolders', task ':file_picker:mergeReleaseNativeLibs', task ':file_picker:copyReleaseJniLibsProjectOnly', task ':flutter_plugin_android_lifecycle:preBuild', task ':flutter_plugin_android_lifecycle:preReleaseBuild', task ':flutter_plugin_android_lifecycle:mergeReleaseJniLibFolders', task ':flutter_plugin_android_lifecycle:mergeReleaseNativeLibs', task ':flutter_plugin_android_lifecycle:copyReleaseJniLibsProjectOnly', task ':image_picker_android:preBuild', task ':image_picker_android:preReleaseBuild', task ':image_picker_android:mergeReleaseJniLibFolders', task ':image_picker_android:mergeReleaseNativeLibs', task ':image_picker_android:copyReleaseJniLibsProjectOnly', task ':jni:preBuild', task ':jni:preReleaseBuild', task ':jni:configureCMakeRelWithDebInfo[arm64-v8a]', task ':jni:buildCMakeRelWithDebInfo[arm64-v8a]', task ':jni:configureCMakeRelWithDebInfo[armeabi-v7a]', task ':jni:buildCMakeRelWithDebInfo[armeabi-v7a]', task ':jni:configureCMakeRelWithDebInfo[x86]', task ':jni:buildCMakeRelWithDebInfo[x86]', task ':jni:configureCMakeRelWithDebInfo[x86_64]', task ':jni:buildCMakeRelWithDebInfo[x86_64]', task ':jni:mergeReleaseJniLibFolders', task ':jni:mergeReleaseNativeLibs', task ':jni:copyReleaseJniLibsProjectOnly', task ':jni_flutter:preBuild', task ':jni_flutter:preReleaseBuild', task ':jni_flutter:mergeReleaseJniLibFolders', task ':jni_flutter:mergeReleaseNativeLibs', task ':jni_flutter:copyReleaseJniLibsProjectOnly', task ':record_android:preBuild', task ':record_android:preReleaseBuild', task ':record_android:mergeReleaseJniLibFolders', task ':record_android:mergeReleaseNativeLibs', task ':record_android:copyReleaseJniLibsProjectOnly', task ':app:mergeReleaseNativeLibs', task ':app:stripReleaseDebugSymbols', task ':app:extractReleaseNativeSymbolTables', task ':app:mergeReleaseNativeDebugMetadata', task ':camera_android:prepareReleaseArtProfile', task ':file_picker:prepareReleaseArtProfile', task ':flutter_plugin_android_lifecycle:prepareReleaseArtProfile', task ':image_picker_android:prepareReleaseArtProfile', task ':jni:prepareReleaseArtProfile', task ':jni_flutter:prepareReleaseArtProfile', task ':record_android:prepareReleaseArtProfile', task ':app:mergeReleaseArtProfile', task ':app:expandReleaseL8ArtProfileWildcards', task ':camera_android:generateReleaseBuildConfig', task ':camera_android:generateReleaseResValues', task ':camera_android:generateReleaseResources', task ':camera_android:packageReleaseResources', task ':camera_android:parseReleaseLocalResources', task ':camera_android:generateReleaseRFile', task ':camera_android:javaPreCompileRelease', task ':flutter_plugin_android_lifecycle:generateReleaseResValues', task ':flutter_plugin_android_lifecycle:generateReleaseResources', task ':flutter_plugin_android_lifecycle:packageReleaseResources', task ':flutter_plugin_android_lifecycle:parseReleaseLocalResources', task ':flutter_plugin_android_lifecycle:generateReleaseRFile', task ':flutter_plugin_android_lifecycle:javaPreCompileRelease', task ':flutter_plugin_android_lifecycle:compileReleaseJavaWithJavac', task ':flutter_plugin_android_lifecycle:bundleLibCompileToJarRelease', task ':camera_android:compileReleaseJavaWithJavac', task ':camera_android:mergeReleaseGeneratedProguardFiles', task ':camera_android:exportReleaseConsumerProguardFiles', task ':file_picker:generateReleaseResValues', task ':file_picker:generateReleaseResources', task ':file_picker:packageReleaseResources', task ':file_picker:parseReleaseLocalResources', task ':file_picker:generateReleaseRFile', task ':file_picker:javaPreCompileRelease', task ':file_picker:compileReleaseJavaWithJavac', task ':file_picker:mergeReleaseGeneratedProguardFiles', task ':file_picker:exportReleaseConsumerProguardFiles', task ':image_picker_android:generateReleaseResValues', task ':image_picker_android:generateReleaseResources', task ':image_picker_android:packageReleaseResources', task ':image_picker_android:parseReleaseLocalResources', task ':image_picker_android:generateReleaseRFile', task ':image_picker_android:javaPreCompileRelease', task ':image_picker_android:compileReleaseJavaWithJavac', task ':image_picker_android:mergeReleaseGeneratedProguardFiles', task ':image_picker_android:exportReleaseConsumerProguardFiles', task ':flutter_plugin_android_lifecycle:mergeReleaseGeneratedProguardFiles', task ':flutter_plugin_android_lifecycle:exportReleaseConsumerProguardFiles', task ':jni:generateReleaseResValues', task ':jni:generateReleaseResources', task ':jni:packageReleaseResources', task ':jni:parseReleaseLocalResources', task ':jni:generateReleaseRFile', task ':jni:javaPreCompileRelease', task ':jni:compileReleaseJavaWithJavac', task ':jni:bundleLibCompileToJarRelease', task ':jni_flutter:generateReleaseResValues', task ':jni_flutter:generateReleaseResources', task ':jni_flutter:packageReleaseResources', task ':jni_flutter:parseReleaseLocalResources', task ':jni_flutter:generateReleaseRFile', task ':jni_flutter:javaPreCompileRelease', task ':jni_flutter:compileReleaseJavaWithJavac', task ':jni_flutter:mergeReleaseGeneratedProguardFiles', task ':jni_flutter:exportReleaseConsumerProguardFiles', task ':jni:mergeReleaseGeneratedProguardFiles', task ':jni:exportReleaseConsumerProguardFiles', task ':record_android:checkKotlinGradlePluginConfigurationErrors', task ':record_android:generateReleaseResValues', task ':record_android:generateReleaseResources', task ':record_android:packageReleaseResources', task ':record_android:parseReleaseLocalResources', task ':record_android:generateReleaseRFile', task ':record_android:compileReleaseKotlin', task ':record_android:javaPreCompileRelease', task ':record_android:compileReleaseJavaWithJavac', task ':record_android:mergeReleaseGeneratedProguardFiles', task ':record_android:exportReleaseConsumerProguardFiles', task ':app:buildKotlinToolingMetadata', task ':app:checkReleaseDuplicateClasses', task ':app:checkKotlinGradlePluginConfigurationErrors', task ':camera_android:writeReleaseAarMetadata', task ':file_picker:writeReleaseAarMetadata', task ':flutter_plugin_android_lifecycle:writeReleaseAarMetadata', task ':image_picker_android:writeReleaseAarMetadata', task ':jni:writeReleaseAarMetadata', task ':jni_flutter:writeReleaseAarMetadata', task ':record_android:writeReleaseAarMetadata', task ':app:checkReleaseAarMetadata', task ':app:cleanMergeReleaseAssets', task ':app:mergeReleaseShaders', task ':app:compileReleaseShaders', task ':app:generateReleaseAssets', task ':camera_android:mergeReleaseShaders', task ':camera_android:compileReleaseShaders', task ':camera_android:generateReleaseAssets', task ':camera_android:mergeReleaseAssets', task ':file_picker:mergeReleaseShaders', task ':file_picker:compileReleaseShaders', task ':file_picker:generateReleaseAssets', task ':file_picker:mergeReleaseAssets', task ':flutter_plugin_android_lifecycle:mergeReleaseShaders', task ':flutter_plugin_android_lifecycle:compileReleaseShaders', task ':flutter_plugin_android_lifecycle:generateReleaseAssets', task ':flutter_plugin_android_lifecycle:mergeReleaseAssets', task ':image_picker_android:mergeReleaseShaders', task ':image_picker_android:compileReleaseShaders', task ':image_picker_android:generateReleaseAssets', task ':image_picker_android:mergeReleaseAssets', task ':jni:mergeReleaseShaders', task ':jni:compileReleaseShaders', task ':jni:generateReleaseAssets', task ':jni:mergeReleaseAssets', task ':jni_flutter:mergeReleaseShaders', task ':jni_flutter:compileReleaseShaders', task ':jni_flutter:generateReleaseAssets', task ':jni_flutter:mergeReleaseAssets', task ':record_android:mergeReleaseShaders', task ':record_android:compileReleaseShaders', task ':record_android:generateReleaseAssets', task ':record_android:mergeReleaseAssets', task ':app:mergeReleaseAssets', task ':app:copyFlutterAssetsRelease', task ':app:generateReleaseResValues', task ':app:mapReleaseSourceSetPaths', task ':app:generateReleaseResources', task ':app:mergeReleaseResources', task ':app:packageReleaseResources', task ':app:parseReleaseLocalResources', task ':app:createReleaseCompatibleScreenManifests', task ':app:extractDeepLinksRelease', task ':camera_android:extractDeepLinksRelease', task ':camera_android:processReleaseManifest', task ':file_picker:extractDeepLinksRelease', task ':file_picker:processReleaseManifest', task ':flutter_plugin_android_lifecycle:extractDeepLinksRelease', task ':flutter_plugin_android_lifecycle:processReleaseManifest', task ':image_picker_android:extractDeepLinksRelease', task ':image_picker_android:processReleaseManifest', task ':jni:extractDeepLinksRelease', task ':jni:processReleaseManifest', task ':jni_flutter:extractDeepLinksRelease', task ':jni_flutter:processReleaseManifest', task ':record_android:extractDeepLinksRelease', task ':record_android:processReleaseManifest', task ':app:processReleaseMainManifest', task ':app:outputReleaseAppLinkSettings', task ':app:processReleaseManifest', task ':app:processReleaseManifestForPackage', task ':app:processReleaseResources', task ':camera_android:bundleLibCompileToJarRelease', task ':file_picker:bundleLibCompileToJarRelease', task ':image_picker_android:bundleLibCompileToJarRelease', task ':jni_flutter:bundleLibCompileToJarRelease', task ':record_android:bundleLibCompileToJarRelease', task ':app:compileReleaseKotlin', task ':app:javaPreCompileRelease', task ':app:compileReleaseJavaWithJavac', task ':camera_android:bundleLibRuntimeToJarRelease', task ':file_picker:bundleLibRuntimeToJarRelease', task ':flutter_plugin_android_lifecycle:bundleLibRuntimeToJarRelease', task ':image_picker_android:bundleLibRuntimeToJarRelease', task ':jni:bundleLibRuntimeToJarRelease', task ':jni_flutter:bundleLibRuntimeToJarRelease', task ':record_android:bundleLibRuntimeToJarRelease', task ':app:expandReleaseArtProfileWildcards', task ':app:extractProguardFiles', task ':app:mergeReleaseGeneratedProguardFiles', task ':app:processReleaseJavaRes', task ':camera_android:processReleaseJavaRes', task ':file_picker:processReleaseJavaRes', task ':flutter_plugin_android_lifecycle:processReleaseJavaRes', task ':image_picker_android:processReleaseJavaRes', task ':jni:processReleaseJavaRes', task ':jni_flutter:processReleaseJavaRes', task ':record_android:processReleaseJavaRes', task ':app:mergeReleaseJavaResource', task ':app:mergeReleaseStartupProfile', task ':app:minifyReleaseWithR8', task ':app:l8DexDesugarLibRelease', task ':app:compileReleaseArtProfile', task ':app:compressReleaseAssets', task ':app:extractReleaseVersionControlInfo', task ':camera_android:createFullJarRelease', task ':camera_android:extractProguardFiles', task ':flutter_plugin_android_lifecycle:createFullJarRelease', task ':flutter_plugin_android_lifecycle:extractProguardFiles', task ':flutter_plugin_android_lifecycle:generateReleaseLintModel', task ':flutter_plugin_android_lifecycle:prepareLintJarForPublish', task ':camera_android:generateReleaseLintModel', task ':camera_android:prepareLintJarForPublish', task ':file_picker:createFullJarRelease', task ':file_picker:extractProguardFiles', task ':file_picker:generateReleaseLintModel', task ':file_picker:prepareLintJarForPublish', task ':image_picker_android:createFullJarRelease', task ':image_picker_android:extractProguardFiles', task ':image_picker_android:generateReleaseLintModel', task ':image_picker_android:prepareLintJarForPublish', task ':jni:createFullJarRelease', task ':jni:extractProguardFiles', task ':jni:generateReleaseLintModel', task ':jni:prepareLintJarForPublish', task ':jni_flutter:createFullJarRelease', task ':jni_flutter:extractProguardFiles', task ':jni_flutter:generateReleaseLintModel', task ':jni_flutter:prepareLintJarForPublish', task ':record_android:createFullJarRelease', task ':record_android:extractProguardFiles', task ':record_android:generateReleaseLintModel', task ':record_android:prepareLintJarForPublish', task ':app:generateReleaseLintVitalReportModel', task ':camera_android:stripReleaseDebugSymbols', task ':camera_android:copyReleaseJniLibsProjectAndLocalJars', task ':camera_android:extractDeepLinksForAarRelease', task ':camera_android:extractReleaseAnnotations', task ':camera_android:mergeReleaseConsumerProguardFiles', task ':camera_android:mergeReleaseJavaResource', task ':camera_android:syncReleaseLibJars', task ':camera_android:bundleReleaseLocalLintAar', task ':file_picker:stripReleaseDebugSymbols', task ':file_picker:copyReleaseJniLibsProjectAndLocalJars', task ':file_picker:extractDeepLinksForAarRelease', task ':file_picker:extractReleaseAnnotations', task ':file_picker:mergeReleaseConsumerProguardFiles', task ':file_picker:mergeReleaseJavaResource', task ':file_picker:syncReleaseLibJars', task ':file_picker:bundleReleaseLocalLintAar', task ':image_picker_android:stripReleaseDebugSymbols', task ':image_picker_android:copyReleaseJniLibsProjectAndLocalJars', task ':image_picker_android:extractDeepLinksForAarRelease', task ':image_picker_android:extractReleaseAnnotations', task ':image_picker_android:mergeReleaseConsumerProguardFiles', task ':image_picker_android:mergeReleaseJavaResource', task ':image_picker_android:syncReleaseLibJars', task ':image_picker_android:bundleReleaseLocalLintAar', task ':flutter_plugin_android_lifecycle:stripReleaseDebugSymbols', task ':flutter_plugin_android_lifecycle:copyReleaseJniLibsProjectAndLocalJars', task ':flutter_plugin_android_lifecycle:extractDeepLinksForAarRelease', task ':flutter_plugin_android_lifecycle:extractReleaseAnnotations', task ':flutter_plugin_android_lifecycle:mergeReleaseConsumerProguardFiles', task ':flutter_plugin_android_lifecycle:mergeReleaseJavaResource', task ':flutter_plugin_android_lifecycle:syncReleaseLibJars', task ':flutter_plugin_android_lifecycle:bundleReleaseLocalLintAar', task ':jni_flutter:stripReleaseDebugSymbols', task ':jni_flutter:copyReleaseJniLibsProjectAndLocalJars', task ':jni_flutter:extractDeepLinksForAarRelease', task ':jni_flutter:extractReleaseAnnotations', task ':jni_flutter:mergeReleaseConsumerProguardFiles', task ':jni_flutter:mergeReleaseJavaResource', task ':jni_flutter:syncReleaseLibJars', task ':jni_flutter:bundleReleaseLocalLintAar', task ':jni:stripReleaseDebugSymbols', task ':jni:copyReleaseJniLibsProjectAndLocalJars', task ':jni:extractDeepLinksForAarRelease', task ':jni:extractReleaseAnnotations', task ':jni:mergeReleaseConsumerProguardFiles', task ':jni:mergeReleaseJavaResource', task ':jni:syncReleaseLibJars', task ':jni:bundleReleaseLocalLintAar', task ':record_android:stripReleaseDebugSymbols', task ':record_android:copyReleaseJniLibsProjectAndLocalJars', task ':record_android:extractDeepLinksForAarRelease', task ':record_android:extractReleaseAnnotations', task ':record_android:mergeReleaseConsumerProguardFiles', task ':record_android:mergeReleaseJavaResource', task ':record_android:syncReleaseLibJars', task ':record_android:bundleReleaseLocalLintAar', task ':flutter_plugin_android_lifecycle:writeReleaseLintModelMetadata', task ':camera_android:lintVitalAnalyzeRelease', task ':camera_android:writeReleaseLintModelMetadata', task ':file_picker:lintVitalAnalyzeRelease', task ':file_picker:writeReleaseLintModelMetadata', task ':flutter_plugin_android_lifecycle:lintVitalAnalyzeRelease', task ':image_picker_android:lintVitalAnalyzeRelease', task ':image_picker_android:writeReleaseLintModelMetadata', task ':jni:lintVitalAnalyzeRelease', task ':jni:writeReleaseLintModelMetadata', task ':jni_flutter:lintVitalAnalyzeRelease', task ':jni_flutter:writeReleaseLintModelMetadata', task ':record_android:lintVitalAnalyzeRelease', task ':record_android:writeReleaseLintModelMetadata', task ':app:lintVitalAnalyzeRelease', task ':camera_android:generateReleaseLintVitalModel', task ':file_picker:generateReleaseLintVitalModel', task ':flutter_plugin_android_lifecycle:generateReleaseLintVitalModel', task ':image_picker_android:generateReleaseLintVitalModel', task ':jni:generateReleaseLintVitalModel', task ':jni_flutter:generateReleaseLintVitalModel', task ':record_android:generateReleaseLintVitalModel', task ':app:lintVitalReportRelease', task ':app:lintVitalRelease', task ':app:convertShrunkResourcesToBinaryRelease', task ':app:optimizeReleaseResources', task ':app:collectReleaseDependencies', task ':app:sdkReleaseDependencyData', task ':app:validateSigningRelease', task ':app:writeReleaseAppMetadata', task ':app:writeReleaseSigningConfigVersions', task ':app:packageRelease', task ':app:createReleaseApkListingFileRedirect', task ':app:assembleRelease', task ':camera_android:bundleReleaseAar', task ':camera_android:mapReleaseSourceSetPaths', task ':camera_android:mergeReleaseResources', task ':flutter_plugin_android_lifecycle:compileReleaseLibraryResources', task ':camera_android:verifyReleaseResources', task ':camera_android:assembleRelease', task ':file_picker:bundleReleaseAar', task ':file_picker:mapReleaseSourceSetPaths', task ':file_picker:mergeReleaseResources', task ':file_picker:verifyReleaseResources', task ':file_picker:assembleRelease', task ':flutter_plugin_android_lifecycle:bundleReleaseAar', task ':flutter_plugin_android_lifecycle:mapReleaseSourceSetPaths', task ':flutter_plugin_android_lifecycle:mergeReleaseResources', task ':flutter_plugin_android_lifecycle:verifyReleaseResources', task ':flutter_plugin_android_lifecycle:assembleRelease', task ':image_picker_android:bundleReleaseAar', task ':image_picker_android:mapReleaseSourceSetPaths', task ':image_picker_android:mergeReleaseResources', task ':image_picker_android:verifyReleaseResources', task ':image_picker_android:assembleRelease', task ':jni:bundleReleaseAar', task ':jni:mapReleaseSourceSetPaths', task ':jni:mergeReleaseResources', task ':jni:verifyReleaseResources', task ':jni:assembleRelease', task ':jni_flutter:bundleReleaseAar', task ':jni:compileReleaseLibraryResources', task ':jni_flutter:mapReleaseSourceSetPaths', task ':jni_flutter:mergeReleaseResources', task ':jni_flutter:verifyReleaseResources', task ':jni_flutter:assembleRelease', task ':record_android:bundleReleaseAar', task ':record_android:mapReleaseSourceSetPaths', task ':record_android:mergeReleaseResources', task ':record_android:verifyReleaseResources', task ':record_android:assembleRelease']
[        ] Tasks that were excluded: []
[        ] work action Parameters of FilterShrinkerRulesTransform (Thread[#525,Execution worker Thread 9,5,main]) started.
[        ] work action Parameters of ExtractAarTransform (Thread[#525,Execution worker Thread 9,5,main]) started.
[        ] work action Parameters of ExtractAarTransform (Thread[#519,Execution worker Thread 3,5,main]) started.
[        ] work action Parameters of ExtractAarTransform (Thread[#519,Execution worker Thread 3,5,main]) started.
[        ] work action Parameters of ExtractAarTransform (Thread[#519,Execution worker Thread 3,5,main]) started.
[        ] work action Parameters of ExtractAarTransform (Thread[#519,Execution worker Thread 3,5,main]) started.
[        ] Resolve mutations for :app:ReleaseMinSdkCheck (Thread[#519,Execution worker Thread 3,5,main]) started.
[        ] :app:ReleaseMinSdkCheck (Thread[#519,Execution worker Thread 3,5,main]) started.
[        ] > Task :app:ReleaseMinSdkCheck
[        ] Caching disabled for task ':app:ReleaseMinSdkCheck' because:
[        ]   Build cache is disabled
[        ] Task ':app:ReleaseMinSdkCheck' is not up-to-date because:
[        ]   Task has not declared any outputs despite executing actions.
[        ] Resolve mutations for :app:compileFlutterBuildRelease (Thread[#519,Execution worker Thread 3,5,main]) started.
[        ] :app:compileFlutterBuildRelease (Thread[#519,Execution worker Thread 3,5,main]) started.
[+1997 ms] > Task :app:compileFlutterBuildRelease
[        ] Caching disabled for task ':app:compileFlutterBuildRelease' because:
[        ]   Build cache is disabled
[        ]   Caching has not been enabled for the task
[        ] Task ':app:compileFlutterBuildRelease' is not up-to-date because:
[        ]   Value of input property 'verbose' has changed for task ':app:compileFlutterBuildRelease'
[        ] Starting process 'command 'C:\Users\Dyuthi\flutter\flutter\bin\flutter.bat''. Working directory: C:\Users\Dyuthi\smartnotes Command: C:\Users\Dyuthi\flutter\flutter\bin\flutter.bat --verbose assemble --no-version-check --depfile C:\Users\Dyuthi\smartnotes\build\app\intermediates\flutter\release/flutter_build.d --output C:\Users\Dyuthi\smartnotes\build\app\intermediates\flutter\release -dTargetFile=lib\main.dart -dTargetPlatform=android -dBuildMode=release -dTrackWidgetCreation=true -dTreeShakeIcons=true --DartDefines=RkxVVFRFUl9WRVJTSU9OPTMuNDEuMg==,RkxVVFRFUl9DSEFOTkVMPXN0YWJsZQ==,RkxVVFRFUl9HSVRfVVJMPWh0dHBzOi8vZ2l0aHViLmNvbS9mbHV0dGVyL2ZsdXR0ZXIuZ2l0,RkxVVFRFUl9GUkFNRVdPUktfUkVWSVNJT049OTA2NzNhNGVlZg==,RkxVVFRFUl9FTkdJTkVfUkVWSVNJT049NmMwYmFhZWJmNw==,RkxVVFRFUl9EQVJUX1ZFUlNJT049My4xMS4w -dFlavor= -dAndroidArchs=android-arm android-arm64 android-x64 -dMinSdkVersion=24 android_aot_bundle_release_android-arm android_aot_bundle_release_android-arm64 android_aot_bundle_release_android-x64
[        ] Successfully started process 'command 'C:\Users\Dyuthi\flutter\flutter\bin\flutter.bat''
[        ] [  +90 ms] Artifact Instance of 'MaterialFonts' is not required, skipping update.
[        ] [        ] Artifact Instance of 'GradleWrapper' is not required, skipping update.
[        ] [        ] Artifact Instance of 'AndroidGenSnapshotArtifacts' is not required, skipping update.
[        ] [        ] Artifact Instance of 'AndroidInternalBuildArtifacts' is not required, skipping update.
[        ] [        ] Artifact Instance of 'IOSEngineArtifacts' is not required, skipping update.
[        ] [        ] Artifact Instance of 'FlutterWebSdk' is not required, skipping update.
[        ] [        ] Artifact Instance of 'LegacyCanvasKitRemover' is not required, skipping update.
[        ] [        ] Artifact Instance of 'FlutterSdk' is not required, skipping update.
[        ] [        ] Artifact Instance of 'WindowsEngineArtifacts' is not required, skipping update.
[        ] [        ] Artifact Instance of 'MacOSEngineArtifacts' is not required, skipping update.
[        ] [        ] Artifact Instance of 'LinuxEngineArtifacts' is not required, skipping update.
[        ] [        ] Artifact Instance of 'LinuxFuchsiaSDKArtifacts' is not required, skipping update.
[        ] [        ] Artifact Instance of 'MacOSFuchsiaSDKArtifacts' is not required, skipping update.
[        ] [        ] Artifact Instance of 'FlutterRunnerSDKArtifacts' is not required, skipping update.
[        ] [        ] Artifact Instance of 'FlutterRunnerDebugSymbols' is not required, skipping update.
[        ] [        ] Artifact Instance of 'IosUsbArtifacts' is not required, skipping update.
[        ] [        ] Artifact Instance of 'IosUsbArtifacts' is not required, skipping update.
[        ] [        ] Artifact Instance of 'IosUsbArtifacts' is not required, skipping update.
[        ] [        ] Artifact Instance of 'IosUsbArtifacts' is not required, skipping update.
[        ] [        ] Artifact Instance of 'IosUsbArtifacts' is not required, skipping update.
[        ] [        ] Artifact Instance of 'IosUsbArtifacts' is not required, skipping update.
[        ] [        ] Artifact Instance of 'FontSubsetArtifacts' is not required, skipping update.
[        ] [        ] Artifact Instance of 'PubDependencies' is not required, skipping update.
[        ] [   +4 ms] Artifact Instance of 'AndroidGenSnapshotArtifacts' is not required, skipping update.
[        ] [        ] Artifact Instance of 'AndroidInternalBuildArtifacts' is not required, skipping update.
[        ] [        ] Artifact Instance of 'IOSEngineArtifacts' is not required, skipping update.
[        ] [        ] Artifact Instance of 'FlutterWebSdk' is not required, skipping update.
[        ] [        ] Artifact Instance of 'FlutterEngineStamp' is not required, skipping update.
[        ] [        ] Artifact Instance of 'LegacyCanvasKitRemover' is not required, skipping update.
[        ] [        ] Artifact Instance of 'WindowsEngineArtifacts' is not required, skipping update.
[        ] [        ] Artifact Instance of 'MacOSEngineArtifacts' is not required, skipping update.
[        ] [        ] Artifact Instance of 'LinuxEngineArtifacts' is not required, skipping update.
[        ] [        ] Artifact Instance of 'LinuxFuchsiaSDKArtifacts' is not required, skipping update.
[        ] [        ] Artifact Instance of 'MacOSFuchsiaSDKArtifacts' is not required, skipping update.
[        ] [        ] Artifact Instance of 'FlutterRunnerSDKArtifacts' is not required, skipping update.
[        ] [        ] Artifact Instance of 'FlutterRunnerDebugSymbols' is not required, skipping update.
[        ] [  +24 ms] Artifact Instance of 'MaterialFonts' is not required, skipping update.
[        ] [        ] Artifact Instance of 'GradleWrapper' is not required, skipping update.
[        ] [        ] Artifact Instance of 'AndroidInternalBuildArtifacts' is not required, skipping update.
[        ] [        ] Artifact Instance of 'IOSEngineArtifacts' is not required, skipping update.
[        ] [        ] Artifact Instance of 'FlutterWebSdk' is not required, skipping update.
[        ] [        ] Artifact Instance of 'FlutterEngineStamp' is not required, skipping update.
[        ] [        ] Artifact Instance of 'LegacyCanvasKitRemover' is not required, skipping update.
[        ] [        ] Artifact Instance of 'FlutterSdk' is not required, skipping update.
[        ] [        ] Artifact Instance of 'WindowsEngineArtifacts' is not required, skipping update.
[        ] [        ] Artifact Instance of 'MacOSEngineArtifacts' is not required, skipping update.
[        ] [        ] Artifact Instance of 'LinuxEngineArtifacts' is not required, skipping update.
[        ] [        ] Artifact Instance of 'LinuxFuchsiaSDKArtifacts' is not required, skipping update.
[        ] [        ] Artifact Instance of 'MacOSFuchsiaSDKArtifacts' is not required, skipping update.
[        ] [        ] Artifact Instance of 'FlutterRunnerSDKArtifacts' is not required, skipping update.
[        ] [        ] Artifact Instance of 'FlutterRunnerDebugSymbols' is not required, skipping update.
[        ] [        ] Artifact Instance of 'IosUsbArtifacts' is not required, skipping update.
[        ] [        ] Artifact Instance of 'IosUsbArtifacts' is not required, skipping update.
[        ] [        ] Artifact Instance of 'IosUsbArtifacts' is not required, skipping update.
[        ] [        ] Artifact Instance of 'IosUsbArtifacts' is not required, skipping update.
[        ] [        ] Artifact Instance of 'IosUsbArtifacts' is not required, skipping update.
[        ] [        ] Artifact Instance of 'IosUsbArtifacts' is not required, skipping update.
[        ] [        ] Artifact Instance of 'FontSubsetArtifacts' is not required, skipping update.
[        ] [        ] Artifact Instance of 'PubDependencies' is not required, skipping update.
[        ] [  +14 ms] Initializing file store
[        ] [  +19 ms] Skipping target: gen_localizations
[        ] [   +2 ms] gen_dart_plugin_registrant: Starting due to {InvalidatedReasonKind.inputChanged: The following inputs have updated contents: C:\Users\Dyuthi\smartnotes\.dart_tool\package_config.json}
[        ] [   +1 ms] dart_build: Starting due to {}
[        ] [  +69 ms] Building native assets for android_arm, android_arm64, android_x64.
[        ] [  +19 ms] Found plugin record at C:\Users\Dyuthi\AppData\Local\Pub\Cache\hosted\pub.dev\record-6.2.0\
[        ] [   +4 ms] Found plugin record_windows at C:\Users\Dyuthi\AppData\Local\Pub\Cache\hosted\pub.dev\record_windows-1.0.7\
[        ] [   +8 ms] Found plugin record_web at C:\Users\Dyuthi\AppData\Local\Pub\Cache\hosted\pub.dev\record_web-1.3.0\
[        ] [   +2 ms] Found plugin record_macos at C:\Users\Dyuthi\AppData\Local\Pub\Cache\hosted\pub.dev\record_macos-1.2.1\
[        ] [   +2 ms] Found plugin record_linux at C:\Users\Dyuthi\AppData\Local\Pub\Cache\hosted\pub.dev\record_linux-1.3.0\
[        ] [   +1 ms] Running `C:\Users\Dyuthi\flutter\flutter\bin\cache\dart-sdk\bin\dart compile kernel --packages=C:\Users\Dyuthi\smartnotes\.dart_tool\package_config.json --output=C:\Users\Dyuthi\smartnotes\.dart_tool\hooks_runner\objective_c\36a0331567\hook.dill --depfile=C:\Users\Dyuthi\smartnotes\.dart_tool\hooks_runner\objective_c\36a0331567\hook.dill.d C:\Users\Dyuthi\AppData\Local\Pub\Cache\hosted\pub.dev\objective_c-9.3.0\hook\build.dart`.
[        ] [   +9 ms] Found plugin record_ios at C:\Users\Dyuthi\AppData\Local\Pub\Cache\hosted\pub.dev\record_ios-1.2.0\
[        ] [   +1 ms] Found plugin record_android at C:\Users\Dyuthi\AppData\Local\Pub\Cache\hosted\pub.dev\record_android-1.5.1\
[        ] [   +2 ms] Found plugin path_provider at C:\Users\Dyuthi\AppData\Local\Pub\Cache\hosted\pub.dev\path_provider-2.1.5\
[        ] [        ] Found plugin path_provider_windows at C:\Users\Dyuthi\AppData\Local\Pub\Cache\hosted\pub.dev\path_provider_windows-2.3.0\
[        ] [   +2 ms] Found plugin path_provider_linux at C:\Users\Dyuthi\AppData\Local\Pub\Cache\hosted\pub.dev\path_provider_linux-2.2.1\
[        ] [   +1 ms] Found plugin path_provider_foundation at C:\Users\Dyuthi\AppData\Local\Pub\Cache\hosted\pub.dev\path_provider_foundation-2.6.0\
[        ] [   +6 ms] Found plugin path_provider_android at C:\Users\Dyuthi\AppData\Local\Pub\Cache\hosted\pub.dev\path_provider_android-2.3.1\
[        ] [        ] Found plugin jni_flutter at C:\Users\Dyuthi\AppData\Local\Pub\Cache\hosted\pub.dev\jni_flutter-1.0.1\
[        ] [        ] Found plugin jni at C:\Users\Dyuthi\AppData\Local\Pub\Cache\hosted\pub.dev\jni-1.0.0\
[        ] [   +1 ms] Found plugin image_picker at C:\Users\Dyuthi\AppData\Local\Pub\Cache\hosted\pub.dev\image_picker-1.2.1\
[        ] [        ] Found plugin image_picker_windows at C:\Users\Dyuthi\AppData\Local\Pub\Cache\hosted\pub.dev\image_picker_windows-0.2.2\
[        ] [   +3 ms] Found plugin file_selector_windows at C:\Users\Dyuthi\AppData\Local\Pub\Cache\hosted\pub.dev\file_selector_windows-0.9.3+5\
[        ] [   +1 ms] Found plugin image_picker_macos at C:\Users\Dyuthi\AppData\Local\Pub\Cache\hosted\pub.dev\image_picker_macos-0.2.2+1\
[        ] [        ] Found plugin file_selector_macos at C:\Users\Dyuthi\AppData\Local\Pub\Cache\hosted\pub.dev\file_selector_macos-0.9.5\
[        ] [        ] Found plugin image_picker_linux at C:\Users\Dyuthi\AppData\Local\Pub\Cache\hosted\pub.dev\image_picker_linux-0.2.2\
[        ] [        ] Found plugin file_selector_linux at C:\Users\Dyuthi\AppData\Local\Pub\Cache\hosted\pub.dev\file_selector_linux-0.9.4\
[        ] [        ] Found plugin image_picker_ios at C:\Users\Dyuthi\AppData\Local\Pub\Cache\hosted\pub.dev\image_picker_ios-0.8.13+6\
[        ] [        ] Found plugin image_picker_for_web at C:\Users\Dyuthi\AppData\Local\Pub\Cache\hosted\pub.dev\image_picker_for_web-3.1.1\
[        ] [   +1 ms] Found plugin image_picker_android at C:\Users\Dyuthi\AppData\Local\Pub\Cache\hosted\pub.dev\image_picker_android-0.8.13+16\
[        ] [        ] Found plugin flutter_plugin_android_lifecycle at C:\Users\Dyuthi\AppData\Local\Pub\Cache\hosted\pub.dev\flutter_plugin_android_lifecycle-2.0.34\
[        ] [   +3 ms] Found plugin file_picker at C:\Users\Dyuthi\AppData\Local\Pub\Cache\hosted\pub.dev\file_picker-8.3.7\
[        ] [   +3 ms] Found plugin camera at C:\Users\Dyuthi\AppData\Local\Pub\Cache\hosted\pub.dev\camera-0.10.6\
[        ] [        ] Found plugin camera_web at C:\Users\Dyuthi\AppData\Local\Pub\Cache\hosted\pub.dev\camera_web-0.3.5+3\
[        ] [   +1 ms] Found plugin camera_avfoundation at C:\Users\Dyuthi\AppData\Local\Pub\Cache\hosted\pub.dev\camera_avfoundation-0.9.23+2\
[        ] [        ] Found plugin camera_android at C:\Users\Dyuthi\AppData\Local\Pub\Cache\hosted\pub.dev\camera_android-0.10.10+16\
[        ] [  +10 ms] gen_dart_plugin_registrant: Complete
[        ] [   +1 ms] kernel_snapshot_program: Starting due to {}
[        ] [   +5 ms] C:\Users\Dyuthi\flutter\flutter\bin\cache\dart-sdk\bin\dartaotruntime.exe C:\Users\Dyuthi\flutter\flutter\bin\cache\dart-sdk\bin\snapshots\frontend_server_aot.dart.snapshot --sdk-root C:\Users\Dyuthi\flutter\flutter\bin\cache\artifacts\engine\common\flutter_patched_sdk_product/ --target=flutter --no-print-incremental-dependencies -DFLUTTER_VERSION=3.41.2 -DFLUTTER_CHANNEL=stable -DFLUTTER_GIT_URL=https://github.com/flutter/flutter.git -DFLUTTER_FRAMEWORK_REVISION=90673a4eef -DFLUTTER_ENGINE_REVISION=6c0baaebf7 -DFLUTTER_DART_VERSION=3.11.0 -DFLUTTER_APP_FLAVOR= -Ddart.vm.profile=false -Ddart.vm.product=true --delete-tostring-package-uri=dart:ui --delete-tostring-package-uri=package:flutter --aot --tfa --target-os android --packages C:\Users\Dyuthi\smartnotes\.dart_tool\package_config.json --output-dill C:\Users\Dyuthi\smartnotes\.dart_tool\flutter_build\eb89c6b31936734516c28e447e872a5f\app.dill --depfile C:\Users\Dyuthi\smartnotes\.dart_tool\flutter_build\eb89c6b31936734516c28e447e872a5f\kernel_snapshot_program.d --source file:///C:/Users/Dyuthi/smartnotes/.dart_tool/flutter_build/dart_plugin_registrant.dart --source package:flutter/src/dart_plugin_registrant.dart -Dflutter.dart_plugin_registrant=file:///C:/Users/Dyuthi/smartnotes/.dart_tool/flutter_build/dart_plugin_registrant.dart --verbosity=error package:smart_lecture_notes/main.dart
[        ] [ +675 ms] input.json contents:
[        ]            {
[        ]              "assets": {},
[        ]              "config": {
[        ]                "build_asset_types": [
[        ]                  "code_assets/code"
[        ]                ],
[        ]                "extensions": {
[        ]                  "code_assets": {
[        ]                    "android": {
[        ]                      "target_ndk_api": 24
[        ]                    },
[        ]                    "c_compiler": {
[        ]                      "ar": "C:\\Users\\Dyuthi\\AppData\\Local\\Android\\sdk\\ndk\\28.2.13676358\\toolchains\\llvm\\prebuilt\\windows-x86_64\\bin\\llvm-ar.exe",
[        ]                      "cc": "C:\\Users\\Dyuthi\\AppData\\Local\\Android\\sdk\\ndk\\28.2.13676358\\toolchains\\llvm\\prebuilt\\windows-x86_64\\bin\\clang.exe",
[        ]                      "ld": "C:\\Users\\Dyuthi\\AppData\\Local\\Android\\sdk\\ndk\\28.2.13676358\\toolchains\\llvm\\prebuilt\\windows-x86_64\\bin\\ld.lld.exe"
[        ]                    },
[        ]                    "link_mode_preference": "dynamic",
[        ]                    "target_architecture": "arm",
[        ]                    "target_os": "android"
[        ]                  }
[        ]                },
[        ]                "linking_enabled": true
[        ]              },
[        ]              "out_dir_shared": "C:\\Users\\Dyuthi\\smartnotes\\.dart_tool\\hooks_runner\\shared\\objective_c\\build\\",
[        ]              "out_file": "C:\\Users\\Dyuthi\\smartnotes\\.dart_tool\\hooks_runner\\objective_c\\36a0331567\\output.json",
[        ]              "package_name": "objective_c",
[        ]              "package_root": "C:\\Users\\Dyuthi\\AppData\\Local\\Pub\\Cache\\hosted\\pub.dev\\objective_c-9.3.0\\",
[        ]              "user_defines": {}
[        ]            }
[        ] [   +2 ms] Running `(cd C:\Users\Dyuthi\AppData\Local\Pub\Cache\hosted\pub.dev\objective_c-9.3.0\; PATH=C:\Program Files\Android\Android Studio\jbr\bin;C:\Users\Dyuthi\flutter\flutter\bin\;c:\Users\Dyuthi\AppData\Roaming\Code\User\globalStorage\github.copilot-chat\debugCommand;c:\Users\Dyuthi\AppData\Roaming\Code\User\globalStorage\github.copilot-chat\copilotCli;C:\Users\Dyuthi\AppData\Local\Programs\Microsoft VS Code;C:\Python314\Scripts\;C:\Python314\;C:\WINDOWS\system32;C:\WINDOWS;C:\WINDOWS\System32\Wbem;C:\WINDOWS\System32\WindowsPowerShell\v1.0\;C:\WINDOWS\System32\OpenSSH\;C:\Program Files\NVIDIA Corporation\NVIDIA App\NvDLISR;C:\Program Files (x86)\NVIDIA Corporation\PhysX\Common;C:\Program Files\Git\cmd;C:\Program Files\nodejs\;C:\ProgramData\chocolatey\bin;C:\Users\Dyuthi\miniconda3;C:\Users\Dyuthi\miniconda3\Library\mingw-w64\bin;C:\Users\Dyuthi\miniconda3\Library\usr\bin;C:\Users\Dyuthi\miniconda3\Library\bin;C:\Users\Dyuthi\miniconda3\Scripts;C:\Users\Dyuthi\AppData\Local\Programs\Python\Launcher\;C:\Users\Dyuthi\AppData\Local\Microsoft\WindowsApps;C:\Program Files\JetBrains\IntelliJ IDEA 2025.2.5\bin;C:\Program Files\JetBrains\PyCharm 2025.2.5\bin;C:\Users\Dyuthi\AppData\Local\JetBrains\Toolbox\scripts;C:\Users\Dyuthi\AppData\Local\Programs\Microsoft VS Code\bin;C:\Users\Dyuthi\AppData\Local\Python\bin;C:\Users\Dyuthi\Documents\pdd\flutter\bin;C:\Users\Dyuthi\flutter\flutter\bin;C:\Users\Dyuthi\AppData\Roaming\npm PROGRAMDATA=C:\ProgramData SYSTEMDRIVE=C: SYSTEMROOT=C:\WINDOWS TEMP=C:\Users\Dyuthi\AppData\Local\Temp TMP=C:\Users\Dyuthi\AppData\Local\Temp USERPROFILE=C:\Users\Dyuthi WINDIR=C:\WINDOWS C:\Users\Dyuthi\flutter\flutter\bin\cache\dart-sdk\bin\dart --packages=C:\Users\Dyuthi\smartnotes\.dart_tool\package_config.json C:\Users\Dyuthi\smartnotes\.dart_tool\hooks_runner\objective_c\36a0331567\hook.dill --config=C:\Users\Dyuthi\smartnotes\.dart_tool\hooks_runner\objective_c\36a0331567\input.json )`.
[  +86 ms] [ +137 ms] output.json contents:
[        ]            {
[        ]              "assets_for_linking": {},
[        ]              "status": "success",
[        ]              "timestamp": "2026-04-17 12:32:16.000"
[        ]            }
[        ] [  +16 ms] Running `C:\Users\Dyuthi\flutter\flutter\bin\cache\dart-sdk\bin\dart compile kernel --packages=C:\Users\Dyuthi\smartnotes\.dart_tool\package_config.json --output=C:\Users\Dyuthi\smartnotes\.dart_tool\hooks_runner\objective_c\70061eee94\hook.dill --depfile=C:\Users\Dyuthi\smartnotes\.dart_tool\hooks_runner\objective_c\70061eee94\hook.dill.d C:\Users\Dyuthi\AppData\Local\Pub\Cache\hosted\pub.dev\objective_c-9.3.0\hook\build.dart`.
[ +703 ms] [ +713 ms] input.json contents:
[        ]            {
[        ]              "assets": {},
[        ]              "config": {
[        ]                "build_asset_types": [
[        ]                  "code_assets/code"
[        ]                ],
[        ]                "extensions": {
[        ]                  "code_assets": {
[        ]                    "android": {
[        ]                      "target_ndk_api": 24
[        ]                    },
[        ]                    "c_compiler": {
[        ]                      "ar": "C:\\Users\\Dyuthi\\AppData\\Local\\Android\\sdk\\ndk\\28.2.13676358\\toolchains\\llvm\\prebuilt\\windows-x86_64\\bin\\llvm-ar.exe",
[        ]                      "cc": "C:\\Users\\Dyuthi\\AppData\\Local\\Android\\sdk\\ndk\\28.2.13676358\\toolchains\\llvm\\prebuilt\\windows-x86_64\\bin\\clang.exe",
[        ]                      "ld": "C:\\Users\\Dyuthi\\AppData\\Local\\Android\\sdk\\ndk\\28.2.13676358\\toolchains\\llvm\\prebuilt\\windows-x86_64\\bin\\ld.lld.exe"
[        ]                    },
[        ]                    "link_mode_preference": "dynamic",
[        ]                    "target_architecture": "arm64",
[        ]                    "target_os": "android"
[        ]                  }
[        ]                },
[        ]                "linking_enabled": true
[        ]              },
[        ]              "out_dir_shared": "C:\\Users\\Dyuthi\\smartnotes\\.dart_tool\\hooks_runner\\shared\\objective_c\\build\\",
[        ]              "out_file": "C:\\Users\\Dyuthi\\smartnotes\\.dart_tool\\hooks_runner\\objective_c\\70061eee94\\output.json",
[        ]              "package_name": "objective_c",
[        ]              "package_root": "C:\\Users\\Dyuthi\\AppData\\Local\\Pub\\Cache\\hosted\\pub.dev\\objective_c-9.3.0\\",
[        ]              "user_defines": {}
[        ]            }
[        ] [   +1 ms] Running `(cd C:\Users\Dyuthi\AppData\Local\Pub\Cache\hosted\pub.dev\objective_c-9.3.0\; PATH=C:\Program Files\Android\Android Studio\jbr\bin;C:\Users\Dyuthi\flutter\flutter\bin\;c:\Users\Dyuthi\AppData\Roaming\Code\User\globalStorage\github.copilot-chat\debugCommand;c:\Users\Dyuthi\AppData\Roaming\Code\User\globalStorage\github.copilot-chat\copilotCli;C:\Users\Dyuthi\AppData\Local\Programs\Microsoft VS Code;C:\Python314\Scripts\;C:\Python314\;C:\WINDOWS\system32;C:\WINDOWS;C:\WINDOWS\System32\Wbem;C:\WINDOWS\System32\WindowsPowerShell\v1.0\;C:\WINDOWS\System32\OpenSSH\;C:\Program Files\NVIDIA Corporation\NVIDIA App\NvDLISR;C:\Program Files (x86)\NVIDIA Corporation\PhysX\Common;C:\Program Files\Git\cmd;C:\Program Files\nodejs\;C:\ProgramData\chocolatey\bin;C:\Users\Dyuthi\miniconda3;C:\Users\Dyuthi\miniconda3\Library\mingw-w64\bin;C:\Users\Dyuthi\miniconda3\Library\usr\bin;C:\Users\Dyuthi\miniconda3\Library\bin;C:\Users\Dyuthi\miniconda3\Scripts;C:\Users\Dyuthi\AppData\Local\Programs\Python\Launcher\;C:\Users\Dyuthi\AppData\Local\Microsoft\WindowsApps;C:\Program Files\JetBrains\IntelliJ IDEA 2025.2.5\bin;C:\Program Files\JetBrains\PyCharm 2025.2.5\bin;C:\Users\Dyuthi\AppData\Local\JetBrains\Toolbox\scripts;C:\Users\Dyuthi\AppData\Local\Programs\Microsoft VS Code\bin;C:\Users\Dyuthi\AppData\Local\Python\bin;C:\Users\Dyuthi\Documents\pdd\flutter\bin;C:\Users\Dyuthi\flutter\flutter\bin;C:\Users\Dyuthi\AppData\Roaming\npm PROGRAMDATA=C:\ProgramData SYSTEMDRIVE=C: SYSTEMROOT=C:\WINDOWS TEMP=C:\Users\Dyuthi\AppData\Local\Temp TMP=C:\Users\Dyuthi\AppData\Local\Temp USERPROFILE=C:\Users\Dyuthi WINDIR=C:\WINDOWS C:\Users\Dyuthi\flutter\flutter\bin\cache\dart-sdk\bin\dart --packages=C:\Users\Dyuthi\smartnotes\.dart_tool\package_config.json C:\Users\Dyuthi\smartnotes\.dart_tool\hooks_runner\objective_c\70061eee94\hook.dill --config=C:\Users\Dyuthi\smartnotes\.dart_tool\hooks_runner\objective_c\70061eee94\input.json )`.
[  +91 ms] [ +122 ms] output.json contents:
[        ]            {
[        ]              "assets_for_linking": {},
[        ]              "status": "success",
[        ]              "timestamp": "2026-04-17 12:32:17.000"
[        ]            }
[        ] [   +6 ms] Running `C:\Users\Dyuthi\flutter\flutter\bin\cache\dart-sdk\bin\dart compile kernel --packages=C:\Users\Dyuthi\smartnotes\.dart_tool\package_config.json --output=C:\Users\Dyuthi\smartnotes\.dart_tool\hooks_runner\objective_c\1a66a2c2cb\hook.dill --depfile=C:\Users\Dyuthi\smartnotes\.dart_tool\hooks_runner\objective_c\1a66a2c2cb\hook.dill.d C:\Users\Dyuthi\AppData\Local\Pub\Cache\hosted\pub.dev\objective_c-9.3.0\hook\build.dart`.
[ +700 ms] [ +680 ms] input.json contents:
[        ]            {
[        ]              "assets": {},
[        ]              "config": {
[        ]                "build_asset_types": [
[        ]                  "code_assets/code"
[        ]                ],
[        ]                "extensions": {
[        ]                  "code_assets": {
[        ]                    "android": {
[        ]                      "target_ndk_api": 24
[        ]                    },
[        ]                    "c_compiler": {
[        ]                      "ar": "C:\\Users\\Dyuthi\\AppData\\Local\\Android\\sdk\\ndk\\28.2.13676358\\toolchains\\llvm\\prebuilt\\windows-x86_64\\bin\\llvm-ar.exe",
[        ]                      "cc": "C:\\Users\\Dyuthi\\AppData\\Local\\Android\\sdk\\ndk\\28.2.13676358\\toolchains\\llvm\\prebuilt\\windows-x86_64\\bin\\clang.exe",
[        ]                      "ld": "C:\\Users\\Dyuthi\\AppData\\Local\\Android\\sdk\\ndk\\28.2.13676358\\toolchains\\llvm\\prebuilt\\windows-x86_64\\bin\\ld.lld.exe"
[        ]                    },
[        ]                    "link_mode_preference": "dynamic",
[        ]                    "target_architecture": "x64",
[        ]                    "target_os": "android"
[        ]                  }
[        ]                },
[        ]                "linking_enabled": true
[        ]              },
[        ]              "out_dir_shared": "C:\\Users\\Dyuthi\\smartnotes\\.dart_tool\\hooks_runner\\shared\\objective_c\\build\\",
[        ]              "out_file": "C:\\Users\\Dyuthi\\smartnotes\\.dart_tool\\hooks_runner\\objective_c\\1a66a2c2cb\\output.json",
[        ]              "package_name": "objective_c",
[        ]              "package_root": "C:\\Users\\Dyuthi\\AppData\\Local\\Pub\\Cache\\hosted\\pub.dev\\objective_c-9.3.0\\",
[        ]              "user_defines": {}
[        ]            }
[        ] [   +1 ms] Running `(cd C:\Users\Dyuthi\AppData\Local\Pub\Cache\hosted\pub.dev\objective_c-9.3.0\; PATH=C:\Program Files\Android\Android Studio\jbr\bin;C:\Users\Dyuthi\flutter\flutter\bin\;c:\Users\Dyuthi\AppData\Roaming\Code\User\globalStorage\github.copilot-chat\debugCommand;c:\Users\Dyuthi\AppData\Roaming\Code\User\globalStorage\github.copilot-chat\copilotCli;C:\Users\Dyuthi\AppData\Local\Programs\Microsoft VS Code;C:\Python314\Scripts\;C:\Python314\;C:\WINDOWS\system32;C:\WINDOWS;C:\WINDOWS\System32\Wbem;C:\WINDOWS\System32\WindowsPowerShell\v1.0\;C:\WINDOWS\System32\OpenSSH\;C:\Program Files\NVIDIA Corporation\NVIDIA App\NvDLISR;C:\Program Files (x86)\NVIDIA Corporation\PhysX\Common;C:\Program Files\Git\cmd;C:\Program Files\nodejs\;C:\ProgramData\chocolatey\bin;C:\Users\Dyuthi\miniconda3;C:\Users\Dyuthi\miniconda3\Library\mingw-w64\bin;C:\Users\Dyuthi\miniconda3\Library\usr\bin;C:\Users\Dyuthi\miniconda3\Library\bin;C:\Users\Dyuthi\miniconda3\Scripts;C:\Users\Dyuthi\AppData\Local\Programs\Python\Launcher\;C:\Users\Dyuthi\AppData\Local\Microsoft\WindowsApps;C:\Program Files\JetBrains\IntelliJ IDEA 2025.2.5\bin;C:\Program Files\JetBrains\PyCharm 2025.2.5\bin;C:\Users\Dyuthi\AppData\Local\JetBrains\Toolbox\scripts;C:\Users\Dyuthi\AppData\Local\Programs\Microsoft VS Code\bin;C:\Users\Dyuthi\AppData\Local\Python\bin;C:\Users\Dyuthi\Documents\pdd\flutter\bin;C:\Users\Dyuthi\flutter\flutter\bin;C:\Users\Dyuthi\AppData\Roaming\npm PROGRAMDATA=C:\ProgramData SYSTEMDRIVE=C: SYSTEMROOT=C:\WINDOWS TEMP=C:\Users\Dyuthi\AppData\Local\Temp TMP=C:\Users\Dyuthi\AppData\Local\Temp USERPROFILE=C:\Users\Dyuthi WINDIR=C:\WINDOWS C:\Users\Dyuthi\flutter\flutter\bin\cache\dart-sdk\bin\dart --packages=C:\Users\Dyuthi\smartnotes\.dart_tool\package_config.json C:\Users\Dyuthi\smartnotes\.dart_tool\hooks_runner\objective_c\1a66a2c2cb\hook.dill --config=C:\Users\Dyuthi\smartnotes\.dart_tool\hooks_runner\objective_c\1a66a2c2cb\input.json )`.
[ +108 ms] [ +118 ms] output.json contents:
[        ]            {
[        ]              "assets_for_linking": {},
[        ]              "status": "success",
[        ]              "timestamp": "2026-04-17 12:32:18.000"
[        ]            }
[        ] [   +1 ms] Building native assets for android_arm, android_arm64, android_x64 done.
[        ] [   +2 ms] dart_build: Complete
[        ] [   +7 ms] install_code_assets: Starting due to {}
[        ] [   +4 ms] Writing native assets json to file:///C:/Users/Dyuthi/smartnotes/.dart_tool/flutter_build/eb89c6b31936734516c28e447e872a5f/native_assets.json.
[        ] [   +1 ms] Writing C:\Users\Dyuthi\smartnotes\.dart_tool\flutter_build\eb89c6b31936734516c28e447e872a5f\native_assets.json done.
[        ] [        ] install_code_assets: Complete
[+6995 ms] [+6985 ms] kernel_snapshot_program: Complete
[ +407 ms] [ +429 ms] android_aot_release_android-arm: Starting due to {}
[        ] [   +3 ms] targetingApplePlatform = false
[        ] [        ] extractAppleDebugSymbols = true
[        ] [        ] Will strip AOT snapshot during build.
[        ] [   +1 ms] executing: C:\Users\Dyuthi\flutter\flutter\bin\cache\artifacts\engine\android-arm-release\windows-x64\gen_snapshot --deterministic --snapshot_kind=app-aot-elf --elf=C:\Users\Dyuthi\smartnotes\.dart_tool\flutter_build\eb89c6b31936734516c28e447e872a5f\armeabi-v7a\app.so --strip --no-sim-use-hardfp --no-use-integer-division C:\Users\Dyuthi\smartnotes\.dart_tool\flutter_build\eb89c6b31936734516c28e447e872a5f\app.dill
[        ] [        ] aot_android_asset_bundle: Starting due to {}
[        ] [        ] android_aot_release_android-arm64: Starting due to {}
[        ] [        ] targetingApplePlatform = false
[        ] [        ] extractAppleDebugSymbols = true
[        ] [        ] Will strip AOT snapshot during build.
[        ] [        ] executing: C:\Users\Dyuthi\flutter\flutter\bin\cache\artifacts\engine\android-arm64-release\windows-x64\gen_snapshot --deterministic --snapshot_kind=app-aot-elf --elf=C:\Users\Dyuthi\smartnotes\.dart_tool\flutter_build\eb89c6b31936734516c28e447e872a5f\arm64-v8a\app.so --strip C:\Users\Dyuthi\smartnotes\.dart_tool\flutter_build\eb89c6b31936734516c28e447e872a5f\app.dill
[        ] [        ] android_aot_release_android-x64: Starting due to {}
[        ] [        ] targetingApplePlatform = false
[        ] [        ] extractAppleDebugSymbols = true
[        ] [        ] Will strip AOT snapshot during build.
[  +93 ms] [        ] executing: C:\Users\Dyuthi\flutter\flutter\bin\cache\artifacts\engine\android-x64-release\windows-x64\gen_snapshot --deterministic --snapshot_kind=app-aot-elf --elf=C:\Users\Dyuthi\smartnotes\.dart_tool\flutter_build\eb89c6b31936734516c28e447e872a5f\x86_64\app.so --strip C:\Users\Dyuthi\smartnotes\.dart_tool\flutter_build\eb89c6b31936734516c28e447e872a5f\app.dill
[        ] [  +72 ms] Manifest contained wildcard assets. Inserting missing file into build graph to force rerun. for more information see #56466.
[        ] [  +10 ms] shaderc command: [C:\Users\Dyuthi\flutter\flutter\bin\cache\artifacts\engine\windows-x64\impellerc.exe, --sksl, --runtime-stage-gles, --runtime-stage-gles3, --runtime-stage-vulkan, --iplr, --sl=C:\Users\Dyuthi\smartnotes\build\app\intermediates\flutter\release\flutter_assets\shaders/ink_sparkle.frag, --spirv=C:\Users\Dyuthi\smartnotes\build\app\intermediates\flutter\release\flutter_assets\shaders/ink_sparkle.frag.spirv, --input=C:\Users\Dyuthi\flutter\flutter\packages\flutter\lib\src\material\shaders\ink_sparkle.frag, --input-type=frag, --include=C:\Users\Dyuthi\flutter\flutter\packages\flutter\lib\src\material\shaders, --include=C:\Users\Dyuthi\flutter\flutter\bin\cache\artifacts\engine\windows-x64\shader_lib]
[        ] [        ] shaderc command: [C:\Users\Dyuthi\flutter\flutter\bin\cache\artifacts\engine\windows-x64\impellerc.exe, --sksl, --runtime-stage-gles, --runtime-stage-gles3, --runtime-stage-vulkan, --iplr, --sl=C:\Users\Dyuthi\smartnotes\build\app\intermediates\flutter\release\flutter_assets\shaders/stretch_effect.frag, --spirv=C:\Users\Dyuthi\smartnotes\build\app\intermediates\flutter\release\flutter_assets\shaders/stretch_effect.frag.spirv, --input=C:\Users\Dyuthi\flutter\flutter\packages\flutter\lib\src\material\shaders\stretch_effect.frag, --input-type=frag, --include=C:\Users\Dyuthi\flutter\flutter\packages\flutter\lib\src\material\shaders, --include=C:\Users\Dyuthi\flutter\flutter\bin\cache\artifacts\engine\windows-x64\shader_lib]
[  +93 ms] [  +58 ms] Running command: C:\Users\Dyuthi\flutter\flutter\bin\cache\dart-sdk\bin\dart.exe C:\Users\Dyuthi\flutter\flutter\bin\cache\artifacts\engine\windows-x64\const_finder.dart.snapshot --kernel-file C:\Users\Dyuthi\smartnotes\.dart_tool\flutter_build\eb89c6b31936734516c28e447e872a5f\app.dill --class-library-uri package:flutter/src/widgets/icon_data.dart --class-name IconData --annotation-class-name _StaticIconProvider --annotation-class-library-uri package:flutter/src/widgets/icon_data.dart
[ +500 ms] [ +464 ms] Expected to find fontFamily for constant IconData with codepoint: 128842, but found fontFamily: null. This usually means you are relying on the system font. Alternatively, font families in an IconData class can be provided in the assets section of your pubspec.yaml, or you are missing "uses-material-design: true".
[        ] [   +1 ms] Running font-subset: C:\Users\Dyuthi\flutter\flutter\bin\cache\artifacts\engine\windows-x64\font-subset.exe C:\Users\Dyuthi\smartnotes\build\app\intermediates\flutter\release\flutter_assets\fonts/MaterialIcons-Regular.otf C:\Users\Dyuthi\flutter\flutter\bin\cache\artifacts\material_fonts\MaterialIcons-Regular.otf, using codepoints 57490 62832 57706 58332 57502 57501 58195 57496 58644 58372 61764 57402 57912 57911 57686 57648 58173 58449 57695 61214 62842 57791 62178 57548 58337 61999 58083 61728 58340 58020 58162 57527 58908 58208 61284 58560 58816 58178 984622 61464 62318 62000 63643 61847 58727 57500 57689 57882 57785 58061 58235 58714 57857 63677 983200 983126 983516 62870 58710 58198 58123 61519 62160 62072 58519 58289 62837 62624 62625
[        ] [  +26 ms] Font asset "MaterialIcons-Regular.otf" was tree-shaken, reducing it from 1645184 to 9164 bytes (99.4% reduction). Tree-shaking can be disabled by providing the --no-tree-shake-icons flag when building your app.
[        ] [        ] aot_android_asset_bundle: Complete
[+5798 ms] [+5832 ms] android_aot_release_android-x64: Complete
[ +203 ms] [ +167 ms] android_aot_bundle_release_android-x64: Starting due to {}
[        ] [   +4 ms] android_aot_bundle_release_android-x64: Complete
[  +93 ms] [  +63 ms] android_aot_release_android-arm64: Complete
[ +109 ms] [ +159 ms] android_aot_bundle_release_android-arm64: Starting due to {}
[        ] [   +3 ms] android_aot_bundle_release_android-arm64: Complete
[ +297 ms] [ +253 ms] android_aot_release_android-arm: Complete
[  +94 ms] [ +145 ms] android_aot_bundle_release_android-arm: Starting due to {}
[        ] [   +3 ms] android_aot_bundle_release_android-arm: Complete
[ +110 ms] [  +58 ms] _composite: Starting due to {}
[        ] [        ] _composite: Complete
[        ] [        ] Persisting file store
[        ] [   +7 ms] Done persisting file store
[        ] [  +12 ms] build succeeded.
[        ] [   +2 ms] "flutter assemble" took 17,508ms.
[        ] [  +29 ms] Running 1 shutdown hook
[        ] [        ] Shutdown hooks complete
[ +187 ms] [ +137 ms] exiting with code 0
[        ] Resolve mutations for :app:packJniLibsflutterBuildRelease (Thread[#519,Execution worker Thread 3,5,main]) started.
[        ] :app:packJniLibsflutterBuildRelease (Thread[#519,Execution worker Thread 3,5,main]) started.
[ +709 ms] > Task :app:packJniLibsflutterBuildRelease
[        ] Caching disabled for task ':app:packJniLibsflutterBuildRelease' because:
[        ]   Build cache is disabled
[        ]   Not worth caching
[        ] Task ':app:packJniLibsflutterBuildRelease' is not up-to-date because:
[        ]   Output property 'archiveFile' file C:\Users\Dyuthi\smartnotes\build\app\intermediates\flutter\release\libs.jar has been removed.
[        ] file or directory 'C:\Users\Dyuthi\smartnotes\build\native_assets\android\jniLibs\lib\armeabi-v7a', not found
[        ] file or directory 'C:\Users\Dyuthi\smartnotes\build\native_assets\android\jniLibs\lib\arm64-v8a', not found
[        ] file or directory 'C:\Users\Dyuthi\smartnotes\build\native_assets\android\jniLibs\lib\x86_64', not found
[        ] Resolve mutations for :app:preBuild (Thread[#519,Execution worker Thread 3,5,main]) started.
[        ] :app:preBuild (Thread[#519,Execution worker Thread 3,5,main]) started.
[        ] > Task :app:preBuild UP-TO-DATE
[        ] Skipping task ':app:preBuild' as it has no actions.
[        ] Resolve mutations for :app:preReleaseBuild (Thread[#519,Execution worker Thread 3,5,main]) started.
[        ] :app:preReleaseBuild (Thread[#519,Execution worker Thread 3,5,main]) started.
[        ] > Task :app:preReleaseBuild UP-TO-DATE
[        ] Skipping task ':app:preReleaseBuild' as it has no actions.
[        ] Resolve mutations for :app:configureCMakeRelease[arm64-v8a] (Thread[#519,Execution worker Thread 3,5,main]) started.
[        ] :app:configureCMakeRelease[arm64-v8a] (Thread[#519,Execution worker Thread 3,5,main]) started.
[ +800 ms] > Task :app:configureCMakeRelease[arm64-v8a]
[        ] Caching disabled for task ':app:configureCMakeRelease[arm64-v8a]' because:
[        ]   Build cache is disabled
[        ]   Caching has been disabled for the task
[        ] Task ':app:configureCMakeRelease[arm64-v8a]' is not up-to-date because:
[        ]   Task.upToDateWhen is false.
[        ] C/C++: C:\Users\Dyuthi\flutter\flutter\packages\flutter_tools\gradle\src\main\scripts\CMakeLists.txt release|arm64-v8a : Start JSON generation. Platform version: 24 min SDK version: arm64-v8a
[        ] C/C++: C:\Users\Dyuthi\flutter\flutter\packages\flutter_tools\gradle\src\main\scripts\CMakeLists.txt release|arm64-v8a : rebuilding JSON C:\Users\Dyuthi\smartnotes\build\.cxx\release\5v101n4y\arm64-v8a\android_gradle_build.json due to:
[        ] C/C++: C:\Users\Dyuthi\flutter\flutter\packages\flutter_tools\gradle\src\main\scripts\CMakeLists.txt release|arm64-v8a : - no fingerprint file, will remove stale configuration folder
[        ] C/C++: C:\Users\Dyuthi\flutter\flutter\packages\flutter_tools\gradle\src\main\scripts\CMakeLists.txt release|arm64-v8a : removing stale contents from 'C:\Users\Dyuthi\smartnotes\build\.cxx\release\5v101n4y\arm64-v8a'
[        ] C/C++: C:\Users\Dyuthi\flutter\flutter\packages\flutter_tools\gradle\src\main\scripts\CMakeLists.txt release|arm64-v8a : created folder 'C:\Users\Dyuthi\smartnotes\build\.cxx\release\5v101n4y\arm64-v8a'
[        ] C/C++: C:\Users\Dyuthi\flutter\flutter\packages\flutter_tools\gradle\src\main\scripts\CMakeLists.txt release|arm64-v8a : executing cmake @echo off
[        ] "C:\\Users\\Dyuthi\\AppData\\Local\\Android\\Sdk\\cmake\\3.22.1\\bin\\cmake.exe" ^
[        ]   "-HC:\\Users\\Dyuthi\\flutter\\flutter\\packages\\flutter_tools\\gradle\\src\\main\\scripts" ^
[        ]   "-DCMAKE_SYSTEM_NAME=Android" ^
[        ]   "-DCMAKE_EXPORT_COMPILE_COMMANDS=ON" ^
[        ]   "-DCMAKE_SYSTEM_VERSION=24" ^
[        ]   "-DANDROID_PLATFORM=android-24" ^
[        ]   "-DANDROID_ABI=arm64-v8a" ^
[        ]   "-DCMAKE_ANDROID_ARCH_ABI=arm64-v8a" ^
[        ]   "-DANDROID_NDK=C:\\Users\\Dyuthi\\AppData\\Local\\Android\\sdk\\ndk\\28.2.13676358" ^
[        ]   "-DCMAKE_ANDROID_NDK=C:\\Users\\Dyuthi\\AppData\\Local\\Android\\sdk\\ndk\\28.2.13676358" ^
[        ]   "-DCMAKE_TOOLCHAIN_FILE=C:\\Users\\Dyuthi\\AppData\\Local\\Android\\sdk\\ndk\\28.2.13676358\\build\\cmake\\android.toolchain.cmake" ^
[        ]   "-DCMAKE_MAKE_PROGRAM=C:\\Users\\Dyuthi\\AppData\\Local\\Android\\Sdk\\cmake\\3.22.1\\bin\\ninja.exe" ^
[        ]   "-DCMAKE_LIBRARY_OUTPUT_DIRECTORY=C:\\Users\\Dyuthi\\smartnotes\\build\\app\\intermediates\\cxx\\release\\5v101n4y\\obj\\arm64-v8a" ^
[        ]   "-DCMAKE_RUNTIME_OUTPUT_DIRECTORY=C:\\Users\\Dyuthi\\smartnotes\\build\\app\\intermediates\\cxx\\release\\5v101n4y\\obj\\arm64-v8a" ^
[        ]   "-BC:\\Users\\Dyuthi\\smartnotes\\build\\.cxx\\release\\5v101n4y\\arm64-v8a" ^
[        ]   -GNinja ^
[        ]   -Wno-dev ^
[        ]   --no-warn-unused-cli ^
[        ]   "-DCMAKE_BUILD_TYPE=release"
[        ] C/C++: C:\Users\Dyuthi\flutter\flutter\packages\flutter_tools\gradle\src\main\scripts\CMakeLists.txt release|arm64-v8a : @echo off
[        ] "C:\\Users\\Dyuthi\\AppData\\Local\\Android\\Sdk\\cmake\\3.22.1\\bin\\cmake.exe" ^
[        ]   "-HC:\\Users\\Dyuthi\\flutter\\flutter\\packages\\flutter_tools\\gradle\\src\\main\\scripts" ^
[        ]   "-DCMAKE_SYSTEM_NAME=Android" ^
[        ]   "-DCMAKE_EXPORT_COMPILE_COMMANDS=ON" ^
[        ]   "-DCMAKE_SYSTEM_VERSION=24" ^
[        ]   "-DANDROID_PLATFORM=android-24" ^
[        ]   "-DANDROID_ABI=arm64-v8a" ^
[        ]   "-DCMAKE_ANDROID_ARCH_ABI=arm64-v8a" ^
[        ]   "-DANDROID_NDK=C:\\Users\\Dyuthi\\AppData\\Local\\Android\\sdk\\ndk\\28.2.13676358" ^
[        ]   "-DCMAKE_ANDROID_NDK=C:\\Users\\Dyuthi\\AppData\\Local\\Android\\sdk\\ndk\\28.2.13676358" ^
[        ]   "-DCMAKE_TOOLCHAIN_FILE=C:\\Users\\Dyuthi\\AppData\\Local\\Android\\sdk\\ndk\\28.2.13676358\\build\\cmake\\android.toolchain.cmake" ^
[        ]   "-DCMAKE_MAKE_PROGRAM=C:\\Users\\Dyuthi\\AppData\\Local\\Android\\Sdk\\cmake\\3.22.1\\bin\\ninja.exe" ^
[        ]   "-DCMAKE_LIBRARY_OUTPUT_DIRECTORY=C:\\Users\\Dyuthi\\smartnotes\\build\\app\\intermediates\\cxx\\release\\5v101n4y\\obj\\arm64-v8a" ^
[        ]   "-DCMAKE_RUNTIME_OUTPUT_DIRECTORY=C:\\Users\\Dyuthi\\smartnotes\\build\\app\\intermediates\\cxx\\release\\5v101n4y\\obj\\arm64-v8a" ^
[        ]   "-BC:\\Users\\Dyuthi\\smartnotes\\build\\.cxx\\release\\5v101n4y\\arm64-v8a" ^
[        ]   -GNinja ^
[        ]   -Wno-dev ^
[        ]   --no-warn-unused-cli ^
[        ]   "-DCMAKE_BUILD_TYPE=release"
[        ] Starting process 'command 'C:\Users\Dyuthi\AppData\Local\Android\Sdk\cmake\3.22.1\bin\cmake.exe''. Working directory: C:\Users\Dyuthi\smartnotes\android\app Command: C:\Users\Dyuthi\AppData\Local\Android\Sdk\cmake\3.22.1\bin\cmake.exe -HC:\Users\Dyuthi\flutter\flutter\packages\flutter_tools\gradle\src\main\scripts -DCMAKE_SYSTEM_NAME=Android -DCMAKE_EXPORT_COMPILE_COMMANDS=ON -DCMAKE_SYSTEM_VERSION=24 -DANDROID_PLATFORM=android-24 -DANDROID_ABI=arm64-v8a -DCMAKE_ANDROID_ARCH_ABI=arm64-v8a -DANDROID_NDK=C:\Users\Dyuthi\AppData\Local\Android\sdk\ndk\28.2.13676358 -DCMAKE_ANDROID_NDK=C:\Users\Dyuthi\AppData\Local\Android\sdk\ndk\28.2.13676358 -DCMAKE_TOOLCHAIN_FILE=C:\Users\Dyuthi\AppData\Local\Android\sdk\ndk\28.2.13676358\build\cmake\android.toolchain.cmake -DCMAKE_MAKE_PROGRAM=C:\Users\Dyuthi\AppData\Local\Android\Sdk\cmake\3.22.1\bin\ninja.exe -DCMAKE_LIBRARY_OUTPUT_DIRECTORY=C:\Users\Dyuthi\smartnotes\build\app\intermediates\cxx\release\5v101n4y\obj\arm64-v8a -DCMAKE_RUNTIME_OUTPUT_DIRECTORY=C:\Users\Dyuthi\smartnotes\build\app\intermediates\cxx\release\5v101n4y\obj\arm64-v8a -BC:\Users\Dyuthi\smartnotes\build\.cxx\release\5v101n4y\arm64-v8a -GNinja -Wno-dev --no-warn-unused-cli -DCMAKE_BUILD_TYPE=release
[        ] Successfully started process 'command 'C:\Users\Dyuthi\AppData\Local\Android\Sdk\cmake\3.22.1\bin\cmake.exe''
[        ] C/C++: C:\Users\Dyuthi\flutter\flutter\packages\flutter_tools\gradle\src\main\scripts\CMakeLists.txt release|arm64-v8a : Received process result: 0
[        ] C/C++: C:\Users\Dyuthi\flutter\flutter\packages\flutter_tools\gradle\src\main\scripts\CMakeLists.txt release|arm64-v8a : C:\Users\Dyuthi\smartnotes\build\.cxx\release\5v101n4y\arm64-v8a\compile_commands.json.bin existed but not C:\Users\Dyuthi\smartnotes\build\.cxx\release\5v101n4y\arm64-v8a\compile_commands.json
[        ] C/C++: C:\Users\Dyuthi\flutter\flutter\packages\flutter_tools\gradle\src\main\scripts\CMakeLists.txt release|arm64-v8a : done executing cmake
[        ] C/C++: C:\Users\Dyuthi\flutter\flutter\packages\flutter_tools\gradle\src\main\scripts\CMakeLists.txt release|arm64-v8a : JSON generation completed without problems
[        ] C/C++: C:\Users\Dyuthi\flutter\flutter\packages\flutter_tools\gradle\src\main\scripts\CMakeLists.txt release|arm64-v8a : Writing build model to C:\Users\Dyuthi\smartnotes\build\app\intermediates\cxx\release\5v101n4y\logs\arm64-v8a\build_model.json
[        ] Resolve mutations for :app:buildCMakeRelease[arm64-v8a] (Thread[#519,Execution worker Thread 3,5,main]) started.
[        ] :app:buildCMakeRelease[arm64-v8a] (Thread[#526,Execution worker Thread 10,5,main]) started.
[        ] > Task :app:buildCMakeRelease[arm64-v8a]
[        ] Caching disabled for task ':app:buildCMakeRelease[arm64-v8a]' because:
[        ]   Build cache is disabled
[        ]   Caching has been disabled for the task
[        ] Task ':app:buildCMakeRelease[arm64-v8a]' is not up-to-date because:
[        ]   Task.upToDateWhen is false.
[        ] C/C++: starting build
[        ] C/C++: reading expected JSONs
[        ] C/C++: done reading expected JSONs
[        ] C/C++: executing build commands for targets that produce .so files or executables
[        ] C/C++: evaluate miniconfig
[        ] C/C++: no libraries
[        ] Resolve mutations for :app:configureCMakeRelease[armeabi-v7a] (Thread[#526,Execution worker Thread 10,5,main]) started.
[        ] :app:configureCMakeRelease[armeabi-v7a] (Thread[#526,Execution worker Thread 10,5,main]) started.
[ +686 ms] > Task :app:configureCMakeRelease[armeabi-v7a]
[        ] Caching disabled for task ':app:configureCMakeRelease[armeabi-v7a]' because:
[        ]   Build cache is disabled
[        ]   Caching has been disabled for the task
[        ] Task ':app:configureCMakeRelease[armeabi-v7a]' is not up-to-date because:
[        ]   Task.upToDateWhen is false.
[        ] C/C++: C:\Users\Dyuthi\flutter\flutter\packages\flutter_tools\gradle\src\main\scripts\CMakeLists.txt release|armeabi-v7a : Start JSON generation. Platform version: 24 min SDK version: armeabi-v7a
[        ] C/C++: C:\Users\Dyuthi\flutter\flutter\packages\flutter_tools\gradle\src\main\scripts\CMakeLists.txt release|armeabi-v7a : rebuilding JSON C:\Users\Dyuthi\smartnotes\build\.cxx\release\5v101n4y\armeabi-v7a\android_gradle_build.json due to:
[        ] C/C++: C:\Users\Dyuthi\flutter\flutter\packages\flutter_tools\gradle\src\main\scripts\CMakeLists.txt release|armeabi-v7a : - no fingerprint file, will remove stale configuration folder
[        ] C/C++: C:\Users\Dyuthi\flutter\flutter\packages\flutter_tools\gradle\src\main\scripts\CMakeLists.txt release|armeabi-v7a : removing stale contents from 'C:\Users\Dyuthi\smartnotes\build\.cxx\release\5v101n4y\armeabi-v7a'
[        ] C/C++: C:\Users\Dyuthi\flutter\flutter\packages\flutter_tools\gradle\src\main\scripts\CMakeLists.txt release|armeabi-v7a : created folder 'C:\Users\Dyuthi\smartnotes\build\.cxx\release\5v101n4y\armeabi-v7a'
[        ] C/C++: C:\Users\Dyuthi\flutter\flutter\packages\flutter_tools\gradle\src\main\scripts\CMakeLists.txt release|armeabi-v7a : executing cmake @echo off
[        ] "C:\\Users\\Dyuthi\\AppData\\Local\\Android\\Sdk\\cmake\\3.22.1\\bin\\cmake.exe" ^
[        ]   "-HC:\\Users\\Dyuthi\\flutter\\flutter\\packages\\flutter_tools\\gradle\\src\\main\\scripts" ^
[        ]   "-DCMAKE_SYSTEM_NAME=Android" ^
[        ]   "-DCMAKE_EXPORT_COMPILE_COMMANDS=ON" ^
[        ]   "-DCMAKE_SYSTEM_VERSION=24" ^
[        ]   "-DANDROID_PLATFORM=android-24" ^
[        ]   "-DANDROID_ABI=armeabi-v7a" ^
[        ]   "-DCMAKE_ANDROID_ARCH_ABI=armeabi-v7a" ^
[        ]   "-DANDROID_NDK=C:\\Users\\Dyuthi\\AppData\\Local\\Android\\sdk\\ndk\\28.2.13676358" ^
[        ]   "-DCMAKE_ANDROID_NDK=C:\\Users\\Dyuthi\\AppData\\Local\\Android\\sdk\\ndk\\28.2.13676358" ^
[        ]   "-DCMAKE_TOOLCHAIN_FILE=C:\\Users\\Dyuthi\\AppData\\Local\\Android\\sdk\\ndk\\28.2.13676358\\build\\cmake\\android.toolchain.cmake" ^
[        ]   "-DCMAKE_MAKE_PROGRAM=C:\\Users\\Dyuthi\\AppData\\Local\\Android\\Sdk\\cmake\\3.22.1\\bin\\ninja.exe" ^
[        ]   "-DCMAKE_LIBRARY_OUTPUT_DIRECTORY=C:\\Users\\Dyuthi\\smartnotes\\build\\app\\intermediates\\cxx\\release\\5v101n4y\\obj\\armeabi-v7a" ^
[        ]   "-DCMAKE_RUNTIME_OUTPUT_DIRECTORY=C:\\Users\\Dyuthi\\smartnotes\\build\\app\\intermediates\\cxx\\release\\5v101n4y\\obj\\armeabi-v7a" ^
[        ]   "-BC:\\Users\\Dyuthi\\smartnotes\\build\\.cxx\\release\\5v101n4y\\armeabi-v7a" ^
[        ]   -GNinja ^
[        ]   -Wno-dev ^
[        ]   --no-warn-unused-cli ^
[        ]   "-DCMAKE_BUILD_TYPE=release"
[        ] C/C++: C:\Users\Dyuthi\flutter\flutter\packages\flutter_tools\gradle\src\main\scripts\CMakeLists.txt release|armeabi-v7a : @echo off
[        ] "C:\\Users\\Dyuthi\\AppData\\Local\\Android\\Sdk\\cmake\\3.22.1\\bin\\cmake.exe" ^
[        ]   "-HC:\\Users\\Dyuthi\\flutter\\flutter\\packages\\flutter_tools\\gradle\\src\\main\\scripts" ^
[        ]   "-DCMAKE_SYSTEM_NAME=Android" ^
[        ]   "-DCMAKE_EXPORT_COMPILE_COMMANDS=ON" ^
[        ]   "-DCMAKE_SYSTEM_VERSION=24" ^
[        ]   "-DANDROID_PLATFORM=android-24" ^
[        ]   "-DANDROID_ABI=armeabi-v7a" ^
[        ]   "-DCMAKE_ANDROID_ARCH_ABI=armeabi-v7a" ^
[        ]   "-DANDROID_NDK=C:\\Users\\Dyuthi\\AppData\\Local\\Android\\sdk\\ndk\\28.2.13676358" ^
[        ]   "-DCMAKE_ANDROID_NDK=C:\\Users\\Dyuthi\\AppData\\Local\\Android\\sdk\\ndk\\28.2.13676358" ^
[        ]   "-DCMAKE_TOOLCHAIN_FILE=C:\\Users\\Dyuthi\\AppData\\Local\\Android\\sdk\\ndk\\28.2.13676358\\build\\cmake\\android.toolchain.cmake" ^
[        ]   "-DCMAKE_MAKE_PROGRAM=C:\\Users\\Dyuthi\\AppData\\Local\\Android\\Sdk\\cmake\\3.22.1\\bin\\ninja.exe" ^
[        ]   "-DCMAKE_LIBRARY_OUTPUT_DIRECTORY=C:\\Users\\Dyuthi\\smartnotes\\build\\app\\intermediates\\cxx\\release\\5v101n4y\\obj\\armeabi-v7a" ^
[        ]   "-DCMAKE_RUNTIME_OUTPUT_DIRECTORY=C:\\Users\\Dyuthi\\smartnotes\\build\\app\\intermediates\\cxx\\release\\5v101n4y\\obj\\armeabi-v7a" ^
[        ]   "-BC:\\Users\\Dyuthi\\smartnotes\\build\\.cxx\\release\\5v101n4y\\armeabi-v7a" ^
[        ]   -GNinja ^
[        ]   -Wno-dev ^
[        ]   --no-warn-unused-cli ^
[        ]   "-DCMAKE_BUILD_TYPE=release"
[        ] Starting process 'command 'C:\Users\Dyuthi\AppData\Local\Android\Sdk\cmake\3.22.1\bin\cmake.exe''. Working directory: C:\Users\Dyuthi\smartnotes\android\app Command: C:\Users\Dyuthi\AppData\Local\Android\Sdk\cmake\3.22.1\bin\cmake.exe -HC:\Users\Dyuthi\flutter\flutter\packages\flutter_tools\gradle\src\main\scripts -DCMAKE_SYSTEM_NAME=Android -DCMAKE_EXPORT_COMPILE_COMMANDS=ON -DCMAKE_SYSTEM_VERSION=24 -DANDROID_PLATFORM=android-24 -DANDROID_ABI=armeabi-v7a -DCMAKE_ANDROID_ARCH_ABI=armeabi-v7a -DANDROID_NDK=C:\Users\Dyuthi\AppData\Local\Android\sdk\ndk\28.2.13676358 -DCMAKE_ANDROID_NDK=C:\Users\Dyuthi\AppData\Local\Android\sdk\ndk\28.2.13676358 -DCMAKE_TOOLCHAIN_FILE=C:\Users\Dyuthi\AppData\Local\Android\sdk\ndk\28.2.13676358\build\cmake\android.toolchain.cmake -DCMAKE_MAKE_PROGRAM=C:\Users\Dyuthi\AppData\Local\Android\Sdk\cmake\3.22.1\bin\ninja.exe -DCMAKE_LIBRARY_OUTPUT_DIRECTORY=C:\Users\Dyuthi\smartnotes\build\app\intermediates\cxx\release\5v101n4y\obj\armeabi-v7a -DCMAKE_RUNTIME_OUTPUT_DIRECTORY=C:\Users\Dyuthi\smartnotes\build\app\intermediates\cxx\release\5v101n4y\obj\armeabi-v7a -BC:\Users\Dyuthi\smartnotes\build\.cxx\release\5v101n4y\armeabi-v7a -GNinja -Wno-dev --no-warn-unused-cli -DCMAKE_BUILD_TYPE=release
[        ] Successfully started process 'command 'C:\Users\Dyuthi\AppData\Local\Android\Sdk\cmake\3.22.1\bin\cmake.exe''
[        ] C/C++: C:\Users\Dyuthi\flutter\flutter\packages\flutter_tools\gradle\src\main\scripts\CMakeLists.txt release|armeabi-v7a : Received process result: 0
[        ] C/C++: C:\Users\Dyuthi\flutter\flutter\packages\flutter_tools\gradle\src\main\scripts\CMakeLists.txt release|armeabi-v7a : C:\Users\Dyuthi\smartnotes\build\.cxx\release\5v101n4y\armeabi-v7a\compile_commands.json.bin existed but not C:\Users\Dyuthi\smartnotes\build\.cxx\release\5v101n4y\armeabi-v7a\compile_commands.json
[        ] C/C++: C:\Users\Dyuthi\flutter\flutter\packages\flutter_tools\gradle\src\main\scripts\CMakeLists.txt release|armeabi-v7a : done executing cmake
[        ] C/C++: C:\Users\Dyuthi\flutter\flutter\packages\flutter_tools\gradle\src\main\scripts\CMakeLists.txt release|armeabi-v7a : JSON generation completed without problems
[        ] C/C++: C:\Users\Dyuthi\flutter\flutter\packages\flutter_tools\gradle\src\main\scripts\CMakeLists.txt release|armeabi-v7a : Writing build model to C:\Users\Dyuthi\smartnotes\build\app\intermediates\cxx\release\5v101n4y\logs\armeabi-v7a\build_model.json
[        ] Resolve mutations for :app:buildCMakeRelease[armeabi-v7a] (Thread[#526,Execution worker Thread 10,5,main]) started.
[        ] :app:buildCMakeRelease[armeabi-v7a] (Thread[#526,Execution worker Thread 10,5,main]) started.
[        ] > Task :app:buildCMakeRelease[armeabi-v7a]
[        ] Caching disabled for task ':app:buildCMakeRelease[armeabi-v7a]' because:
[        ]   Build cache is disabled
[        ]   Caching has been disabled for the task
[        ] Task ':app:buildCMakeRelease[armeabi-v7a]' is not up-to-date because:
[        ]   Task.upToDateWhen is false.
[        ] C/C++: starting build
[        ] C/C++: reading expected JSONs
[        ] C/C++: done reading expected JSONs
[        ] C/C++: executing build commands for targets that produce .so files or executables
[        ] C/C++: evaluate miniconfig
[        ] C/C++: no libraries
[        ] Resolve mutations for :app:configureCMakeRelease[x86_64] (Thread[#526,Execution worker Thread 10,5,main]) started.
[        ] :app:configureCMakeRelease[x86_64] (Thread[#526,Execution worker Thread 10,5,main]) started.
[ +606 ms] > Task :app:configureCMakeRelease[x86_64]
[        ] Caching disabled for task ':app:configureCMakeRelease[x86_64]' because:
[        ]   Build cache is disabled
[        ]   Caching has been disabled for the task
[        ] Task ':app:configureCMakeRelease[x86_64]' is not up-to-date because:
[        ]   Task.upToDateWhen is false.
[        ] C/C++: C:\Users\Dyuthi\flutter\flutter\packages\flutter_tools\gradle\src\main\scripts\CMakeLists.txt release|x86_64 : Start JSON generation. Platform version: 24 min SDK version: x86_64
[        ] C/C++: C:\Users\Dyuthi\flutter\flutter\packages\flutter_tools\gradle\src\main\scripts\CMakeLists.txt release|x86_64 : rebuilding JSON C:\Users\Dyuthi\smartnotes\build\.cxx\release\5v101n4y\x86_64\android_gradle_build.json due to:
[        ] C/C++: C:\Users\Dyuthi\flutter\flutter\packages\flutter_tools\gradle\src\main\scripts\CMakeLists.txt release|x86_64 : - no fingerprint file, will remove stale configuration folder
[        ] C/C++: C:\Users\Dyuthi\flutter\flutter\packages\flutter_tools\gradle\src\main\scripts\CMakeLists.txt release|x86_64 : removing stale contents from 'C:\Users\Dyuthi\smartnotes\build\.cxx\release\5v101n4y\x86_64'
[        ] C/C++: C:\Users\Dyuthi\flutter\flutter\packages\flutter_tools\gradle\src\main\scripts\CMakeLists.txt release|x86_64 : created folder 'C:\Users\Dyuthi\smartnotes\build\.cxx\release\5v101n4y\x86_64'
[        ] C/C++: C:\Users\Dyuthi\flutter\flutter\packages\flutter_tools\gradle\src\main\scripts\CMakeLists.txt release|x86_64 : executing cmake @echo off
[        ] "C:\\Users\\Dyuthi\\AppData\\Local\\Android\\Sdk\\cmake\\3.22.1\\bin\\cmake.exe" ^
[        ]   "-HC:\\Users\\Dyuthi\\flutter\\flutter\\packages\\flutter_tools\\gradle\\src\\main\\scripts" ^
[        ]   "-DCMAKE_SYSTEM_NAME=Android" ^
[        ]   "-DCMAKE_EXPORT_COMPILE_COMMANDS=ON" ^
[        ]   "-DCMAKE_SYSTEM_VERSION=24" ^
[        ]   "-DANDROID_PLATFORM=android-24" ^
[        ]   "-DANDROID_ABI=x86_64" ^
[        ]   "-DCMAKE_ANDROID_ARCH_ABI=x86_64" ^
[        ]   "-DANDROID_NDK=C:\\Users\\Dyuthi\\AppData\\Local\\Android\\sdk\\ndk\\28.2.13676358" ^
[        ]   "-DCMAKE_ANDROID_NDK=C:\\Users\\Dyuthi\\AppData\\Local\\Android\\sdk\\ndk\\28.2.13676358" ^
[        ]   "-DCMAKE_TOOLCHAIN_FILE=C:\\Users\\Dyuthi\\AppData\\Local\\Android\\sdk\\ndk\\28.2.13676358\\build\\cmake\\android.toolchain.cmake" ^
[        ]   "-DCMAKE_MAKE_PROGRAM=C:\\Users\\Dyuthi\\AppData\\Local\\Android\\Sdk\\cmake\\3.22.1\\bin\\ninja.exe" ^
[        ]   "-DCMAKE_LIBRARY_OUTPUT_DIRECTORY=C:\\Users\\Dyuthi\\smartnotes\\build\\app\\intermediates\\cxx\\release\\5v101n4y\\obj\\x86_64" ^
[        ]   "-DCMAKE_RUNTIME_OUTPUT_DIRECTORY=C:\\Users\\Dyuthi\\smartnotes\\build\\app\\intermediates\\cxx\\release\\5v101n4y\\obj\\x86_64" ^
[        ]   "-BC:\\Users\\Dyuthi\\smartnotes\\build\\.cxx\\release\\5v101n4y\\x86_64" ^
[        ]   -GNinja ^
[        ]   -Wno-dev ^
[        ]   --no-warn-unused-cli ^
[        ]   "-DCMAKE_BUILD_TYPE=release"
[        ] C/C++: C:\Users\Dyuthi\flutter\flutter\packages\flutter_tools\gradle\src\main\scripts\CMakeLists.txt release|x86_64 : @echo off
[        ] "C:\\Users\\Dyuthi\\AppData\\Local\\Android\\Sdk\\cmake\\3.22.1\\bin\\cmake.exe" ^
[        ]   "-HC:\\Users\\Dyuthi\\flutter\\flutter\\packages\\flutter_tools\\gradle\\src\\main\\scripts" ^
[        ]   "-DCMAKE_SYSTEM_NAME=Android" ^
[        ]   "-DCMAKE_EXPORT_COMPILE_COMMANDS=ON" ^
[        ]   "-DCMAKE_SYSTEM_VERSION=24" ^
[        ]   "-DANDROID_PLATFORM=android-24" ^
[        ]   "-DANDROID_ABI=x86_64" ^
[        ]   "-DCMAKE_ANDROID_ARCH_ABI=x86_64" ^
[        ]   "-DANDROID_NDK=C:\\Users\\Dyuthi\\AppData\\Local\\Android\\sdk\\ndk\\28.2.13676358" ^
[        ]   "-DCMAKE_ANDROID_NDK=C:\\Users\\Dyuthi\\AppData\\Local\\Android\\sdk\\ndk\\28.2.13676358" ^
[        ]   "-DCMAKE_TOOLCHAIN_FILE=C:\\Users\\Dyuthi\\AppData\\Local\\Android\\sdk\\ndk\\28.2.13676358\\build\\cmake\\android.toolchain.cmake" ^
[        ]   "-DCMAKE_MAKE_PROGRAM=C:\\Users\\Dyuthi\\AppData\\Local\\Android\\Sdk\\cmake\\3.22.1\\bin\\ninja.exe" ^
[        ]   "-DCMAKE_LIBRARY_OUTPUT_DIRECTORY=C:\\Users\\Dyuthi\\smartnotes\\build\\app\\intermediates\\cxx\\release\\5v101n4y\\obj\\x86_64" ^
[        ]   "-DCMAKE_RUNTIME_OUTPUT_DIRECTORY=C:\\Users\\Dyuthi\\smartnotes\\build\\app\\intermediates\\cxx\\release\\5v101n4y\\obj\\x86_64" ^
[        ]   "-BC:\\Users\\Dyuthi\\smartnotes\\build\\.cxx\\release\\5v101n4y\\x86_64" ^
[        ]   -GNinja ^
[        ]   -Wno-dev ^
[        ]   --no-warn-unused-cli ^
[        ]   "-DCMAKE_BUILD_TYPE=release"
[        ] Starting process 'command 'C:\Users\Dyuthi\AppData\Local\Android\Sdk\cmake\3.22.1\bin\cmake.exe''. Working directory: C:\Users\Dyuthi\smartnotes\android\app Command: C:\Users\Dyuthi\AppData\Local\Android\Sdk\cmake\3.22.1\bin\cmake.exe -HC:\Users\Dyuthi\flutter\flutter\packages\flutter_tools\gradle\src\main\scripts -DCMAKE_SYSTEM_NAME=Android -DCMAKE_EXPORT_COMPILE_COMMANDS=ON -DCMAKE_SYSTEM_VERSION=24 -DANDROID_PLATFORM=android-24 -DANDROID_ABI=x86_64 -DCMAKE_ANDROID_ARCH_ABI=x86_64 -DANDROID_NDK=C:\Users\Dyuthi\AppData\Local\Android\sdk\ndk\28.2.13676358 -DCMAKE_ANDROID_NDK=C:\Users\Dyuthi\AppData\Local\Android\sdk\ndk\28.2.13676358 -DCMAKE_TOOLCHAIN_FILE=C:\Users\Dyuthi\AppData\Local\Android\sdk\ndk\28.2.13676358\build\cmake\android.toolchain.cmake -DCMAKE_MAKE_PROGRAM=C:\Users\Dyuthi\AppData\Local\Android\Sdk\cmake\3.22.1\bin\ninja.exe -DCMAKE_LIBRARY_OUTPUT_DIRECTORY=C:\Users\Dyuthi\smartnotes\build\app\intermediates\cxx\release\5v101n4y\obj\x86_64 -DCMAKE_RUNTIME_OUTPUT_DIRECTORY=C:\Users\Dyuthi\smartnotes\build\app\intermediates\cxx\release\5v101n4y\obj\x86_64 -BC:\Users\Dyuthi\smartnotes\build\.cxx\release\5v101n4y\x86_64 -GNinja -Wno-dev --no-warn-unused-cli -DCMAKE_BUILD_TYPE=release
[        ] Successfully started process 'command 'C:\Users\Dyuthi\AppData\Local\Android\Sdk\cmake\3.22.1\bin\cmake.exe''
[        ] C/C++: C:\Users\Dyuthi\flutter\flutter\packages\flutter_tools\gradle\src\main\scripts\CMakeLists.txt release|x86_64 : Received process result: 0
[        ] C/C++: C:\Users\Dyuthi\flutter\flutter\packages\flutter_tools\gradle\src\main\scripts\CMakeLists.txt release|x86_64 : C:\Users\Dyuthi\smartnotes\build\.cxx\release\5v101n4y\x86_64\compile_commands.json.bin existed but not C:\Users\Dyuthi\smartnotes\build\.cxx\release\5v101n4y\x86_64\compile_commands.json
[        ] C/C++: C:\Users\Dyuthi\flutter\flutter\packages\flutter_tools\gradle\src\main\scripts\CMakeLists.txt release|x86_64 : done executing cmake
[        ] C/C++: C:\Users\Dyuthi\flutter\flutter\packages\flutter_tools\gradle\src\main\scripts\CMakeLists.txt release|x86_64 : JSON generation completed without problems
[        ] C/C++: C:\Users\Dyuthi\flutter\flutter\packages\flutter_tools\gradle\src\main\scripts\CMakeLists.txt release|x86_64 : Writing build model to C:\Users\Dyuthi\smartnotes\build\app\intermediates\cxx\release\5v101n4y\logs\x86_64\build_model.json
[        ] Resolve mutations for :app:buildCMakeRelease[x86_64] (Thread[#526,Execution worker Thread 10,5,main]) started.
[        ] :app:buildCMakeRelease[x86_64] (Thread[#526,Execution worker Thread 10,5,main]) started.
[        ] > Task :app:buildCMakeRelease[x86_64]
[        ] Caching disabled for task ':app:buildCMakeRelease[x86_64]' because:
[        ]   Build cache is disabled
[        ]   Caching has been disabled for the task
[        ] Task ':app:buildCMakeRelease[x86_64]' is not up-to-date because:
[        ]   Task.upToDateWhen is false.
[        ] C/C++: starting build
[        ] C/C++: reading expected JSONs
[        ] C/C++: done reading expected JSONs
[        ] C/C++: executing build commands for targets that produce .so files or executables
[        ] C/C++: evaluate miniconfig
[        ] C/C++: no libraries
[        ] Resolve mutations for :app:mergeReleaseJniLibFolders (Thread[#526,Execution worker Thread 10,5,main]) started.
[        ] :app:mergeReleaseJniLibFolders (Thread[#526,Execution worker Thread 10,5,main]) started.
[        ] > Task :app:mergeReleaseJniLibFolders
[        ] Caching disabled for task ':app:mergeReleaseJniLibFolders' because:
[        ]   Build cache is disabled
[        ]   Simple merging task
[        ] Task ':app:mergeReleaseJniLibFolders' is not up-to-date because:
[        ]   Output property 'outputDir' file C:\Users\Dyuthi\smartnotes\build\app\intermediates\merged_jni_libs\release\mergeReleaseJniLibFolders\out has been removed.
[        ] The input changes require a full rebuild for incremental task ':app:mergeReleaseJniLibFolders'.
[        ] Resolve mutations for :camera_android:preBuild (Thread[#526,Execution worker Thread 10,5,main]) started.
[        ] :camera_android:preBuild (Thread[#526,Execution worker Thread 10,5,main]) started.
[        ] > Task :camera_android:preBuild UP-TO-DATE
[        ] Skipping task ':camera_android:preBuild' as it has no actions.
[        ] Resolve mutations for :camera_android:preReleaseBuild (Thread[#526,Execution worker Thread 10,5,main]) started.
[        ] :camera_android:preReleaseBuild (Thread[#517,Execution worker,5,main]) started.
[        ] > Task :camera_android:preReleaseBuild UP-TO-DATE
[        ] Skipping task ':camera_android:preReleaseBuild' as it has no actions.
[        ] Resolve mutations for :camera_android:mergeReleaseJniLibFolders (Thread[#517,Execution worker,5,main]) started.
[        ] :camera_android:mergeReleaseJniLibFolders (Thread[#530,Execution worker Thread 14,5,main]) started.
[        ] > Task :camera_android:mergeReleaseJniLibFolders
[        ] Caching disabled for task ':camera_android:mergeReleaseJniLibFolders' because:
[        ]   Build cache is disabled
[        ]   Simple merging task
[        ] Task ':camera_android:mergeReleaseJniLibFolders' is not up-to-date because:
[        ]   Output property 'outputDir' file C:\Users\Dyuthi\smartnotes\build\camera_android\intermediates\merged_jni_libs\release\mergeReleaseJniLibFolders\out has been removed.
[        ] The input changes require a full rebuild for incremental task ':camera_android:mergeReleaseJniLibFolders'.
[        ] Resolve mutations for :camera_android:mergeReleaseNativeLibs (Thread[#530,Execution worker Thread 14,5,main]) started.
[        ] :camera_android:mergeReleaseNativeLibs (Thread[#530,Execution worker Thread 14,5,main]) started.
[        ] > Task :camera_android:mergeReleaseNativeLibs NO-SOURCE
[        ] Skipping task ':camera_android:mergeReleaseNativeLibs' as it has no source files and no previous output files.
[        ] Resolve mutations for :camera_android:copyReleaseJniLibsProjectOnly (Thread[#530,Execution worker Thread 14,5,main]) started.
[        ] :camera_android:copyReleaseJniLibsProjectOnly (Thread[#519,Execution worker Thread 3,5,main]) started.
[        ] Resolve mutations for :file_picker:preBuild (Thread[#530,Execution worker Thread 14,5,main]) started.
[        ] :file_picker:preBuild (Thread[#530,Execution worker Thread 14,5,main]) started.
[        ] > Task :file_picker:preBuild UP-TO-DATE
[        ] Skipping task ':file_picker:preBuild' as it has no actions.
[        ] Resolve mutations for :file_picker:preReleaseBuild (Thread[#530,Execution worker Thread 14,5,main]) started.
[        ] :file_picker:preReleaseBuild (Thread[#530,Execution worker Thread 14,5,main]) started.
[        ] > Task :file_picker:preReleaseBuild UP-TO-DATE
[        ] Skipping task ':file_picker:preReleaseBuild' as it has no actions.
[        ] Resolve mutations for :file_picker:mergeReleaseJniLibFolders (Thread[#530,Execution worker Thread 14,5,main]) started.
[        ] :file_picker:mergeReleaseJniLibFolders (Thread[#530,Execution worker Thread 14,5,main]) started.
[        ] > Task :camera_android:copyReleaseJniLibsProjectOnly
[        ] Caching disabled for task ':camera_android:copyReleaseJniLibsProjectOnly' because:
[        ]   Build cache is disabled
[        ]   Caching has been disabled for the task
[        ] Task ':camera_android:copyReleaseJniLibsProjectOnly' is not up-to-date because:
[        ]   Output property 'outputDirectory' file C:\Users\Dyuthi\smartnotes\build\camera_android\intermediates\library_jni\release\copyReleaseJniLibsProjectOnly\jni has been removed.
[        ] > Task :file_picker:mergeReleaseJniLibFolders
[        ] Caching disabled for task ':file_picker:mergeReleaseJniLibFolders' because:
[        ]   Build cache is disabled
[        ]   Simple merging task
[        ] Task ':file_picker:mergeReleaseJniLibFolders' is not up-to-date because:
[        ]   No history is available.
[        ] The input changes require a full rebuild for incremental task ':file_picker:mergeReleaseJniLibFolders'.
[        ] work action resolve jni (project :camera_android) (Thread[#530,Execution worker Thread 14,5,main]) started.
[        ] Resolve mutations for :file_picker:mergeReleaseNativeLibs (Thread[#530,Execution worker Thread 14,5,main]) started.
[        ] :file_picker:mergeReleaseNativeLibs (Thread[#530,Execution worker Thread 14,5,main]) started.
[        ] > Task :file_picker:mergeReleaseNativeLibs NO-SOURCE
[        ] Skipping task ':file_picker:mergeReleaseNativeLibs' as it has no source files and no previous output files.
[        ] Resolve mutations for :file_picker:copyReleaseJniLibsProjectOnly (Thread[#530,Execution worker Thread 14,5,main]) started.
[        ] :file_picker:copyReleaseJniLibsProjectOnly (Thread[#519,Execution worker Thread 3,5,main]) started.
[        ] Resolve mutations for :flutter_plugin_android_lifecycle:preBuild (Thread[#530,Execution worker Thread 14,5,main]) started.
[        ] :flutter_plugin_android_lifecycle:preBuild (Thread[#530,Execution worker Thread 14,5,main]) started.
[        ] > Task :file_picker:copyReleaseJniLibsProjectOnly
[        ] Caching disabled for task ':file_picker:copyReleaseJniLibsProjectOnly' because:
[        ]   Build cache is disabled
[        ]   Caching has been disabled for the task
[        ] Task ':file_picker:copyReleaseJniLibsProjectOnly' is not up-to-date because:
[        ]   No history is available.
[        ] > Task :flutter_plugin_android_lifecycle:preBuild UP-TO-DATE
[        ] Skipping task ':flutter_plugin_android_lifecycle:preBuild' as it has no actions.
[        ] work action resolve jni (project :file_picker) (Thread[#530,Execution worker Thread 14,5,main]) started.
[        ] Resolve mutations for :flutter_plugin_android_lifecycle:preReleaseBuild (Thread[#525,Execution worker Thread 9,5,main]) started.
[        ] :flutter_plugin_android_lifecycle:preReleaseBuild (Thread[#527,Execution worker Thread 11,5,main]) started.
[        ] > Task :flutter_plugin_android_lifecycle:preReleaseBuild UP-TO-DATE
[        ] Skipping task ':flutter_plugin_android_lifecycle:preReleaseBuild' as it has no actions.
[        ] Resolve mutations for :flutter_plugin_android_lifecycle:mergeReleaseJniLibFolders (Thread[#527,Execution worker Thread 11,5,main]) started.
[        ] :flutter_plugin_android_lifecycle:mergeReleaseJniLibFolders (Thread[#524,Execution worker Thread 8,5,main]) started.
[        ] > Task :flutter_plugin_android_lifecycle:mergeReleaseJniLibFolders
[        ] Caching disabled for task ':flutter_plugin_android_lifecycle:mergeReleaseJniLibFolders' because:
[        ]   Build cache is disabled
[        ]   Simple merging task
[        ] Task ':flutter_plugin_android_lifecycle:mergeReleaseJniLibFolders' is not up-to-date because:
[        ]   Output property 'outputDir' file C:\Users\Dyuthi\smartnotes\build\flutter_plugin_android_lifecycle\intermediates\merged_jni_libs\release\mergeReleaseJniLibFolders\out has been removed.
[        ] The input changes require a full rebuild for incremental task ':flutter_plugin_android_lifecycle:mergeReleaseJniLibFolders'.
[        ] Resolve mutations for :flutter_plugin_android_lifecycle:mergeReleaseNativeLibs (Thread[#524,Execution worker Thread 8,5,main]) started.
[        ] :flutter_plugin_android_lifecycle:mergeReleaseNativeLibs (Thread[#524,Execution worker Thread 8,5,main]) started.
[        ] > Task :flutter_plugin_android_lifecycle:mergeReleaseNativeLibs NO-SOURCE
[        ] Skipping task ':flutter_plugin_android_lifecycle:mergeReleaseNativeLibs' as it has no source files and no previous output files.
[        ] Resolve mutations for :flutter_plugin_android_lifecycle:copyReleaseJniLibsProjectOnly (Thread[#524,Execution worker Thread 8,5,main]) started.
[        ] :flutter_plugin_android_lifecycle:copyReleaseJniLibsProjectOnly (Thread[#524,Execution worker Thread 8,5,main]) started.
[        ] Resolve mutations for :image_picker_android:preBuild (Thread[#527,Execution worker Thread 11,5,main]) started.
[        ] :image_picker_android:preBuild (Thread[#527,Execution worker Thread 11,5,main]) started.
[        ] > Task :image_picker_android:preBuild UP-TO-DATE
[        ] Skipping task ':image_picker_android:preBuild' as it has no actions.
[        ] Resolve mutations for :image_picker_android:preReleaseBuild (Thread[#527,Execution worker Thread 11,5,main]) started.
[        ] :image_picker_android:preReleaseBuild (Thread[#523,Execution worker Thread 7,5,main]) started.
[        ] > Task :image_picker_android:preReleaseBuild UP-TO-DATE
[        ] Skipping task ':image_picker_android:preReleaseBuild' as it has no actions.
[        ] Resolve mutations for :image_picker_android:mergeReleaseJniLibFolders (Thread[#523,Execution worker Thread 7,5,main]) started.
[        ] :image_picker_android:mergeReleaseJniLibFolders (Thread[#523,Execution worker Thread 7,5,main]) started.
[        ] > Task :flutter_plugin_android_lifecycle:copyReleaseJniLibsProjectOnly
[        ] Caching disabled for task ':flutter_plugin_android_lifecycle:copyReleaseJniLibsProjectOnly' because:
[        ]   Build cache is disabled
[        ]   Caching has been disabled for the task
[        ] Task ':flutter_plugin_android_lifecycle:copyReleaseJniLibsProjectOnly' is not up-to-date because:
[        ]   Output property 'outputDirectory' file C:\Users\Dyuthi\smartnotes\build\flutter_plugin_android_lifecycle\intermediates\library_jni\release\copyReleaseJniLibsProjectOnly\jni has been removed.
[  +88 ms] > Task :image_picker_android:mergeReleaseJniLibFolders
[        ] Caching disabled for task ':image_picker_android:mergeReleaseJniLibFolders' because:
[        ]   Build cache is disabled
[        ]   Simple merging task
[        ] Task ':image_picker_android:mergeReleaseJniLibFolders' is not up-to-date because:
[        ]   Output property 'outputDir' file C:\Users\Dyuthi\smartnotes\build\image_picker_android\intermediates\merged_jni_libs\release\mergeReleaseJniLibFolders\out has been removed.
[        ] The input changes require a full rebuild for incremental task ':image_picker_android:mergeReleaseJniLibFolders'.
[        ] work action resolve jni (project :flutter_plugin_android_lifecycle) (Thread[#523,Execution worker Thread 7,5,main]) started.
[        ] Resolve mutations for :image_picker_android:mergeReleaseNativeLibs (Thread[#517,Execution worker,5,main]) started.
[        ] :image_picker_android:mergeReleaseNativeLibs (Thread[#524,Execution worker Thread 8,5,main]) started.
[        ] > Task :image_picker_android:mergeReleaseNativeLibs NO-SOURCE
[        ] Skipping task ':image_picker_android:mergeReleaseNativeLibs' as it has no source files and no previous output files.
[        ] Resolve mutations for :image_picker_android:copyReleaseJniLibsProjectOnly (Thread[#524,Execution worker Thread 8,5,main]) started.
[        ] :image_picker_android:copyReleaseJniLibsProjectOnly (Thread[#516,included builds,5,main]) started.
[        ] Resolve mutations for :jni:preBuild (Thread[#524,Execution worker Thread 8,5,main]) started.
[        ] :jni:preBuild (Thread[#524,Execution worker Thread 8,5,main]) started.
[        ] > Task :jni:preBuild UP-TO-DATE
[        ] Skipping task ':jni:preBuild' as it has no actions.
[        ] > Task :image_picker_android:copyReleaseJniLibsProjectOnly
[        ] Caching disabled for task ':image_picker_android:copyReleaseJniLibsProjectOnly' because:
[        ]   Build cache is disabled
[        ]   Caching has been disabled for the task
[        ] Task ':image_picker_android:copyReleaseJniLibsProjectOnly' is not up-to-date because:
[        ]   Output property 'outputDirectory' file C:\Users\Dyuthi\smartnotes\build\image_picker_android\intermediates\library_jni\release\copyReleaseJniLibsProjectOnly\jni has been removed.
[        ] work action resolve jni (project :image_picker_android) (Thread[#524,Execution worker Thread 8,5,main]) started.
[        ] Resolve mutations for :jni:preReleaseBuild (Thread[#531,Execution worker Thread 15,5,main]) started.
[        ] :jni:preReleaseBuild (Thread[#528,Execution worker Thread 12,5,main]) started.
[        ] > Task :jni:preReleaseBuild UP-TO-DATE
[        ] Skipping task ':jni:preReleaseBuild' as it has no actions.
[        ] Resolve mutations for :jni:configureCMakeRelWithDebInfo[arm64-v8a] (Thread[#528,Execution worker Thread 12,5,main]) started.
[        ] :jni:configureCMakeRelWithDebInfo[arm64-v8a] (Thread[#528,Execution worker Thread 12,5,main]) started.
[        ] > Task :jni:configureCMakeRelWithDebInfo[arm64-v8a]
[        ] Caching disabled for task ':jni:configureCMakeRelWithDebInfo[arm64-v8a]' because:
[        ]   Build cache is disabled
[        ]   Caching has been disabled for the task
[        ] Task ':jni:configureCMakeRelWithDebInfo[arm64-v8a]' is not up-to-date because:
[        ]   Task.upToDateWhen is false.
[        ] C/C++: C:\Users\Dyuthi\AppData\Local\Pub\Cache\hosted\pub.dev\jni-1.0.0\src\CMakeLists.txt release|arm64-v8a : Start JSON generation. Platform version: 21 min SDK version: arm64-v8a
[        ] C/C++: C:\Users\Dyuthi\AppData\Local\Pub\Cache\hosted\pub.dev\jni-1.0.0\src\CMakeLists.txt release|arm64-v8a : JSON 'C:\Users\Dyuthi\AppData\Local\Pub\Cache\hosted\pub.dev\jni-1.0.0\android\.cxx\RelWithDebInfo\6b28196w\arm64-v8a\android_gradle_build.json' was up-to-date
[        ] C/C++: C:\Users\Dyuthi\AppData\Local\Pub\Cache\hosted\pub.dev\jni-1.0.0\src\CMakeLists.txt release|arm64-v8a : JSON generation completed without problems
[        ] C/C++: C:\Users\Dyuthi\AppData\Local\Pub\Cache\hosted\pub.dev\jni-1.0.0\src\CMakeLists.txt release|arm64-v8a : Writing build model to C:\Users\Dyuthi\smartnotes\build\jni\intermediates\cxx\RelWithDebInfo\6b28196w\logs\arm64-v8a\build_model.json
[        ] Resolve mutations for :jni:buildCMakeRelWithDebInfo[arm64-v8a] (Thread[#528,Execution worker Thread 12,5,main]) started.
[        ] :jni:buildCMakeRelWithDebInfo[arm64-v8a] (Thread[#528,Execution worker Thread 12,5,main]) started.
[ +107 ms] > Task :jni:buildCMakeRelWithDebInfo[arm64-v8a]
[        ] Caching disabled for task ':jni:buildCMakeRelWithDebInfo[arm64-v8a]' because:
[        ]   Build cache is disabled
[        ]   Caching has been disabled for the task
[        ] Task ':jni:buildCMakeRelWithDebInfo[arm64-v8a]' is not up-to-date because:
[        ]   Task.upToDateWhen is false.
[        ] C/C++: starting build
[        ] C/C++: reading expected JSONs
[        ] C/C++: done reading expected JSONs
[        ] C/C++: executing build commands for targets that produce .so files or executables
[        ] C/C++: evaluate miniconfig
[        ] C/C++: evaluate library jni (arm64-v8a)
[        ] C/C++: building target library jni because no targets are specified.
[        ] C/C++: about to build targets jni
[        ] C/C++: Build jni
[        ] C/C++: @echo off
[        ] "C:\\Users\\Dyuthi\\AppData\\Local\\Android\\Sdk\\cmake\\3.22.1\\bin\\ninja.exe" ^
[        ]   -C ^
[        ]   "C:\\Users\\Dyuthi\\AppData\\Local\\Pub\\Cache\\hosted\\pub.dev\\jni-1.0.0\\android\\.cxx\\RelWithDebInfo\\6b28196w\\arm64-v8a" ^
[        ]   jni
[        ] Starting process 'command 'C:\Users\Dyuthi\AppData\Local\Android\Sdk\cmake\3.22.1\bin\ninja.exe''. Working directory: C:\Users\Dyuthi\AppData\Local\Pub\Cache\hosted\pub.dev\jni-1.0.0\android Command: C:\Users\Dyuthi\AppData\Local\Android\Sdk\cmake\3.22.1\bin\ninja.exe -C C:\Users\Dyuthi\AppData\Local\Pub\Cache\hosted\pub.dev\jni-1.0.0\android\.cxx\RelWithDebInfo\6b28196w\arm64-v8a jni
[        ] Successfully started process 'command 'C:\Users\Dyuthi\AppData\Local\Android\Sdk\cmake\3.22.1\bin\ninja.exe''
[        ] C/C++: Received process result: 0
[        ] C/C++: check expected build outputs
[        ] C/C++: build complete
[        ] Resolve mutations for :jni:configureCMakeRelWithDebInfo[armeabi-v7a] (Thread[#528,Execution worker Thread 12,5,main]) started.
[        ] :jni:configureCMakeRelWithDebInfo[armeabi-v7a] (Thread[#528,Execution worker Thread 12,5,main]) started.
[        ] > Task :jni:configureCMakeRelWithDebInfo[armeabi-v7a]
[        ] Caching disabled for task ':jni:configureCMakeRelWithDebInfo[armeabi-v7a]' because:
[        ]   Build cache is disabled
[        ]   Caching has been disabled for the task
[        ] Task ':jni:configureCMakeRelWithDebInfo[armeabi-v7a]' is not up-to-date because:
[        ]   Task.upToDateWhen is false.
[        ] C/C++: C:\Users\Dyuthi\AppData\Local\Pub\Cache\hosted\pub.dev\jni-1.0.0\src\CMakeLists.txt release|armeabi-v7a : Start JSON generation. Platform version: 21 min SDK version: armeabi-v7a
[        ] C/C++: C:\Users\Dyuthi\AppData\Local\Pub\Cache\hosted\pub.dev\jni-1.0.0\src\CMakeLists.txt release|armeabi-v7a : JSON 'C:\Users\Dyuthi\AppData\Local\Pub\Cache\hosted\pub.dev\jni-1.0.0\android\.cxx\RelWithDebInfo\6b28196w\armeabi-v7a\android_gradle_build.json' was up-to-date
[        ] C/C++: C:\Users\Dyuthi\AppData\Local\Pub\Cache\hosted\pub.dev\jni-1.0.0\src\CMakeLists.txt release|armeabi-v7a : JSON generation completed without problems
[        ] C/C++: C:\Users\Dyuthi\AppData\Local\Pub\Cache\hosted\pub.dev\jni-1.0.0\src\CMakeLists.txt release|armeabi-v7a : Writing build model to C:\Users\Dyuthi\smartnotes\build\jni\intermediates\cxx\RelWithDebInfo\6b28196w\logs\armeabi-v7a\build_model.json
[        ] Resolve mutations for :jni:buildCMakeRelWithDebInfo[armeabi-v7a] (Thread[#528,Execution worker Thread 12,5,main]) started.
[        ] :jni:buildCMakeRelWithDebInfo[armeabi-v7a] (Thread[#528,Execution worker Thread 12,5,main]) started.
[  +93 ms] > Task :jni:buildCMakeRelWithDebInfo[armeabi-v7a]
[        ] Caching disabled for task ':jni:buildCMakeRelWithDebInfo[armeabi-v7a]' because:
[        ]   Build cache is disabled
[        ]   Caching has been disabled for the task
[        ] Task ':jni:buildCMakeRelWithDebInfo[armeabi-v7a]' is not up-to-date because:
[        ]   Task.upToDateWhen is false.
[        ] C/C++: starting build
[        ] C/C++: reading expected JSONs
[        ] C/C++: done reading expected JSONs
[        ] C/C++: executing build commands for targets that produce .so files or executables
[        ] C/C++: evaluate miniconfig
[        ] C/C++: evaluate library jni (armeabi-v7a)
[        ] C/C++: building target library jni because no targets are specified.
[        ] C/C++: about to build targets jni
[        ] C/C++: Build jni
[        ] C/C++: @echo off
[        ] "C:\\Users\\Dyuthi\\AppData\\Local\\Android\\Sdk\\cmake\\3.22.1\\bin\\ninja.exe" ^
[        ]   -C ^
[        ]   "C:\\Users\\Dyuthi\\AppData\\Local\\Pub\\Cache\\hosted\\pub.dev\\jni-1.0.0\\android\\.cxx\\RelWithDebInfo\\6b28196w\\armeabi-v7a" ^
[        ]   jni
[        ] Starting process 'command 'C:\Users\Dyuthi\AppData\Local\Android\Sdk\cmake\3.22.1\bin\ninja.exe''. Working directory: C:\Users\Dyuthi\AppData\Local\Pub\Cache\hosted\pub.dev\jni-1.0.0\android Command: C:\Users\Dyuthi\AppData\Local\Android\Sdk\cmake\3.22.1\bin\ninja.exe -C C:\Users\Dyuthi\AppData\Local\Pub\Cache\hosted\pub.dev\jni-1.0.0\android\.cxx\RelWithDebInfo\6b28196w\armeabi-v7a jni
[        ] Successfully started process 'command 'C:\Users\Dyuthi\AppData\Local\Android\Sdk\cmake\3.22.1\bin\ninja.exe''
[        ] C/C++: Received process result: 0
[        ] C/C++: check expected build outputs
[        ] C/C++: build complete
[        ] Resolve mutations for :jni:configureCMakeRelWithDebInfo[x86] (Thread[#528,Execution worker Thread 12,5,main]) started.
[        ] :jni:configureCMakeRelWithDebInfo[x86] (Thread[#528,Execution worker Thread 12,5,main]) started.
[  +92 ms] > Task :jni:configureCMakeRelWithDebInfo[x86]
[        ] Caching disabled for task ':jni:configureCMakeRelWithDebInfo[x86]' because:
[        ]   Build cache is disabled
[        ]   Caching has been disabled for the task
[        ] Task ':jni:configureCMakeRelWithDebInfo[x86]' is not up-to-date because:
[        ]   Task.upToDateWhen is false.
[        ] C/C++: C:\Users\Dyuthi\AppData\Local\Pub\Cache\hosted\pub.dev\jni-1.0.0\src\CMakeLists.txt release|x86 : Start JSON generation. Platform version: 21 min SDK version: x86
[        ] C/C++: C:\Users\Dyuthi\AppData\Local\Pub\Cache\hosted\pub.dev\jni-1.0.0\src\CMakeLists.txt release|x86 : JSON 'C:\Users\Dyuthi\AppData\Local\Pub\Cache\hosted\pub.dev\jni-1.0.0\android\.cxx\RelWithDebInfo\6b28196w\x86\android_gradle_build.json' was up-to-date
[        ] C/C++: C:\Users\Dyuthi\AppData\Local\Pub\Cache\hosted\pub.dev\jni-1.0.0\src\CMakeLists.txt release|x86 : JSON generation completed without problems
[        ] C/C++: C:\Users\Dyuthi\AppData\Local\Pub\Cache\hosted\pub.dev\jni-1.0.0\src\CMakeLists.txt release|x86 : Writing build model to C:\Users\Dyuthi\smartnotes\build\jni\intermediates\cxx\RelWithDebInfo\6b28196w\logs\x86\build_model.json
[        ] Resolve mutations for :jni:buildCMakeRelWithDebInfo[x86] (Thread[#528,Execution worker Thread 12,5,main]) started.
[        ] :jni:buildCMakeRelWithDebInfo[x86] (Thread[#528,Execution worker Thread 12,5,main]) started.
[ +108 ms] > Task :jni:buildCMakeRelWithDebInfo[x86]
[        ] Caching disabled for task ':jni:buildCMakeRelWithDebInfo[x86]' because:
[        ]   Build cache is disabled
[        ]   Caching has been disabled for the task
[        ] Task ':jni:buildCMakeRelWithDebInfo[x86]' is not up-to-date because:
[        ]   Task.upToDateWhen is false.
[        ] C/C++: starting build
[        ] C/C++: reading expected JSONs
[        ] C/C++: done reading expected JSONs
[        ] C/C++: executing build commands for targets that produce .so files or executables
[        ] C/C++: evaluate miniconfig
[        ] C/C++: evaluate library jni (x86)
[        ] C/C++: building target library jni because no targets are specified.
[        ] C/C++: about to build targets jni
[        ] C/C++: Build jni
[        ] C/C++: @echo off
[        ] "C:\\Users\\Dyuthi\\AppData\\Local\\Android\\Sdk\\cmake\\3.22.1\\bin\\ninja.exe" ^
[        ]   -C ^
[        ]   "C:\\Users\\Dyuthi\\AppData\\Local\\Pub\\Cache\\hosted\\pub.dev\\jni-1.0.0\\android\\.cxx\\RelWithDebInfo\\6b28196w\\x86" ^
[        ]   jni
[        ] Starting process 'command 'C:\Users\Dyuthi\AppData\Local\Android\Sdk\cmake\3.22.1\bin\ninja.exe''. Working directory: C:\Users\Dyuthi\AppData\Local\Pub\Cache\hosted\pub.dev\jni-1.0.0\android Command: C:\Users\Dyuthi\AppData\Local\Android\Sdk\cmake\3.22.1\bin\ninja.exe -C C:\Users\Dyuthi\AppData\Local\Pub\Cache\hosted\pub.dev\jni-1.0.0\android\.cxx\RelWithDebInfo\6b28196w\x86 jni
[        ] Successfully started process 'command 'C:\Users\Dyuthi\AppData\Local\Android\Sdk\cmake\3.22.1\bin\ninja.exe''
[        ] C/C++: Received process result: 0
[        ] C/C++: check expected build outputs
[        ] C/C++: build complete
[        ] Resolve mutations for :jni:configureCMakeRelWithDebInfo[x86_64] (Thread[#528,Execution worker Thread 12,5,main]) started.
[        ] :jni:configureCMakeRelWithDebInfo[x86_64] (Thread[#528,Execution worker Thread 12,5,main]) started.
[        ] > Task :jni:configureCMakeRelWithDebInfo[x86_64]
[        ] Caching disabled for task ':jni:configureCMakeRelWithDebInfo[x86_64]' because:
[        ]   Build cache is disabled
[        ]   Caching has been disabled for the task
[        ] Task ':jni:configureCMakeRelWithDebInfo[x86_64]' is not up-to-date because:
[        ]   Task.upToDateWhen is false.
[        ] C/C++: C:\Users\Dyuthi\AppData\Local\Pub\Cache\hosted\pub.dev\jni-1.0.0\src\CMakeLists.txt release|x86_64 : Start JSON generation. Platform version: 21 min SDK version: x86_64
[        ] C/C++: C:\Users\Dyuthi\AppData\Local\Pub\Cache\hosted\pub.dev\jni-1.0.0\src\CMakeLists.txt release|x86_64 : JSON 'C:\Users\Dyuthi\AppData\Local\Pub\Cache\hosted\pub.dev\jni-1.0.0\android\.cxx\RelWithDebInfo\6b28196w\x86_64\android_gradle_build.json' was up-to-date
[        ] C/C++: C:\Users\Dyuthi\AppData\Local\Pub\Cache\hosted\pub.dev\jni-1.0.0\src\CMakeLists.txt release|x86_64 : JSON generation completed without problems
[        ] C/C++: C:\Users\Dyuthi\AppData\Local\Pub\Cache\hosted\pub.dev\jni-1.0.0\src\CMakeLists.txt release|x86_64 : Writing build model to C:\Users\Dyuthi\smartnotes\build\jni\intermediates\cxx\RelWithDebInfo\6b28196w\logs\x86_64\build_model.json
[        ] Resolve mutations for :jni:buildCMakeRelWithDebInfo[x86_64] (Thread[#528,Execution worker Thread 12,5,main]) started.
[        ] :jni:buildCMakeRelWithDebInfo[x86_64] (Thread[#528,Execution worker Thread 12,5,main]) started.
[  +94 ms] > Task :jni:buildCMakeRelWithDebInfo[x86_64]
[        ] Caching disabled for task ':jni:buildCMakeRelWithDebInfo[x86_64]' because:
[        ]   Build cache is disabled
[        ]   Caching has been disabled for the task
[        ] Task ':jni:buildCMakeRelWithDebInfo[x86_64]' is not up-to-date because:
[        ]   Task.upToDateWhen is false.
[        ] C/C++: starting build
[        ] C/C++: reading expected JSONs
[        ] C/C++: done reading expected JSONs
[        ] C/C++: executing build commands for targets that produce .so files or executables
[        ] C/C++: evaluate miniconfig
[        ] C/C++: evaluate library jni (x86_64)
[        ] C/C++: building target library jni because no targets are specified.
[        ] C/C++: about to build targets jni
[        ] C/C++: Build jni
[        ] C/C++: @echo off
[        ] "C:\\Users\\Dyuthi\\AppData\\Local\\Android\\Sdk\\cmake\\3.22.1\\bin\\ninja.exe" ^
[        ]   -C ^
[        ]   "C:\\Users\\Dyuthi\\AppData\\Local\\Pub\\Cache\\hosted\\pub.dev\\jni-1.0.0\\android\\.cxx\\RelWithDebInfo\\6b28196w\\x86_64" ^
[        ]   jni
[        ] Starting process 'command 'C:\Users\Dyuthi\AppData\Local\Android\Sdk\cmake\3.22.1\bin\ninja.exe''. Working directory: C:\Users\Dyuthi\AppData\Local\Pub\Cache\hosted\pub.dev\jni-1.0.0\android Command: C:\Users\Dyuthi\AppData\Local\Android\Sdk\cmake\3.22.1\bin\ninja.exe -C C:\Users\Dyuthi\AppData\Local\Pub\Cache\hosted\pub.dev\jni-1.0.0\android\.cxx\RelWithDebInfo\6b28196w\x86_64 jni
[        ] Successfully started process 'command 'C:\Users\Dyuthi\AppData\Local\Android\Sdk\cmake\3.22.1\bin\ninja.exe''
[        ] C/C++: Received process result: 0
[        ] C/C++: check expected build outputs
[        ] C/C++: build complete
[        ] Resolve mutations for :jni:mergeReleaseJniLibFolders (Thread[#528,Execution worker Thread 12,5,main]) started.
[        ] :jni:mergeReleaseJniLibFolders (Thread[#528,Execution worker Thread 12,5,main]) started.
[        ] > Task :jni:mergeReleaseJniLibFolders
[        ] Caching disabled for task ':jni:mergeReleaseJniLibFolders' because:
[        ]   Build cache is disabled
[        ]   Simple merging task
[        ] Task ':jni:mergeReleaseJniLibFolders' is not up-to-date because:
[        ]   Output property 'outputDir' file C:\Users\Dyuthi\smartnotes\build\jni\intermediates\merged_jni_libs\release\mergeReleaseJniLibFolders\out has been removed.
[        ] The input changes require a full rebuild for incremental task ':jni:mergeReleaseJniLibFolders'.
[        ] Resolve mutations for :jni:mergeReleaseNativeLibs (Thread[#528,Execution worker Thread 12,5,main]) started.
[        ] :jni:mergeReleaseNativeLibs (Thread[#528,Execution worker Thread 12,5,main]) started.
[        ] Resolve mutations for :jni_flutter:preBuild (Thread[#530,Execution worker Thread 14,5,main]) started.
[        ] :jni_flutter:preBuild (Thread[#530,Execution worker Thread 14,5,main]) started.
[        ] > Task :jni_flutter:preBuild UP-TO-DATE
[        ] Skipping task ':jni_flutter:preBuild' as it has no actions.
[        ] Resolve mutations for :jni_flutter:preReleaseBuild (Thread[#530,Execution worker Thread 14,5,main]) started.
[        ] :jni_flutter:preReleaseBuild (Thread[#521,Execution worker Thread 5,5,main]) started.
[        ] > Task :jni_flutter:preReleaseBuild UP-TO-DATE
[        ] Skipping task ':jni_flutter:preReleaseBuild' as it has no actions.
[        ] Resolve mutations for :jni_flutter:mergeReleaseJniLibFolders (Thread[#521,Execution worker Thread 5,5,main]) started.
[        ] :jni_flutter:mergeReleaseJniLibFolders (Thread[#521,Execution worker Thread 5,5,main]) started.
[        ] > Task :jni_flutter:mergeReleaseJniLibFolders
[        ] Caching disabled for task ':jni_flutter:mergeReleaseJniLibFolders' because:
[        ]   Build cache is disabled
[        ]   Simple merging task
[        ] Task ':jni_flutter:mergeReleaseJniLibFolders' is not up-to-date because:
[        ]   Output property 'outputDir' file C:\Users\Dyuthi\smartnotes\build\jni_flutter\intermediates\merged_jni_libs\release\mergeReleaseJniLibFolders\out has been removed.
[        ] The input changes require a full rebuild for incremental task ':jni_flutter:mergeReleaseJniLibFolders'.
[        ] Resolve mutations for :jni_flutter:mergeReleaseNativeLibs (Thread[#521,Execution worker Thread 5,5,main]) started.
[        ] :jni_flutter:mergeReleaseNativeLibs (Thread[#521,Execution worker Thread 5,5,main]) started.
[        ] > Task :jni_flutter:mergeReleaseNativeLibs NO-SOURCE
[        ] Skipping task ':jni_flutter:mergeReleaseNativeLibs' as it has no source files and no previous output files.
[        ] Resolve mutations for :jni_flutter:copyReleaseJniLibsProjectOnly (Thread[#521,Execution worker Thread 5,5,main]) started.
[        ] :jni_flutter:copyReleaseJniLibsProjectOnly (Thread[#521,Execution worker Thread 5,5,main]) started.
[        ] Resolve mutations for :record_android:preBuild (Thread[#529,Execution worker Thread 13,5,main]) started.
[        ] :record_android:preBuild (Thread[#529,Execution worker Thread 13,5,main]) started.
[        ] > Task :record_android:preBuild UP-TO-DATE
[        ] Skipping task ':record_android:preBuild' as it has no actions.
[        ] Resolve mutations for :record_android:preReleaseBuild (Thread[#529,Execution worker Thread 13,5,main]) started.
[        ] :record_android:preReleaseBuild (Thread[#529,Execution worker Thread 13,5,main]) started.
[        ] > Task :jni_flutter:copyReleaseJniLibsProjectOnly
[        ] Caching disabled for task ':jni_flutter:copyReleaseJniLibsProjectOnly' because:
[        ]   Build cache is disabled
[        ]   Caching has been disabled for the task
[        ] Task ':jni_flutter:copyReleaseJniLibsProjectOnly' is not up-to-date because:
[        ]   Output property 'outputDirectory' file C:\Users\Dyuthi\smartnotes\build\jni_flutter\intermediates\library_jni\release\copyReleaseJniLibsProjectOnly\jni has been removed.
[        ] > Task :record_android:preReleaseBuild UP-TO-DATE
[        ] Skipping task ':record_android:preReleaseBuild' as it has no actions.
[        ] work action resolve jni (project :jni_flutter) (Thread[#529,Execution worker Thread 13,5,main]) started.
[        ] Resolve mutations for :record_android:mergeReleaseJniLibFolders (Thread[#529,Execution worker Thread 13,5,main]) started.
[        ] :record_android:mergeReleaseJniLibFolders (Thread[#530,Execution worker Thread 14,5,main]) started.
[  +90 ms] > Task :jni:mergeReleaseNativeLibs
[        ] Caching disabled for task ':jni:mergeReleaseNativeLibs' because:
[        ]   Build cache is disabled
[        ]   Caching has been disabled for the task
[        ] Task ':jni:mergeReleaseNativeLibs' is not up-to-date because:
[        ]   Output property 'outputDir' file C:\Users\Dyuthi\smartnotes\build\jni\intermediates\merged_native_libs\release\mergeReleaseNativeLibs\out has been removed.
[        ]   Output property 'outputDir' file C:\Users\Dyuthi\smartnotes\build\jni\intermediates\merged_native_libs\release\mergeReleaseNativeLibs\out\lib has been removed.
[        ]   Output property 'outputDir' file C:\Users\Dyuthi\smartnotes\build\jni\intermediates\merged_native_libs\release\mergeReleaseNativeLibs\out\lib\arm64-v8a has been removed.
[        ]   and more...
[        ] > Task :record_android:mergeReleaseJniLibFolders
[        ] Caching disabled for task ':record_android:mergeReleaseJniLibFolders' because:
[        ]   Build cache is disabled
[        ]   Simple merging task
[        ] Task ':record_android:mergeReleaseJniLibFolders' is not up-to-date because:
[        ]   Output property 'outputDir' file C:\Users\Dyuthi\smartnotes\build\record_android\intermediates\merged_jni_libs\release\mergeReleaseJniLibFolders\out has been removed.
[        ] The input changes require a full rebuild for incremental task ':record_android:mergeReleaseJniLibFolders'.
[        ] Resolve mutations for :jni:copyReleaseJniLibsProjectOnly (Thread[#530,Execution worker Thread 14,5,main]) started.
[        ] :jni:copyReleaseJniLibsProjectOnly (Thread[#530,Execution worker Thread 14,5,main]) started.
[        ] Resolve mutations for :record_android:mergeReleaseNativeLibs (Thread[#529,Execution worker Thread 13,5,main]) started.
[        ] :record_android:mergeReleaseNativeLibs (Thread[#529,Execution worker Thread 13,5,main]) started.
[        ] > Task :record_android:mergeReleaseNativeLibs NO-SOURCE
[        ] Skipping task ':record_android:mergeReleaseNativeLibs' as it has no source files and no previous output files.
[        ] Resolve mutations for :record_android:copyReleaseJniLibsProjectOnly (Thread[#529,Execution worker Thread 13,5,main]) started.
[        ] :record_android:copyReleaseJniLibsProjectOnly (Thread[#520,Execution worker Thread 4,5,main]) started.
[        ] Resolve mutations for :camera_android:prepareReleaseArtProfile (Thread[#529,Execution worker Thread 13,5,main]) started.
[        ] :camera_android:prepareReleaseArtProfile (Thread[#529,Execution worker Thread 13,5,main]) started.
[        ] > Task :record_android:copyReleaseJniLibsProjectOnly
[        ] Caching disabled for task ':record_android:copyReleaseJniLibsProjectOnly' because:
[        ]   Build cache is disabled
[        ]   Caching has been disabled for the task
[        ] Task ':record_android:copyReleaseJniLibsProjectOnly' is not up-to-date because:
[        ]   Output property 'outputDirectory' file C:\Users\Dyuthi\smartnotes\build\record_android\intermediates\library_jni\release\copyReleaseJniLibsProjectOnly\jni has been removed.
[        ] > Task :camera_android:prepareReleaseArtProfile UP-TO-DATE
[        ] Caching disabled for task ':camera_android:prepareReleaseArtProfile' because:
[        ]   Build cache is disabled
[        ]   Caching has been disabled for the task
[        ] Skipping task ':camera_android:prepareReleaseArtProfile' as it is up-to-date.
[        ] work action resolve jni (project :record_android) (Thread[#529,Execution worker Thread 13,5,main]) started.
[        ] work action resolve baseline-prof.txt (project :camera_android) (Thread[#529,Execution worker Thread 13,5,main]) started.
[        ] Resolve mutations for :file_picker:prepareReleaseArtProfile (Thread[#529,Execution worker Thread 13,5,main]) started.
[        ] :file_picker:prepareReleaseArtProfile (Thread[#517,Execution worker,5,main]) started.
[        ] > Task :file_picker:prepareReleaseArtProfile
[        ] Caching disabled for task ':file_picker:prepareReleaseArtProfile' because:
[        ]   Build cache is disabled
[        ]   Caching has been disabled for the task
[        ] Task ':file_picker:prepareReleaseArtProfile' is not up-to-date because:
[        ]   No history is available.
[        ] work action resolve baseline-prof.txt (project :file_picker) (Thread[#517,Execution worker,5,main]) started.
[        ] Resolve mutations for :flutter_plugin_android_lifecycle:prepareReleaseArtProfile (Thread[#517,Execution worker,5,main]) started.
[        ] :flutter_plugin_android_lifecycle:prepareReleaseArtProfile (Thread[#520,Execution worker Thread 4,5,main]) started.
[        ] > Task :flutter_plugin_android_lifecycle:prepareReleaseArtProfile UP-TO-DATE
[        ] Caching disabled for task ':flutter_plugin_android_lifecycle:prepareReleaseArtProfile' because:
[        ]   Build cache is disabled
[        ]   Caching has been disabled for the task
[        ] Skipping task ':flutter_plugin_android_lifecycle:prepareReleaseArtProfile' as it is up-to-date.
[        ] work action resolve baseline-prof.txt (project :flutter_plugin_android_lifecycle) (Thread[#520,Execution worker Thread 4,5,main]) started.
[        ] Resolve mutations for :image_picker_android:prepareReleaseArtProfile (Thread[#520,Execution worker Thread 4,5,main]) started.
[        ] :image_picker_android:prepareReleaseArtProfile (Thread[#520,Execution worker Thread 4,5,main]) started.
[        ] > Task :image_picker_android:prepareReleaseArtProfile UP-TO-DATE
[        ] Caching disabled for task ':image_picker_android:prepareReleaseArtProfile' because:
[        ]   Build cache is disabled
[        ]   Caching has been disabled for the task
[        ] Skipping task ':image_picker_android:prepareReleaseArtProfile' as it is up-to-date.
[        ] work action resolve baseline-prof.txt (project :image_picker_android) (Thread[#520,Execution worker Thread 4,5,main]) started.
[        ] Resolve mutations for :jni:prepareReleaseArtProfile (Thread[#525,Execution worker Thread 9,5,main]) started.
[        ] :jni:prepareReleaseArtProfile (Thread[#525,Execution worker Thread 9,5,main]) started.
[        ] > Task :jni:prepareReleaseArtProfile UP-TO-DATE
[        ] Caching disabled for task ':jni:prepareReleaseArtProfile' because:
[        ]   Build cache is disabled
[        ]   Caching has been disabled for the task
[        ] Skipping task ':jni:prepareReleaseArtProfile' as it is up-to-date.
[        ] work action resolve baseline-prof.txt (project :jni) (Thread[#525,Execution worker Thread 9,5,main]) started.
[        ] Resolve mutations for :jni_flutter:prepareReleaseArtProfile (Thread[#516,included builds,5,main]) started.
[        ] :jni_flutter:prepareReleaseArtProfile (Thread[#516,included builds,5,main]) started.
[        ] > Task :jni_flutter:prepareReleaseArtProfile UP-TO-DATE
[        ] Caching disabled for task ':jni_flutter:prepareReleaseArtProfile' because:
[        ]   Build cache is disabled
[        ]   Caching has been disabled for the task
[        ] Skipping task ':jni_flutter:prepareReleaseArtProfile' as it is up-to-date.
[        ] work action resolve baseline-prof.txt (project :jni_flutter) (Thread[#516,included builds,5,main]) started.
[        ] Resolve mutations for :record_android:prepareReleaseArtProfile (Thread[#516,included builds,5,main]) started.
[        ] :record_android:prepareReleaseArtProfile (Thread[#516,included builds,5,main]) started.
[        ] > Task :record_android:prepareReleaseArtProfile UP-TO-DATE
[        ] Caching disabled for task ':record_android:prepareReleaseArtProfile' because:
[        ]   Build cache is disabled
[        ]   Caching has been disabled for the task
[        ] Skipping task ':record_android:prepareReleaseArtProfile' as it is up-to-date.
[        ] work action resolve baseline-prof.txt (project :record_android) (Thread[#516,included builds,5,main]) started.
[        ] Resolve mutations for :app:mergeReleaseArtProfile (Thread[#516,included builds,5,main]) started.
[        ] :app:mergeReleaseArtProfile (Thread[#516,included builds,5,main]) started.
[        ] > Task :jni:copyReleaseJniLibsProjectOnly
[        ] Caching disabled for task ':jni:copyReleaseJniLibsProjectOnly' because:
[        ]   Build cache is disabled
[        ]   Caching has been disabled for the task
[        ] Task ':jni:copyReleaseJniLibsProjectOnly' is not up-to-date because:
[        ]   Output property 'outputDirectory' file C:\Users\Dyuthi\smartnotes\build\jni\intermediates\library_jni\release\copyReleaseJniLibsProjectOnly\jni has been removed.
[        ]   Output property 'outputDirectory' file C:\Users\Dyuthi\smartnotes\build\jni\intermediates\library_jni\release\copyReleaseJniLibsProjectOnly\jni\arm64-v8a has been removed.
[        ]   Output property 'outputDirectory' file C:\Users\Dyuthi\smartnotes\build\jni\intermediates\library_jni\release\copyReleaseJniLibsProjectOnly\jni\arm64-v8a\libdartjni.so has been removed.
[        ]   and more...
[        ] work action resolve jni (project :jni) (Thread[#527,Execution worker Thread 11,5,main]) started.
[        ] Resolve mutations for :app:mergeReleaseNativeLibs (Thread[#528,Execution worker Thread 12,5,main]) started.
[        ] :app:mergeReleaseNativeLibs (Thread[#528,Execution worker Thread 12,5,main]) started.
[        ] > Task :app:mergeReleaseArtProfile
[        ] Caching disabled for AarTransform: C:\Users\Dyuthi\.gradle\caches\8.14\transforms\f09b34821176a576b3f79086c210e7b1\transformed\customview-1.0.0 because:
[        ]   Build cache is disabled
[        ]   Caching not enabled.
[        ] Caching disabled for task ':app:mergeReleaseArtProfile' because:
[        ]   Build cache is disabled
[        ]   Simple merging task
[        ] Task ':app:mergeReleaseArtProfile' is not up-to-date because:
[        ]   Output property 'outputFile' file C:\Users\Dyuthi\smartnotes\build\app\intermediates\merged_art_profile\release\mergeReleaseArtProfile\baseline-prof.txt has been removed.
[        ] file or directory 'C:\Users\Dyuthi\smartnotes\android\app\src\main\baselineProfiles', not found
[        ] file or directory 'C:\Users\Dyuthi\smartnotes\android\app\src\release\baselineProfiles', not found
[ +294 ms] Resolve mutations for :app:expandReleaseL8ArtProfileWildcards (Thread[#516,included builds,5,main]) started.
[        ] :app:expandReleaseL8ArtProfileWildcards (Thread[#516,included builds,5,main]) started.
[        ] Resolve mutations for :camera_android:generateReleaseBuildConfig (Thread[#519,Execution worker Thread 3,5,main]) started.
[        ] :camera_android:generateReleaseBuildConfig (Thread[#519,Execution worker Thread 3,5,main]) started.
[        ] > Task :camera_android:generateReleaseBuildConfig
[        ] Caching disabled for task ':camera_android:generateReleaseBuildConfig' because:
[        ]   Build cache is disabled
[        ] Task ':camera_android:generateReleaseBuildConfig' is not up-to-date because:
[        ]   Output property 'sourceOutputDir' file C:\Users\Dyuthi\smartnotes\build\camera_android\generated\source\buildConfig\release has been removed.
[        ]   Output property 'sourceOutputDir' file C:\Users\Dyuthi\smartnotes\build\camera_android\generated\source\buildConfig\release\io has been removed.
[        ]   Output property 'sourceOutputDir' file C:\Users\Dyuthi\smartnotes\build\camera_android\generated\source\buildConfig\release\io\flutter has been removed.
[        ]   and more...
[        ] Resolve mutations for :camera_android:generateReleaseResValues (Thread[#519,Execution worker Thread 3,5,main]) started.
[        ] :camera_android:generateReleaseResValues (Thread[#519,Execution worker Thread 3,5,main]) started.
[        ] > Task :camera_android:generateReleaseResValues
[        ] Caching disabled for task ':camera_android:generateReleaseResValues' because:
[        ]   Build cache is disabled
[        ] Task ':camera_android:generateReleaseResValues' is not up-to-date because:
[        ]   Output property 'outputDirectory' file C:\Users\Dyuthi\smartnotes\build\camera_android\generated\res\resValues\release has been removed.
[        ] Resolve mutations for :camera_android:generateReleaseResources (Thread[#519,Execution worker Thread 3,5,main]) started.
[        ] :camera_android:generateReleaseResources (Thread[#519,Execution worker Thread 3,5,main]) started.
[        ] > Task :camera_android:generateReleaseResources
[        ] Caching disabled for task ':camera_android:generateReleaseResources' because:
[        ]   Build cache is disabled
[        ] Task ':camera_android:generateReleaseResources' is not up-to-date because:
[        ]   Output property 'validationReportFile' file C:\Users\Dyuthi\smartnotes\build\camera_android\intermediates\nested_resources_validation_report\release\generateReleaseResources\nestedResourcesValidationReport.txt has been removed.
[        ] Resolve mutations for :camera_android:packageReleaseResources (Thread[#519,Execution worker Thread 3,5,main]) started.
[        ] :camera_android:packageReleaseResources (Thread[#519,Execution worker Thread 3,5,main]) started.
[        ] > Task :app:expandReleaseL8ArtProfileWildcards
[        ] Caching disabled for task ':app:expandReleaseL8ArtProfileWildcards' because:
[        ]   Build cache is disabled
[        ] Task ':app:expandReleaseL8ArtProfileWildcards' is not up-to-date because:
[        ]   Output property 'expandedArtProfile' file C:\Users\Dyuthi\smartnotes\build\app\intermediates\l8_art_profile\release\expandReleaseL8ArtProfileWildcards\baseline-prof.txt has been removed.
[ +108 ms] > Task :camera_android:packageReleaseResources
[        ] Caching disabled for task ':camera_android:packageReleaseResources' because:
[        ]   Build cache is disabled
[        ] Task ':camera_android:packageReleaseResources' is not up-to-date because:
[        ]   Output property 'dataBindingLayoutInfoOutFolder' file C:\Users\Dyuthi\smartnotes\build\camera_android\intermediates\data_binding_layout_info_type_package\release\packageReleaseResources\out has been removed.
[        ]   Output property 'generatedPngsOutputDir' file C:\Users\Dyuthi\smartnotes\build\camera_android\generated\res\pngs\release has been removed.
[        ]   Output property 'incrementalFolder' file C:\Users\Dyuthi\smartnotes\build\camera_android\intermediates\incremental\release\packageReleaseResources has been removed.
[        ]   and more...
[        ] The input changes require a full rebuild for incremental task ':camera_android:packageReleaseResources'.
[        ] [MergeResources] Inputs are non-incremental full task action.
[        ] work action resolve packageReleaseResources (project :camera_android) (Thread[#519,Execution worker Thread 3,5,main]) started.
[        ] Resolve mutations for :camera_android:parseReleaseLocalResources (Thread[#520,Execution worker Thread 4,5,main]) started.
[        ] :camera_android:parseReleaseLocalResources (Thread[#520,Execution worker Thread 4,5,main]) started.
[        ] Resolve mutations for :camera_android:javaPreCompileRelease (Thread[#525,Execution worker Thread 9,5,main]) started.
[        ] :camera_android:javaPreCompileRelease (Thread[#525,Execution worker Thread 9,5,main]) started.
[        ] Resolve mutations for :flutter_plugin_android_lifecycle:generateReleaseResValues (Thread[#530,Execution worker Thread 14,5,main]) started.
[        ] :flutter_plugin_android_lifecycle:generateReleaseResValues (Thread[#530,Execution worker Thread 14,5,main]) started.
[        ] > Task :flutter_plugin_android_lifecycle:generateReleaseResValues
[        ] Caching disabled for task ':flutter_plugin_android_lifecycle:generateReleaseResValues' because:
[        ]   Build cache is disabled
[        ] Task ':flutter_plugin_android_lifecycle:generateReleaseResValues' is not up-to-date because:
[        ]   Output property 'outputDirectory' file C:\Users\Dyuthi\smartnotes\build\flutter_plugin_android_lifecycle\generated\res\resValues\release has been removed.
[        ] Resolve mutations for :flutter_plugin_android_lifecycle:generateReleaseResources (Thread[#530,Execution worker Thread 14,5,main]) started.
[        ] :flutter_plugin_android_lifecycle:generateReleaseResources (Thread[#530,Execution worker Thread 14,5,main]) started.
[        ] > Task :camera_android:javaPreCompileRelease
[        ] Caching disabled for task ':camera_android:javaPreCompileRelease' because:
[        ]   Build cache is disabled
[        ] Task ':camera_android:javaPreCompileRelease' is not up-to-date because:
[        ]   Output property 'annotationProcessorListFile' file C:\Users\Dyuthi\smartnotes\build\camera_android\intermediates\annotation_processor_list\release\javaPreCompileRelease\annotationProcessors.json has been removed.
[        ] > Task :flutter_plugin_android_lifecycle:generateReleaseResources
[        ] Caching disabled for task ':flutter_plugin_android_lifecycle:generateReleaseResources' because:
[        ]   Build cache is disabled
[        ] Task ':flutter_plugin_android_lifecycle:generateReleaseResources' is not up-to-date because:
[        ]   Output property 'validationReportFile' file C:\Users\Dyuthi\smartnotes\build\flutter_plugin_android_lifecycle\intermediates\nested_resources_validation_report\release\generateReleaseResources\nestedResourcesValidationReport.txt has been removed.
[        ] Resolve mutations for :flutter_plugin_android_lifecycle:packageReleaseResources (Thread[#530,Execution worker Thread 14,5,main]) started.
[        ] :flutter_plugin_android_lifecycle:packageReleaseResources (Thread[#530,Execution worker Thread 14,5,main]) started.
[        ] > Task :flutter_plugin_android_lifecycle:packageReleaseResources
[        ] Caching disabled for task ':flutter_plugin_android_lifecycle:packageReleaseResources' because:
[        ]   Build cache is disabled
[        ] Task ':flutter_plugin_android_lifecycle:packageReleaseResources' is not up-to-date because:
[        ]   Output property 'dataBindingLayoutInfoOutFolder' file C:\Users\Dyuthi\smartnotes\build\flutter_plugin_android_lifecycle\intermediates\data_binding_layout_info_type_package\release\packageReleaseResources\out has been removed.
[        ]   Output property 'generatedPngsOutputDir' file C:\Users\Dyuthi\smartnotes\build\flutter_plugin_android_lifecycle\generated\res\pngs\release has been removed.
[        ]   Output property 'incrementalFolder' file C:\Users\Dyuthi\smartnotes\build\flutter_plugin_android_lifecycle\intermediates\incremental\release\packageReleaseResources has been removed.
[        ]   and more...
[        ] The input changes require a full rebuild for incremental task ':flutter_plugin_android_lifecycle:packageReleaseResources'.
[        ] [MergeResources] Inputs are non-incremental full task action.
[        ] work action resolve packageReleaseResources (project :flutter_plugin_android_lifecycle) (Thread[#530,Execution worker Thread 14,5,main]) started.
[        ] Resolve mutations for :flutter_plugin_android_lifecycle:parseReleaseLocalResources (Thread[#526,Execution worker Thread 10,5,main]) started.
[        ] :flutter_plugin_android_lifecycle:parseReleaseLocalResources (Thread[#526,Execution worker Thread 10,5,main]) started.
[        ] Resolve mutations for :flutter_plugin_android_lifecycle:javaPreCompileRelease (Thread[#525,Execution worker Thread 9,5,main]) started.
[        ] :flutter_plugin_android_lifecycle:javaPreCompileRelease (Thread[#525,Execution worker Thread 9,5,main]) started.
[        ] Resolve mutations for :file_picker:generateReleaseResValues (Thread[#521,Execution worker Thread 5,5,main]) started.
[        ] :file_picker:generateReleaseResValues (Thread[#521,Execution worker Thread 5,5,main]) started.
[        ] > Task :flutter_plugin_android_lifecycle:javaPreCompileRelease
[        ] Caching disabled for task ':flutter_plugin_android_lifecycle:javaPreCompileRelease' because:
[        ]   Build cache is disabled
[        ] Task ':flutter_plugin_android_lifecycle:javaPreCompileRelease' is not up-to-date because:
[        ]   Output property 'annotationProcessorListFile' file C:\Users\Dyuthi\smartnotes\build\flutter_plugin_android_lifecycle\intermediates\annotation_processor_list\release\javaPreCompileRelease\annotationProcessors.json has been removed.
[        ] > Task :camera_android:parseReleaseLocalResources
[        ] Caching disabled for task ':camera_android:parseReleaseLocalResources' because:
[        ]   Build cache is disabled
[        ] Task ':camera_android:parseReleaseLocalResources' is not up-to-date because:
[        ]   Output property 'librarySymbolsFile' file C:\Users\Dyuthi\smartnotes\build\camera_android\intermediates\local_only_symbol_list\release\parseReleaseLocalResources\R-def.txt has been removed.
[        ] The input changes require a full rebuild for incremental task ':camera_android:parseReleaseLocalResources'.
[        ] > Task :flutter_plugin_android_lifecycle:parseReleaseLocalResources
[        ] Caching disabled for task ':flutter_plugin_android_lifecycle:parseReleaseLocalResources' because:
[        ]   Build cache is disabled
[        ] Task ':flutter_plugin_android_lifecycle:parseReleaseLocalResources' is not up-to-date because:
[        ]   Output property 'librarySymbolsFile' file C:\Users\Dyuthi\smartnotes\build\flutter_plugin_android_lifecycle\intermediates\local_only_symbol_list\release\parseReleaseLocalResources\R-def.txt has been removed.
[        ] The input changes require a full rebuild for incremental task ':flutter_plugin_android_lifecycle:parseReleaseLocalResources'.
[        ] > Task :file_picker:generateReleaseResValues
[        ] Caching disabled for task ':file_picker:generateReleaseResValues' because:
[        ]   Build cache is disabled
[        ] Task ':file_picker:generateReleaseResValues' is not up-to-date because:
[        ]   No history is available.
[        ] Resolve mutations for :camera_android:generateReleaseRFile (Thread[#521,Execution worker Thread 5,5,main]) started.
[        ] :camera_android:generateReleaseRFile (Thread[#521,Execution worker Thread 5,5,main]) started.
[        ] Resolve mutations for :flutter_plugin_android_lifecycle:generateReleaseRFile (Thread[#526,Execution worker Thread 10,5,main]) started.
[        ] :flutter_plugin_android_lifecycle:generateReleaseRFile (Thread[#526,Execution worker Thread 10,5,main]) started.
[        ] Resolve mutations for :file_picker:generateReleaseResources (Thread[#519,Execution worker Thread 3,5,main]) started.
[        ] :file_picker:generateReleaseResources (Thread[#519,Execution worker Thread 3,5,main]) started.
[        ] > Task :file_picker:generateReleaseResources
[        ] Caching disabled for task ':file_picker:generateReleaseResources' because:
[        ]   Build cache is disabled
[        ] Task ':file_picker:generateReleaseResources' is not up-to-date because:
[        ]   No history is available.
[        ] Resolve mutations for :file_picker:packageReleaseResources (Thread[#519,Execution worker Thread 3,5,main]) started.
[        ] :file_picker:packageReleaseResources (Thread[#519,Execution worker Thread 3,5,main]) started.
[        ] > Task :file_picker:packageReleaseResources
[        ] Caching disabled for task ':file_picker:packageReleaseResources' because:
[        ]   Build cache is disabled
[        ] Task ':file_picker:packageReleaseResources' is not up-to-date because:
[        ]   No history is available.
[        ] The input changes require a full rebuild for incremental task ':file_picker:packageReleaseResources'.
[        ] [MergeResources] Inputs are non-incremental full task action.
[        ] work action resolve packageReleaseResources (project :file_picker) (Thread[#519,Execution worker Thread 3,5,main]) started.
[        ] Resolve mutations for :file_picker:parseReleaseLocalResources (Thread[#516,included builds,5,main]) started.
[        ] :file_picker:parseReleaseLocalResources (Thread[#516,included builds,5,main]) started.
[        ] > Task :flutter_plugin_android_lifecycle:generateReleaseRFile
[        ] Caching disabled for task ':flutter_plugin_android_lifecycle:generateReleaseRFile' because:
[        ]   Build cache is disabled
[        ] Task ':flutter_plugin_android_lifecycle:generateReleaseRFile' is not up-to-date because:
[        ]   Output property 'RClassOutputJar' file C:\Users\Dyuthi\smartnotes\build\flutter_plugin_android_lifecycle\intermediates\compile_r_class_jar\release\generateReleaseRFile\R.jar has been removed.
[        ]   Output property 'symbolsWithPackageNameOutputFile' file C:\Users\Dyuthi\smartnotes\build\flutter_plugin_android_lifecycle\intermediates\symbol_list_with_package_name\release\generateReleaseRFile\package-aware-r.txt has been removed.
[        ]   Output property 'textSymbolOutputFileProperty' file C:\Users\Dyuthi\smartnotes\build\flutter_plugin_android_lifecycle\intermediates\compile_symbol_list\release\generateReleaseRFile\R.txt has been removed.
[        ] The input changes require a full rebuild for incremental task ':flutter_plugin_android_lifecycle:generateReleaseRFile'.
[        ] > Task :camera_android:generateReleaseRFile
[        ] Caching disabled for task ':camera_android:generateReleaseRFile' because:
[        ]   Build cache is disabled
[        ] Task ':camera_android:generateReleaseRFile' is not up-to-date because:
[        ]   Output property 'RClassOutputJar' file C:\Users\Dyuthi\smartnotes\build\camera_android\intermediates\compile_r_class_jar\release\generateReleaseRFile\R.jar has been removed.
[        ]   Output property 'symbolsWithPackageNameOutputFile' file C:\Users\Dyuthi\smartnotes\build\camera_android\intermediates\symbol_list_with_package_name\release\generateReleaseRFile\package-aware-r.txt has been removed.
[        ]   Output property 'textSymbolOutputFileProperty' file C:\Users\Dyuthi\smartnotes\build\camera_android\intermediates\compile_symbol_list\release\generateReleaseRFile\R.txt has been removed.
[        ] The input changes require a full rebuild for incremental task ':camera_android:generateReleaseRFile'.
[        ] work action resolve package-aware-r.txt (project :flutter_plugin_android_lifecycle) (Thread[#521,Execution worker Thread 5,5,main]) started.
[        ] work action resolve package-aware-r.txt (project :camera_android) (Thread[#524,Execution worker Thread 8,5,main]) started.
[        ] Resolve mutations for :flutter_plugin_android_lifecycle:compileReleaseJavaWithJavac (Thread[#524,Execution worker Thread 8,5,main]) started.
[        ] :flutter_plugin_android_lifecycle:compileReleaseJavaWithJavac (Thread[#524,Execution worker Thread 8,5,main]) started.
[        ] > Task :file_picker:parseReleaseLocalResources
[        ] Caching disabled for task ':file_picker:parseReleaseLocalResources' because:
[        ]   Build cache is disabled
[        ] Task ':file_picker:parseReleaseLocalResources' is not up-to-date because:
[        ]   No history is available.
[        ] The input changes require a full rebuild for incremental task ':file_picker:parseReleaseLocalResources'.
[ +590 ms] > Task :flutter_plugin_android_lifecycle:compileReleaseJavaWithJavac
[        ] Custom actions are attached to task ':flutter_plugin_android_lifecycle:compileReleaseJavaWithJavac'.
[        ] Caching disabled for task ':flutter_plugin_android_lifecycle:compileReleaseJavaWithJavac' because:
[        ]   Build cache is disabled
[        ] Task ':flutter_plugin_android_lifecycle:compileReleaseJavaWithJavac' is not up-to-date because:
[        ]   Output property 'destinationDirectory' file C:\Users\Dyuthi\smartnotes\build\flutter_plugin_android_lifecycle\intermediates\javac\release\compileReleaseJavaWithJavac\classes has been removed.
[        ]   Output property 'destinationDirectory' file C:\Users\Dyuthi\smartnotes\build\flutter_plugin_android_lifecycle\intermediates\javac\release\compileReleaseJavaWithJavac\classes\io has been removed.
[        ]   Output property 'destinationDirectory' file C:\Users\Dyuthi\smartnotes\build\flutter_plugin_android_lifecycle\intermediates\javac\release\compileReleaseJavaWithJavac\classes\io\flutter has been removed.
[        ]   and more...
[        ] The input changes require a full rebuild for incremental task ':flutter_plugin_android_lifecycle:compileReleaseJavaWithJavac'.
[        ] Compilation mode: in-process compilation
[        ] Full recompilation is required because no incremental change information is available. This is usually caused by clean builds or changing compiler arguments.
[        ] Compiling with toolchain 'C:\Program Files\Android\Android Studio\jbr'.
[        ] file or directory 'C:\Users\Dyuthi\AppData\Local\Pub\Cache\hosted\pub.dev\flutter_plugin_android_lifecycle-2.0.34\android\src\release\java', not found
[        ] Compiling with JDK Java compiler API.
[        ] Class dependency analysis for incremental compilation took 0.006 secs.
[        ] Created classpath snapshot for incremental compilation in 0.042 secs.
[        ] Resolve mutations for :flutter_plugin_android_lifecycle:bundleLibCompileToJarRelease (Thread[#524,Execution worker Thread 8,5,main]) started.
[        ] :flutter_plugin_android_lifecycle:bundleLibCompileToJarRelease (Thread[#524,Execution worker Thread 8,5,main]) started.
[        ] Resolve mutations for :file_picker:generateReleaseRFile (Thread[#527,Execution worker Thread 11,5,main]) started.
[        ] :file_picker:generateReleaseRFile (Thread[#527,Execution worker Thread 11,5,main]) started.
[        ] Resolve mutations for :file_picker:javaPreCompileRelease (Thread[#518,Execution worker Thread 2,5,main]) started.
[        ] :file_picker:javaPreCompileRelease (Thread[#518,Execution worker Thread 2,5,main]) started.
[        ] Resolve mutations for :image_picker_android:generateReleaseResValues (Thread[#523,Execution worker Thread 7,5,main]) started.
[        ] :image_picker_android:generateReleaseResValues (Thread[#525,Execution worker Thread 9,5,main]) started.
[        ] > Task :file_picker:javaPreCompileRelease
[        ] Caching disabled for task ':file_picker:javaPreCompileRelease' because:
[        ]   Build cache is disabled
[        ] Task ':file_picker:javaPreCompileRelease' is not up-to-date because:
[        ]   No history is available.
[        ] > Task :file_picker:generateReleaseRFile
[        ] Caching disabled for task ':file_picker:generateReleaseRFile' because:
[        ]   Build cache is disabled
[        ] Task ':file_picker:generateReleaseRFile' is not up-to-date because:
[        ]   No history is available.
[        ] The input changes require a full rebuild for incremental task ':file_picker:generateReleaseRFile'.
[        ] > Task :image_picker_android:generateReleaseResValues
[        ] Caching disabled for task ':image_picker_android:generateReleaseResValues' because:
[        ]   Build cache is disabled
[        ] Task ':image_picker_android:generateReleaseResValues' is not up-to-date because:
[        ]   Output property 'outputDirectory' file C:\Users\Dyuthi\smartnotes\build\image_picker_android\generated\res\resValues\release has been removed.
[        ] work action resolve package-aware-r.txt (project :file_picker) (Thread[#525,Execution worker Thread 9,5,main]) started.
[        ] Resolve mutations for :image_picker_android:generateReleaseResources (Thread[#521,Execution worker Thread 5,5,main]) started.
[        ] :image_picker_android:generateReleaseResources (Thread[#521,Execution worker Thread 5,5,main]) started.
[        ] > Task :image_picker_android:generateReleaseResources
[        ] Caching disabled for task ':image_picker_android:generateReleaseResources' because:
[        ]   Build cache is disabled
[        ] Task ':image_picker_android:generateReleaseResources' is not up-to-date because:
[        ]   Output property 'validationReportFile' file C:\Users\Dyuthi\smartnotes\build\image_picker_android\intermediates\nested_resources_validation_report\release\generateReleaseResources\nestedResourcesValidationReport.txt has been removed.
[        ] Resolve mutations for :image_picker_android:packageReleaseResources (Thread[#521,Execution worker Thread 5,5,main]) started.
[        ] :image_picker_android:packageReleaseResources (Thread[#521,Execution worker Thread 5,5,main]) started.
[        ] > Task :flutter_plugin_android_lifecycle:bundleLibCompileToJarRelease
[        ] Caching disabled for task ':flutter_plugin_android_lifecycle:bundleLibCompileToJarRelease' because:
[        ]   Build cache is disabled
[        ]   Simple merging task
[        ] Task ':flutter_plugin_android_lifecycle:bundleLibCompileToJarRelease' is not up-to-date because:
[        ]   Output property 'output' file C:\Users\Dyuthi\smartnotes\build\flutter_plugin_android_lifecycle\intermediates\compile_library_classes_jar\release\bundleLibCompileToJarRelease\classes.jar has been removed.
[ +499 ms] > Task :app:mergeReleaseNativeLibs
[        ] Caching disabled for ExtractJniTransform: C:\Users\Dyuthi\smartnotes\build\app\intermediates\flutter\release\libs.jar because:
[        ]   Build cache is disabled
[        ] Caching disabled for task ':app:mergeReleaseNativeLibs' because:
[        ]   Build cache is disabled
[        ]   Caching has been disabled for the task
[        ] Task ':app:mergeReleaseNativeLibs' is not up-to-date because:
[        ]   Output property 'outputDir' file C:\Users\Dyuthi\smartnotes\build\app\intermediates\merged_native_libs\release\mergeReleaseNativeLibs\out has been removed.
[        ]   Output property 'outputDir' file C:\Users\Dyuthi\smartnotes\build\app\intermediates\merged_native_libs\release\mergeReleaseNativeLibs\out\lib has been removed.
[        ]   Output property 'outputDir' file C:\Users\Dyuthi\smartnotes\build\app\intermediates\merged_native_libs\release\mergeReleaseNativeLibs\out\lib\arm64-v8a has been removed.
[        ]   and more...
[        ] > Task :image_picker_android:packageReleaseResources
[        ] Caching disabled for task ':image_picker_android:packageReleaseResources' because:
[        ]   Build cache is disabled
[        ] Task ':image_picker_android:packageReleaseResources' is not up-to-date because:
[        ]   Output property 'dataBindingLayoutInfoOutFolder' file C:\Users\Dyuthi\smartnotes\build\image_picker_android\intermediates\data_binding_layout_info_type_package\release\packageReleaseResources\out has been removed.
[        ]   Output property 'generatedPngsOutputDir' file C:\Users\Dyuthi\smartnotes\build\image_picker_android\generated\res\pngs\release has been removed.
[        ]   Output property 'incrementalFolder' file C:\Users\Dyuthi\smartnotes\build\image_picker_android\intermediates\incremental\release\packageReleaseResources has been removed.
[        ]   and more...
[        ] The input changes require a full rebuild for incremental task ':image_picker_android:packageReleaseResources'.
[        ] [MergeResources] Inputs are non-incremental full task action.
[        ] work action resolve classes.jar (project :flutter_plugin_android_lifecycle) (Thread[#521,Execution worker Thread 5,5,main]) started.
[        ] work action resolve packageReleaseResources (project :image_picker_android) (Thread[#525,Execution worker Thread 9,5,main]) started.
[        ] Resolve mutations for :app:stripReleaseDebugSymbols (Thread[#525,Execution worker Thread 9,5,main]) started.
[        ] :app:stripReleaseDebugSymbols (Thread[#525,Execution worker Thread 9,5,main]) started.
[        ] Resolve mutations for :camera_android:compileReleaseJavaWithJavac (Thread[#521,Execution worker Thread 5,5,main]) started.
[        ] :camera_android:compileReleaseJavaWithJavac (Thread[#521,Execution worker Thread 5,5,main]) started.
[ +294 ms] > Task :app:stripReleaseDebugSymbols
[        ] Caching disabled for task ':app:stripReleaseDebugSymbols' because:
[        ]   Build cache is disabled
[        ]   Caching has been disabled for the task
[        ] Task ':app:stripReleaseDebugSymbols' is not up-to-date because:
[        ]   Output property 'outputDir' file C:\Users\Dyuthi\smartnotes\build\app\intermediates\stripped_native_libs\release\stripReleaseDebugSymbols\out has been removed.
[        ]   Output property 'outputDir' file C:\Users\Dyuthi\smartnotes\build\app\intermediates\stripped_native_libs\release\stripReleaseDebugSymbols\out\lib has been removed.
[        ]   Output property 'outputDir' file C:\Users\Dyuthi\smartnotes\build\app\intermediates\stripped_native_libs\release\stripReleaseDebugSymbols\out\lib\arm64-v8a has been removed.
[        ]   and more...
[        ] The input changes require a full rebuild for incremental task ':app:stripReleaseDebugSymbols'.
[        ] C/C++: android.ndkVersion from module build.gradle is [28.2.13676358]
[        ] C/C++: android.ndkVersion from module build.gradle is [28.2.13676358]
[        ] C/C++: android.ndkVersion from module build.gradle is [28.2.13676358]
[        ] C/C++: android.ndkVersion from module build.gradle is [28.2.13676358]
[        ] C/C++: android.ndkPath from module build.gradle is not set
[        ] C/C++: ndk.dir in local.properties is not set
[        ] C/C++: android.ndkVersion from module build.gradle is [28.2.13676358]
[        ] C/C++: android.ndkVersion from module build.gradle is [28.2.13676358]
[        ] C/C++: android.ndkPath from module build.gradle is not set
[        ] C/C++: ndk.dir in local.properties is not set
[        ] C/C++: Not considering ANDROID_NDK_HOME because support was removed after deprecation period.
[        ] C/C++: android.ndkVersion from module build.gradle is [28.2.13676358]
[        ] C/C++: android.ndkPath from module build.gradle is not set
[        ] C/C++: android.ndkVersion from module build.gradle is [28.2.13676358]
[        ] C/C++: android.ndkVersion from module build.gradle is [28.2.13676358]
[        ] C/C++: android.ndkVersion from module build.gradle is [28.2.13676358]
[        ] C/C++: android.ndkPath from module build.gradle is not set
[        ] C/C++: ndk.dir in local.properties is not set
[        ] C/C++: android.ndkPath from module build.gradle is not set
[        ] C/C++: ndk.dir in local.properties is not set
[        ] C/C++: Not considering ANDROID_NDK_HOME because support was removed after deprecation period.
[        ] C/C++: sdkFolder is C:\Users\Dyuthi\AppData\Local\Android\sdk
[        ] C/C++: ndk.dir in local.properties is not set
[        ] C/C++: Not considering ANDROID_NDK_HOME because support was removed after deprecation period.
[        ] C/C++: sdkFolder is C:\Users\Dyuthi\AppData\Local\Android\sdk
[        ] C/C++: sdkFolder is C:\Users\Dyuthi\AppData\Local\Android\sdk
[        ] C/C++: android.ndkPath from module build.gradle is not set
[        ] C/C++: Not considering ANDROID_NDK_HOME because support was removed after deprecation period.
[        ] C/C++: sdkFolder is C:\Users\Dyuthi\AppData\Local\Android\sdk
[        ] C/C++: android.ndkPath from module build.gradle is not set
[        ] C/C++: ndk.dir in local.properties is not set
[        ] C/C++: Not considering ANDROID_NDK_HOME because support was removed after deprecation period.
[        ] C/C++: sdkFolder is C:\Users\Dyuthi\AppData\Local\Android\sdk
[        ] C/C++: android.ndkPath from module build.gradle is not set
[        ] C/C++: ndk.dir in local.properties is not set
[        ] C/C++: Not considering ANDROID_NDK_HOME because support was removed after deprecation period.
[        ] C/C++: sdkFolder is C:\Users\Dyuthi\AppData\Local\Android\sdk
[        ] C/C++: android.ndkPath from module build.gradle is not set
[        ] C/C++: ndk.dir in local.properties is not set
[        ] C/C++: Not considering ANDROID_NDK_HOME because support was removed after deprecation period.
[        ] C/C++: sdkFolder is C:\Users\Dyuthi\AppData\Local\Android\sdk
[        ] C/C++: ndk.dir in local.properties is not set
[        ] C/C++: Not considering ANDROID_NDK_HOME because support was removed after deprecation period.
[        ] C/C++: android.ndkPath from module build.gradle is not set
[        ] C/C++: ndk.dir in local.properties is not set
[        ] C/C++: Not considering ANDROID_NDK_HOME because support was removed after deprecation period.
[        ] C/C++: sdkFolder is C:\Users\Dyuthi\AppData\Local\Android\sdk
[        ] C/C++: sdkFolder is C:\Users\Dyuthi\AppData\Local\Android\sdk
[        ] C/C++: Not considering ANDROID_NDK_HOME because support was removed after deprecation period.
[        ] C/C++: sdkFolder is C:\Users\Dyuthi\AppData\Local\Android\sdk
[        ] Starting process 'command 'C:\Users\Dyuthi\AppData\Local\Android\sdk\ndk\28.2.13676358\toolchains\llvm\prebuilt\windows-x86_64\bin\llvm-strip''. Working directory: C:\Users\Dyuthi\smartnotes\android\app Command: C:\Users\Dyuthi\AppData\Local\Android\sdk\ndk\28.2.13676358\toolchains\llvm\prebuilt\windows-x86_64\bin\llvm-strip --strip-unneeded -o C:\Users\Dyuthi\smartnotes\build\app\intermediates\stripped_native_libs\release\stripReleaseDebugSymbols\out\lib\arm64-v8a\libflutter.so C:\Users\Dyuthi\smartnotes\build\app\intermediates\merged_native_libs\release\mergeReleaseNativeLibs\out\lib\arm64-v8a\libflutter.so
[        ] Starting process 'command 'C:\Users\Dyuthi\AppData\Local\Android\sdk\ndk\28.2.13676358\toolchains\llvm\prebuilt\windows-x86_64\bin\llvm-strip''. Working directory: C:\Users\Dyuthi\smartnotes\android\app Command: C:\Users\Dyuthi\AppData\Local\Android\sdk\ndk\28.2.13676358\toolchains\llvm\prebuilt\windows-x86_64\bin\llvm-strip --strip-unneeded -o C:\Users\Dyuthi\smartnotes\build\app\intermediates\stripped_native_libs\release\stripReleaseDebugSymbols\out\lib\x86\libdartjni.so C:\Users\Dyuthi\smartnotes\build\app\intermediates\merged_native_libs\release\mergeReleaseNativeLibs\out\lib\x86\libdartjni.so
[        ] Starting process 'command 'C:\Users\Dyuthi\AppData\Local\Android\sdk\ndk\28.2.13676358\toolchains\llvm\prebuilt\windows-x86_64\bin\llvm-strip''. Working directory: C:\Users\Dyuthi\smartnotes\android\app Command: C:\Users\Dyuthi\AppData\Local\Android\sdk\ndk\28.2.13676358\toolchains\llvm\prebuilt\windows-x86_64\bin\llvm-strip --strip-unneeded -o C:\Users\Dyuthi\smartnotes\build\app\intermediates\stripped_native_libs\release\stripReleaseDebugSymbols\out\lib\armeabi-v7a\libapp.so C:\Users\Dyuthi\smartnotes\build\app\intermediates\merged_native_libs\release\mergeReleaseNativeLibs\out\lib\armeabi-v7a\libapp.so
[        ] Starting process 'command 'C:\Users\Dyuthi\AppData\Local\Android\sdk\ndk\28.2.13676358\toolchains\llvm\prebuilt\windows-x86_64\bin\llvm-strip''. Working directory: C:\Users\Dyuthi\smartnotes\android\app Command: C:\Users\Dyuthi\AppData\Local\Android\sdk\ndk\28.2.13676358\toolchains\llvm\prebuilt\windows-x86_64\bin\llvm-strip --strip-unneeded -o C:\Users\Dyuthi\smartnotes\build\app\intermediates\stripped_native_libs\release\stripReleaseDebugSymbols\out\lib\x86_64\libapp.so C:\Users\Dyuthi\smartnotes\build\app\intermediates\merged_native_libs\release\mergeReleaseNativeLibs\out\lib\x86_64\libapp.so
[        ] Starting process 'command 'C:\Users\Dyuthi\AppData\Local\Android\sdk\ndk\28.2.13676358\toolchains\llvm\prebuilt\windows-x86_64\bin\llvm-strip''. Working directory: C:\Users\Dyuthi\smartnotes\android\app Command: C:\Users\Dyuthi\AppData\Local\Android\sdk\ndk\28.2.13676358\toolchains\llvm\prebuilt\windows-x86_64\bin\llvm-strip --strip-unneeded -o C:\Users\Dyuthi\smartnotes\build\app\intermediates\stripped_native_libs\release\stripReleaseDebugSymbols\out\lib\arm64-v8a\libdartjni.so C:\Users\Dyuthi\smartnotes\build\app\intermediates\merged_native_libs\release\mergeReleaseNativeLibs\out\lib\arm64-v8a\libdartjni.so
[        ] Starting process 'command 'C:\Users\Dyuthi\AppData\Local\Android\sdk\ndk\28.2.13676358\toolchains\llvm\prebuilt\windows-x86_64\bin\llvm-strip''. Working directory: C:\Users\Dyuthi\smartnotes\android\app Command: C:\Users\Dyuthi\AppData\Local\Android\sdk\ndk\28.2.13676358\toolchains\llvm\prebuilt\windows-x86_64\bin\llvm-strip --strip-unneeded -o C:\Users\Dyuthi\smartnotes\build\app\intermediates\stripped_native_libs\release\stripReleaseDebugSymbols\out\lib\x86_64\libflutter.so C:\Users\Dyuthi\smartnotes\build\app\intermediates\merged_native_libs\release\mergeReleaseNativeLibs\out\lib\x86_64\libflutter.so
[        ] Starting process 'command 'C:\Users\Dyuthi\AppData\Local\Android\sdk\ndk\28.2.13676358\toolchains\llvm\prebuilt\windows-x86_64\bin\llvm-strip''. Working directory: C:\Users\Dyuthi\smartnotes\android\app Command: C:\Users\Dyuthi\AppData\Local\Android\sdk\ndk\28.2.13676358\toolchains\llvm\prebuilt\windows-x86_64\bin\llvm-strip --strip-unneeded -o C:\Users\Dyuthi\smartnotes\build\app\intermediates\stripped_native_libs\release\stripReleaseDebugSymbols\out\lib\armeabi-v7a\libdartjni.so C:\Users\Dyuthi\smartnotes\build\app\intermediates\merged_native_libs\release\mergeReleaseNativeLibs\out\lib\armeabi-v7a\libdartjni.so
[        ] Starting process 'command 'C:\Users\Dyuthi\AppData\Local\Android\sdk\ndk\28.2.13676358\toolchains\llvm\prebuilt\windows-x86_64\bin\llvm-strip''. Working directory: C:\Users\Dyuthi\smartnotes\android\app Command: C:\Users\Dyuthi\AppData\Local\Android\sdk\ndk\28.2.13676358\toolchains\llvm\prebuilt\windows-x86_64\bin\llvm-strip --strip-unneeded -o C:\Users\Dyuthi\smartnotes\build\app\intermediates\stripped_native_libs\release\stripReleaseDebugSymbols\out\lib\arm64-v8a\libapp.so C:\Users\Dyuthi\smartnotes\build\app\intermediates\merged_native_libs\release\mergeReleaseNativeLibs\out\lib\arm64-v8a\libapp.so
[        ] Starting process 'command 'C:\Users\Dyuthi\AppData\Local\Android\sdk\ndk\28.2.13676358\toolchains\llvm\prebuilt\windows-x86_64\bin\llvm-strip''. Working directory: C:\Users\Dyuthi\smartnotes\android\app Command: C:\Users\Dyuthi\AppData\Local\Android\sdk\ndk\28.2.13676358\toolchains\llvm\prebuilt\windows-x86_64\bin\llvm-strip --strip-unneeded -o C:\Users\Dyuthi\smartnotes\build\app\intermediates\stripped_native_libs\release\stripReleaseDebugSymbols\out\lib\armeabi-v7a\libflutter.so C:\Users\Dyuthi\smartnotes\build\app\intermediates\merged_native_libs\release\mergeReleaseNativeLibs\out\lib\armeabi-v7a\libflutter.so
[        ] Starting process 'command 'C:\Users\Dyuthi\AppData\Local\Android\sdk\ndk\28.2.13676358\toolchains\llvm\prebuilt\windows-x86_64\bin\llvm-strip''. Working directory: C:\Users\Dyuthi\smartnotes\android\app Command: C:\Users\Dyuthi\AppData\Local\Android\sdk\ndk\28.2.13676358\toolchains\llvm\prebuilt\windows-x86_64\bin\llvm-strip --strip-unneeded -o C:\Users\Dyuthi\smartnotes\build\app\intermediates\stripped_native_libs\release\stripReleaseDebugSymbols\out\lib\x86_64\libdartjni.so C:\Users\Dyuthi\smartnotes\build\app\intermediates\merged_native_libs\release\mergeReleaseNativeLibs\out\lib\x86_64\libdartjni.so
[        ] Successfully started process 'command 'C:\Users\Dyuthi\AppData\Local\Android\sdk\ndk\28.2.13676358\toolchains\llvm\prebuilt\windows-x86_64\bin\llvm-strip''
[        ] Successfully started process 'command 'C:\Users\Dyuthi\AppData\Local\Android\sdk\ndk\28.2.13676358\toolchains\llvm\prebuilt\windows-x86_64\bin\llvm-strip''
[        ] Successfully started process 'command 'C:\Users\Dyuthi\AppData\Local\Android\sdk\ndk\28.2.13676358\toolchains\llvm\prebuilt\windows-x86_64\bin\llvm-strip''
[        ] Successfully started process 'command 'C:\Users\Dyuthi\AppData\Local\Android\sdk\ndk\28.2.13676358\toolchains\llvm\prebuilt\windows-x86_64\bin\llvm-strip''
[        ] Successfully started process 'command 'C:\Users\Dyuthi\AppData\Local\Android\sdk\ndk\28.2.13676358\toolchains\llvm\prebuilt\windows-x86_64\bin\llvm-strip''
[        ] Successfully started process 'command 'C:\Users\Dyuthi\AppData\Local\Android\sdk\ndk\28.2.13676358\toolchains\llvm\prebuilt\windows-x86_64\bin\llvm-strip''
[        ] Successfully started process 'command 'C:\Users\Dyuthi\AppData\Local\Android\sdk\ndk\28.2.13676358\toolchains\llvm\prebuilt\windows-x86_64\bin\llvm-strip''
[        ] Successfully started process 'command 'C:\Users\Dyuthi\AppData\Local\Android\sdk\ndk\28.2.13676358\toolchains\llvm\prebuilt\windows-x86_64\bin\llvm-strip''
[        ] Successfully started process 'command 'C:\Users\Dyuthi\AppData\Local\Android\sdk\ndk\28.2.13676358\toolchains\llvm\prebuilt\windows-x86_64\bin\llvm-strip''
[        ] Successfully started process 'command 'C:\Users\Dyuthi\AppData\Local\Android\sdk\ndk\28.2.13676358\toolchains\llvm\prebuilt\windows-x86_64\bin\llvm-strip''
[ +792 ms] > Task :camera_android:compileReleaseJavaWithJavac
[        ] Custom actions are attached to task ':camera_android:compileReleaseJavaWithJavac'.
[        ] Caching disabled for task ':camera_android:compileReleaseJavaWithJavac' because:
[        ]   Build cache is disabled
[        ] Task ':camera_android:compileReleaseJavaWithJavac' is not up-to-date because:
[        ]   Output property 'destinationDirectory' file C:\Users\Dyuthi\smartnotes\build\camera_android\intermediates\javac\release\compileReleaseJavaWithJavac\classes has been removed.
[        ]   Output property 'destinationDirectory' file C:\Users\Dyuthi\smartnotes\build\camera_android\intermediates\javac\release\compileReleaseJavaWithJavac\classes\io has been removed.
[        ]   Output property 'destinationDirectory' file C:\Users\Dyuthi\smartnotes\build\camera_android\intermediates\javac\release\compileReleaseJavaWithJavac\classes\io\flutter has been removed.
[        ]   and more...
[        ] The input changes require a full rebuild for incremental task ':camera_android:compileReleaseJavaWithJavac'.
[        ] Compilation mode: in-process compilation
[        ] Full recompilation is required because no incremental change information is available. This is usually caused by clean builds or changing compiler arguments.
[        ] Compiling with toolchain 'C:\Program Files\Android\Android Studio\jbr'.
[        ] file or directory 'C:\Users\Dyuthi\AppData\Local\Pub\Cache\hosted\pub.dev\camera_android-0.10.10+16\android\src\release\java', not found
[        ] Compiling with JDK Java compiler API.
[        ] Class dependency analysis for incremental compilation took 0.038 secs.
[        ] Created classpath snapshot for incremental compilation in 0.004 secs.
[        ] Resolve mutations for :app:extractReleaseNativeSymbolTables (Thread[#521,Execution worker Thread 5,5,main]) started.
[        ] :app:extractReleaseNativeSymbolTables (Thread[#521,Execution worker Thread 5,5,main]) started.
[        ] Resolve mutations for :camera_android:mergeReleaseGeneratedProguardFiles (Thread[#516,included builds,5,main]) started.
[        ] :camera_android:mergeReleaseGeneratedProguardFiles (Thread[#516,included builds,5,main]) started.
[        ] > Task :camera_android:mergeReleaseGeneratedProguardFiles UP-TO-DATE
[        ] Caching disabled for task ':camera_android:mergeReleaseGeneratedProguardFiles' because:
[        ]   Build cache is disabled
[        ]   Simple merging task
[        ] Skipping task ':camera_android:mergeReleaseGeneratedProguardFiles' as it is up-to-date.
[        ] Resolve mutations for :camera_android:exportReleaseConsumerProguardFiles (Thread[#525,Execution worker Thread 9,5,main]) started.
[        ] :camera_android:exportReleaseConsumerProguardFiles (Thread[#525,Execution worker Thread 9,5,main]) started.
[        ] > Task :camera_android:exportReleaseConsumerProguardFiles UP-TO-DATE
[        ] Caching disabled for task ':camera_android:exportReleaseConsumerProguardFiles' because:
[        ]   Build cache is disabled
[        ]   Caching has been disabled for the task
[        ] Skipping task ':camera_android:exportReleaseConsumerProguardFiles' as it is up-to-date.
[        ] work action resolve exportReleaseConsumerProguardFiles (project :camera_android) (Thread[#525,Execution worker Thread 9,5,main]) started.
[        ] FilterShrinkerRulesTransform (Thread[#525,Execution worker Thread 9,5,main]) started.
[        ] Resolve mutations for :file_picker:compileReleaseJavaWithJavac (Thread[#527,Execution worker Thread 11,5,main]) started.
[        ] :file_picker:compileReleaseJavaWithJavac (Thread[#527,Execution worker Thread 11,5,main]) started.
[ +309 ms] > Task :app:extractReleaseNativeSymbolTables
[        ] Caching disabled for task ':app:extractReleaseNativeSymbolTables' because:
[        ]   Build cache is disabled
[        ] Task ':app:extractReleaseNativeSymbolTables' is not up-to-date because:
[        ]   Output property 'outputDir' file C:\Users\Dyuthi\smartnotes\build\app\intermediates\native_symbol_tables\release\extractReleaseNativeSymbolTables\out has been removed.
[        ]   Output property 'outputDir' file C:\Users\Dyuthi\smartnotes\build\app\intermediates\native_symbol_tables\release\extractReleaseNativeSymbolTables\out\arm64-v8a has been removed.
[        ]   Output property 'outputDir' file C:\Users\Dyuthi\smartnotes\build\app\intermediates\native_symbol_tables\release\extractReleaseNativeSymbolTables\out\arm64-v8a\libdartjni.so.sym has been removed.
[        ]   and more...
[        ] C/C++: android.ndkVersion from module build.gradle is [28.2.13676358]
[        ] C/C++: android.ndkPath from module build.gradle is not set
[        ] C/C++: ndk.dir in local.properties is not set
[        ] C/C++: Not considering ANDROID_NDK_HOME because support was removed after deprecation period.
[        ] C/C++: sdkFolder is C:\Users\Dyuthi\AppData\Local\Android\sdk
[        ] Unable to extract native debug metadata from C:\Users\Dyuthi\smartnotes\build\app\intermediates\merged_native_libs\release\mergeReleaseNativeLibs\out\lib\arm64-v8a\libapp.so because the native debug metadata has already been stripped.
[        ] Unable to extract native debug metadata from C:\Users\Dyuthi\smartnotes\build\app\intermediates\merged_native_libs\release\mergeReleaseNativeLibs\out\lib\armeabi-v7a\libapp.so because the native debug metadata has already been stripped.
[        ] Unable to extract native debug metadata from C:\Users\Dyuthi\smartnotes\build\app\intermediates\merged_native_libs\release\mergeReleaseNativeLibs\out\lib\x86_64\libapp.so because the native debug metadata has already been stripped.
[        ] Starting process 'command 'C:\Users\Dyuthi\AppData\Local\Android\sdk\ndk\28.2.13676358\toolchains\llvm\prebuilt\windows-x86_64\bin\llvm-objcopy''. Working directory: C:\Users\Dyuthi\smartnotes\android\app Command: C:\Users\Dyuthi\AppData\Local\Android\sdk\ndk\28.2.13676358\toolchains\llvm\prebuilt\windows-x86_64\bin\llvm-objcopy --strip-debug C:\Users\Dyuthi\smartnotes\build\app\intermediates\merged_native_libs\release\mergeReleaseNativeLibs\out\lib\armeabi-v7a\libdartjni.so C:\Users\Dyuthi\smartnotes\build\app\intermediates\native_symbol_tables\release\extractReleaseNativeSymbolTables\out\armeabi-v7a\libdartjni.so.sym
[        ] Starting process 'command 'C:\Users\Dyuthi\AppData\Local\Android\sdk\ndk\28.2.13676358\toolchains\llvm\prebuilt\windows-x86_64\bin\llvm-objcopy''. Working directory: C:\Users\Dyuthi\smartnotes\android\app Command: C:\Users\Dyuthi\AppData\Local\Android\sdk\ndk\28.2.13676358\toolchains\llvm\prebuilt\windows-x86_64\bin\llvm-objcopy --strip-debug C:\Users\Dyuthi\smartnotes\build\app\intermediates\merged_native_libs\release\mergeReleaseNativeLibs\out\lib\x86_64\libdartjni.so C:\Users\Dyuthi\smartnotes\build\app\intermediates\native_symbol_tables\release\extractReleaseNativeSymbolTables\out\x86_64\libdartjni.so.sym
[        ] Starting process 'command 'C:\Users\Dyuthi\AppData\Local\Android\sdk\ndk\28.2.13676358\toolchains\llvm\prebuilt\windows-x86_64\bin\llvm-objcopy''. Working directory: C:\Users\Dyuthi\smartnotes\android\app Command: C:\Users\Dyuthi\AppData\Local\Android\sdk\ndk\28.2.13676358\toolchains\llvm\prebuilt\windows-x86_64\bin\llvm-objcopy --strip-debug C:\Users\Dyuthi\smartnotes\build\app\intermediates\merged_native_libs\release\mergeReleaseNativeLibs\out\lib\arm64-v8a\libflutter.so C:\Users\Dyuthi\smartnotes\build\app\intermediates\native_symbol_tables\release\extractReleaseNativeSymbolTables\out\arm64-v8a\libflutter.so.sym
[        ] Starting process 'command 'C:\Users\Dyuthi\AppData\Local\Android\sdk\ndk\28.2.13676358\toolchains\llvm\prebuilt\windows-x86_64\bin\llvm-objcopy''. Working directory: C:\Users\Dyuthi\smartnotes\android\app Command: C:\Users\Dyuthi\AppData\Local\Android\sdk\ndk\28.2.13676358\toolchains\llvm\prebuilt\windows-x86_64\bin\llvm-objcopy --strip-debug C:\Users\Dyuthi\smartnotes\build\app\intermediates\merged_native_libs\release\mergeReleaseNativeLibs\out\lib\x86\libdartjni.so C:\Users\Dyuthi\smartnotes\build\app\intermediates\native_symbol_tables\release\extractReleaseNativeSymbolTables\out\x86\libdartjni.so.sym
[        ] Starting process 'command 'C:\Users\Dyuthi\AppData\Local\Android\sdk\ndk\28.2.13676358\toolchains\llvm\prebuilt\windows-x86_64\bin\llvm-objcopy''. Working directory: C:\Users\Dyuthi\smartnotes\android\app Command: C:\Users\Dyuthi\AppData\Local\Android\sdk\ndk\28.2.13676358\toolchains\llvm\prebuilt\windows-x86_64\bin\llvm-objcopy --strip-debug C:\Users\Dyuthi\smartnotes\build\app\intermediates\merged_native_libs\release\mergeReleaseNativeLibs\out\lib\x86_64\libflutter.so C:\Users\Dyuthi\smartnotes\build\app\intermediates\native_symbol_tables\release\extractReleaseNativeSymbolTables\out\x86_64\libflutter.so.sym
[        ] Starting process 'command 'C:\Users\Dyuthi\AppData\Local\Android\sdk\ndk\28.2.13676358\toolchains\llvm\prebuilt\windows-x86_64\bin\llvm-objcopy''. Working directory: C:\Users\Dyuthi\smartnotes\android\app Command: C:\Users\Dyuthi\AppData\Local\Android\sdk\ndk\28.2.13676358\toolchains\llvm\prebuilt\windows-x86_64\bin\llvm-objcopy --strip-debug C:\Users\Dyuthi\smartnotes\build\app\intermediates\merged_native_libs\release\mergeReleaseNativeLibs\out\lib\armeabi-v7a\libflutter.so C:\Users\Dyuthi\smartnotes\build\app\intermediates\native_symbol_tables\release\extractReleaseNativeSymbolTables\out\armeabi-v7a\libflutter.so.sym
[        ] Starting process 'command 'C:\Users\Dyuthi\AppData\Local\Android\sdk\ndk\28.2.13676358\toolchains\llvm\prebuilt\windows-x86_64\bin\llvm-objcopy''. Working directory: C:\Users\Dyuthi\smartnotes\android\app Command: C:\Users\Dyuthi\AppData\Local\Android\sdk\ndk\28.2.13676358\toolchains\llvm\prebuilt\windows-x86_64\bin\llvm-objcopy --strip-debug C:\Users\Dyuthi\smartnotes\build\app\intermediates\merged_native_libs\release\mergeReleaseNativeLibs\out\lib\arm64-v8a\libdartjni.so C:\Users\Dyuthi\smartnotes\build\app\intermediates\native_symbol_tables\release\extractReleaseNativeSymbolTables\out\arm64-v8a\libdartjni.so.sym
[        ] Successfully started process 'command 'C:\Users\Dyuthi\AppData\Local\Android\sdk\ndk\28.2.13676358\toolchains\llvm\prebuilt\windows-x86_64\bin\llvm-objcopy''
[        ] Successfully started process 'command 'C:\Users\Dyuthi\AppData\Local\Android\sdk\ndk\28.2.13676358\toolchains\llvm\prebuilt\windows-x86_64\bin\llvm-objcopy''
[        ] Successfully started process 'command 'C:\Users\Dyuthi\AppData\Local\Android\sdk\ndk\28.2.13676358\toolchains\llvm\prebuilt\windows-x86_64\bin\llvm-objcopy''
[        ] Successfully started process 'command 'C:\Users\Dyuthi\AppData\Local\Android\sdk\ndk\28.2.13676358\toolchains\llvm\prebuilt\windows-x86_64\bin\llvm-objcopy''
[        ] Successfully started process 'command 'C:\Users\Dyuthi\AppData\Local\Android\sdk\ndk\28.2.13676358\toolchains\llvm\prebuilt\windows-x86_64\bin\llvm-objcopy''
[        ] Successfully started process 'command 'C:\Users\Dyuthi\AppData\Local\Android\sdk\ndk\28.2.13676358\toolchains\llvm\prebuilt\windows-x86_64\bin\llvm-objcopy''
[        ] Successfully started process 'command 'C:\Users\Dyuthi\AppData\Local\Android\sdk\ndk\28.2.13676358\toolchains\llvm\prebuilt\windows-x86_64\bin\llvm-objcopy''
[ +595 ms] > Task :file_picker:compileReleaseJavaWithJavac
[        ] Downloading https://dl.google.com/dl/android/maven2/androidx/annotation/annotation/1.0.2/annotation-1.0.2.pom to C:\Users\Dyuthi\.gradle\.tmp\gradle_download9279133345515099610bin
[        ] Downloading https://dl.google.com/dl/android/maven2/androidx/versionedparcelable/versionedparcelable/1.0.0/versionedparcelable-1.0.0.pom to C:\Users\Dyuthi\.gradle\.tmp\gradle_download3290466696088394704bin
[        ] Downloading https://dl.google.com/dl/android/maven2/androidx/lifecycle/lifecycle-common/2.1.0/lifecycle-common-2.1.0.pom to C:\Users\Dyuthi\.gradle\.tmp\gradle_download8282028935637868719bin
[        ] Custom actions are attached to task ':file_picker:compileReleaseJavaWithJavac'.
[        ] Caching disabled for task ':file_picker:compileReleaseJavaWithJavac' because:
[        ]   Build cache is disabled
[        ] Task ':file_picker:compileReleaseJavaWithJavac' is not up-to-date because:
[        ]   No history is available.
[        ] The input changes require a full rebuild for incremental task ':file_picker:compileReleaseJavaWithJavac'.
[        ] Java compiler version 21 has deprecated support for compiling with source/target version 8.
[        ] Try one of the following options:
[        ]     1. [Recommended] Use Java toolchain with a lower language version
[        ]     2. Set a higher source/target version
[        ]     3. Use a lower version of the JDK running the build (if you're not using Java toolchain)
[        ] For more details on how to configure these settings, see https://developer.android.com/build/jdks.
[        ] To suppress this warning, set android.javaCompile.suppressSourceTargetDeprecationWarning=true in gradle.properties.
[        ] Compilation mode: in-process compilation
[        ] Full recompilation is required because no incremental change information is available. This is usually caused by clean builds or changing compiler arguments.
[        ] Compiling with toolchain 'C:\Program Files\Android\Android Studio\jbr'.
[        ] file or directory 'C:\Users\Dyuthi\AppData\Local\Pub\Cache\hosted\pub.dev\file_picker-8.3.7\android\src\release\java', not found
[        ] Compiling with JDK Java compiler API.
[        ] Class dependency analysis for incremental compilation took 0.005 secs.
[        ] Created classpath snapshot for incremental compilation in 0.002 secs.
[        ] Resolve mutations for :app:mergeReleaseNativeDebugMetadata (Thread[#527,Execution worker Thread 11,5,main]) started.
[        ] :app:mergeReleaseNativeDebugMetadata (Thread[#527,Execution worker Thread 11,5,main]) started.
[        ] Resolve mutations for :file_picker:mergeReleaseGeneratedProguardFiles (Thread[#531,Execution worker Thread 15,5,main]) started.
[        ] :file_picker:mergeReleaseGeneratedProguardFiles (Thread[#531,Execution worker Thread 15,5,main]) started.
[        ] > Task :file_picker:mergeReleaseGeneratedProguardFiles
[        ] Caching disabled for task ':file_picker:mergeReleaseGeneratedProguardFiles' because:
[        ]   Build cache is disabled
[        ]   Simple merging task
[        ] Task ':file_picker:mergeReleaseGeneratedProguardFiles' is not up-to-date because:
[        ]   No history is available.
[        ] Resolve mutations for :file_picker:exportReleaseConsumerProguardFiles (Thread[#531,Execution worker Thread 15,5,main]) started.
[        ] :file_picker:exportReleaseConsumerProguardFiles (Thread[#531,Execution worker Thread 15,5,main]) started.
[        ] Resolve mutations for :image_picker_android:parseReleaseLocalResources (Thread[#521,Execution worker Thread 5,5,main]) started.
[        ] :image_picker_android:parseReleaseLocalResources (Thread[#521,Execution worker Thread 5,5,main]) started.
flutter : [        ] warning: [options] source value 8 is obsolete and will be 
removed in a future release
At line:1 char:1
+ flutter build apk --verbose 2>&1 | Tee-Object -FilePath build_output. ...
+ ~~~~~~~~~~~~~~~~~~~~~~~~~~~~~~~~
    + CategoryInfo          : NotSpecified: ([        ] warn... future release 
   :String) [], RemoteException
    + FullyQualifiedErrorId : NativeCommandError
 
[        ] warning: [options] target value 8 is obsolete and will be removed 
in a future release
[        ] warning: [options] To suppress warnings about obsolete options, use 
-Xlint:-options.
[        ] 3 warnings
[        ] > Task :file_picker:exportReleaseConsumerProguardFiles
[        ] Caching disabled for task ':file_picker:exportReleaseConsumerProguardFiles' because:
[        ]   Build cache is disabled
[        ]   Caching has been disabled for the task
[        ] Task ':file_picker:exportReleaseConsumerProguardFiles' is not up-to-date because:
[        ]   No history is available.
[        ] work action resolve exportReleaseConsumerProguardFiles (project :file_picker) (Thread[#531,Execution worker Thread 15,5,main]) started.
[        ] FilterShrinkerRulesTransform (Thread[#531,Execution worker Thread 15,5,main]) started.
[        ] Resolve mutations for :image_picker_android:javaPreCompileRelease (Thread[#524,Execution worker Thread 8,5,main]) started.
[        ] :image_picker_android:javaPreCompileRelease (Thread[#524,Execution worker Thread 8,5,main]) started.
[        ] Resolve mutations for :flutter_plugin_android_lifecycle:mergeReleaseGeneratedProguardFiles (Thread[#531,Execution worker Thread 15,5,main]) started.
[        ] :flutter_plugin_android_lifecycle:mergeReleaseGeneratedProguardFiles (Thread[#531,Execution worker Thread 15,5,main]) started.
[        ] > Task :image_picker_android:javaPreCompileRelease
[        ] Caching disabled for task ':image_picker_android:javaPreCompileRelease' because:
[        ]   Build cache is disabled
[        ] Task ':image_picker_android:javaPreCompileRelease' is not up-to-date because:
[        ]   Output property 'annotationProcessorListFile' file C:\Users\Dyuthi\smartnotes\build\image_picker_android\intermediates\annotation_processor_list\release\javaPreCompileRelease\annotationProcessors.json has been removed.
[        ] > Task :flutter_plugin_android_lifecycle:mergeReleaseGeneratedProguardFiles UP-TO-DATE
[        ] Caching disabled for task ':flutter_plugin_android_lifecycle:mergeReleaseGeneratedProguardFiles' because:
[        ]   Build cache is disabled
[        ]   Simple merging task
[        ] Skipping task ':flutter_plugin_android_lifecycle:mergeReleaseGeneratedProguardFiles' as it is up-to-date.
[        ] Resolve mutations for :flutter_plugin_android_lifecycle:exportReleaseConsumerProguardFiles (Thread[#531,Execution worker Thread 15,5,main]) started.
[        ] :flutter_plugin_android_lifecycle:exportReleaseConsumerProguardFiles (Thread[#531,Execution worker Thread 15,5,main]) started.
[        ] Resolve mutations for :jni:generateReleaseResValues (Thread[#526,Execution worker Thread 10,5,main]) started.
[        ] :jni:generateReleaseResValues (Thread[#526,Execution worker Thread 10,5,main]) started.
[        ] > Task :jni:generateReleaseResValues
[        ] Caching disabled for task ':jni:generateReleaseResValues' because:
[        ]   Build cache is disabled
[        ] Task ':jni:generateReleaseResValues' is not up-to-date because:
[        ]   Output property 'outputDirectory' file C:\Users\Dyuthi\smartnotes\build\jni\generated\res\resValues\release has been removed.
[        ] Resolve mutations for :jni:generateReleaseResources (Thread[#526,Execution worker Thread 10,5,main]) started.
[        ] :jni:generateReleaseResources (Thread[#526,Execution worker Thread 10,5,main]) started.
[        ] > Task :flutter_plugin_android_lifecycle:exportReleaseConsumerProguardFiles
[        ] Caching disabled for task ':flutter_plugin_android_lifecycle:exportReleaseConsumerProguardFiles' because:
[        ]   Build cache is disabled
[        ]   Caching has been disabled for the task
[        ] Task ':flutter_plugin_android_lifecycle:exportReleaseConsumerProguardFiles' is not up-to-date because:
[        ]   Output property 'outputDir' file C:\Users\Dyuthi\smartnotes\build\flutter_plugin_android_lifecycle\intermediates\consumer_proguard_dir\release\exportReleaseConsumerProguardFiles has been removed.
[        ]   Output property 'outputDir' file C:\Users\Dyuthi\smartnotes\build\flutter_plugin_android_lifecycle\intermediates\consumer_proguard_dir\release\exportReleaseConsumerProguardFiles\lib0 has been removed.
[        ]   Output property 'outputDir' file C:\Users\Dyuthi\smartnotes\build\flutter_plugin_android_lifecycle\intermediates\consumer_proguard_dir\release\exportReleaseConsumerProguardFiles\lib0\proguard.txt has been removed.
[        ] > Task :image_picker_android:parseReleaseLocalResources
[        ] Caching disabled for task ':image_picker_android:parseReleaseLocalResources' because:
[        ]   Build cache is disabled
[        ] Task ':image_picker_android:parseReleaseLocalResources' is not up-to-date because:
[        ]   Output property 'librarySymbolsFile' file C:\Users\Dyuthi\smartnotes\build\image_picker_android\intermediates\local_only_symbol_list\release\parseReleaseLocalResources\R-def.txt has been removed.
[        ] The input changes require a full rebuild for incremental task ':image_picker_android:parseReleaseLocalResources'.
[        ] > Task :jni:generateReleaseResources
[        ] Caching disabled for task ':jni:generateReleaseResources' because:
[        ]   Build cache is disabled
[        ] Task ':jni:generateReleaseResources' is not up-to-date because:
[        ]   Output property 'validationReportFile' file C:\Users\Dyuthi\smartnotes\build\jni\intermediates\nested_resources_validation_report\release\generateReleaseResources\nestedResourcesValidationReport.txt has been removed.
[        ] work action resolve exportReleaseConsumerProguardFiles (project :flutter_plugin_android_lifecycle) (Thread[#526,Execution worker Thread 10,5,main]) started.
[        ] Resolve mutations for :image_picker_android:generateReleaseRFile (Thread[#526,Execution worker Thread 10,5,main]) started.
[        ] FilterShrinkerRulesTransform (Thread[#525,Execution worker Thread 9,5,main]) started.
[        ] :image_picker_android:generateReleaseRFile (Thread[#526,Execution worker Thread 10,5,main]) started.
[        ] Resolve mutations for :jni:packageReleaseResources (Thread[#516,included builds,5,main]) started.
[        ] :jni:packageReleaseResources (Thread[#516,included builds,5,main]) started.
[        ] > Task :image_picker_android:generateReleaseRFile
[        ] Caching disabled for task ':image_picker_android:generateReleaseRFile' because:
[        ]   Build cache is disabled
[        ] Task ':image_picker_android:generateReleaseRFile' is not up-to-date because:
[        ]   Output property 'RClassOutputJar' file C:\Users\Dyuthi\smartnotes\build\image_picker_android\intermediates\compile_r_class_jar\release\generateReleaseRFile\R.jar has been removed.
[        ]   Output property 'symbolsWithPackageNameOutputFile' file C:\Users\Dyuthi\smartnotes\build\image_picker_android\intermediates\symbol_list_with_package_name\release\generateReleaseRFile\package-aware-r.txt has been removed.
[        ]   Output property 'textSymbolOutputFileProperty' file C:\Users\Dyuthi\smartnotes\build\image_picker_android\intermediates\compile_symbol_list\release\generateReleaseRFile\R.txt has been removed.
[        ] The input changes require a full rebuild for incremental task ':image_picker_android:generateReleaseRFile'.
[  +85 ms] > Task :jni:packageReleaseResources
[        ] Caching disabled for task ':jni:packageReleaseResources' because:
[        ]   Build cache is disabled
[        ] Task ':jni:packageReleaseResources' is not up-to-date because:
[        ]   Output property 'dataBindingLayoutInfoOutFolder' file C:\Users\Dyuthi\smartnotes\build\jni\intermediates\data_binding_layout_info_type_package\release\packageReleaseResources\out has been removed.
[        ]   Output property 'generatedPngsOutputDir' file C:\Users\Dyuthi\smartnotes\build\jni\generated\res\pngs\release has been removed.
[        ]   Output property 'incrementalFolder' file C:\Users\Dyuthi\smartnotes\build\jni\intermediates\incremental\release\packageReleaseResources has been removed.
[        ]   and more...
[        ] The input changes require a full rebuild for incremental task ':jni:packageReleaseResources'.
[        ] [MergeResources] Inputs are non-incremental full task action.
[        ] work action resolve packageReleaseResources (project :jni) (Thread[#516,included builds,5,main]) started.
[        ] work action resolve package-aware-r.txt (project :image_picker_android) (Thread[#516,included builds,5,main]) started.
[        ] Resolve mutations for :image_picker_android:compileReleaseJavaWithJavac (Thread[#516,included builds,5,main]) started.
[        ] :image_picker_android:compileReleaseJavaWithJavac (Thread[#516,included builds,5,main]) started.
[ +310 ms] > Task :image_picker_android:compileReleaseJavaWithJavac
[        ] Custom actions are attached to task ':image_picker_android:compileReleaseJavaWithJavac'.
[        ] Caching disabled for task ':image_picker_android:compileReleaseJavaWithJavac' because:
[        ]   Build cache is disabled
[        ] Task ':image_picker_android:compileReleaseJavaWithJavac' is not up-to-date because:
[        ]   Output property 'destinationDirectory' file C:\Users\Dyuthi\smartnotes\build\image_picker_android\intermediates\javac\release\compileReleaseJavaWithJavac\classes has been removed.
[        ]   Output property 'destinationDirectory' file C:\Users\Dyuthi\smartnotes\build\image_picker_android\intermediates\javac\release\compileReleaseJavaWithJavac\classes\io has been removed.
[        ]   Output property 'destinationDirectory' file C:\Users\Dyuthi\smartnotes\build\image_picker_android\intermediates\javac\release\compileReleaseJavaWithJavac\classes\io\flutter has been removed.
[        ]   and more...
[        ] The input changes require a full rebuild for incremental task ':image_picker_android:compileReleaseJavaWithJavac'.
[        ] Compilation mode: in-process compilation
[        ] Full recompilation is required because no incremental change information is available. This is usually caused by clean builds or changing compiler arguments.
[        ] Compiling with toolchain 'C:\Program Files\Android\Android Studio\jbr'.
[        ] file or directory 'C:\Users\Dyuthi\AppData\Local\Pub\Cache\hosted\pub.dev\image_picker_android-0.8.13+16\android\src\release\java', not found
[        ] Compiling with JDK Java compiler API.
[        ] Class dependency analysis for incremental compilation took 0.013 secs.
[        ] Created classpath snapshot for incremental compilation in 0.01 secs.
[        ] Resolve mutations for :image_picker_android:mergeReleaseGeneratedProguardFiles (Thread[#516,included builds,5,main]) started.
[        ] :image_picker_android:mergeReleaseGeneratedProguardFiles (Thread[#516,included builds,5,main]) started.
[        ] > Task :image_picker_android:mergeReleaseGeneratedProguardFiles UP-TO-DATE
[        ] Caching disabled for task ':image_picker_android:mergeReleaseGeneratedProguardFiles' because:
[        ]   Build cache is disabled
[        ]   Simple merging task
[        ] Skipping task ':image_picker_android:mergeReleaseGeneratedProguardFiles' as it is up-to-date.
[        ] Resolve mutations for :image_picker_android:exportReleaseConsumerProguardFiles (Thread[#516,included builds,5,main]) started.
[        ] :image_picker_android:exportReleaseConsumerProguardFiles (Thread[#516,included builds,5,main]) started.
[        ] > Task :image_picker_android:exportReleaseConsumerProguardFiles UP-TO-DATE
[        ] Caching disabled for task ':image_picker_android:exportReleaseConsumerProguardFiles' because:
[        ]   Build cache is disabled
[        ]   Caching has been disabled for the task
[        ] Skipping task ':image_picker_android:exportReleaseConsumerProguardFiles' as it is up-to-date.
[        ] work action resolve exportReleaseConsumerProguardFiles (project :image_picker_android) (Thread[#516,included builds,5,main]) started.
[        ] FilterShrinkerRulesTransform (Thread[#529,Execution worker Thread 13,5,main]) started.
[        ] Resolve mutations for :jni:parseReleaseLocalResources (Thread[#519,Execution worker Thread 3,5,main]) started.
[        ] :jni:parseReleaseLocalResources (Thread[#519,Execution worker Thread 3,5,main]) started.
[        ] Resolve mutations for :jni:javaPreCompileRelease (Thread[#529,Execution worker Thread 13,5,main]) started.
[        ] :jni:javaPreCompileRelease (Thread[#529,Execution worker Thread 13,5,main]) started.
[  +91 ms] Resolve mutations for :jni_flutter:generateReleaseResValues (Thread[#523,Execution worker Thread 7,5,main]) started.
[        ] :jni_flutter:generateReleaseResValues (Thread[#523,Execution worker Thread 7,5,main]) started.
[        ] > Task :jni:javaPreCompileRelease
[        ] Caching disabled for task ':jni:javaPreCompileRelease' because:
[        ]   Build cache is disabled
[        ] Task ':jni:javaPreCompileRelease' is not up-to-date because:
[        ]   Output property 'annotationProcessorListFile' file C:\Users\Dyuthi\smartnotes\build\jni\intermediates\annotation_processor_list\release\javaPreCompileRelease\annotationProcessors.json has been removed.
[        ] > Task :jni:parseReleaseLocalResources
[        ] Caching disabled for task ':jni:parseReleaseLocalResources' because:
[        ]   Build cache is disabled
[        ] Task ':jni:parseReleaseLocalResources' is not up-to-date because:
[        ]   Output property 'librarySymbolsFile' file C:\Users\Dyuthi\smartnotes\build\jni\intermediates\local_only_symbol_list\release\parseReleaseLocalResources\R-def.txt has been removed.
[        ] The input changes require a full rebuild for incremental task ':jni:parseReleaseLocalResources'.
[        ] > Task :jni_flutter:generateReleaseResValues
[        ] Caching disabled for task ':jni_flutter:generateReleaseResValues' because:
[        ]   Build cache is disabled
[        ] Task ':jni_flutter:generateReleaseResValues' is not up-to-date because:
[        ]   Output property 'outputDirectory' file C:\Users\Dyuthi\smartnotes\build\jni_flutter\generated\res\resValues\release has been removed.
[        ] Resolve mutations for :jni:generateReleaseRFile (Thread[#523,Execution worker Thread 7,5,main]) started.
[        ] :jni:generateReleaseRFile (Thread[#523,Execution worker Thread 7,5,main]) started.
[        ] Resolve mutations for :jni_flutter:generateReleaseResources (Thread[#519,Execution worker Thread 3,5,main]) started.
[        ] :jni_flutter:generateReleaseResources (Thread[#519,Execution worker Thread 3,5,main]) started.
[        ] > Task :jni:generateReleaseRFile
[        ] Caching disabled for task ':jni:generateReleaseRFile' because:
[        ]   Build cache is disabled
[        ] Task ':jni:generateReleaseRFile' is not up-to-date because:
[        ]   Output property 'RClassOutputJar' file C:\Users\Dyuthi\smartnotes\build\jni\intermediates\compile_r_class_jar\release\generateReleaseRFile\R.jar has been removed.
[        ]   Output property 'symbolsWithPackageNameOutputFile' file C:\Users\Dyuthi\smartnotes\build\jni\intermediates\symbol_list_with_package_name\release\generateReleaseRFile\package-aware-r.txt has been removed.
[        ]   Output property 'textSymbolOutputFileProperty' file C:\Users\Dyuthi\smartnotes\build\jni\intermediates\compile_symbol_list\release\generateReleaseRFile\R.txt has been removed.
[        ] The input changes require a full rebuild for incremental task ':jni:generateReleaseRFile'.
[        ] > Task :jni_flutter:generateReleaseResources
[        ] Caching disabled for task ':jni_flutter:generateReleaseResources' because:
[        ]   Build cache is disabled
[        ] Task ':jni_flutter:generateReleaseResources' is not up-to-date because:
[        ]   Output property 'validationReportFile' file C:\Users\Dyuthi\smartnotes\build\jni_flutter\intermediates\nested_resources_validation_report\release\generateReleaseResources\nestedResourcesValidationReport.txt has been removed.
[        ] work action resolve package-aware-r.txt (project :jni) (Thread[#519,Execution worker Thread 3,5,main]) started.
[        ] Resolve mutations for :jni:compileReleaseJavaWithJavac (Thread[#530,Execution worker Thread 14,5,main]) started.
[        ] :jni:compileReleaseJavaWithJavac (Thread[#530,Execution worker Thread 14,5,main]) started.
[ +296 ms] > Task :jni:compileReleaseJavaWithJavac
[        ] Custom actions are attached to task ':jni:compileReleaseJavaWithJavac'.
[        ] Caching disabled for task ':jni:compileReleaseJavaWithJavac' because:
[        ]   Build cache is disabled
[        ] Task ':jni:compileReleaseJavaWithJavac' is not up-to-date because:
[        ]   Output property 'destinationDirectory' file C:\Users\Dyuthi\smartnotes\build\jni\intermediates\javac\release\compileReleaseJavaWithJavac\classes has been removed.
[        ]   Output property 'destinationDirectory' file C:\Users\Dyuthi\smartnotes\build\jni\intermediates\javac\release\compileReleaseJavaWithJavac\classes\com has been removed.
[        ]   Output property 'destinationDirectory' file C:\Users\Dyuthi\smartnotes\build\jni\intermediates\javac\release\compileReleaseJavaWithJavac\classes\com\github has been removed.
[        ]   and more...
[        ] The input changes require a full rebuild for incremental task ':jni:compileReleaseJavaWithJavac'.
[        ] Compilation mode: in-process compilation
[        ] Full recompilation is required because no incremental change information is available. This is usually caused by clean builds or changing compiler arguments.
[        ] Compiling with toolchain 'C:\Program Files\Android\Android Studio\jbr'.
[        ] file or directory 'C:\Users\Dyuthi\AppData\Local\Pub\Cache\hosted\pub.dev\jni-1.0.0\android\src\release\java', not found
[        ] Compiling with JDK Java compiler API.
[        ] Class dependency analysis for incremental compilation took 0.002 secs.
[        ] Created classpath snapshot for incremental compilation in 0.013 secs.
[        ] Resolve mutations for :jni:bundleLibCompileToJarRelease (Thread[#530,Execution worker Thread 14,5,main]) started.
[        ] :jni:bundleLibCompileToJarRelease (Thread[#530,Execution worker Thread 14,5,main]) started.
[        ] Resolve mutations for :jni_flutter:packageReleaseResources (Thread[#523,Execution worker Thread 7,5,main]) started.
[        ] :jni_flutter:packageReleaseResources (Thread[#523,Execution worker Thread 7,5,main]) started.
[        ] > Task :jni:bundleLibCompileToJarRelease
[        ] Caching disabled for task ':jni:bundleLibCompileToJarRelease' because:
[        ]   Build cache is disabled
[        ]   Simple merging task
[        ] Task ':jni:bundleLibCompileToJarRelease' is not up-to-date because:
[        ]   Output property 'output' file C:\Users\Dyuthi\smartnotes\build\jni\intermediates\compile_library_classes_jar\release\bundleLibCompileToJarRelease\classes.jar has been removed.
[        ] > Task :jni_flutter:packageReleaseResources
[        ] Caching disabled for task ':jni_flutter:packageReleaseResources' because:
[        ]   Build cache is disabled
[        ] Task ':jni_flutter:packageReleaseResources' is not up-to-date because:
[        ]   Output property 'dataBindingLayoutInfoOutFolder' file C:\Users\Dyuthi\smartnotes\build\jni_flutter\intermediates\data_binding_layout_info_type_package\release\packageReleaseResources\out has been removed.
[        ]   Output property 'generatedPngsOutputDir' file C:\Users\Dyuthi\smartnotes\build\jni_flutter\generated\res\pngs\release has been removed.
[        ]   Output property 'incrementalFolder' file C:\Users\Dyuthi\smartnotes\build\jni_flutter\intermediates\incremental\release\packageReleaseResources has been removed.
[        ]   and more...
[        ] The input changes require a full rebuild for incremental task ':jni_flutter:packageReleaseResources'.
[        ] [MergeResources] Inputs are non-incremental full task action.
[        ] work action resolve classes.jar (project :jni) (Thread[#523,Execution worker Thread 7,5,main]) started.
[        ] work action resolve packageReleaseResources (project :jni_flutter) (Thread[#523,Execution worker Thread 7,5,main]) started.
[        ] Resolve mutations for :jni_flutter:parseReleaseLocalResources (Thread[#523,Execution worker Thread 7,5,main]) started.
[ +108 ms] :jni_flutter:parseReleaseLocalResources (Thread[#523,Execution worker Thread 7,5,main]) started.
[        ] Resolve mutations for :jni_flutter:javaPreCompileRelease (Thread[#528,Execution worker Thread 12,5,main]) started.
[        ] :jni_flutter:javaPreCompileRelease (Thread[#528,Execution worker Thread 12,5,main]) started.
[        ] Resolve mutations for :jni:mergeReleaseGeneratedProguardFiles (Thread[#531,Execution worker Thread 15,5,main]) started.
[        ] :jni:mergeReleaseGeneratedProguardFiles (Thread[#531,Execution worker Thread 15,5,main]) started.
[        ] > Task :jni_flutter:parseReleaseLocalResources
[        ] Caching disabled for task ':jni_flutter:parseReleaseLocalResources' because:
[        ]   Build cache is disabled
[        ] Task ':jni_flutter:parseReleaseLocalResources' is not up-to-date because:
[        ]   Output property 'librarySymbolsFile' file C:\Users\Dyuthi\smartnotes\build\jni_flutter\intermediates\local_only_symbol_list\release\parseReleaseLocalResources\R-def.txt has been removed.
[        ] The input changes require a full rebuild for incremental task ':jni_flutter:parseReleaseLocalResources'.
[        ] > Task :jni_flutter:javaPreCompileRelease
[        ] Caching disabled for task ':jni_flutter:javaPreCompileRelease' because:
[        ]   Build cache is disabled
[        ] Task ':jni_flutter:javaPreCompileRelease' is not up-to-date because:
[        ]   Output property 'annotationProcessorListFile' file C:\Users\Dyuthi\smartnotes\build\jni_flutter\intermediates\annotation_processor_list\release\javaPreCompileRelease\annotationProcessors.json has been removed.
[        ] > Task :jni:mergeReleaseGeneratedProguardFiles UP-TO-DATE
[        ] Caching disabled for task ':jni:mergeReleaseGeneratedProguardFiles' because:
[        ]   Build cache is disabled
[        ]   Simple merging task
[        ] Skipping task ':jni:mergeReleaseGeneratedProguardFiles' as it is up-to-date.
[        ] Resolve mutations for :jni_flutter:generateReleaseRFile (Thread[#531,Execution worker Thread 15,5,main]) started.
[        ] :jni_flutter:generateReleaseRFile (Thread[#531,Execution worker Thread 15,5,main]) started.
[        ] Resolve mutations for :jni:exportReleaseConsumerProguardFiles (Thread[#529,Execution worker Thread 13,5,main]) started.
[        ] :jni:exportReleaseConsumerProguardFiles (Thread[#529,Execution worker Thread 13,5,main]) started.
[        ] Resolve mutations for :record_android:checkKotlinGradlePluginConfigurationErrors (Thread[#517,Execution worker,5,main]) started.
[        ] :record_android:checkKotlinGradlePluginConfigurationErrors (Thread[#517,Execution worker,5,main]) started.
[        ] > Task :record_android:checkKotlinGradlePluginConfigurationErrors SKIPPED
[        ] Skipping task ':record_android:checkKotlinGradlePluginConfigurationErrors' as task onlyIf 'errorDiagnostics are present' is false.
[        ] Resolve mutations for :record_android:generateReleaseResValues (Thread[#517,Execution worker,5,main]) started.
[        ] :record_android:generateReleaseResValues (Thread[#517,Execution worker,5,main]) started.
[        ] > Task :jni_flutter:generateReleaseRFile
[        ] Caching disabled for task ':jni_flutter:generateReleaseRFile' because:
[        ]   Build cache is disabled
[        ] Task ':jni_flutter:generateReleaseRFile' is not up-to-date because:
[        ]   Output property 'RClassOutputJar' file C:\Users\Dyuthi\smartnotes\build\jni_flutter\intermediates\compile_r_class_jar\release\generateReleaseRFile\R.jar has been removed.
[        ]   Output property 'symbolsWithPackageNameOutputFile' file C:\Users\Dyuthi\smartnotes\build\jni_flutter\intermediates\symbol_list_with_package_name\release\generateReleaseRFile\package-aware-r.txt has been removed.
[        ]   Output property 'textSymbolOutputFileProperty' file C:\Users\Dyuthi\smartnotes\build\jni_flutter\intermediates\compile_symbol_list\release\generateReleaseRFile\R.txt has been removed.
[        ] The input changes require a full rebuild for incremental task ':jni_flutter:generateReleaseRFile'.
[        ] > Task :record_android:generateReleaseResValues
[        ] Caching disabled for task ':record_android:generateReleaseResValues' because:
[        ]   Build cache is disabled
[        ] Task ':record_android:generateReleaseResValues' is not up-to-date because:
[        ]   Output property 'outputDirectory' file C:\Users\Dyuthi\smartnotes\build\record_android\generated\res\resValues\release has been removed.
[        ] work action resolve package-aware-r.txt (project :jni_flutter) (Thread[#517,Execution worker,5,main]) started.
[        ] Resolve mutations for :jni_flutter:compileReleaseJavaWithJavac (Thread[#517,Execution worker,5,main]) started.
[        ] :jni_flutter:compileReleaseJavaWithJavac (Thread[#517,Execution worker,5,main]) started.
[        ] > Task :jni:exportReleaseConsumerProguardFiles
[        ] Caching disabled for task ':jni:exportReleaseConsumerProguardFiles' because:
[        ]   Build cache is disabled
[        ]   Caching has been disabled for the task
[        ] Task ':jni:exportReleaseConsumerProguardFiles' is not up-to-date because:
[        ]   Output property 'outputDir' file C:\Users\Dyuthi\smartnotes\build\jni\intermediates\consumer_proguard_dir\release\exportReleaseConsumerProguardFiles has been removed.
[        ]   Output property 'outputDir' file C:\Users\Dyuthi\smartnotes\build\jni\intermediates\consumer_proguard_dir\release\exportReleaseConsumerProguardFiles\lib0 has been removed.
[        ]   Output property 'outputDir' file C:\Users\Dyuthi\smartnotes\build\jni\intermediates\consumer_proguard_dir\release\exportReleaseConsumerProguardFiles\lib0\proguard.txt has been removed.
[  +91 ms] work action resolve exportReleaseConsumerProguardFiles (project :jni) (Thread[#529,Execution worker Thread 13,5,main]) started.
[        ] FilterShrinkerRulesTransform (Thread[#529,Execution worker Thread 13,5,main]) started.
[        ] > Task :jni_flutter:compileReleaseJavaWithJavac
[        ] Custom actions are attached to task ':jni_flutter:compileReleaseJavaWithJavac'.
[        ] Caching disabled for task ':jni_flutter:compileReleaseJavaWithJavac' because:
[        ]   Build cache is disabled
[        ] Task ':jni_flutter:compileReleaseJavaWithJavac' is not up-to-date because:
[        ]   Output property 'destinationDirectory' file C:\Users\Dyuthi\smartnotes\build\jni_flutter\intermediates\javac\release\compileReleaseJavaWithJavac\classes has been removed.
[        ]   Output property 'destinationDirectory' file C:\Users\Dyuthi\smartnotes\build\jni_flutter\intermediates\javac\release\compileReleaseJavaWithJavac\classes\com has been removed.
[        ]   Output property 'destinationDirectory' file C:\Users\Dyuthi\smartnotes\build\jni_flutter\intermediates\javac\release\compileReleaseJavaWithJavac\classes\com\github has been removed.
[        ]   and more...
[        ] The input changes require a full rebuild for incremental task ':jni_flutter:compileReleaseJavaWithJavac'.
[        ] Compilation mode: in-process compilation
[        ] Full recompilation is required because no incremental change information is available. This is usually caused by clean builds or changing compiler arguments.
[        ] Compiling with toolchain 'C:\Program Files\Android\Android Studio\jbr'.
[        ] file or directory 'C:\Users\Dyuthi\AppData\Local\Pub\Cache\hosted\pub.dev\jni_flutter-1.0.1\android\src\release\java', not found
[        ] Compiling with JDK Java compiler API.
[        ] Class dependency analysis for incremental compilation took 0.001 secs.
[        ] Created classpath snapshot for incremental compilation in 0.003 secs.
[        ] Resolve mutations for :jni_flutter:mergeReleaseGeneratedProguardFiles (Thread[#517,Execution worker,5,main]) started.
[        ] :jni_flutter:mergeReleaseGeneratedProguardFiles (Thread[#517,Execution worker,5,main]) started.
[        ] > Task :jni_flutter:mergeReleaseGeneratedProguardFiles UP-TO-DATE
[        ] Caching disabled for task ':jni_flutter:mergeReleaseGeneratedProguardFiles' because:
[        ]   Build cache is disabled
[        ]   Simple merging task
[        ] Skipping task ':jni_flutter:mergeReleaseGeneratedProguardFiles' as it is up-to-date.
[        ] Resolve mutations for :jni_flutter:exportReleaseConsumerProguardFiles (Thread[#517,Execution worker,5,main]) started.
[        ] :jni_flutter:exportReleaseConsumerProguardFiles (Thread[#520,Execution worker Thread 4,5,main]) started.
[        ] Resolve mutations for :record_android:generateReleaseResources (Thread[#517,Execution worker,5,main]) started.
[        ] :record_android:generateReleaseResources (Thread[#517,Execution worker,5,main]) started.
[        ] > Task :jni_flutter:exportReleaseConsumerProguardFiles
[        ] Caching disabled for task ':jni_flutter:exportReleaseConsumerProguardFiles' because:
[        ]   Build cache is disabled
[        ]   Caching has been disabled for the task
[        ] Task ':jni_flutter:exportReleaseConsumerProguardFiles' is not up-to-date because:
[        ]   Output property 'outputDir' file C:\Users\Dyuthi\smartnotes\build\jni_flutter\intermediates\consumer_proguard_dir\release\exportReleaseConsumerProguardFiles has been removed.
[        ]   Output property 'outputDir' file C:\Users\Dyuthi\smartnotes\build\jni_flutter\intermediates\consumer_proguard_dir\release\exportReleaseConsumerProguardFiles\lib0 has been removed.
[        ]   Output property 'outputDir' file C:\Users\Dyuthi\smartnotes\build\jni_flutter\intermediates\consumer_proguard_dir\release\exportReleaseConsumerProguardFiles\lib0\proguard.txt has been removed.
[        ] > Task :record_android:generateReleaseResources
[        ] Caching disabled for task ':record_android:generateReleaseResources' because:
[        ]   Build cache is disabled
[        ] Task ':record_android:generateReleaseResources' is not up-to-date because:
[        ]   Output property 'validationReportFile' file C:\Users\Dyuthi\smartnotes\build\record_android\intermediates\nested_resources_validation_report\release\generateReleaseResources\nestedResourcesValidationReport.txt has been removed.
[        ] work action resolve exportReleaseConsumerProguardFiles (project :jni_flutter) (Thread[#517,Execution worker,5,main]) started.
[        ] FilterShrinkerRulesTransform (Thread[#517,Execution worker,5,main]) started.
[        ] Resolve mutations for :record_android:packageReleaseResources (Thread[#529,Execution worker Thread 13,5,main]) started.
[        ] :record_android:packageReleaseResources (Thread[#529,Execution worker Thread 13,5,main]) started.
[ +107 ms] > Task :record_android:packageReleaseResources
[        ] Caching disabled for task ':record_android:packageReleaseResources' because:
[        ]   Build cache is disabled
[        ] Task ':record_android:packageReleaseResources' is not up-to-date because:
[        ]   Output property 'dataBindingLayoutInfoOutFolder' file C:\Users\Dyuthi\smartnotes\build\record_android\intermediates\data_binding_layout_info_type_package\release\packageReleaseResources\out has been removed.
[        ]   Output property 'generatedPngsOutputDir' file C:\Users\Dyuthi\smartnotes\build\record_android\generated\res\pngs\release has been removed.
[        ]   Output property 'incrementalFolder' file C:\Users\Dyuthi\smartnotes\build\record_android\intermediates\incremental\release\packageReleaseResources has been removed.
[        ]   and more...
[        ] The input changes require a full rebuild for incremental task ':record_android:packageReleaseResources'.
[        ] [MergeResources] Inputs are non-incremental full task action.
[        ] work action resolve packageReleaseResources (project :record_android) (Thread[#529,Execution worker Thread 13,5,main]) started.
[        ] Resolve mutations for :record_android:parseReleaseLocalResources (Thread[#529,Execution worker Thread 13,5,main]) started.
[        ] :record_android:parseReleaseLocalResources (Thread[#531,Execution worker Thread 15,5,main]) started.
[        ] Resolve mutations for :record_android:javaPreCompileRelease (Thread[#529,Execution worker Thread 13,5,main]) started.
[        ] :record_android:javaPreCompileRelease (Thread[#529,Execution worker Thread 13,5,main]) started.
[        ] Resolve mutations for :app:buildKotlinToolingMetadata (Thread[#522,Execution worker Thread 6,5,main]) started.
[        ] :app:buildKotlinToolingMetadata (Thread[#522,Execution worker Thread 6,5,main]) started.
[        ] > Task :record_android:javaPreCompileRelease
[        ] Caching disabled for task ':record_android:javaPreCompileRelease' because:
[        ]   Build cache is disabled
[        ] Task ':record_android:javaPreCompileRelease' is not up-to-date because:
[        ]   Output property 'annotationProcessorListFile' file C:\Users\Dyuthi\smartnotes\build\record_android\intermediates\annotation_processor_list\release\javaPreCompileRelease\annotationProcessors.json has been removed.
[        ] > Task :record_android:parseReleaseLocalResources
[        ] Caching disabled for task ':record_android:parseReleaseLocalResources' because:
[        ]   Build cache is disabled
[        ] Task ':record_android:parseReleaseLocalResources' is not up-to-date because:
[        ]   Output property 'librarySymbolsFile' file C:\Users\Dyuthi\smartnotes\build\record_android\intermediates\local_only_symbol_list\release\parseReleaseLocalResources\R-def.txt has been removed.
[        ] The input changes require a full rebuild for incremental task ':record_android:parseReleaseLocalResources'.
[        ] > Task :app:buildKotlinToolingMetadata
[        ] Caching disabled for task ':app:buildKotlinToolingMetadata' because:
[        ]   Build cache is disabled
[        ]   Caching has been disabled for the task
[        ] Task ':app:buildKotlinToolingMetadata' is not up-to-date because:
[        ]   Output property 'outputDirectory' file C:\Users\Dyuthi\smartnotes\build\app\kotlinToolingMetadata has been removed.
[        ]   Output property 'outputDirectory' file C:\Users\Dyuthi\smartnotes\build\app\kotlinToolingMetadata\kotlin-tooling-metadata.json has been removed.
[        ] Resolve mutations for :record_android:generateReleaseRFile (Thread[#522,Execution worker Thread 6,5,main]) started.
[        ] :record_android:generateReleaseRFile (Thread[#522,Execution worker Thread 6,5,main]) started.
[        ] Resolve mutations for :app:checkReleaseDuplicateClasses (Thread[#531,Execution worker Thread 15,5,main]) started.
[        ] :app:checkReleaseDuplicateClasses (Thread[#531,Execution worker Thread 15,5,main]) started.
[        ] > Task :record_android:generateReleaseRFile
[        ] Caching disabled for task ':record_android:generateReleaseRFile' because:
[        ]   Build cache is disabled
[        ] Task ':record_android:generateReleaseRFile' is not up-to-date because:
[        ]   Output property 'RClassOutputJar' file C:\Users\Dyuthi\smartnotes\build\record_android\intermediates\compile_r_class_jar\release\generateReleaseRFile\R.jar has been removed.
[        ]   Output property 'symbolsWithPackageNameOutputFile' file C:\Users\Dyuthi\smartnotes\build\record_android\intermediates\symbol_list_with_package_name\release\generateReleaseRFile\package-aware-r.txt has been removed.
[        ]   Output property 'textSymbolOutputFileProperty' file C:\Users\Dyuthi\smartnotes\build\record_android\intermediates\compile_symbol_list\release\generateReleaseRFile\R.txt has been removed.
[        ] The input changes require a full rebuild for incremental task ':record_android:generateReleaseRFile'.
[        ] work action resolve package-aware-r.txt (project :record_android) (Thread[#522,Execution worker Thread 6,5,main]) started.
[        ] Resolve mutations for :record_android:compileReleaseKotlin (Thread[#528,Execution worker Thread 12,5,main]) started.
[        ] :record_android:compileReleaseKotlin (Thread[#528,Execution worker Thread 12,5,main]) started.
[        ] > Task :app:checkReleaseDuplicateClasses
[        ] Caching disabled for IdentityTransform: C:\Users\Dyuthi\smartnotes\build\app\intermediates\flutter\release\libs.jar because:
[        ]   Build cache is disabled
[        ]   Caching not enabled.
[        ] Caching disabled for EnumerateClassesTransform: C:\Users\Dyuthi\smartnotes\build\app\intermediates\flutter\release\libs.jar because:
[        ]   Build cache is disabled
[        ] Caching disabled for task ':app:checkReleaseDuplicateClasses' because:
[        ]   Build cache is disabled
[        ]   Caching has been disabled for the task
[        ] Task ':app:checkReleaseDuplicateClasses' is not up-to-date because:
[        ]   Output property 'dummyOutputDirectory' file C:\Users\Dyuthi\smartnotes\build\app\intermediates\duplicate_classes_check\release\checkReleaseDuplicateClasses has been removed.
[ +184 ms] Resolve mutations for :app:checkKotlinGradlePluginConfigurationErrors (Thread[#520,Execution worker Thread 4,5,main]) started.
[        ] :app:checkKotlinGradlePluginConfigurationErrors (Thread[#520,Execution worker Thread 4,5,main]) started.
[        ] > Task :app:checkKotlinGradlePluginConfigurationErrors SKIPPED
[        ] Skipping task ':app:checkKotlinGradlePluginConfigurationErrors' as task onlyIf 'errorDiagnostics are present' is false.
[        ] Resolve mutations for :camera_android:writeReleaseAarMetadata (Thread[#520,Execution worker Thread 4,5,main]) started.
[        ] :camera_android:writeReleaseAarMetadata (Thread[#520,Execution worker Thread 4,5,main]) started.
[        ] Resolve mutations for :file_picker:writeReleaseAarMetadata (Thread[#517,Execution worker,5,main]) started.
[        ] :file_picker:writeReleaseAarMetadata (Thread[#517,Execution worker,5,main]) started.
[ +108 ms] Resolve mutations for :flutter_plugin_android_lifecycle:writeReleaseAarMetadata (Thread[#519,Execution worker Thread 3,5,main]) started.
[        ] :flutter_plugin_android_lifecycle:writeReleaseAarMetadata (Thread[#519,Execution worker Thread 3,5,main]) started.
[        ] > Task :file_picker:writeReleaseAarMetadata
[        ] Caching disabled for task ':file_picker:writeReleaseAarMetadata' because:
[        ]   Build cache is disabled
[        ]   Caching has been disabled for the task
[        ] Task ':file_picker:writeReleaseAarMetadata' is not up-to-date because:
[        ]   No history is available.
[        ] > Task :camera_android:writeReleaseAarMetadata
[        ] Caching disabled for task ':camera_android:writeReleaseAarMetadata' because:
[        ]   Build cache is disabled
[        ]   Caching has been disabled for the task
[        ] Task ':camera_android:writeReleaseAarMetadata' is not up-to-date because:
[        ]   Output property 'output' file C:\Users\Dyuthi\smartnotes\build\camera_android\intermediates\aar_metadata\release\writeReleaseAarMetadata\aar-metadata.properties has been removed.
[        ] work action resolve aar-metadata.properties (project :file_picker) (Thread[#520,Execution worker Thread 4,5,main]) started.
[        ] work action resolve aar-metadata.properties (project :camera_android) (Thread[#520,Execution worker Thread 4,5,main]) started.
[        ] Resolve mutations for :image_picker_android:writeReleaseAarMetadata (Thread[#530,Execution worker Thread 14,5,main]) started.
[        ] :image_picker_android:writeReleaseAarMetadata (Thread[#530,Execution worker Thread 14,5,main]) started.
[        ] > Task :flutter_plugin_android_lifecycle:writeReleaseAarMetadata
[        ] Caching disabled for task ':flutter_plugin_android_lifecycle:writeReleaseAarMetadata' because:
[        ]   Build cache is disabled
[        ]   Caching has been disabled for the task
[        ] Task ':flutter_plugin_android_lifecycle:writeReleaseAarMetadata' is not up-to-date because:
[        ]   Output property 'output' file C:\Users\Dyuthi\smartnotes\build\flutter_plugin_android_lifecycle\intermediates\aar_metadata\release\writeReleaseAarMetadata\aar-metadata.properties has been removed.
[        ] work action resolve aar-metadata.properties (project :flutter_plugin_android_lifecycle) (Thread[#519,Execution worker Thread 3,5,main]) started.
[        ] Resolve mutations for :jni:writeReleaseAarMetadata (Thread[#519,Execution worker Thread 3,5,main]) started.
[        ] :jni:writeReleaseAarMetadata (Thread[#519,Execution worker Thread 3,5,main]) started.
[        ] > Task :image_picker_android:writeReleaseAarMetadata
[        ] Caching disabled for task ':image_picker_android:writeReleaseAarMetadata' because:
[        ]   Build cache is disabled
[        ]   Caching has been disabled for the task
[        ] Task ':image_picker_android:writeReleaseAarMetadata' is not up-to-date because:
[        ]   Output property 'output' file C:\Users\Dyuthi\smartnotes\build\image_picker_android\intermediates\aar_metadata\release\writeReleaseAarMetadata\aar-metadata.properties has been removed.
[        ] work action resolve aar-metadata.properties (project :image_picker_android) (Thread[#530,Execution worker Thread 14,5,main]) started.
[        ] Resolve mutations for :jni_flutter:writeReleaseAarMetadata (Thread[#530,Execution worker Thread 14,5,main]) started.
[        ] :jni_flutter:writeReleaseAarMetadata (Thread[#530,Execution worker Thread 14,5,main]) started.
[        ] > Task :jni:writeReleaseAarMetadata
[        ] Caching disabled for task ':jni:writeReleaseAarMetadata' because:
[        ]   Build cache is disabled
[        ]   Caching has been disabled for the task
[        ] Task ':jni:writeReleaseAarMetadata' is not up-to-date because:
[        ]   Output property 'output' file C:\Users\Dyuthi\smartnotes\build\jni\intermediates\aar_metadata\release\writeReleaseAarMetadata\aar-metadata.properties has been removed.
[        ] work action resolve aar-metadata.properties (project :jni) (Thread[#519,Execution worker Thread 3,5,main]) started.
[        ] Resolve mutations for :record_android:writeReleaseAarMetadata (Thread[#519,Execution worker Thread 3,5,main]) started.
[        ] :record_android:writeReleaseAarMetadata (Thread[#519,Execution worker Thread 3,5,main]) started.
[        ] > Task :jni_flutter:writeReleaseAarMetadata
[        ] Caching disabled for task ':jni_flutter:writeReleaseAarMetadata' because:
[        ]   Build cache is disabled
[        ]   Caching has been disabled for the task
[        ] Task ':jni_flutter:writeReleaseAarMetadata' is not up-to-date because:
[        ]   Output property 'output' file C:\Users\Dyuthi\smartnotes\build\jni_flutter\intermediates\aar_metadata\release\writeReleaseAarMetadata\aar-metadata.properties has been removed.
[        ] work action resolve aar-metadata.properties (project :jni_flutter) (Thread[#530,Execution worker Thread 14,5,main]) started.
[        ] Resolve mutations for :app:cleanMergeReleaseAssets (Thread[#530,Execution worker Thread 14,5,main]) started.
[        ] :app:cleanMergeReleaseAssets (Thread[#530,Execution worker Thread 14,5,main]) started.
[        ] > Task :app:cleanMergeReleaseAssets UP-TO-DATE
[        ] Caching disabled for task ':app:cleanMergeReleaseAssets' because:
[        ]   Build cache is disabled
[        ] Task ':app:cleanMergeReleaseAssets' is not up-to-date because:
[        ]   Task has not declared any outputs despite executing actions.
[        ] Resolve mutations for :app:mergeReleaseShaders (Thread[#530,Execution worker Thread 14,5,main]) started.
[        ] :app:mergeReleaseShaders (Thread[#530,Execution worker Thread 14,5,main]) started.
[        ] > Task :record_android:writeReleaseAarMetadata
[        ] Caching disabled for task ':record_android:writeReleaseAarMetadata' because:
[        ]   Build cache is disabled
[        ]   Caching has been disabled for the task
[        ] Task ':record_android:writeReleaseAarMetadata' is not up-to-date because:
[        ]   Output property 'output' file C:\Users\Dyuthi\smartnotes\build\record_android\intermediates\aar_metadata\release\writeReleaseAarMetadata\aar-metadata.properties has been removed.
[        ] > Task :app:mergeReleaseShaders
[        ] Caching disabled for task ':app:mergeReleaseShaders' because:
[        ]   Build cache is disabled
[        ]   Simple merging task
[        ] Task ':app:mergeReleaseShaders' is not up-to-date because:
[        ]   Output property 'outputDir' file C:\Users\Dyuthi\smartnotes\build\app\intermediates\merged_shaders\release\mergeReleaseShaders\out has been removed.
[        ] The input changes require a full rebuild for incremental task ':app:mergeReleaseShaders'.
[        ] work action resolve aar-metadata.properties (project :record_android) (Thread[#530,Execution worker Thread 14,5,main]) started.
[        ] Resolve mutations for :app:checkReleaseAarMetadata (Thread[#530,Execution worker Thread 14,5,main]) started.
[        ] :app:checkReleaseAarMetadata (Thread[#530,Execution worker Thread 14,5,main]) started.
[        ] Resolve mutations for :app:compileReleaseShaders (Thread[#516,included builds,5,main]) started.
[        ] :app:compileReleaseShaders (Thread[#516,included builds,5,main]) started.
[        ] > Task :app:compileReleaseShaders NO-SOURCE
[        ] Skipping task ':app:compileReleaseShaders' as it has no source files and no previous output files.
[        ] Resolve mutations for :app:generateReleaseAssets (Thread[#516,included builds,5,main]) started.
[        ] :app:generateReleaseAssets (Thread[#516,included builds,5,main]) started.
[        ] > Task :app:generateReleaseAssets UP-TO-DATE
[        ] Skipping task ':app:generateReleaseAssets' as it has no actions.
[        ] Resolve mutations for :camera_android:mergeReleaseShaders (Thread[#529,Execution worker Thread 13,5,main]) started.
[        ] :camera_android:mergeReleaseShaders (Thread[#529,Execution worker Thread 13,5,main]) started.
[        ] > Task :camera_android:mergeReleaseShaders
[        ] Caching disabled for task ':camera_android:mergeReleaseShaders' because:
[        ]   Build cache is disabled
[        ]   Simple merging task
[        ] Task ':camera_android:mergeReleaseShaders' is not up-to-date because:
[        ]   Output property 'outputDir' file C:\Users\Dyuthi\smartnotes\build\camera_android\intermediates\merged_shaders\release\mergeReleaseShaders\out has been removed.
[        ] The input changes require a full rebuild for incremental task ':camera_android:mergeReleaseShaders'.
[        ] Resolve mutations for :camera_android:compileReleaseShaders (Thread[#529,Execution worker Thread 13,5,main]) started.
[        ] :camera_android:compileReleaseShaders (Thread[#529,Execution worker Thread 13,5,main]) started.
[        ] > Task :camera_android:compileReleaseShaders NO-SOURCE
[        ] Skipping task ':camera_android:compileReleaseShaders' as it has no source files and no previous output files.
[        ] Resolve mutations for :camera_android:generateReleaseAssets (Thread[#529,Execution worker Thread 13,5,main]) started.
[        ] :camera_android:generateReleaseAssets (Thread[#529,Execution worker Thread 13,5,main]) started.
[        ] > Task :camera_android:generateReleaseAssets UP-TO-DATE
[        ] Skipping task ':camera_android:generateReleaseAssets' as it has no actions.
[        ] Resolve mutations for :camera_android:mergeReleaseAssets (Thread[#529,Execution worker Thread 13,5,main]) started.
[        ] :camera_android:mergeReleaseAssets (Thread[#529,Execution worker Thread 13,5,main]) started.
[        ] > Task :app:checkReleaseAarMetadata
[        ] Caching disabled for task ':app:checkReleaseAarMetadata' because:
[        ]   Build cache is disabled
[        ]   Caching has been disabled for the task
[        ] Task ':app:checkReleaseAarMetadata' is not up-to-date because:
[        ]   Output property 'dummyOutputDirectory' file C:\Users\Dyuthi\smartnotes\build\app\intermediates\aar_metadata_check\release\checkReleaseAarMetadata has been removed.
[        ] > Task :camera_android:mergeReleaseAssets
[        ] Caching disabled for task ':camera_android:mergeReleaseAssets' because:
[        ]   Build cache is disabled
[        ]   Simple merging task
[        ] Task ':camera_android:mergeReleaseAssets' is not up-to-date because:
[        ]   Output property 'outputDir' file C:\Users\Dyuthi\smartnotes\build\camera_android\intermediates\assets\release\mergeReleaseAssets has been removed.
[        ] The input changes require a full rebuild for incremental task ':camera_android:mergeReleaseAssets'.
[        ] work action resolve mergeReleaseAssets (project :camera_android) (Thread[#529,Execution worker Thread 13,5,main]) started.
[        ] Resolve mutations for :file_picker:mergeReleaseShaders (Thread[#531,Execution worker Thread 15,5,main]) started.
[        ] :file_picker:mergeReleaseShaders (Thread[#531,Execution worker Thread 15,5,main]) started.
[        ] > Task :file_picker:mergeReleaseShaders
[        ] Caching disabled for task ':file_picker:mergeReleaseShaders' because:
[        ]   Build cache is disabled
[        ]   Simple merging task
[        ] Task ':file_picker:mergeReleaseShaders' is not up-to-date because:
[        ]   No history is available.
[        ] The input changes require a full rebuild for incremental task ':file_picker:mergeReleaseShaders'.
[        ] Resolve mutations for :file_picker:compileReleaseShaders (Thread[#531,Execution worker Thread 15,5,main]) started.
[        ] :file_picker:compileReleaseShaders (Thread[#531,Execution worker Thread 15,5,main]) started.
[        ] > Task :file_picker:compileReleaseShaders NO-SOURCE
[        ] Skipping task ':file_picker:compileReleaseShaders' as it has no source files and no previous output files.
[        ] Resolve mutations for :file_picker:generateReleaseAssets (Thread[#531,Execution worker Thread 15,5,main]) started.
[        ] :file_picker:generateReleaseAssets (Thread[#531,Execution worker Thread 15,5,main]) started.
[        ] > Task :file_picker:generateReleaseAssets UP-TO-DATE
[        ] Skipping task ':file_picker:generateReleaseAssets' as it has no actions.
[        ] Resolve mutations for :file_picker:mergeReleaseAssets (Thread[#531,Execution worker Thread 15,5,main]) started.
[        ] :file_picker:mergeReleaseAssets (Thread[#523,Execution worker Thread 7,5,main]) started.
[        ] > Task :app:mergeReleaseNativeDebugMetadata
[        ] Caching disabled for task ':app:mergeReleaseNativeDebugMetadata' because:
[        ]   Build cache is disabled
[        ]   Caching has been disabled for the task
[        ] Task ':app:mergeReleaseNativeDebugMetadata' is not up-to-date because:
[        ]   Output property 'outputFile' file C:\Users\Dyuthi\smartnotes\build\app\outputs\native-debug-symbols\release\native-debug-symbols.zip has been removed.
[        ] > Task :file_picker:mergeReleaseAssets
[        ] Caching disabled for task ':file_picker:mergeReleaseAssets' because:
[        ]   Build cache is disabled
[        ]   Simple merging task
[        ] Task ':file_picker:mergeReleaseAssets' is not up-to-date because:
[        ]   No history is available.
[        ] The input changes require a full rebuild for incremental task ':file_picker:mergeReleaseAssets'.
[        ] work action resolve mergeReleaseAssets (project :file_picker) (Thread[#523,Execution worker Thread 7,5,main]) started.
[        ] Resolve mutations for :flutter_plugin_android_lifecycle:mergeReleaseShaders (Thread[#523,Execution worker Thread 7,5,main]) started.
[        ] :flutter_plugin_android_lifecycle:mergeReleaseShaders (Thread[#523,Execution worker Thread 7,5,main]) started.
[        ] > Task :flutter_plugin_android_lifecycle:mergeReleaseShaders
[        ] Caching disabled for task ':flutter_plugin_android_lifecycle:mergeReleaseShaders' because:
[        ]   Build cache is disabled
[        ]   Simple merging task
[        ] Task ':flutter_plugin_android_lifecycle:mergeReleaseShaders' is not up-to-date because:
[        ]   Output property 'outputDir' file C:\Users\Dyuthi\smartnotes\build\flutter_plugin_android_lifecycle\intermediates\merged_shaders\release\mergeReleaseShaders\out has been removed.
[        ] The input changes require a full rebuild for incremental task ':flutter_plugin_android_lifecycle:mergeReleaseShaders'.
[        ] Resolve mutations for :flutter_plugin_android_lifecycle:compileReleaseShaders (Thread[#523,Execution worker Thread 7,5,main]) started.
[        ] :flutter_plugin_android_lifecycle:compileReleaseShaders (Thread[#523,Execution worker Thread 7,5,main]) started.
[        ] > Task :flutter_plugin_android_lifecycle:compileReleaseShaders NO-SOURCE
[        ] Skipping task ':flutter_plugin_android_lifecycle:compileReleaseShaders' as it has no source files and no previous output files.
[        ] Resolve mutations for :flutter_plugin_android_lifecycle:generateReleaseAssets (Thread[#523,Execution worker Thread 7,5,main]) started.
[        ] :flutter_plugin_android_lifecycle:generateReleaseAssets (Thread[#523,Execution worker Thread 7,5,main]) started.
[        ] > Task :flutter_plugin_android_lifecycle:generateReleaseAssets UP-TO-DATE
[        ] Skipping task ':flutter_plugin_android_lifecycle:generateReleaseAssets' as it has no actions.
[        ] Resolve mutations for :flutter_plugin_android_lifecycle:mergeReleaseAssets (Thread[#523,Execution worker Thread 7,5,main]) started.
[        ] :flutter_plugin_android_lifecycle:mergeReleaseAssets (Thread[#516,included builds,5,main]) started.
[        ] > Task :flutter_plugin_android_lifecycle:mergeReleaseAssets
[        ] Caching disabled for task ':flutter_plugin_android_lifecycle:mergeReleaseAssets' because:
[        ]   Build cache is disabled
[        ]   Simple merging task
[        ] Task ':flutter_plugin_android_lifecycle:mergeReleaseAssets' is not up-to-date because:
[        ]   Output property 'outputDir' file C:\Users\Dyuthi\smartnotes\build\flutter_plugin_android_lifecycle\intermediates\assets\release\mergeReleaseAssets has been removed.
[        ] The input changes require a full rebuild for incremental task ':flutter_plugin_android_lifecycle:mergeReleaseAssets'.
[        ] work action resolve mergeReleaseAssets (project :flutter_plugin_android_lifecycle) (Thread[#516,included builds,5,main]) started.
[        ] Resolve mutations for :image_picker_android:mergeReleaseShaders (Thread[#516,included builds,5,main]) started.
[        ] :image_picker_android:mergeReleaseShaders (Thread[#516,included builds,5,main]) started.
[        ] > Task :image_picker_android:mergeReleaseShaders
[        ] Caching disabled for task ':image_picker_android:mergeReleaseShaders' because:
[        ]   Build cache is disabled
[        ]   Simple merging task
[        ] Task ':image_picker_android:mergeReleaseShaders' is not up-to-date because:
[        ]   Output property 'outputDir' file C:\Users\Dyuthi\smartnotes\build\image_picker_android\intermediates\merged_shaders\release\mergeReleaseShaders\out has been removed.
[        ] The input changes require a full rebuild for incremental task ':image_picker_android:mergeReleaseShaders'.
[        ] Resolve mutations for :image_picker_android:compileReleaseShaders (Thread[#516,included builds,5,main]) started.
[        ] :image_picker_android:compileReleaseShaders (Thread[#516,included builds,5,main]) started.
[        ] > Task :image_picker_android:compileReleaseShaders NO-SOURCE
[        ] Skipping task ':image_picker_android:compileReleaseShaders' as it has no source files and no previous output files.
[        ] Resolve mutations for :image_picker_android:generateReleaseAssets (Thread[#516,included builds,5,main]) started.
[        ] :image_picker_android:generateReleaseAssets (Thread[#516,included builds,5,main]) started.
[        ] > Task :image_picker_android:generateReleaseAssets UP-TO-DATE
[        ] Skipping task ':image_picker_android:generateReleaseAssets' as it has no actions.
[        ] Resolve mutations for :image_picker_android:mergeReleaseAssets (Thread[#523,Execution worker Thread 7,5,main]) started.
[        ] :image_picker_android:mergeReleaseAssets (Thread[#523,Execution worker Thread 7,5,main]) started.
[        ] > Task :image_picker_android:mergeReleaseAssets
[        ] Caching disabled for task ':image_picker_android:mergeReleaseAssets' because:
[        ]   Build cache is disabled
[        ]   Simple merging task
[        ] Task ':image_picker_android:mergeReleaseAssets' is not up-to-date because:
[        ]   Output property 'outputDir' file C:\Users\Dyuthi\smartnotes\build\image_picker_android\intermediates\assets\release\mergeReleaseAssets has been removed.
[        ] The input changes require a full rebuild for incremental task ':image_picker_android:mergeReleaseAssets'.
[        ] work action resolve mergeReleaseAssets (project :image_picker_android) (Thread[#523,Execution worker Thread 7,5,main]) started.
[        ] Resolve mutations for :jni:mergeReleaseShaders (Thread[#523,Execution worker Thread 7,5,main]) started.
[        ] :jni:mergeReleaseShaders (Thread[#523,Execution worker Thread 7,5,main]) started.
[        ] > Task :jni:mergeReleaseShaders
[        ] Caching disabled for task ':jni:mergeReleaseShaders' because:
[        ]   Build cache is disabled
[        ]   Simple merging task
[        ] Task ':jni:mergeReleaseShaders' is not up-to-date because:
[        ]   Output property 'outputDir' file C:\Users\Dyuthi\smartnotes\build\jni\intermediates\merged_shaders\release\mergeReleaseShaders\out has been removed.
[        ] The input changes require a full rebuild for incremental task ':jni:mergeReleaseShaders'.
[        ] Resolve mutations for :jni:compileReleaseShaders (Thread[#523,Execution worker Thread 7,5,main]) started.
[        ] :jni:compileReleaseShaders (Thread[#523,Execution worker Thread 7,5,main]) started.
[  +82 ms] > Task :jni:compileReleaseShaders NO-SOURCE
[        ] Skipping task ':jni:compileReleaseShaders' as it has no source files and no previous output files.
[        ] Resolve mutations for :jni:generateReleaseAssets (Thread[#523,Execution worker Thread 7,5,main]) started.
[        ] :jni:generateReleaseAssets (Thread[#531,Execution worker Thread 15,5,main]) started.
[        ] > Task :jni:generateReleaseAssets UP-TO-DATE
[        ] Skipping task ':jni:generateReleaseAssets' as it has no actions.
[        ] Resolve mutations for :jni:mergeReleaseAssets (Thread[#527,Execution worker Thread 11,5,main]) started.
[        ] :jni:mergeReleaseAssets (Thread[#527,Execution worker Thread 11,5,main]) started.
[        ] > Task :jni:mergeReleaseAssets
[        ] Caching disabled for task ':jni:mergeReleaseAssets' because:
[        ]   Build cache is disabled
[        ]   Simple merging task
[        ] Task ':jni:mergeReleaseAssets' is not up-to-date because:
[        ]   Output property 'outputDir' file C:\Users\Dyuthi\smartnotes\build\jni\intermediates\assets\release\mergeReleaseAssets has been removed.
[        ] The input changes require a full rebuild for incremental task ':jni:mergeReleaseAssets'.
[        ] work action resolve mergeReleaseAssets (project :jni) (Thread[#527,Execution worker Thread 11,5,main]) started.
[        ] Resolve mutations for :jni_flutter:mergeReleaseShaders (Thread[#527,Execution worker Thread 11,5,main]) started.
[        ] :jni_flutter:mergeReleaseShaders (Thread[#527,Execution worker Thread 11,5,main]) started.
[        ] > Task :jni_flutter:mergeReleaseShaders
[        ] Caching disabled for task ':jni_flutter:mergeReleaseShaders' because:
[        ]   Build cache is disabled
[        ]   Simple merging task
[        ] Task ':jni_flutter:mergeReleaseShaders' is not up-to-date because:
[        ]   Output property 'outputDir' file C:\Users\Dyuthi\smartnotes\build\jni_flutter\intermediates\merged_shaders\release\mergeReleaseShaders\out has been removed.
[        ] The input changes require a full rebuild for incremental task ':jni_flutter:mergeReleaseShaders'.
[        ] Resolve mutations for :jni_flutter:compileReleaseShaders (Thread[#527,Execution worker Thread 11,5,main]) started.
[        ] :jni_flutter:compileReleaseShaders (Thread[#527,Execution worker Thread 11,5,main]) started.
[        ] > Task :jni_flutter:compileReleaseShaders NO-SOURCE
[        ] Skipping task ':jni_flutter:compileReleaseShaders' as it has no source files and no previous output files.
[        ] Resolve mutations for :jni_flutter:generateReleaseAssets (Thread[#527,Execution worker Thread 11,5,main]) started.
[        ] :jni_flutter:generateReleaseAssets (Thread[#518,Execution worker Thread 2,5,main]) started.
[        ] > Task :jni_flutter:generateReleaseAssets UP-TO-DATE
[        ] Skipping task ':jni_flutter:generateReleaseAssets' as it has no actions.
[        ] Resolve mutations for :jni_flutter:mergeReleaseAssets (Thread[#518,Execution worker Thread 2,5,main]) started.
[        ] :jni_flutter:mergeReleaseAssets (Thread[#518,Execution worker Thread 2,5,main]) started.
[        ] > Task :jni_flutter:mergeReleaseAssets
[        ] Caching disabled for task ':jni_flutter:mergeReleaseAssets' because:
[        ]   Build cache is disabled
[        ]   Simple merging task
[        ] Task ':jni_flutter:mergeReleaseAssets' is not up-to-date because:
[        ]   Output property 'outputDir' file C:\Users\Dyuthi\smartnotes\build\jni_flutter\intermediates\assets\release\mergeReleaseAssets has been removed.
[        ] The input changes require a full rebuild for incremental task ':jni_flutter:mergeReleaseAssets'.
[        ] work action resolve mergeReleaseAssets (project :jni_flutter) (Thread[#518,Execution worker Thread 2,5,main]) started.
[        ] Resolve mutations for :record_android:mergeReleaseShaders (Thread[#517,Execution worker,5,main]) started.
[        ] :record_android:mergeReleaseShaders (Thread[#520,Execution worker Thread 4,5,main]) started.
[        ] > Task :record_android:mergeReleaseShaders
[        ] Caching disabled for task ':record_android:mergeReleaseShaders' because:
[        ]   Build cache is disabled
[        ]   Simple merging task
[        ] Task ':record_android:mergeReleaseShaders' is not up-to-date because:
[        ]   Output property 'outputDir' file C:\Users\Dyuthi\smartnotes\build\record_android\intermediates\merged_shaders\release\mergeReleaseShaders\out has been removed.
[        ] The input changes require a full rebuild for incremental task ':record_android:mergeReleaseShaders'.
[        ] Resolve mutations for :record_android:compileReleaseShaders (Thread[#520,Execution worker Thread 4,5,main]) started.
[        ] :record_android:compileReleaseShaders (Thread[#520,Execution worker Thread 4,5,main]) started.
[        ] > Task :record_android:compileReleaseShaders NO-SOURCE
[        ] Skipping task ':record_android:compileReleaseShaders' as it has no source files and no previous output files.
[        ] Resolve mutations for :record_android:generateReleaseAssets (Thread[#520,Execution worker Thread 4,5,main]) started.
[        ] :record_android:generateReleaseAssets (Thread[#522,Execution worker Thread 6,5,main]) started.
[        ] > Task :record_android:generateReleaseAssets UP-TO-DATE
[        ] Skipping task ':record_android:generateReleaseAssets' as it has no actions.
[        ] Resolve mutations for :record_android:mergeReleaseAssets (Thread[#522,Execution worker Thread 6,5,main]) started.
[        ] :record_android:mergeReleaseAssets (Thread[#522,Execution worker Thread 6,5,main]) started.
[        ] > Task :record_android:mergeReleaseAssets
[        ] Caching disabled for task ':record_android:mergeReleaseAssets' because:
[        ]   Build cache is disabled
[        ]   Simple merging task
[        ] Task ':record_android:mergeReleaseAssets' is not up-to-date because:
[        ]   Output property 'outputDir' file C:\Users\Dyuthi\smartnotes\build\record_android\intermediates\assets\release\mergeReleaseAssets has been removed.
[        ] The input changes require a full rebuild for incremental task ':record_android:mergeReleaseAssets'.
[        ] work action resolve mergeReleaseAssets (project :record_android) (Thread[#522,Execution worker Thread 6,5,main]) started.
[        ] Resolve mutations for :app:mergeReleaseAssets (Thread[#522,Execution worker Thread 6,5,main]) started.
[        ] :app:mergeReleaseAssets (Thread[#522,Execution worker Thread 6,5,main]) started.
[        ] > Task :app:mergeReleaseAssets
[        ] Caching disabled for task ':app:mergeReleaseAssets' because:
[        ]   Build cache is disabled
[        ]   Simple merging task
[        ] Task ':app:mergeReleaseAssets' is not up-to-date because:
[        ]   Output property 'outputDir' file C:\Users\Dyuthi\smartnotes\build\app\intermediates\assets\release\mergeReleaseAssets has been removed.
[        ] The input changes require a full rebuild for incremental task ':app:mergeReleaseAssets'.
[        ] Resolve mutations for :app:copyFlutterAssetsRelease (Thread[#522,Execution worker Thread 6,5,main]) started.
[        ] :app:copyFlutterAssetsRelease (Thread[#522,Execution worker Thread 6,5,main]) started.
[        ] > Task :app:copyFlutterAssetsRelease
[        ] Caching disabled for task ':app:copyFlutterAssetsRelease' because:
[        ]   Build cache is disabled
[        ]   Not worth caching
[        ] Task ':app:copyFlutterAssetsRelease' is not up-to-date because:
[        ]   Output property 'destinationDir' file C:\Users\Dyuthi\smartnotes\build\app\intermediates\assets\release\mergeReleaseAssets\flutter_assets has been removed.
[        ]   Output property 'destinationDir' file C:\Users\Dyuthi\smartnotes\build\app\intermediates\assets\release\mergeReleaseAssets\flutter_assets\AssetManifest.bin has been removed.
[        ]   Output property 'destinationDir' file C:\Users\Dyuthi\smartnotes\build\app\intermediates\assets\release\mergeReleaseAssets\flutter_assets\FontManifest.json has been removed.
[        ]   and more...
[        ] Resolve mutations for :app:generateReleaseResValues (Thread[#522,Execution worker Thread 6,5,main]) started.
[        ] :app:generateReleaseResValues (Thread[#522,Execution worker Thread 6,5,main]) started.
[        ] > Task :app:generateReleaseResValues
[        ] Caching disabled for task ':app:generateReleaseResValues' because:
[        ]   Build cache is disabled
[        ] Task ':app:generateReleaseResValues' is not up-to-date because:
[        ]   Output property 'outputDirectory' file C:\Users\Dyuthi\smartnotes\build\app\generated\res\resValues\release has been removed.
[        ] Resolve mutations for :app:mapReleaseSourceSetPaths (Thread[#522,Execution worker Thread 6,5,main]) started.
[        ] :app:mapReleaseSourceSetPaths (Thread[#522,Execution worker Thread 6,5,main]) started.
[        ] > Task :app:mapReleaseSourceSetPaths
[        ] Caching disabled for task ':app:mapReleaseSourceSetPaths' because:
[        ]   Build cache is disabled
[        ]   Caching has been disabled for the task
[        ] Task ':app:mapReleaseSourceSetPaths' is not up-to-date because:
[        ]   Output property 'filepathMappingFile' file C:\Users\Dyuthi\smartnotes\build\app\intermediates\source_set_path_map\release\mapReleaseSourceSetPaths\file-map.txt has been removed.
[        ] Resolve mutations for :app:generateReleaseResources (Thread[#522,Execution worker Thread 6,5,main]) started.
[        ] :app:generateReleaseResources (Thread[#522,Execution worker Thread 6,5,main]) started.
[        ] > Task :app:generateReleaseResources
[        ] Caching disabled for task ':app:generateReleaseResources' because:
[        ]   Build cache is disabled
[        ] Task ':app:generateReleaseResources' is not up-to-date because:
[        ]   Output property 'validationReportFile' file C:\Users\Dyuthi\smartnotes\build\app\intermediates\nested_resources_validation_report\release\generateReleaseResources\nestedResourcesValidationReport.txt has been removed.
[        ] Resolve mutations for :app:mergeReleaseResources (Thread[#522,Execution worker Thread 6,5,main]) started.
[        ] :app:mergeReleaseResources (Thread[#522,Execution worker Thread 6,5,main]) started.
[ +791 ms] Resolve mutations for :app:packageReleaseResources (Thread[#531,Execution worker Thread 15,5,main]) started.
[        ] :app:packageReleaseResources (Thread[#531,Execution worker Thread 15,5,main]) started.
[ +106 ms] > Task :app:packageReleaseResources
[        ] Caching disabled for task ':app:packageReleaseResources' because:
[        ]   Build cache is disabled
[        ] Task ':app:packageReleaseResources' is not up-to-date because:
[        ]   Output property 'dataBindingLayoutInfoOutFolder' file C:\Users\Dyuthi\smartnotes\build\app\intermediates\data_binding_layout_info_type_package\release\packageReleaseResources\out has been removed.
[        ]   Output property 'incrementalFolder' file C:\Users\Dyuthi\smartnotes\build\app\intermediates\incremental\release\packageReleaseResources has been removed.
[        ]   Output property 'incrementalFolder' file C:\Users\Dyuthi\smartnotes\build\app\intermediates\incremental\release\packageReleaseResources\compile-file-map.properties has been removed.
[        ]   and more...
[        ] The input changes require a full rebuild for incremental task ':app:packageReleaseResources'.
[        ] [MergeResources] Inputs are non-incremental full task action.
[        ] Resolve mutations for :app:parseReleaseLocalResources (Thread[#531,Execution worker Thread 15,5,main]) started.
[        ] :app:parseReleaseLocalResources (Thread[#531,Execution worker Thread 15,5,main]) started.
[        ] Resolve mutations for :app:createReleaseCompatibleScreenManifests (Thread[#521,Execution worker Thread 5,5,main]) started.
[        ] :app:createReleaseCompatibleScreenManifests (Thread[#521,Execution worker Thread 5,5,main]) started.
[        ] > Task :app:createReleaseCompatibleScreenManifests
[        ] Caching disabled for task ':app:createReleaseCompatibleScreenManifests' because:
[        ]   Build cache is disabled
[        ]   Caching has been disabled for the task
[        ] Task ':app:createReleaseCompatibleScreenManifests' is not up-to-date because:
[        ]   Output property 'outputFolder' file C:\Users\Dyuthi\smartnotes\build\app\intermediates\compatible_screen_manifest\release\createReleaseCompatibleScreenManifests has been removed.
[        ]   Output property 'outputFolder' file C:\Users\Dyuthi\smartnotes\build\app\intermediates\compatible_screen_manifest\release\createReleaseCompatibleScreenManifests\output-metadata.json has been removed.
[        ] Resolve mutations for :app:extractDeepLinksRelease (Thread[#521,Execution worker Thread 5,5,main]) started.
[        ] :app:extractDeepLinksRelease (Thread[#521,Execution worker Thread 5,5,main]) started.
[        ] > Task :app:parseReleaseLocalResources
[        ] Caching disabled for task ':app:parseReleaseLocalResources' because:
[        ]   Build cache is disabled
[        ] Task ':app:parseReleaseLocalResources' is not up-to-date because:
[        ]   Output property 'librarySymbolsFile' file C:\Users\Dyuthi\smartnotes\build\app\intermediates\local_only_symbol_list\release\parseReleaseLocalResources\R-def.txt has been removed.
[        ] The input changes require a full rebuild for incremental task ':app:parseReleaseLocalResources'.
[        ] > Task :app:extractDeepLinksRelease
[        ] Caching disabled for task ':app:extractDeepLinksRelease' because:
[        ]   Build cache is disabled
[        ] Task ':app:extractDeepLinksRelease' is not up-to-date because:
[        ]   Output property 'navigationJson' file C:\Users\Dyuthi\smartnotes\build\app\intermediates\navigation_json\release\extractDeepLinksRelease\navigation.json has been removed.
[        ] Resolve mutations for :camera_android:extractDeepLinksRelease (Thread[#521,Execution worker Thread 5,5,main]) started.
[        ] :camera_android:extractDeepLinksRelease (Thread[#521,Execution worker Thread 5,5,main]) started.
[        ] > Task :camera_android:extractDeepLinksRelease
[        ] Caching disabled for task ':camera_android:extractDeepLinksRelease' because:
[        ]   Build cache is disabled
[        ] Task ':camera_android:extractDeepLinksRelease' is not up-to-date because:
[        ]   Output property 'navigationJson' file C:\Users\Dyuthi\smartnotes\build\camera_android\intermediates\navigation_json\release\extractDeepLinksRelease\navigation.json has been removed.
[        ] work action resolve navigation.json (project :camera_android) (Thread[#521,Execution worker Thread 5,5,main]) started.
[        ] Resolve mutations for :camera_android:processReleaseManifest (Thread[#521,Execution worker Thread 5,5,main]) started.
[        ] :camera_android:processReleaseManifest (Thread[#521,Execution worker Thread 5,5,main]) started.
[        ] Resolve mutations for :file_picker:extractDeepLinksRelease (Thread[#529,Execution worker Thread 13,5,main]) started.
[        ] :file_picker:extractDeepLinksRelease (Thread[#529,Execution worker Thread 13,5,main]) started.
[        ] > Task :file_picker:extractDeepLinksRelease
[        ] Caching disabled for task ':file_picker:extractDeepLinksRelease' because:
[        ]   Build cache is disabled
[        ] Task ':file_picker:extractDeepLinksRelease' is not up-to-date because:
[        ]   No history is available.
[        ] work action resolve navigation.json (project :file_picker) (Thread[#529,Execution worker Thread 13,5,main]) started.
[        ] Resolve mutations for :file_picker:processReleaseManifest (Thread[#529,Execution worker Thread 13,5,main]) started.
[        ] :file_picker:processReleaseManifest (Thread[#529,Execution worker Thread 13,5,main]) started.
[        ] Resolve mutations for :flutter_plugin_android_lifecycle:extractDeepLinksRelease (Thread[#526,Execution worker Thread 10,5,main]) started.
[        ] :flutter_plugin_android_lifecycle:extractDeepLinksRelease (Thread[#526,Execution worker Thread 10,5,main]) started.
[        ] > Task :flutter_plugin_android_lifecycle:extractDeepLinksRelease
[        ] Caching disabled for task ':flutter_plugin_android_lifecycle:extractDeepLinksRelease' because:
[        ]   Build cache is disabled
[        ] Task ':flutter_plugin_android_lifecycle:extractDeepLinksRelease' is not up-to-date because:
[        ]   Output property 'navigationJson' file C:\Users\Dyuthi\smartnotes\build\flutter_plugin_android_lifecycle\intermediates\navigation_json\release\extractDeepLinksRelease\navigation.json has been removed.
[        ] work action resolve navigation.json (project :flutter_plugin_android_lifecycle) (Thread[#526,Execution worker Thread 10,5,main]) started.
[        ] Resolve mutations for :flutter_plugin_android_lifecycle:processReleaseManifest (Thread[#526,Execution worker Thread 10,5,main]) started.
[        ] :flutter_plugin_android_lifecycle:processReleaseManifest (Thread[#526,Execution worker Thread 10,5,main]) started.
[  +90 ms] Resolve mutations for :image_picker_android:extractDeepLinksRelease (Thread[#519,Execution worker Thread 3,5,main]) started.
[        ] :image_picker_android:extractDeepLinksRelease (Thread[#519,Execution worker Thread 3,5,main]) started.
[        ] > Task :image_picker_android:extractDeepLinksRelease
[        ] Caching disabled for task ':image_picker_android:extractDeepLinksRelease' because:
[        ]   Build cache is disabled
[        ] Task ':image_picker_android:extractDeepLinksRelease' is not up-to-date because:
[        ]   Output property 'navigationJson' file C:\Users\Dyuthi\smartnotes\build\image_picker_android\intermediates\navigation_json\release\extractDeepLinksRelease\navigation.json has been removed.
[        ] work action resolve navigation.json (project :image_picker_android) (Thread[#519,Execution worker Thread 3,5,main]) started.
[        ] Resolve mutations for :image_picker_android:processReleaseManifest (Thread[#519,Execution worker Thread 3,5,main]) started.
[        ] :image_picker_android:processReleaseManifest (Thread[#519,Execution worker Thread 3,5,main]) started.
[        ] Resolve mutations for :jni:extractDeepLinksRelease (Thread[#516,included builds,5,main]) started.
[        ] :jni:extractDeepLinksRelease (Thread[#516,included builds,5,main]) started.
[        ] > Task :jni:extractDeepLinksRelease
[        ] Caching disabled for task ':jni:extractDeepLinksRelease' because:
[        ]   Build cache is disabled
[        ] Task ':jni:extractDeepLinksRelease' is not up-to-date because:
[        ]   Output property 'navigationJson' file C:\Users\Dyuthi\smartnotes\build\jni\intermediates\navigation_json\release\extractDeepLinksRelease\navigation.json has been removed.
[        ] work action resolve navigation.json (project :jni) (Thread[#516,included builds,5,main]) started.
[        ] Resolve mutations for :jni:processReleaseManifest (Thread[#516,included builds,5,main]) started.
[        ] :jni:processReleaseManifest (Thread[#516,included builds,5,main]) started.
[        ] Resolve mutations for :jni_flutter:extractDeepLinksRelease (Thread[#524,Execution worker Thread 8,5,main]) started.
[        ] :jni_flutter:extractDeepLinksRelease (Thread[#524,Execution worker Thread 8,5,main]) started.
[        ] > Task :jni_flutter:extractDeepLinksRelease
[        ] Caching disabled for task ':jni_flutter:extractDeepLinksRelease' because:
[        ]   Build cache is disabled
[        ] Task ':jni_flutter:extractDeepLinksRelease' is not up-to-date because:
[        ]   Output property 'navigationJson' file C:\Users\Dyuthi\smartnotes\build\jni_flutter\intermediates\navigation_json\release\extractDeepLinksRelease\navigation.json has been removed.
[        ] work action resolve navigation.json (project :jni_flutter) (Thread[#524,Execution worker Thread 8,5,main]) started.
[        ] Resolve mutations for :jni_flutter:processReleaseManifest (Thread[#524,Execution worker Thread 8,5,main]) started.
[        ] :jni_flutter:processReleaseManifest (Thread[#524,Execution worker Thread 8,5,main]) started.
[        ] > Task :file_picker:processReleaseManifest
[        ] Caching disabled for task ':file_picker:processReleaseManifest' because:
[        ]   Build cache is disabled
[        ] Task ':file_picker:processReleaseManifest' is not up-to-date because:
[        ]   No history is available.
[        ] package="com.mr.flutter.plugin.filepicker" found in source AndroidManifest.xml: C:\Users\Dyuthi\AppData\Local\Pub\Cache\hosted\pub.dev\file_picker-8.3.7\android\src\main\AndroidManifest.xml.
[        ] Setting the namespace via the package attribute in the source AndroidManifest.xml is no longer supported, and the value is ignored.
[        ] Recommendation: remove package="com.mr.flutter.plugin.filepicker" from the source AndroidManifest.xml: C:\Users\Dyuthi\AppData\Local\Pub\Cache\hosted\pub.dev\file_picker-8.3.7\android\src\main\AndroidManifest.xml.
[        ] Merging main manifest C:\Users\Dyuthi\AppData\Local\Pub\Cache\hosted\pub.dev\file_picker-8.3.7\android\src\main\AndroidManifest.xml
[        ] Merging result: SUCCESS
[        ] 1<?xml version="1.0" encoding="utf-8"?>
[        ] 2<manifest xmlns:android="http://schemas.android.com/apk/res/android"
[        ] 3    package="com.mr.flutter.plugin.filepicker" >
[        ] 4
[        ] 5    <uses-sdk android:minSdkVersion="21" />
[        ] 6
[        ] 7    <queries>
[        ] 7-->C:\Users\Dyuthi\AppData\Local\Pub\Cache\hosted\pub.dev\file_picker-8.3.7\android\src\main\AndroidManifest.xml:3:3-8:13
[        ] 8        <intent>
[        ] 8-->C:\Users\Dyuthi\AppData\Local\Pub\Cache\hosted\pub.dev\file_picker-8.3.7\android\src\main\AndroidManifest.xml:4:5-7:14
[        ] 9            <action android:name="android.intent.action.GET_CONTENT" />
[        ] 9-->C:\Users\Dyuthi\AppData\Local\Pub\Cache\hosted\pub.dev\file_picker-8.3.7\android\src\main\AndroidManifest.xml:5:7-66
[        ] 9-->C:\Users\Dyuthi\AppData\Local\Pub\Cache\hosted\pub.dev\file_picker-8.3.7\android\src\main\AndroidManifest.xml:5:15-63
[        ] 10
[        ] 11            <data android:mimeType="*/*" />
[        ] 11-->C:\Users\Dyuthi\AppData\Local\Pub\Cache\hosted\pub.dev\file_picker-8.3.7\android\src\main\AndroidManifest.xml:6:7-38
[        ] 11-->C:\Users\Dyuthi\AppData\Local\Pub\Cache\hosted\pub.dev\file_picker-8.3.7\android\src\main\AndroidManifest.xml:6:13-35
[        ] 12        </intent>
[        ] 13    </queries>
[        ] 14
[        ] 15</manifest>
[        ] Merged manifest saved to C:\Users\Dyuthi\smartnotes\build\file_picker\intermediates\merged_manifest\release\processReleaseManifest\AndroidManifest.xml
[        ] > Task :flutter_plugin_android_lifecycle:processReleaseManifest
[        ] Caching disabled for task ':flutter_plugin_android_lifecycle:processReleaseManifest' because:
[        ]   Build cache is disabled
[        ] Task ':flutter_plugin_android_lifecycle:processReleaseManifest' is not up-to-date because:
[        ]   Output property 'aaptFriendlyManifestOutputDirectory' file C:\Users\Dyuthi\smartnotes\build\flutter_plugin_android_lifecycle\intermediates\aapt_friendly_merged_manifests\release\processReleaseManifest\aapt has been removed.
[        ]   Output property 'aaptFriendlyManifestOutputDirectory' file C:\Users\Dyuthi\smartnotes\build\flutter_plugin_android_lifecycle\intermediates\aapt_friendly_merged_manifests\release\processReleaseManifest\aapt\AndroidManifest.xml has been removed.
[        ]   Output property 'aaptFriendlyManifestOutputDirectory' file C:\Users\Dyuthi\smartnotes\build\flutter_plugin_android_lifecycle\intermediates\aapt_friendly_merged_manifests\release\processReleaseManifest\aapt\output-metadata.json has been removed.
[        ]   and more...
[        ] package="io.flutter.plugins.flutter_plugin_android_lifecycle" found in source AndroidManifest.xml: C:\Users\Dyuthi\AppData\Local\Pub\Cache\hosted\pub.dev\flutter_plugin_android_lifecycle-2.0.34\android\src\main\AndroidManifest.xml.
[        ] Setting the namespace via the package attribute in the source AndroidManifest.xml is no longer supported, and the value is ignored.
[        ] Recommendation: remove package="io.flutter.plugins.flutter_plugin_android_lifecycle" from the source AndroidManifest.xml: C:\Users\Dyuthi\AppData\Local\Pub\Cache\hosted\pub.dev\flutter_plugin_android_lifecycle-2.0.34\android\src\main\AndroidManifest.xml.
[        ] Merging main manifest C:\Users\Dyuthi\AppData\Local\Pub\Cache\hosted\pub.dev\flutter_plugin_android_lifecycle-2.0.34\android\src\main\AndroidManifest.xml
[        ] Merging result: SUCCESS
[        ] 1<?xml version="1.0" encoding="utf-8"?>
[        ] 2<manifest xmlns:android="http://schemas.android.com/apk/res/android"
[        ] 3    package="io.flutter.plugins.flutter_plugin_android_lifecycle" >
[        ] 4
[        ] 5    <uses-sdk android:minSdkVersion="24" />
[        ] 6
[        ] 7</manifest>
[        ] Merged manifest saved to C:\Users\Dyuthi\smartnotes\build\flutter_plugin_android_lifecycle\intermediates\merged_manifest\release\processReleaseManifest\AndroidManifest.xml
[        ] > Task :image_picker_android:processReleaseManifest
[        ] Caching disabled for task ':image_picker_android:processReleaseManifest' because:
[        ]   Build cache is disabled
[        ] Task ':image_picker_android:processReleaseManifest' is not up-to-date because:
[        ]   Output property 'aaptFriendlyManifestOutputDirectory' file C:\Users\Dyuthi\smartnotes\build\image_picker_android\intermediates\aapt_friendly_merged_manifests\release\processReleaseManifest\aapt has been removed.
[        ]   Output property 'aaptFriendlyManifestOutputDirectory' file C:\Users\Dyuthi\smartnotes\build\image_picker_android\intermediates\aapt_friendly_merged_manifests\release\processReleaseManifest\aapt\AndroidManifest.xml has been removed.
[        ]   Output property 'aaptFriendlyManifestOutputDirectory' file C:\Users\Dyuthi\smartnotes\build\image_picker_android\intermediates\aapt_friendly_merged_manifests\release\processReleaseManifest\aapt\output-metadata.json has been removed.
[        ]   and more...
[        ] package="io.flutter.plugins.imagepicker" found in source AndroidManifest.xml: C:\Users\Dyuthi\AppData\Local\Pub\Cache\hosted\pub.dev\image_picker_android-0.8.13+16\android\src\main\AndroidManifest.xml.
[        ] Setting the namespace via the package attribute in the source AndroidManifest.xml is no longer supported, and the value is ignored.
[        ] Recommendation: remove package="io.flutter.plugins.imagepicker" from the source AndroidManifest.xml: C:\Users\Dyuthi\AppData\Local\Pub\Cache\hosted\pub.dev\image_picker_android-0.8.13+16\android\src\main\AndroidManifest.xml.
[        ] Merging main manifest C:\Users\Dyuthi\AppData\Local\Pub\Cache\hosted\pub.dev\image_picker_android-0.8.13+16\android\src\main\AndroidManifest.xml
[        ] Merging result: SUCCESS
[        ] 1<?xml version="1.0" encoding="utf-8"?>
[        ] 2<manifest xmlns:android="http://schemas.android.com/apk/res/android"
[        ] 3    xmlns:tools="http://schemas.android.com/tools"
[        ] 4    package="io.flutter.plugins.imagepicker" >
[        ] 5
[        ] 6    <uses-sdk android:minSdkVersion="24" />
[        ] 7
[        ] 8    <application>
[        ] 8-->C:\Users\Dyuthi\AppData\Local\Pub\Cache\hosted\pub.dev\image_picker_android-0.8.13+16\android\src\main\AndroidManifest.xml:5:5-25:19
[        ] 9        <provider
[        ] 9-->C:\Users\Dyuthi\AppData\Local\Pub\Cache\hosted\pub.dev\image_picker_android-0.8.13+16\android\src\main\AndroidManifest.xml:6:9-14:20
[        ] 10            android:name="io.flutter.plugins.imagepicker.ImagePickerFileProvider"
[        ] 10-->C:\Users\Dyuthi\AppData\Local\Pub\Cache\hosted\pub.dev\image_picker_android-0.8.13+16\android\src\main\AndroidManifest.xml:7:13-82
[        ] 11            android:authorities="${applicationId}.flutter.image_provider"
[        ] 11-->C:\Users\Dyuthi\AppData\Local\Pub\Cache\hosted\pub.dev\image_picker_android-0.8.13+16\android\src\main\AndroidManifest.xml:8:13-74
[        ] 12            android:exported="false"
[        ] 12-->C:\Users\Dyuthi\AppData\Local\Pub\Cache\hosted\pub.dev\image_picker_android-0.8.13+16\android\src\main\AndroidManifest.xml:9:13-37
[        ] 13            android:grantUriPermissions="true" >
[        ] 13-->C:\Users\Dyuthi\AppData\Local\Pub\Cache\hosted\pub.dev\image_picker_android-0.8.13+16\android\src\main\AndroidManifest.xml:10:13-47
[        ] 14            <meta-data
[        ] 14-->C:\Users\Dyuthi\AppData\Local\Pub\Cache\hosted\pub.dev\image_picker_android-0.8.13+16\android\src\main\AndroidManifest.xml:11:13-13:75
[        ] 15                android:name="android.support.FILE_PROVIDER_PATHS"
[        ] 15-->C:\Users\Dyuthi\AppData\Local\Pub\Cache\hosted\pub.dev\image_picker_android-0.8.13+16\android\src\main\AndroidManifest.xml:12:17-67
[        ] 16                android:resource="@xml/flutter_image_picker_file_paths" />
[        ] 16-->C:\Users\Dyuthi\AppData\Local\Pub\Cache\hosted\pub.dev\image_picker_android-0.8.13+16\android\src\main\AndroidManifest.xml:13:17-72
[        ] 17        </provider>
[        ] 18        <!-- Trigger Google Play services to install the backported photo picker module. -->
[        ] 19        <service
[        ] 19-->C:\Users\Dyuthi\AppData\Local\Pub\Cache\hosted\pub.dev\image_picker_android-0.8.13+16\android\src\main\AndroidManifest.xml:16:9-24:19
[        ] 20            android:name="com.google.android.gms.metadata.ModuleDependencies"
[        ] 20-->C:\Users\Dyuthi\AppData\Local\Pub\Cache\hosted\pub.dev\image_picker_android-0.8.13+16\android\src\main\AndroidManifest.xml:16:18-83
[        ] 21            android:enabled="false"
[        ] 21-->C:\Users\Dyuthi\AppData\Local\Pub\Cache\hosted\pub.dev\image_picker_android-0.8.13+16\android\src\main\AndroidManifest.xml:17:17-40
[        ] 22            android:exported="false"
[        ] 22-->C:\Users\Dyuthi\AppData\Local\Pub\Cache\hosted\pub.dev\image_picker_android-0.8.13+16\android\src\main\AndroidManifest.xml:18:17-41
[        ] 23            tools:ignore="MissingClass" >
[        ] 23-->C:\Users\Dyuthi\AppData\Local\Pub\Cache\hosted\pub.dev\image_picker_android-0.8.13+16\android\src\main\AndroidManifest.xml:19:17-44
[        ] 24            <intent-filter>
[        ] 24-->C:\Users\Dyuthi\AppData\Local\Pub\Cache\hosted\pub.dev\image_picker_android-0.8.13+16\android\src\main\AndroidManifest.xml:20:13-22:29
[        ] 25                <action android:name="com.google.android.gms.metadata.MODULE_DEPENDENCIES" />
[        ] 25-->C:\Users\Dyuthi\AppData\Local\Pub\Cache\hosted\pub.dev\image_picker_android-0.8.13+16\android\src\main\AndroidManifest.xml:21:17-94
[        ] 25-->C:\Users\Dyuthi\AppData\Local\Pub\Cache\hosted\pub.dev\image_picker_android-0.8.13+16\android\src\main\AndroidManifest.xml:21:25-91
[        ] 26            </intent-filter>
[        ] 27
[        ] 28            <meta-data
[        ] 28-->C:\Users\Dyuthi\AppData\Local\Pub\Cache\hosted\pub.dev\image_picker_android-0.8.13+16\android\src\main\AndroidManifest.xml:23:13-90
[        ] 29                android:name="photopicker_activity:0:required"
[        ] 29-->C:\Users\Dyuthi\AppData\Local\Pub\Cache\hosted\pub.dev\image_picker_android-0.8.13+16\android\src\main\AndroidManifest.xml:23:24-70
[        ] 30                android:value="" />
[        ] 30-->C:\Users\Dyuthi\AppData\Local\Pub\Cache\hosted\pub.dev\image_picker_android-0.8.13+16\android\src\main\AndroidManifest.xml:23:71-87
[        ] 31        </service>
[        ] 32    </application>
[        ] 33
[        ] 34</manifest>
[        ] Merged manifest saved to C:\Users\Dyuthi\smartnotes\build\image_picker_android\intermediates\merged_manifest\release\processReleaseManifest\AndroidManifest.xml
[        ] > Task :camera_android:processReleaseManifest
[        ] Caching disabled for task ':camera_android:processReleaseManifest' because:
[        ]   Build cache is disabled
[        ] Task ':camera_android:processReleaseManifest' is not up-to-date because:
[        ]   Output property 'aaptFriendlyManifestOutputDirectory' file C:\Users\Dyuthi\smartnotes\build\camera_android\intermediates\aapt_friendly_merged_manifests\release\processReleaseManifest\aapt has been removed.
[        ]   Output property 'aaptFriendlyManifestOutputDirectory' file C:\Users\Dyuthi\smartnotes\build\camera_android\intermediates\aapt_friendly_merged_manifests\release\processReleaseManifest\aapt\AndroidManifest.xml has been removed.
[        ]   Output property 'aaptFriendlyManifestOutputDirectory' file C:\Users\Dyuthi\smartnotes\build\camera_android\intermediates\aapt_friendly_merged_manifests\release\processReleaseManifest\aapt\output-metadata.json has been removed.
[        ]   and more...
[        ] package="io.flutter.plugins.camera" found in source AndroidManifest.xml: C:\Users\Dyuthi\AppData\Local\Pub\Cache\hosted\pub.dev\camera_android-0.10.10+16\android\src\main\AndroidManifest.xml.
[        ] Setting the namespace via the package attribute in the source AndroidManifest.xml is no longer supported, and the value is ignored.
[        ] Recommendation: remove package="io.flutter.plugins.camera" from the source AndroidManifest.xml: C:\Users\Dyuthi\AppData\Local\Pub\Cache\hosted\pub.dev\camera_android-0.10.10+16\android\src\main\AndroidManifest.xml.
[        ] Merging main manifest C:\Users\Dyuthi\AppData\Local\Pub\Cache\hosted\pub.dev\camera_android-0.10.10+16\android\src\main\AndroidManifest.xml
[        ] Merging result: SUCCESS
[        ] 1<?xml version="1.0" encoding="utf-8"?>
[        ] 2<manifest xmlns:android="http://schemas.android.com/apk/res/android"
[        ] 3    package="io.flutter.plugins.camera" >
[        ] 4
[        ] 5    <uses-sdk android:minSdkVersion="24" />
[        ] 6
[        ] 7    <uses-permission android:name="android.permission.CAMERA" />
[        ] 7-->C:\Users\Dyuthi\AppData\Local\Pub\Cache\hosted\pub.dev\camera_android-0.10.10+16\android\src\main\AndroidManifest.xml:3:5-64
[        ] 7-->C:\Users\Dyuthi\AppData\Local\Pub\Cache\hosted\pub.dev\camera_android-0.10.10+16\android\src\main\AndroidManifest.xml:3:22-62
[        ] 8    <uses-permission android:name="android.permission.RECORD_AUDIO" />
[        ] 8-->C:\Users\Dyuthi\AppData\Local\Pub\Cache\hosted\pub.dev\camera_android-0.10.10+16\android\src\main\AndroidManifest.xml:4:5-70
[        ] 8-->C:\Users\Dyuthi\AppData\Local\Pub\Cache\hosted\pub.dev\camera_android-0.10.10+16\android\src\main\AndroidManifest.xml:4:22-68
[        ] 9
[        ] 10</manifest>
[        ] Merged manifest saved to C:\Users\Dyuthi\smartnotes\build\camera_android\intermediates\merged_manifest\release\processReleaseManifest\AndroidManifest.xml
[        ] > Task :jni:processReleaseManifest
[        ] Caching disabled for task ':jni:processReleaseManifest' because:
[        ]   Build cache is disabled
[        ] Task ':jni:processReleaseManifest' is not up-to-date because:
[        ]   Output property 'aaptFriendlyManifestOutputDirectory' file C:\Users\Dyuthi\smartnotes\build\jni\intermediates\aapt_friendly_merged_manifests\release\processReleaseManifest\aapt has been removed.
[        ]   Output property 'aaptFriendlyManifestOutputDirectory' file C:\Users\Dyuthi\smartnotes\build\jni\intermediates\aapt_friendly_merged_manifests\release\processReleaseManifest\aapt\AndroidManifest.xml has been removed.
[        ]   Output property 'aaptFriendlyManifestOutputDirectory' file C:\Users\Dyuthi\smartnotes\build\jni\intermediates\aapt_friendly_merged_manifests\release\processReleaseManifest\aapt\output-metadata.json has been removed.
[        ]   and more...
[        ] package="com.github.dart_lang.jni" found in source AndroidManifest.xml: C:\Users\Dyuthi\AppData\Local\Pub\Cache\hosted\pub.dev\jni-1.0.0\android\src\main\AndroidManifest.xml.
[        ] Setting the namespace via the package attribute in the source AndroidManifest.xml is no longer supported, and the value is ignored.
[        ] Recommendation: remove package="com.github.dart_lang.jni" from the source AndroidManifest.xml: C:\Users\Dyuthi\AppData\Local\Pub\Cache\hosted\pub.dev\jni-1.0.0\android\src\main\AndroidManifest.xml.
[        ] Merging main manifest C:\Users\Dyuthi\AppData\Local\Pub\Cache\hosted\pub.dev\jni-1.0.0\android\src\main\AndroidManifest.xml
[        ] Merging result: SUCCESS
[        ] 1<?xml version="1.0" encoding="utf-8"?>
[        ] 2<manifest xmlns:android="http://schemas.android.com/apk/res/android"
[        ] 3    package="com.github.dart_lang.jni" >
[        ] 4
[        ] 5    <uses-sdk android:minSdkVersion="21" />
[        ] 6
[        ] 7</manifest>
[        ] Merged manifest saved to C:\Users\Dyuthi\smartnotes\build\jni\intermediates\merged_manifest\release\processReleaseManifest\AndroidManifest.xml
[        ] work action resolve AndroidManifest.xml (project :jni) (Thread[#516,included builds,5,main]) started.
[        ] work action resolve AndroidManifest.xml (project :flutter_plugin_android_lifecycle) (Thread[#516,included builds,5,main]) started.
[        ] work action resolve AndroidManifest.xml (project :image_picker_android) (Thread[#516,included builds,5,main]) started.
[        ] work action resolve AndroidManifest.xml (project :file_picker) (Thread[#516,included builds,5,main]) started.
[        ] work action resolve AndroidManifest.xml (project :camera_android) (Thread[#516,included builds,5,main]) started.
[        ] Resolve mutations for :record_android:extractDeepLinksRelease (Thread[#516,included builds,5,main]) started.
[        ] :record_android:extractDeepLinksRelease (Thread[#516,included builds,5,main]) started.
[        ] > Task :record_android:extractDeepLinksRelease
[        ] Caching disabled for task ':record_android:extractDeepLinksRelease' because:
[        ]   Build cache is disabled
[        ] Task ':record_android:extractDeepLinksRelease' is not up-to-date because:
[        ]   Output property 'navigationJson' file C:\Users\Dyuthi\smartnotes\build\record_android\intermediates\navigation_json\release\extractDeepLinksRelease\navigation.json has been removed.
[        ] work action resolve navigation.json (project :record_android) (Thread[#516,included builds,5,main]) started.
[        ] Resolve mutations for :record_android:processReleaseManifest (Thread[#530,Execution worker Thread 14,5,main]) started.
[        ] :record_android:processReleaseManifest (Thread[#530,Execution worker Thread 14,5,main]) started.
[        ] > Task :jni_flutter:processReleaseManifest
[        ] Caching disabled for task ':jni_flutter:processReleaseManifest' because:
[        ]   Build cache is disabled
[        ] Task ':jni_flutter:processReleaseManifest' is not up-to-date because:
[        ]   Output property 'aaptFriendlyManifestOutputDirectory' file C:\Users\Dyuthi\smartnotes\build\jni_flutter\intermediates\aapt_friendly_merged_manifests\release\processReleaseManifest\aapt has been removed.
[        ]   Output property 'aaptFriendlyManifestOutputDirectory' file C:\Users\Dyuthi\smartnotes\build\jni_flutter\intermediates\aapt_friendly_merged_manifests\release\processReleaseManifest\aapt\AndroidManifest.xml has been removed.
[        ]   Output property 'aaptFriendlyManifestOutputDirectory' file C:\Users\Dyuthi\smartnotes\build\jni_flutter\intermediates\aapt_friendly_merged_manifests\release\processReleaseManifest\aapt\output-metadata.json has been removed.
[        ]   and more...
[        ] package="com.github.dart_lang.jni_flutter" found in source AndroidManifest.xml: C:\Users\Dyuthi\AppData\Local\Pub\Cache\hosted\pub.dev\jni_flutter-1.0.1\android\src\main\AndroidManifest.xml.
[        ] Setting the namespace via the package attribute in the source AndroidManifest.xml is no longer supported, and the value is ignored.
[        ] Recommendation: remove package="com.github.dart_lang.jni_flutter" from the source AndroidManifest.xml: C:\Users\Dyuthi\AppData\Local\Pub\Cache\hosted\pub.dev\jni_flutter-1.0.1\android\src\main\AndroidManifest.xml.
[        ] Merging main manifest C:\Users\Dyuthi\AppData\Local\Pub\Cache\hosted\pub.dev\jni_flutter-1.0.1\android\src\main\AndroidManifest.xml
[        ] Merging result: SUCCESS
[        ] 1<?xml version="1.0" encoding="utf-8"?>
[        ] 2<manifest xmlns:android="http://schemas.android.com/apk/res/android"
[        ] 3    package="com.github.dart_lang.jni_flutter" >
[        ] 4
[        ] 5    <uses-sdk android:minSdkVersion="21" />
[        ] 6
[        ] 7</manifest>
[        ] Merged manifest saved to C:\Users\Dyuthi\smartnotes\build\jni_flutter\intermediates\merged_manifest\release\processReleaseManifest\AndroidManifest.xml
[        ] work action resolve AndroidManifest.xml (project :jni_flutter) (Thread[#524,Execution worker Thread 8,5,main]) started.
[        ] Resolve mutations for :camera_android:bundleLibCompileToJarRelease (Thread[#524,Execution worker Thread 8,5,main]) started.
[        ] :camera_android:bundleLibCompileToJarRelease (Thread[#524,Execution worker Thread 8,5,main]) started.
[        ] Resolve mutations for :file_picker:bundleLibCompileToJarRelease (Thread[#517,Execution worker,5,main]) started.
[        ] :file_picker:bundleLibCompileToJarRelease (Thread[#517,Execution worker,5,main]) started.
[        ] Resolve mutations for :image_picker_android:bundleLibCompileToJarRelease (Thread[#527,Execution worker Thread 11,5,main]) started.
[        ] :image_picker_android:bundleLibCompileToJarRelease (Thread[#527,Execution worker Thread 11,5,main]) started.
[        ] Resolve mutations for :jni_flutter:bundleLibCompileToJarRelease (Thread[#518,Execution worker Thread 2,5,main]) started.
[        ] :jni_flutter:bundleLibCompileToJarRelease (Thread[#516,included builds,5,main]) started.
[        ] > Task :file_picker:bundleLibCompileToJarRelease
[        ] Caching disabled for task ':file_picker:bundleLibCompileToJarRelease' because:
[        ]   Build cache is disabled
[        ]   Simple merging task
[        ] Task ':file_picker:bundleLibCompileToJarRelease' is not up-to-date because:
[        ]   No history is available.
[        ] work action resolve classes.jar (project :file_picker) (Thread[#517,Execution worker,5,main]) started.
[        ] Resolve mutations for :app:javaPreCompileRelease (Thread[#517,Execution worker,5,main]) started.
[        ] :app:javaPreCompileRelease (Thread[#517,Execution worker,5,main]) started.
[        ] Resolve mutations for :camera_android:bundleLibRuntimeToJarRelease (Thread[#520,Execution worker Thread 4,5,main]) started.
[        ] :camera_android:bundleLibRuntimeToJarRelease (Thread[#520,Execution worker Thread 4,5,main]) started.
[        ] > Task :app:javaPreCompileRelease
[        ] Caching disabled for task ':app:javaPreCompileRelease' because:
[        ]   Build cache is disabled
[        ] Task ':app:javaPreCompileRelease' is not up-to-date because:
[        ]   Output property 'annotationProcessorListFile' file C:\Users\Dyuthi\smartnotes\build\app\intermediates\annotation_processor_list\release\javaPreCompileRelease\annotationProcessors.json has been removed.
[   +5 ms] > Task :jni_flutter:bundleLibCompileToJarRelease
[        ] Caching disabled for task ':jni_flutter:bundleLibCompileToJarRelease' because:
[        ]   Build cache is disabled
[        ]   Simple merging task
[        ] Task ':jni_flutter:bundleLibCompileToJarRelease' is not up-to-date because:
[        ]   Output property 'output' file C:\Users\Dyuthi\smartnotes\build\jni_flutter\intermediates\compile_library_classes_jar\release\bundleLibCompileToJarRelease\classes.jar has been removed.
[        ] > Task :image_picker_android:bundleLibCompileToJarRelease
[        ] Caching disabled for task ':image_picker_android:bundleLibCompileToJarRelease' because:
[        ]   Build cache is disabled
[        ]   Simple merging task
[        ] Task ':image_picker_android:bundleLibCompileToJarRelease' is not up-to-date because:
[        ]   Output property 'output' file C:\Users\Dyuthi\smartnotes\build\image_picker_android\intermediates\compile_library_classes_jar\release\bundleLibCompileToJarRelease\classes.jar has been removed.
[        ] work action resolve classes.jar (project :jni_flutter) (Thread[#527,Execution worker Thread 11,5,main]) started.
[        ] work action resolve classes.jar (project :image_picker_android) (Thread[#525,Execution worker Thread 9,5,main]) started.
[        ] Resolve mutations for :file_picker:bundleLibRuntimeToJarRelease (Thread[#516,included builds,5,main]) started.
[        ] :file_picker:bundleLibRuntimeToJarRelease (Thread[#516,included builds,5,main]) started.
[        ] Resolve mutations for :flutter_plugin_android_lifecycle:bundleLibRuntimeToJarRelease (Thread[#527,Execution worker Thread 11,5,main]) started.
[        ] :flutter_plugin_android_lifecycle:bundleLibRuntimeToJarRelease (Thread[#527,Execution worker Thread 11,5,main]) started.
[        ] > Task :camera_android:bundleLibCompileToJarRelease
[        ] Caching disabled for task ':camera_android:bundleLibCompileToJarRelease' because:
[        ]   Build cache is disabled
[        ]   Simple merging task
[        ] Task ':camera_android:bundleLibCompileToJarRelease' is not up-to-date because:
[        ]   Output property 'output' file C:\Users\Dyuthi\smartnotes\build\camera_android\intermediates\compile_library_classes_jar\release\bundleLibCompileToJarRelease\classes.jar has been removed.
[        ] work action resolve classes.jar (project :camera_android) (Thread[#524,Execution worker Thread 8,5,main]) started.
[        ] Resolve mutations for :image_picker_android:bundleLibRuntimeToJarRelease (Thread[#524,Execution worker Thread 8,5,main]) started.
[        ] :image_picker_android:bundleLibRuntimeToJarRelease (Thread[#524,Execution worker Thread 8,5,main]) started.
[        ] > Task :file_picker:bundleLibRuntimeToJarRelease
[        ] Caching disabled for task ':file_picker:bundleLibRuntimeToJarRelease' because:
[        ]   Build cache is disabled
[        ]   Simple merging task
[        ] Task ':file_picker:bundleLibRuntimeToJarRelease' is not up-to-date because:
[        ]   No history is available.
[  +90 ms] > Task :flutter_plugin_android_lifecycle:bundleLibRuntimeToJarRelease
[        ] Caching disabled for task ':flutter_plugin_android_lifecycle:bundleLibRuntimeToJarRelease' because:
[        ]   Build cache is disabled
[        ]   Simple merging task
[        ] Task ':flutter_plugin_android_lifecycle:bundleLibRuntimeToJarRelease' is not up-to-date because:
[        ]   Output property 'output' file C:\Users\Dyuthi\smartnotes\build\flutter_plugin_android_lifecycle\intermediates\runtime_library_classes_jar\release\bundleLibRuntimeToJarRelease\classes.jar has been removed.
[        ] work action resolve classes.jar (project :flutter_plugin_android_lifecycle) (Thread[#527,Execution worker Thread 11,5,main]) started.
[        ] work action resolve classes.jar (project :file_picker) (Thread[#527,Execution worker Thread 11,5,main]) started.
[        ] Resolve mutations for :jni:bundleLibRuntimeToJarRelease (Thread[#527,Execution worker Thread 11,5,main]) started.
[        ] :jni:bundleLibRuntimeToJarRelease (Thread[#527,Execution worker Thread 11,5,main]) started.
[        ] Resolve mutations for :jni_flutter:bundleLibRuntimeToJarRelease (Thread[#525,Execution worker Thread 9,5,main]) started.
[        ] :jni_flutter:bundleLibRuntimeToJarRelease (Thread[#525,Execution worker Thread 9,5,main]) started.
[        ] > Task :jni:bundleLibRuntimeToJarRelease
[        ] Caching disabled for task ':jni:bundleLibRuntimeToJarRelease' because:
[        ]   Build cache is disabled
[        ]   Simple merging task
[        ] Task ':jni:bundleLibRuntimeToJarRelease' is not up-to-date because:
[        ]   Output property 'output' file C:\Users\Dyuthi\smartnotes\build\jni\intermediates\runtime_library_classes_jar\release\bundleLibRuntimeToJarRelease\classes.jar has been removed.
[        ] > Task :image_picker_android:bundleLibRuntimeToJarRelease
[        ] Caching disabled for task ':image_picker_android:bundleLibRuntimeToJarRelease' because:
[        ]   Build cache is disabled
[        ]   Simple merging task
[        ] Task ':image_picker_android:bundleLibRuntimeToJarRelease' is not up-to-date because:
[        ]   Output property 'output' file C:\Users\Dyuthi\smartnotes\build\image_picker_android\intermediates\runtime_library_classes_jar\release\bundleLibRuntimeToJarRelease\classes.jar has been removed.
[        ] work action resolve classes.jar (project :jni) (Thread[#524,Execution worker Thread 8,5,main]) started.
[        ] work action resolve classes.jar (project :image_picker_android) (Thread[#524,Execution worker Thread 8,5,main]) started.
[        ] Resolve mutations for :app:extractProguardFiles (Thread[#524,Execution worker Thread 8,5,main]) started.
[        ] :app:extractProguardFiles (Thread[#524,Execution worker Thread 8,5,main]) started.
[        ] > Task :camera_android:bundleLibRuntimeToJarRelease
[        ] Caching disabled for task ':camera_android:bundleLibRuntimeToJarRelease' because:
[        ]   Build cache is disabled
[        ]   Simple merging task
[        ] Task ':camera_android:bundleLibRuntimeToJarRelease' is not up-to-date because:
[        ]   Output property 'output' file C:\Users\Dyuthi\smartnotes\build\camera_android\intermediates\runtime_library_classes_jar\release\bundleLibRuntimeToJarRelease\classes.jar has been removed.
[        ] > Task :jni_flutter:bundleLibRuntimeToJarRelease
[        ] Caching disabled for task ':jni_flutter:bundleLibRuntimeToJarRelease' because:
[        ]   Build cache is disabled
[        ]   Simple merging task
[        ] Task ':jni_flutter:bundleLibRuntimeToJarRelease' is not up-to-date because:
[        ]   Output property 'output' file C:\Users\Dyuthi\smartnotes\build\jni_flutter\intermediates\runtime_library_classes_jar\release\bundleLibRuntimeToJarRelease\classes.jar has been removed.
[        ] > Task :app:extractProguardFiles
[        ] Caching disabled for task ':app:extractProguardFiles' because:
[        ]   Build cache is disabled
[        ]   Fast task
[        ] Task ':app:extractProguardFiles' is not up-to-date because:
[        ]   Output property 'proguardFilesDir' file C:\Users\Dyuthi\smartnotes\build\app\intermediates\default_proguard_files\global has been removed.
[        ]   Output property 'proguardFilesDir' file C:\Users\Dyuthi\smartnotes\build\app\intermediates\default_proguard_files\global\proguard-android-optimize.txt-8.11.1 has been removed.
[        ]   Output property 'proguardFilesDir' file C:\Users\Dyuthi\smartnotes\build\app\intermediates\default_proguard_files\global\proguard-android.txt-8.11.1 has been removed.
[        ]   and more...
[        ] work action resolve classes.jar (project :jni_flutter) (Thread[#524,Execution worker Thread 8,5,main]) started.
[        ] work action resolve classes.jar (project :camera_android) (Thread[#524,Execution worker Thread 8,5,main]) started.
[        ] Resolve mutations for :camera_android:processReleaseJavaRes (Thread[#531,Execution worker Thread 15,5,main]) started.
[        ] :camera_android:processReleaseJavaRes (Thread[#531,Execution worker Thread 15,5,main]) started.
[        ] > Task :camera_android:processReleaseJavaRes NO-SOURCE
[        ] file or directory 'C:\Users\Dyuthi\AppData\Local\Pub\Cache\hosted\pub.dev\camera_android-0.10.10+16\android\src\main\resources', not found
[        ] file or directory 'C:\Users\Dyuthi\AppData\Local\Pub\Cache\hosted\pub.dev\camera_android-0.10.10+16\android\src\release\resources', not found
[        ] Skipping task ':camera_android:processReleaseJavaRes' as it has no source files and no previous output files.
[        ] work action resolve out (project :camera_android) (Thread[#531,Execution worker Thread 15,5,main]) started.
[        ] Resolve mutations for :file_picker:processReleaseJavaRes (Thread[#518,Execution worker Thread 2,5,main]) started.
[        ] :file_picker:processReleaseJavaRes (Thread[#518,Execution worker Thread 2,5,main]) started.
[        ] > Task :file_picker:processReleaseJavaRes NO-SOURCE
[        ] file or directory 'C:\Users\Dyuthi\AppData\Local\Pub\Cache\hosted\pub.dev\file_picker-8.3.7\android\src\main\resources', not found
[        ] file or directory 'C:\Users\Dyuthi\AppData\Local\Pub\Cache\hosted\pub.dev\file_picker-8.3.7\android\src\release\resources', not found
[        ] Skipping task ':file_picker:processReleaseJavaRes' as it has no source files and no previous output files.
[        ] work action resolve out (project :file_picker) (Thread[#518,Execution worker Thread 2,5,main]) started.
[        ] Resolve mutations for :flutter_plugin_android_lifecycle:processReleaseJavaRes (Thread[#518,Execution worker Thread 2,5,main]) started.
[        ] :flutter_plugin_android_lifecycle:processReleaseJavaRes (Thread[#518,Execution worker Thread 2,5,main]) started.
[        ] > Task :flutter_plugin_android_lifecycle:processReleaseJavaRes NO-SOURCE
[        ] file or directory 'C:\Users\Dyuthi\AppData\Local\Pub\Cache\hosted\pub.dev\flutter_plugin_android_lifecycle-2.0.34\android\src\main\resources', not found
[        ] file or directory 'C:\Users\Dyuthi\AppData\Local\Pub\Cache\hosted\pub.dev\flutter_plugin_android_lifecycle-2.0.34\android\src\release\resources', not found
[        ] Skipping task ':flutter_plugin_android_lifecycle:processReleaseJavaRes' as it has no source files and no previous output files.
[        ] work action resolve out (project :flutter_plugin_android_lifecycle) (Thread[#518,Execution worker Thread 2,5,main]) started.
[        ] Resolve mutations for :image_picker_android:processReleaseJavaRes (Thread[#518,Execution worker Thread 2,5,main]) started.
[        ] :image_picker_android:processReleaseJavaRes (Thread[#518,Execution worker Thread 2,5,main]) started.
[        ] > Task :image_picker_android:processReleaseJavaRes NO-SOURCE
[        ] file or directory 'C:\Users\Dyuthi\AppData\Local\Pub\Cache\hosted\pub.dev\image_picker_android-0.8.13+16\android\src\main\resources', not found
[        ] file or directory 'C:\Users\Dyuthi\AppData\Local\Pub\Cache\hosted\pub.dev\image_picker_android-0.8.13+16\android\src\release\resources', not found
[        ] Skipping task ':image_picker_android:processReleaseJavaRes' as it has no source files and no previous output files.
[        ] work action resolve out (project :image_picker_android) (Thread[#518,Execution worker Thread 2,5,main]) started.
[        ] Resolve mutations for :jni:processReleaseJavaRes (Thread[#518,Execution worker Thread 2,5,main]) started.
[        ] :jni:processReleaseJavaRes (Thread[#518,Execution worker Thread 2,5,main]) started.
[  +90 ms] > Task :record_android:processReleaseManifest
[        ] Caching disabled for task ':record_android:processReleaseManifest' because:
[        ]   Build cache is disabled
[        ] Task ':record_android:processReleaseManifest' is not up-to-date because:
[        ]   Output property 'aaptFriendlyManifestOutputDirectory' file C:\Users\Dyuthi\smartnotes\build\record_android\intermediates\aapt_friendly_merged_manifests\release\processReleaseManifest\aapt has been removed.
[        ]   Output property 'aaptFriendlyManifestOutputDirectory' file C:\Users\Dyuthi\smartnotes\build\record_android\intermediates\aapt_friendly_merged_manifests\release\processReleaseManifest\aapt\AndroidManifest.xml has been removed.
[        ]   Output property 'aaptFriendlyManifestOutputDirectory' file C:\Users\Dyuthi\smartnotes\build\record_android\intermediates\aapt_friendly_merged_manifests\release\processReleaseManifest\aapt\output-metadata.json has been removed.
[        ]   and more...
[        ] package="com.llfbandit.record" found in source AndroidManifest.xml: C:\Users\Dyuthi\AppData\Local\Pub\Cache\hosted\pub.dev\record_android-1.5.1\android\src\main\AndroidManifest.xml.
[        ] Setting the namespace via the package attribute in the source AndroidManifest.xml is no longer supported, and the value is ignored.
[        ] Recommendation: remove package="com.llfbandit.record" from the source AndroidManifest.xml: C:\Users\Dyuthi\AppData\Local\Pub\Cache\hosted\pub.dev\record_android-1.5.1\android\src\main\AndroidManifest.xml.
[        ] Merging main manifest C:\Users\Dyuthi\AppData\Local\Pub\Cache\hosted\pub.dev\record_android-1.5.1\android\src\main\AndroidManifest.xml
[        ] Merging result: SUCCESS
[        ] 1<?xml version="1.0" encoding="utf-8"?>
[        ] 2<manifest xmlns:android="http://schemas.android.com/apk/res/android"
[        ] 3    package="com.llfbandit.record" >
[        ] 4
[        ] 5    <uses-sdk android:minSdkVersion="23" />
[        ] 6
[        ] 7    <uses-permission android:name="android.permission.RECORD_AUDIO" />
[        ] 7-->C:\Users\Dyuthi\AppData\Local\Pub\Cache\hosted\pub.dev\record_android-1.5.1\android\src\main\AndroidManifest.xml:4:5-71
[        ] 7-->C:\Users\Dyuthi\AppData\Local\Pub\Cache\hosted\pub.dev\record_android-1.5.1\android\src\main\AndroidManifest.xml:4:22-68
[        ] 8
[        ] 9</manifest>
[        ] Merged manifest saved to C:\Users\Dyuthi\smartnotes\build\record_android\intermediates\merged_manifest\release\processReleaseManifest\AndroidManifest.xml
[        ] > Task :jni:processReleaseJavaRes NO-SOURCE
[        ] file or directory 'C:\Users\Dyuthi\AppData\Local\Pub\Cache\hosted\pub.dev\jni-1.0.0\android\src\main\resources', not found
[        ] file or directory 'C:\Users\Dyuthi\AppData\Local\Pub\Cache\hosted\pub.dev\jni-1.0.0\android\src\release\resources', not found
[        ] Skipping task ':jni:processReleaseJavaRes' as it has no source files and no previous output files.
[        ] work action resolve AndroidManifest.xml (project :record_android) (Thread[#518,Execution worker Thread 2,5,main]) started.
[        ] work action resolve out (project :jni) (Thread[#518,Execution worker Thread 2,5,main]) started.
[        ] Resolve mutations for :app:processReleaseMainManifest (Thread[#518,Execution worker Thread 2,5,main]) started.
[        ] :app:processReleaseMainManifest (Thread[#518,Execution worker Thread 2,5,main]) started.
[ +105 ms] > Task :app:mergeReleaseResources
[        ] Caching disabled for task ':app:mergeReleaseResources' because:
[        ]   Build cache is disabled
[        ] Task ':app:mergeReleaseResources' is not up-to-date because:
[        ]   Output property 'blameLogOutputFolder' file C:\Users\Dyuthi\smartnotes\build\app\intermediates\merged_res_blame_folder\release\mergeReleaseResources\out has been removed.
[        ]   Output property 'blameLogOutputFolder' file C:\Users\Dyuthi\smartnotes\build\app\intermediates\merged_res_blame_folder\release\mergeReleaseResources\out\multi-v2 has been removed.
[        ]   Output property 'blameLogOutputFolder' file C:\Users\Dyuthi\smartnotes\build\app\intermediates\merged_res_blame_folder\release\mergeReleaseResources\out\multi-v2\mergeReleaseResources.json has been removed.
[        ]   and more...
[        ] The input changes require a full rebuild for incremental task ':app:mergeReleaseResources'.
[        ] [MergeResources] Inputs are non-incremental full task action.
[        ] Compiling XML table C:\Users\Dyuthi\smartnotes\build\app\intermediates\incremental\release\mergeReleaseResources\merged.dir\values-lv\values-lv.xml to C:\Users\Dyuthi\smartnotes\build\app\intermediates\merged_res\release\mergeReleaseResources\values-lv_values-lv.arsc.flat
[        ] Compiling XML table C:\Users\Dyuthi\smartnotes\build\app\intermediates\incremental\release\mergeReleaseResources\merged.dir\values-de\values-de.xml to C:\Users\Dyuthi\smartnotes\build\app\intermediates\merged_res\release\mergeReleaseResources\values-de_values-de.arsc.flat
[        ] Compiling XML table C:\Users\Dyuthi\smartnotes\build\app\intermediates\incremental\release\mergeReleaseResources\merged.dir\values-lt\values-lt.xml to C:\Users\Dyuthi\smartnotes\build\app\intermediates\merged_res\release\mergeReleaseResources\values-lt_values-lt.arsc.flat
[        ] Compiling XML table C:\Users\Dyuthi\smartnotes\build\app\intermediates\incremental\release\mergeReleaseResources\merged.dir\values-ur\values-ur.xml to C:\Users\Dyuthi\smartnotes\build\app\intermediates\merged_res\release\mergeReleaseResources\values-ur_values-ur.arsc.flat
[        ] Compiling XML table C:\Users\Dyuthi\smartnotes\build\app\intermediates\incremental\release\mergeReleaseResources\merged.dir\values-mk\values-mk.xml to C:\Users\Dyuthi\smartnotes\build\app\intermediates\merged_res\release\mergeReleaseResources\values-mk_values-mk.arsc.flat
[        ] Compiling XML table C:\Users\Dyuthi\smartnotes\build\app\intermediates\incremental\release\mergeReleaseResources\merged.dir\values-en-rIN\values-en-rIN.xml to C:\Users\Dyuthi\smartnotes\build\app\intermediates\merged_res\release\mergeReleaseResources\values-en-rIN_values-en-rIN.arsc.flat
[        ] Compiling XML table C:\Users\Dyuthi\smartnotes\build\app\intermediates\incremental\release\mergeReleaseResources\merged.dir\values-uk\values-uk.xml to C:\Users\Dyuthi\smartnotes\build\app\intermediates\merged_res\release\mergeReleaseResources\values-uk_values-uk.arsc.flat
[        ] Compiling XML table C:\Users\Dyuthi\smartnotes\build\app\intermediates\incremental\release\mergeReleaseResources\merged.dir\values-pt\values-pt.xml to C:\Users\Dyuthi\smartnotes\build\app\intermediates\merged_res\release\mergeReleaseResources\values-pt_values-pt.arsc.flat
[        ] Compiling XML table C:\Users\Dyuthi\smartnotes\build\app\intermediates\incremental\release\mergeReleaseResources\merged.dir\values-hi\values-hi.xml to C:\Users\Dyuthi\smartnotes\build\app\intermediates\merged_res\release\mergeReleaseResources\values-hi_values-hi.arsc.flat
[        ] Compiling XML table C:\Users\Dyuthi\smartnotes\build\app\intermediates\incremental\release\mergeReleaseResources\merged.dir\values-hr\values-hr.xml to C:\Users\Dyuthi\smartnotes\build\app\intermediates\merged_res\release\mergeReleaseResources\values-hr_values-hr.arsc.flat
[        ] Compiling XML table C:\Users\Dyuthi\smartnotes\build\app\intermediates\incremental\release\mergeReleaseResources\merged.dir\values\values.xml to C:\Users\Dyuthi\smartnotes\build\app\intermediates\merged_res\release\mergeReleaseResources\values_values.arsc.flat
[        ] Compiling XML table C:\Users\Dyuthi\smartnotes\build\app\intermediates\incremental\release\mergeReleaseResources\merged.dir\values-hu\values-hu.xml to C:\Users\Dyuthi\smartnotes\build\app\intermediates\merged_res\release\mergeReleaseResources\values-hu_values-hu.arsc.flat
[        ] Compiling XML table C:\Users\Dyuthi\smartnotes\build\app\intermediates\incremental\release\mergeReleaseResources\merged.dir\values-lo\values-lo.xml to C:\Users\Dyuthi\smartnotes\build\app\intermediates\merged_res\release\mergeReleaseResources\values-lo_values-lo.arsc.flat
[        ] Compiling XML table C:\Users\Dyuthi\smartnotes\build\app\intermediates\incremental\release\mergeReleaseResources\merged.dir\values-hy\values-hy.xml to C:\Users\Dyuthi\smartnotes\build\app\intermediates\merged_res\release\mergeReleaseResources\values-hy_values-hy.arsc.flat
[        ] Compiling XML table C:\Users\Dyuthi\smartnotes\build\app\intermediates\incremental\release\mergeReleaseResources\merged.dir\values-ml\values-ml.xml to C:\Users\Dyuthi\smartnotes\build\app\intermediates\merged_res\release\mergeReleaseResources\values-ml_values-ml.arsc.flat
[        ] Compiling XML table C:\Users\Dyuthi\smartnotes\build\app\intermediates\incremental\release\mergeReleaseResources\merged.dir\values-iw\values-iw.xml to C:\Users\Dyuthi\smartnotes\build\app\intermediates\merged_res\release\mergeReleaseResources\values-iw_values-iw.arsc.flat
[        ] Compiling XML table C:\Users\Dyuthi\smartnotes\build\app\intermediates\incremental\release\mergeReleaseResources\merged.dir\values-it\values-it.xml to C:\Users\Dyuthi\smartnotes\build\app\intermediates\merged_res\release\mergeReleaseResources\values-it_values-it.arsc.flat
[        ] Compiling XML table C:\Users\Dyuthi\smartnotes\build\app\intermediates\incremental\release\mergeReleaseResources\merged.dir\values-af\values-af.xml to C:\Users\Dyuthi\smartnotes\build\app\intermediates\merged_res\release\mergeReleaseResources\values-af_values-af.arsc.flat
[        ] Compiling XML table C:\Users\Dyuthi\smartnotes\build\app\intermediates\incremental\release\mergeReleaseResources\merged.dir\values-zh-rTW\values-zh-rTW.xml to C:\Users\Dyuthi\smartnotes\build\app\intermediates\merged_res\release\mergeReleaseResources\values-zh-rTW_values-zh-rTW.arsc.flat
[        ] Compiling XML table C:\Users\Dyuthi\smartnotes\build\app\intermediates\incremental\release\mergeReleaseResources\merged.dir\values-fr-rCA\values-fr-rCA.xml to C:\Users\Dyuthi\smartnotes\build\app\intermediates\merged_res\release\mergeReleaseResources\values-fr-rCA_values-fr-rCA.arsc.flat
[        ] Compiling XML table C:\Users\Dyuthi\smartnotes\build\app\intermediates\incremental\release\mergeReleaseResources\merged.dir\values-is\values-is.xml to C:\Users\Dyuthi\smartnotes\build\app\intermediates\merged_res\release\mergeReleaseResources\values-is_values-is.arsc.flat
[        ] Compiling XML table C:\Users\Dyuthi\smartnotes\build\app\intermediates\incremental\release\mergeReleaseResources\merged.dir\values-el\values-el.xml to C:\Users\Dyuthi\smartnotes\build\app\intermediates\merged_res\release\mergeReleaseResources\values-el_values-el.arsc.flat
[        ] Compiling XML table C:\Users\Dyuthi\smartnotes\build\app\intermediates\incremental\release\mergeReleaseResources\merged.dir\values-b+sr+Latn\values-b+sr+Latn.xml to C:\Users\Dyuthi\smartnotes\build\app\intermediates\merged_res\release\mergeReleaseResources\values-b+sr+Latn_values-b+sr+Latn.arsc.flat
[        ] Compiling XML table C:\Users\Dyuthi\smartnotes\build\app\intermediates\incremental\release\mergeReleaseResources\merged.dir\values-my\values-my.xml to C:\Users\Dyuthi\smartnotes\build\app\intermediates\merged_res\release\mergeReleaseResources\values-my_values-my.arsc.flat
[        ] Compiling XML table C:\Users\Dyuthi\smartnotes\build\app\intermediates\incremental\release\mergeReleaseResources\merged.dir\values-in\values-in.xml to C:\Users\Dyuthi\smartnotes\build\app\intermediates\merged_res\release\mergeReleaseResources\values-in_values-in.arsc.flat
[        ] Compiling XML table C:\Users\Dyuthi\smartnotes\build\app\intermediates\incremental\release\mergeReleaseResources\merged.dir\values-zh-rHK\values-zh-rHK.xml to C:\Users\Dyuthi\smartnotes\build\app\intermediates\merged_res\release\mergeReleaseResources\values-zh-rHK_values-zh-rHK.arsc.flat
[        ] Compiling XML table C:\Users\Dyuthi\smartnotes\build\app\intermediates\incremental\release\mergeReleaseResources\merged.dir\values-am\values-am.xml to C:\Users\Dyuthi\smartnotes\build\app\intermediates\merged_res\release\mergeReleaseResources\values-am_values-am.arsc.flat
[        ] Compiling XML table C:\Users\Dyuthi\smartnotes\build\app\intermediates\incremental\release\mergeReleaseResources\merged.dir\values-ms\values-ms.xml to C:\Users\Dyuthi\smartnotes\build\app\intermediates\merged_res\release\mergeReleaseResources\values-ms_values-ms.arsc.flat
[        ] Compiling XML table C:\Users\Dyuthi\smartnotes\build\app\intermediates\incremental\release\mergeReleaseResources\merged.dir\values-mr\values-mr.xml to C:\Users\Dyuthi\smartnotes\build\app\intermediates\merged_res\release\mergeReleaseResources\values-mr_values-mr.arsc.flat
[        ] Compiling XML table C:\Users\Dyuthi\smartnotes\build\app\intermediates\incremental\release\mergeReleaseResources\merged.dir\values-ro\values-ro.xml to C:\Users\Dyuthi\smartnotes\build\app\intermediates\merged_res\release\mergeReleaseResources\values-ro_values-ro.arsc.flat
[        ] Compiling XML table C:\Users\Dyuthi\smartnotes\build\app\intermediates\incremental\release\mergeReleaseResources\merged.dir\values-es-rUS\values-es-rUS.xml to C:\Users\Dyuthi\smartnotes\build\app\intermediates\merged_res\release\mergeReleaseResources\values-es-rUS_values-es-rUS.arsc.flat
[        ] Compiling XML table C:\Users\Dyuthi\smartnotes\build\app\intermediates\incremental\release\mergeReleaseResources\merged.dir\values-ja\values-ja.xml to C:\Users\Dyuthi\smartnotes\build\app\intermediates\merged_res\release\mergeReleaseResources\values-ja_values-ja.arsc.flat
[        ] Compiling XML table C:\Users\Dyuthi\smartnotes\build\app\intermediates\incremental\release\mergeReleaseResources\merged.dir\values-night-v8\values-night-v8.xml to C:\Users\Dyuthi\smartnotes\build\app\intermediates\merged_res\release\mergeReleaseResources\values-night-v8_values-night-v8.arsc.flat
[        ] Compiling XML table C:\Users\Dyuthi\smartnotes\build\app\intermediates\incremental\release\mergeReleaseResources\merged.dir\values-nb\values-nb.xml to C:\Users\Dyuthi\smartnotes\build\app\intermediates\merged_res\release\mergeReleaseResources\values-nb_values-nb.arsc.flat
[        ] Compiling XML table C:\Users\Dyuthi\smartnotes\build\app\intermediates\incremental\release\mergeReleaseResources\merged.dir\values-eu\values-eu.xml to C:\Users\Dyuthi\smartnotes\build\app\intermediates\merged_res\release\mergeReleaseResources\values-eu_values-eu.arsc.flat
[        ] Compiling XML table C:\Users\Dyuthi\smartnotes\build\app\intermediates\incremental\release\mergeReleaseResources\merged.dir\values-as\values-as.xml to C:\Users\Dyuthi\smartnotes\build\app\intermediates\merged_res\release\mergeReleaseResources\values-as_values-as.arsc.flat
[        ] Compiling XML table C:\Users\Dyuthi\smartnotes\build\app\intermediates\incremental\release\mergeReleaseResources\merged.dir\values-vi\values-vi.xml to C:\Users\Dyuthi\smartnotes\build\app\intermediates\merged_res\release\mergeReleaseResources\values-vi_values-vi.arsc.flat
[        ] Compiling XML table C:\Users\Dyuthi\smartnotes\build\app\intermediates\incremental\release\mergeReleaseResources\merged.dir\values-ar\values-ar.xml to C:\Users\Dyuthi\smartnotes\build\app\intermediates\merged_res\release\mergeReleaseResources\values-ar_values-ar.arsc.flat
[        ] Compiling XML table C:\Users\Dyuthi\smartnotes\build\app\intermediates\incremental\release\mergeReleaseResources\merged.dir\values-fa\values-fa.xml to C:\Users\Dyuthi\smartnotes\build\app\intermediates\merged_res\release\mergeReleaseResources\values-fa_values-fa.arsc.flat
[        ] Compiling XML table C:\Users\Dyuthi\smartnotes\build\app\intermediates\incremental\release\mergeReleaseResources\merged.dir\values-zu\values-zu.xml to C:\Users\Dyuthi\smartnotes\build\app\intermediates\merged_res\release\mergeReleaseResources\values-zu_values-zu.arsc.flat
[        ] Compiling XML table C:\Users\Dyuthi\smartnotes\build\app\intermediates\incremental\release\mergeReleaseResources\merged.dir\values-ne\values-ne.xml to C:\Users\Dyuthi\smartnotes\build\app\intermediates\merged_res\release\mergeReleaseResources\values-ne_values-ne.arsc.flat
[        ] Compiling XML table C:\Users\Dyuthi\smartnotes\build\app\intermediates\incremental\release\mergeReleaseResources\merged.dir\values-pt-rPT\values-pt-rPT.xml to C:\Users\Dyuthi\smartnotes\build\app\intermediates\merged_res\release\mergeReleaseResources\values-pt-rPT_values-pt-rPT.arsc.flat
[        ] Compiling XML table C:\Users\Dyuthi\smartnotes\build\app\intermediates\incremental\release\mergeReleaseResources\merged.dir\values-az\values-az.xml to C:\Users\Dyuthi\smartnotes\build\app\intermediates\merged_res\release\mergeReleaseResources\values-az_values-az.arsc.flat
[        ] Compiling XML table C:\Users\Dyuthi\smartnotes\build\app\intermediates\incremental\release\mergeReleaseResources\merged.dir\values-fr\values-fr.xml to C:\Users\Dyuthi\smartnotes\build\app\intermediates\merged_res\release\mergeReleaseResources\values-fr_values-fr.arsc.flat
[        ] Compiling XML table C:\Users\Dyuthi\smartnotes\build\app\intermediates\incremental\release\mergeReleaseResources\merged.dir\values-sl\values-sl.xml to C:\Users\Dyuthi\smartnotes\build\app\intermediates\merged_res\release\mergeReleaseResources\values-sl_values-sl.arsc.flat
[        ] Compiling XML table C:\Users\Dyuthi\smartnotes\build\app\intermediates\incremental\release\mergeReleaseResources\merged.dir\values-ru\values-ru.xml to C:\Users\Dyuthi\smartnotes\build\app\intermediates\merged_res\release\mergeReleaseResources\values-ru_values-ru.arsc.flat
[        ] Compiling XML table C:\Users\Dyuthi\smartnotes\build\app\intermediates\incremental\release\mergeReleaseResources\merged.dir\values-be\values-be.xml to C:\Users\Dyuthi\smartnotes\build\app\intermediates\merged_res\release\mergeReleaseResources\values-be_values-be.arsc.flat
[        ] Compiling XML table C:\Users\Dyuthi\smartnotes\build\app\intermediates\incremental\release\mergeReleaseResources\merged.dir\values-en-rXC\values-en-rXC.xml to C:\Users\Dyuthi\smartnotes\build\app\intermediates\merged_res\release\mergeReleaseResources\values-en-rXC_values-en-rXC.arsc.flat
[        ] Compiling XML table C:\Users\Dyuthi\smartnotes\build\app\intermediates\incremental\release\mergeReleaseResources\merged.dir\values-en-rCA\values-en-rCA.xml to C:\Users\Dyuthi\smartnotes\build\app\intermediates\merged_res\release\mergeReleaseResources\values-en-rCA_values-en-rCA.arsc.flat
[        ] Compiling XML table C:\Users\Dyuthi\smartnotes\build\app\intermediates\incremental\release\mergeReleaseResources\merged.dir\values-si\values-si.xml to C:\Users\Dyuthi\smartnotes\build\app\intermediates\merged_res\release\mergeReleaseResources\values-si_values-si.arsc.flat
[        ] Compiling XML table C:\Users\Dyuthi\smartnotes\build\app\intermediates\incremental\release\mergeReleaseResources\merged.dir\values-bs\values-bs.xml to C:\Users\Dyuthi\smartnotes\build\app\intermediates\merged_res\release\mergeReleaseResources\values-bs_values-bs.arsc.flat
[        ] Compiling XML table C:\Users\Dyuthi\smartnotes\build\app\intermediates\incremental\release\mergeReleaseResources\merged.dir\values-en-rGB\values-en-rGB.xml to C:\Users\Dyuthi\smartnotes\build\app\intermediates\merged_res\release\mergeReleaseResources\values-en-rGB_values-en-rGB.arsc.flat
[        ] Compiling XML table C:\Users\Dyuthi\smartnotes\build\app\intermediates\incremental\release\mergeReleaseResources\merged.dir\values-bg\values-bg.xml to C:\Users\Dyuthi\smartnotes\build\app\intermediates\merged_res\release\mergeReleaseResources\values-bg_values-bg.arsc.flat
[        ] Compiling XML table C:\Users\Dyuthi\smartnotes\build\app\intermediates\incremental\release\mergeReleaseResources\merged.dir\values-cs\values-cs.xml to C:\Users\Dyuthi\smartnotes\build\app\intermediates\merged_res\release\mergeReleaseResources\values-cs_values-cs.arsc.flat
[        ] Compiling XML table C:\Users\Dyuthi\smartnotes\build\app\intermediates\incremental\release\mergeReleaseResources\merged.dir\values-ka\values-ka.xml to C:\Users\Dyuthi\smartnotes\build\app\intermediates\merged_res\release\mergeReleaseResources\values-ka_values-ka.arsc.flat
[        ] Compiling XML table C:\Users\Dyuthi\smartnotes\build\app\intermediates\incremental\release\mergeReleaseResources\merged.dir\values-fi\values-fi.xml to C:\Users\Dyuthi\smartnotes\build\app\intermediates\merged_res\release\mergeReleaseResources\values-fi_values-fi.arsc.flat
[        ] Compiling XML table C:\Users\Dyuthi\smartnotes\build\app\intermediates\incremental\release\mergeReleaseResources\merged.dir\values-sv\values-sv.xml to C:\Users\Dyuthi\smartnotes\build\app\intermediates\merged_res\release\mergeReleaseResources\values-sv_values-sv.arsc.flat
[        ] Compiling XML table C:\Users\Dyuthi\smartnotes\build\app\intermediates\incremental\release\mergeReleaseResources\merged.dir\values-gu\values-gu.xml to C:\Users\Dyuthi\smartnotes\build\app\intermediates\merged_res\release\mergeReleaseResources\values-gu_values-gu.arsc.flat
[        ] Compiling XML table C:\Users\Dyuthi\smartnotes\build\app\intermediates\incremental\release\mergeReleaseResources\merged.dir\values-sk\values-sk.xml to C:\Users\Dyuthi\smartnotes\build\app\intermediates\merged_res\release\mergeReleaseResources\values-sk_values-sk.arsc.flat
[        ] Compiling XML table C:\Users\Dyuthi\smartnotes\build\app\intermediates\incremental\release\mergeReleaseResources\merged.dir\values-sr\values-sr.xml to C:\Users\Dyuthi\smartnotes\build\app\intermediates\merged_res\release\mergeReleaseResources\values-sr_values-sr.arsc.flat
[        ] Compiling XML table C:\Users\Dyuthi\smartnotes\build\app\intermediates\incremental\release\mergeReleaseResources\merged.dir\values-gl\values-gl.xml to C:\Users\Dyuthi\smartnotes\build\app\intermediates\merged_res\release\mergeReleaseResources\values-gl_values-gl.arsc.flat
[        ] Compiling XML table C:\Users\Dyuthi\smartnotes\build\app\intermediates\incremental\release\mergeReleaseResources\merged.dir\values-km\values-km.xml to C:\Users\Dyuthi\smartnotes\build\app\intermediates\merged_res\release\mergeReleaseResources\values-km_values-km.arsc.flat
[        ] Compiling XML table C:\Users\Dyuthi\smartnotes\build\app\intermediates\incremental\release\mergeReleaseResources\merged.dir\values-ko\values-ko.xml to C:\Users\Dyuthi\smartnotes\build\app\intermediates\merged_res\release\mergeReleaseResources\values-ko_values-ko.arsc.flat
[        ] Compiling XML table C:\Users\Dyuthi\smartnotes\build\app\intermediates\incremental\release\mergeReleaseResources\merged.dir\values-ta\values-ta.xml to C:\Users\Dyuthi\smartnotes\build\app\intermediates\merged_res\release\mergeReleaseResources\values-ta_values-ta.arsc.flat
[        ] Compiling XML table C:\Users\Dyuthi\smartnotes\build\app\intermediates\incremental\release\mergeReleaseResources\merged.dir\values-en-rAU\values-en-rAU.xml to C:\Users\Dyuthi\smartnotes\build\app\intermediates\merged_res\release\mergeReleaseResources\values-en-rAU_values-en-rAU.arsc.flat
[        ] Compiling xml file C:\Users\Dyuthi\.gradle\caches\8.14\transforms\7930c23c0b270ac851b4f43148d80205\transformed\core-1.18.0\res\drawable\ic_call_decline_low.xml to C:\Users\Dyuthi\smartnotes\build\app\intermediates\merged_res\release\mergeReleaseResources\drawable_ic_call_decline_low.xml.flat
[        ] Compiling XML table C:\Users\Dyuthi\smartnotes\build\app\intermediates\incremental\release\mergeReleaseResources\merged.dir\values-or\values-or.xml to C:\Users\Dyuthi\smartnotes\build\app\intermediates\merged_res\release\mergeReleaseResources\values-or_values-or.arsc.flat
[        ] Compiling xml file C:\Users\Dyuthi\.gradle\caches\8.14\transforms\20d783aebbd3b3e1ccfa231df42157f0\transformed\fragment-1.7.1\res\animator\fragment_close_exit.xml to C:\Users\Dyuthi\smartnotes\build\app\intermediates\merged_res\release\mergeReleaseResources\animator_fragment_close_exit.xml.flat
[        ] Compiling XML table C:\Users\Dyuthi\smartnotes\build\app\intermediates\incremental\release\mergeReleaseResources\merged.dir\values-pt-rBR\values-pt-rBR.xml to C:\Users\Dyuthi\smartnotes\build\app\intermediates\merged_res\release\mergeReleaseResources\values-pt-rBR_values-pt-rBR.arsc.flat
[        ] Compiling XML table C:\Users\Dyuthi\smartnotes\build\app\intermediates\incremental\release\mergeReleaseResources\merged.dir\values-kk\values-kk.xml to C:\Users\Dyuthi\smartnotes\build\app\intermediates\merged_res\release\mergeReleaseResources\values-kk_values-kk.arsc.flat
[        ] Compiling XML table C:\Users\Dyuthi\smartnotes\build\app\intermediates\incremental\release\mergeReleaseResources\merged.dir\values-th\values-th.xml to C:\Users\Dyuthi\smartnotes\build\app\intermediates\merged_res\release\mergeReleaseResources\values-th_values-th.arsc.flat
[        ] Compiling XML table C:\Users\Dyuthi\smartnotes\build\app\intermediates\incremental\release\mergeReleaseResources\merged.dir\values-kn\values-kn.xml to C:\Users\Dyuthi\smartnotes\build\app\intermediates\merged_res\release\mergeReleaseResources\values-kn_values-kn.arsc.flat
[        ] Compiling XML table C:\Users\Dyuthi\smartnotes\build\app\intermediates\incremental\release\mergeReleaseResources\merged.dir\values-bn\values-bn.xml to C:\Users\Dyuthi\smartnotes\build\app\intermediates\merged_res\release\mergeReleaseResources\values-bn_values-bn.arsc.flat
[        ] Compiling XML table C:\Users\Dyuthi\smartnotes\build\app\intermediates\incremental\release\mergeReleaseResources\merged.dir\values-ky\values-ky.xml to C:\Users\Dyuthi\smartnotes\build\app\intermediates\merged_res\release\mergeReleaseResources\values-ky_values-ky.arsc.flat
[        ] Compiling xml file C:\Users\Dyuthi\.gradle\caches\8.14\transforms\7930c23c0b270ac851b4f43148d80205\transformed\core-1.18.0\res\drawable\ic_call_answer_video_low.xml to C:\Users\Dyuthi\smartnotes\build\app\intermediates\merged_res\release\mergeReleaseResources\drawable_ic_call_answer_video_low.xml.flat
[        ] Compiling xml file C:\Users\Dyuthi\.gradle\caches\8.14\transforms\20d783aebbd3b3e1ccfa231df42157f0\transformed\fragment-1.7.1\res\animator\fragment_open_enter.xml to C:\Users\Dyuthi\smartnotes\build\app\intermediates\merged_res\release\mergeReleaseResources\animator_fragment_open_enter.xml.flat
[        ] Compiling xml file C:\Users\Dyuthi\.gradle\caches\8.14\transforms\7930c23c0b270ac851b4f43148d80205\transformed\core-1.18.0\res\drawable\ic_call_answer_low.xml to C:\Users\Dyuthi\smartnotes\build\app\intermediates\merged_res\release\mergeReleaseResources\drawable_ic_call_answer_low.xml.flat
[        ] Compiling XML table C:\Users\Dyuthi\smartnotes\build\app\intermediates\incremental\release\mergeReleaseResources\merged.dir\values-tl\values-tl.xml to C:\Users\Dyuthi\smartnotes\build\app\intermediates\merged_res\release\mergeReleaseResources\values-tl_values-tl.arsc.flat
[        ] Compiling xml file C:\Users\Dyuthi\.gradle\caches\8.14\transforms\20d783aebbd3b3e1ccfa231df42157f0\transformed\fragment-1.7.1\res\animator\fragment_open_exit.xml to C:\Users\Dyuthi\smartnotes\build\app\intermediates\merged_res\release\mergeReleaseResources\animator_fragment_open_exit.xml.flat
[        ] Compiling xml file C:\Users\Dyuthi\.gradle\caches\8.14\transforms\20d783aebbd3b3e1ccfa231df42157f0\transformed\fragment-1.7.1\res\anim-v21\fragment_fast_out_extra_slow_in.xml to C:\Users\Dyuthi\smartnotes\build\app\intermediates\merged_res\release\mergeReleaseResources\anim-v21_fragment_fast_out_extra_slow_in.xml.flat
[        ] Compiling xml file C:\Users\Dyuthi\.gradle\caches\8.14\transforms\7930c23c0b270ac851b4f43148d80205\transformed\core-1.18.0\res\layout\custom_dialog.xml to C:\Users\Dyuthi\smartnotes\build\app\intermediates\merged_res\release\mergeReleaseResources\layout_custom_dialog.xml.flat
[        ] Compiling xml file C:\Users\Dyuthi\.gradle\caches\8.14\transforms\7930c23c0b270ac851b4f43148d80205\transformed\core-1.18.0\res\layout\notification_action_tombstone.xml to C:\Users\Dyuthi\smartnotes\build\app\intermediates\merged_res\release\mergeReleaseResources\layout_notification_action_tombstone.xml.flat
[        ] Compiling XML table C:\Users\Dyuthi\smartnotes\build\app\intermediates\incremental\release\mergeReleaseResources\merged.dir\values-tr\values-tr.xml to C:\Users\Dyuthi\smartnotes\build\app\intermediates\merged_res\release\mergeReleaseResources\values-tr_values-tr.arsc.flat
[        ] Compiling XML table C:\Users\Dyuthi\smartnotes\build\app\intermediates\incremental\release\mergeReleaseResources\merged.dir\values-pl\values-pl.xml to C:\Users\Dyuthi\smartnotes\build\app\intermediates\merged_res\release\mergeReleaseResources\values-pl_values-pl.arsc.flat
[        ] Compiling XML table C:\Users\Dyuthi\smartnotes\build\app\intermediates\incremental\release\mergeReleaseResources\merged.dir\values-da\values-da.xml to C:\Users\Dyuthi\smartnotes\build\app\intermediates\merged_res\release\mergeReleaseResources\values-da_values-da.arsc.flat
[        ] Compiling xml file C:\Users\Dyuthi\.gradle\caches\8.14\transforms\20d783aebbd3b3e1ccfa231df42157f0\transformed\fragment-1.7.1\res\animator\fragment_fade_exit.xml to C:\Users\Dyuthi\smartnotes\build\app\intermediates\merged_res\release\mergeReleaseResources\animator_fragment_fade_exit.xml.flat
[        ] Compiling XML table C:\Users\Dyuthi\smartnotes\build\app\intermediates\incremental\release\mergeReleaseResources\merged.dir\values-sw\values-sw.xml to C:\Users\Dyuthi\smartnotes\build\app\intermediates\merged_res\release\mergeReleaseResources\values-sw_values-sw.arsc.flat
[        ] Compiling XML table C:\Users\Dyuthi\smartnotes\build\app\intermediates\incremental\release\mergeReleaseResources\merged.dir\values-uz\values-uz.xml to C:\Users\Dyuthi\smartnotes\build\app\intermediates\merged_res\release\mergeReleaseResources\values-uz_values-uz.arsc.flat
[        ] Compiling xml file C:\Users\Dyuthi\.gradle\caches\8.14\transforms\7930c23c0b270ac851b4f43148d80205\transformed\core-1.18.0\res\layout\notification_template_custom_big.xml to C:\Users\Dyuthi\smartnotes\build\app\intermediates\merged_res\release\mergeReleaseResources\layout_notification_template_custom_big.xml.flat
[        ] Compiling xml file C:\Users\Dyuthi\.gradle\caches\8.14\transforms\7930c23c0b270ac851b4f43148d80205\transformed\core-1.18.0\res\drawable\ic_call_answer_video.xml to C:\Users\Dyuthi\smartnotes\build\app\intermediates\merged_res\release\mergeReleaseResources\drawable_ic_call_answer_video.xml.flat
[        ] Compiling xml file C:\Users\Dyuthi\.gradle\caches\8.14\transforms\20d783aebbd3b3e1ccfa231df42157f0\transformed\fragment-1.7.1\res\animator\fragment_close_enter.xml to C:\Users\Dyuthi\smartnotes\build\app\intermediates\merged_res\release\mergeReleaseResources\animator_fragment_close_enter.xml.flat
[        ] Compiling XML table C:\Users\Dyuthi\smartnotes\build\app\intermediates\incremental\release\mergeReleaseResources\merged.dir\values-et\values-et.xml to C:\Users\Dyuthi\smartnotes\build\app\intermediates\merged_res\release\mergeReleaseResources\values-et_values-et.arsc.flat
[        ] Compiling xml file C:\Users\Dyuthi\smartnotes\build\record_android\intermediates\packaged_res\release\packageReleaseResources\drawable\ic_mic.xml to C:\Users\Dyuthi\smartnotes\build\app\intermediates\merged_res\release\mergeReleaseResources\drawable_ic_mic.xml.flat
[        ] Compiling XML table C:\Users\Dyuthi\smartnotes\build\app\intermediates\incremental\release\mergeReleaseResources\merged.dir\values-zh-rCN\values-zh-rCN.xml to C:\Users\Dyuthi\smartnotes\build\app\intermediates\merged_res\release\mergeReleaseResources\values-zh-rCN_values-zh-rCN.arsc.flat
[        ] Compiling XML table C:\Users\Dyuthi\smartnotes\build\app\intermediates\incremental\release\mergeReleaseResources\merged.dir\values-ca\values-ca.xml to C:\Users\Dyuthi\smartnotes\build\app\intermediates\merged_res\release\mergeReleaseResources\values-ca_values-ca.arsc.flat
[        ] Compiling XML table C:\Users\Dyuthi\smartnotes\build\app\intermediates\incremental\release\mergeReleaseResources\merged.dir\values-pa\values-pa.xml to C:\Users\Dyuthi\smartnotes\build\app\intermediates\merged_res\release\mergeReleaseResources\values-pa_values-pa.arsc.flat
[        ] Compiling xml file C:\Users\Dyuthi\.gradle\caches\8.14\transforms\7930c23c0b270ac851b4f43148d80205\transformed\core-1.18.0\res\drawable\ic_call_decline.xml to C:\Users\Dyuthi\smartnotes\build\app\intermediates\merged_res\release\mergeReleaseResources\drawable_ic_call_decline.xml.flat
[        ] Compiling xml file C:\Users\Dyuthi\.gradle\caches\8.14\transforms\7930c23c0b270ac851b4f43148d80205\transformed\core-1.18.0\res\layout\notification_template_part_chronometer.xml to C:\Users\Dyuthi\smartnotes\build\app\intermediates\merged_res\release\mergeReleaseResources\layout_notification_template_part_chronometer.xml.flat
[        ] Compiling xml file C:\Users\Dyuthi\.gradle\caches\8.14\transforms\7930c23c0b270ac851b4f43148d80205\transformed\core-1.18.0\res\layout\ime_secondary_split_test_activity.xml to C:\Users\Dyuthi\smartnotes\build\app\intermediates\merged_res\release\mergeReleaseResources\layout_ime_secondary_split_test_activity.xml.flat
[        ] Compiling xml file C:\Users\Dyuthi\.gradle\caches\8.14\transforms\7930c23c0b270ac851b4f43148d80205\transformed\core-1.18.0\res\drawable\notification_tile_bg.xml to C:\Users\Dyuthi\smartnotes\build\app\intermediates\merged_res\release\mergeReleaseResources\drawable_notification_tile_bg.xml.flat
[        ] Compiling xml file C:\Users\Dyuthi\smartnotes\android\app\src\main\res\drawable-v21\launch_background.xml to C:\Users\Dyuthi\smartnotes\build\app\intermediates\merged_res\release\mergeReleaseResources\drawable-v21_launch_background.xml.flat
[        ] Compiling xml file C:\Users\Dyuthi\.gradle\caches\8.14\transforms\7930c23c0b270ac851b4f43148d80205\transformed\core-1.18.0\res\drawable\notification_icon_background.xml to C:\Users\Dyuthi\smartnotes\build\app\intermediates\merged_res\release\mergeReleaseResources\drawable_notification_icon_background.xml.flat
[        ] Compiling xml file C:\Users\Dyuthi\.gradle\caches\8.14\transforms\7930c23c0b270ac851b4f43148d80205\transformed\core-1.18.0\res\drawable\ic_call_answer.xml to C:\Users\Dyuthi\smartnotes\build\app\intermediates\merged_res\release\mergeReleaseResources\drawable_ic_call_answer.xml.flat
[        ] Compiling xml file C:\Users\Dyuthi\.gradle\caches\8.14\transforms\7930c23c0b270ac851b4f43148d80205\transformed\core-1.18.0\res\layout\notification_action.xml to C:\Users\Dyuthi\smartnotes\build\app\intermediates\merged_res\release\mergeReleaseResources\layout_notification_action.xml.flat
[        ] Compiling xml file C:\Users\Dyuthi\.gradle\caches\8.14\transforms\20d783aebbd3b3e1ccfa231df42157f0\transformed\fragment-1.7.1\res\animator\fragment_fade_enter.xml to C:\Users\Dyuthi\smartnotes\build\app\intermediates\merged_res\release\mergeReleaseResources\animator_fragment_fade_enter.xml.flat
[        ] Compiling xml file C:\Users\Dyuthi\.gradle\caches\8.14\transforms\7930c23c0b270ac851b4f43148d80205\transformed\core-1.18.0\res\drawable\notification_bg.xml to C:\Users\Dyuthi\smartnotes\build\app\intermediates\merged_res\release\mergeReleaseResources\drawable_notification_bg.xml.flat
[        ] Compiling xml file C:\Users\Dyuthi\.gradle\caches\8.14\transforms\7930c23c0b270ac851b4f43148d80205\transformed\core-1.18.0\res\layout\notification_template_part_time.xml to C:\Users\Dyuthi\smartnotes\build\app\intermediates\merged_res\release\mergeReleaseResources\layout_notification_template_part_time.xml.flat
[        ] Compiling XML table C:\Users\Dyuthi\smartnotes\build\app\intermediates\incremental\release\mergeReleaseResources\merged.dir\values-mn\values-mn.xml to C:\Users\Dyuthi\smartnotes\build\app\intermediates\merged_res\release\mergeReleaseResources\values-mn_values-mn.arsc.flat
[        ] Compiling xml file C:\Users\Dyuthi\smartnotes\build\image_picker_android\intermediates\packaged_res\release\packageReleaseResources\xml\flutter_image_picker_file_paths.xml to C:\Users\Dyuthi\smartnotes\build\app\intermediates\merged_res\release\mergeReleaseResources\xml_flutter_image_picker_file_paths.xml.flat
[        ] Compiling xml file C:\Users\Dyuthi\.gradle\caches\8.14\transforms\7930c23c0b270ac851b4f43148d80205\transformed\core-1.18.0\res\layout\ime_base_split_test_activity.xml to C:\Users\Dyuthi\smartnotes\build\app\intermediates\merged_res\release\mergeReleaseResources\layout_ime_base_split_test_activity.xml.flat
[        ] Compiling xml file C:\Users\Dyuthi\.gradle\caches\8.14\transforms\7930c23c0b270ac851b4f43148d80205\transformed\core-1.18.0\res\layout\notification_template_icon_group.xml to C:\Users\Dyuthi\smartnotes\build\app\intermediates\merged_res\release\mergeReleaseResources\layout_notification_template_icon_group.xml.flat
[        ] Compiling XML table C:\Users\Dyuthi\smartnotes\build\app\intermediates\incremental\release\mergeReleaseResources\merged.dir\values-es\values-es.xml to C:\Users\Dyuthi\smartnotes\build\app\intermediates\merged_res\release\mergeReleaseResources\values-es_values-es.arsc.flat
[        ] Compiling XML table C:\Users\Dyuthi\smartnotes\build\app\intermediates\incremental\release\mergeReleaseResources\merged.dir\values-nl\values-nl.xml to C:\Users\Dyuthi\smartnotes\build\app\intermediates\merged_res\release\mergeReleaseResources\values-nl_values-nl.arsc.flat
[        ] Compiling XML table C:\Users\Dyuthi\smartnotes\build\app\intermediates\incremental\release\mergeReleaseResources\merged.dir\values-sq\values-sq.xml to C:\Users\Dyuthi\smartnotes\build\app\intermediates\merged_res\release\mergeReleaseResources\values-sq_values-sq.arsc.flat
[        ] Compiling XML table C:\Users\Dyuthi\smartnotes\build\app\intermediates\incremental\release\mergeReleaseResources\merged.dir\values-te\values-te.xml to C:\Users\Dyuthi\smartnotes\build\app\intermediates\merged_res\release\mergeReleaseResources\values-te_values-te.arsc.flat
[        ] Compiling xml file C:\Users\Dyuthi\.gradle\caches\8.14\transforms\7930c23c0b270ac851b4f43148d80205\transformed\core-1.18.0\res\drawable\notification_bg_low.xml to C:\Users\Dyuthi\smartnotes\build\app\intermediates\merged_res\release\mergeReleaseResources\drawable_notification_bg_low.xml.flat
[        ] Compiling xml file C:\Users\Dyuthi\.gradle\caches\8.14\transforms\7930c23c0b270ac851b4f43148d80205\transformed\core-1.18.0\res\drawable\notification_action_background.xml to C:\Users\Dyuthi\smartnotes\build\app\intermediates\merged_res\release\mergeReleaseResources\drawable_notification_action_background.xml.flat
[        ] AAPT2 aapt2-8.11.1-12782657-windows Daemon #4: starting
[        ] AAPT2 aapt2-8.11.1-12782657-windows Daemon #3: starting
[        ] AAPT2 aapt2-8.11.1-12782657-windows Daemon #1: starting
[        ] AAPT2 aapt2-8.11.1-12782657-windows Daemon #0: starting
[        ] AAPT2 aapt2-8.11.1-12782657-windows Daemon #6: starting
[        ] AAPT2 aapt2-8.11.1-12782657-windows Daemon #7: starting
[        ] AAPT2 aapt2-8.11.1-12782657-windows Daemon #5: starting
[        ] AAPT2 aapt2-8.11.1-12782657-windows Daemon #2: starting
[        ] > Task :app:processReleaseMainManifest
[        ] Caching disabled for task ':app:processReleaseMainManifest' because:
[        ]   Build cache is disabled
[        ] Task ':app:processReleaseMainManifest' is not up-to-date because:
[        ]   Output property 'mergeBlameFile' file C:\Users\Dyuthi\smartnotes\build\app\intermediates\manifest_merge_blame_file\release\processReleaseMainManifest\manifest-merger-blame-release-report.txt has been removed.
[        ]   Output property 'mergedManifest' file C:\Users\Dyuthi\smartnotes\build\app\intermediates\merged_manifest\release\processReleaseMainManifest\AndroidManifest.xml has been removed.
[        ]   Output property 'reportFile' file C:\Users\Dyuthi\smartnotes\build\app\outputs\logs\manifest-merger-release-report.txt has been removed.
[        ] Loading library manifest C:\Users\Dyuthi\smartnotes\build\record_android\intermediates\merged_manifest\release\processReleaseManifest\AndroidManifest.xml
[        ] Loading library manifest C:\Users\Dyuthi\smartnotes\build\file_picker\intermediates\merged_manifest\release\processReleaseManifest\AndroidManifest.xml
[        ] Loading library manifest C:\Users\Dyuthi\smartnotes\build\image_picker_android\intermediates\merged_manifest\release\processReleaseManifest\AndroidManifest.xml
[        ] Loading library manifest C:\Users\Dyuthi\smartnotes\build\camera_android\intermediates\merged_manifest\release\processReleaseManifest\AndroidManifest.xml
[        ] Loading library manifest C:\Users\Dyuthi\smartnotes\build\flutter_plugin_android_lifecycle\intermediates\merged_manifest\release\processReleaseManifest\AndroidManifest.xml
[        ] Loading library manifest C:\Users\Dyuthi\smartnotes\build\jni_flutter\intermediates\merged_manifest\release\processReleaseManifest\AndroidManifest.xml
[        ] Loading library manifest C:\Users\Dyuthi\smartnotes\build\jni\intermediates\merged_manifest\release\processReleaseManifest\AndroidManifest.xml
[        ] Loading library manifest C:\Users\Dyuthi\.gradle\caches\8.14\transforms\ba18b21e180de95697f7173f8fcc30d1\transformed\window-1.2.0\AndroidManifest.xml
[        ] Loading library manifest C:\Users\Dyuthi\.gradle\caches\8.14\transforms\a34b91bbf57793f407dc994e0e997df7\transformed\window-java-1.2.0\AndroidManifest.xml
[        ] Loading library manifest C:\Users\Dyuthi\.gradle\caches\8.14\transforms\20d783aebbd3b3e1ccfa231df42157f0\transformed\fragment-1.7.1\AndroidManifest.xml
[        ] Loading library manifest C:\Users\Dyuthi\.gradle\caches\8.14\transforms\024e24f6d213ed178c5944e742352017\transformed\activity-1.12.4\AndroidManifest.xml
[        ] Loading library manifest C:\Users\Dyuthi\.gradle\caches\8.14\transforms\7e9e7d870ffe742811ec4ebaede7c7d6\transformed\loader-1.0.0\AndroidManifest.xml
[        ] Loading library manifest C:\Users\Dyuthi\.gradle\caches\8.14\transforms\bf40d9a3fb4025f795fbb9ae076a953b\transformed\lifecycle-livedata-core-ktx-2.7.0\AndroidManifest.xml
[        ] Loading library manifest C:\Users\Dyuthi\.gradle\caches\8.14\transforms\136a2d61321d51fe3170517de49bbeef\transformed\lifecycle-livedata-2.7.0\AndroidManifest.xml
[        ] Loading library manifest C:\Users\Dyuthi\.gradle\caches\8.14\transforms\a45234826c3179553080199500c7198f\transformed\lifecycle-livedata-core-2.7.0\AndroidManifest.xml
[        ] Loading library manifest C:\Users\Dyuthi\.gradle\caches\8.14\transforms\7b12f943f5169712e22ddddc17de9bcf\transformed\lifecycle-viewmodel-2.7.0\AndroidManifest.xml
[        ] Loading library manifest C:\Users\Dyuthi\.gradle\caches\8.14\transforms\7b063733d58b239af3748ae9cbd0fe42\transformed\lifecycle-process-2.7.0\AndroidManifest.xml
[        ] Loading library manifest C:\Users\Dyuthi\.gradle\caches\8.14\transforms\f74467976a41ed432f8ef11bc70357e1\transformed\savedstate-1.2.1\AndroidManifest.xml
[        ] Loading library manifest C:\Users\Dyuthi\.gradle\caches\8.14\transforms\39aa7532b22fdec3772c2c1c55f43982\transformed\lifecycle-runtime-2.7.0\AndroidManifest.xml
[        ] Loading library manifest C:\Users\Dyuthi\.gradle\caches\8.14\transforms\5b373c0a4506de526e8f60d9669d24e2\transformed\lifecycle-viewmodel-savedstate-2.7.0\AndroidManifest.xml
[        ] Loading library manifest C:\Users\Dyuthi\.gradle\caches\8.14\transforms\87a60904e61dfb07e1eb83ddc2972e51\transformed\core-ktx-1.18.0\AndroidManifest.xml
[        ] Loading library manifest C:\Users\Dyuthi\.gradle\caches\8.14\transforms\d4d970b831f68f98a5f703f920283f3a\transformed\viewpager-1.0.0\AndroidManifest.xml
[        ] Loading library manifest C:\Users\Dyuthi\.gradle\caches\8.14\transforms\f09b34821176a576b3f79086c210e7b1\transformed\customview-1.0.0\AndroidManifest.xml
[        ] Loading library manifest C:\Users\Dyuthi\.gradle\caches\8.14\transforms\7930c23c0b270ac851b4f43148d80205\transformed\core-1.18.0\AndroidManifest.xml
[        ] Loading library manifest C:\Users\Dyuthi\.gradle\caches\8.14\transforms\e344e94b0b3692f73444c116d37ea3bf\transformed\exifinterface-1.4.2\AndroidManifest.xml
[        ] Loading library manifest C:\Users\Dyuthi\.gradle\caches\8.14\transforms\8c2c755b108f0c65554558bce3b95118\transformed\profileinstaller-1.4.0\AndroidManifest.xml
[        ] Loading library manifest C:\Users\Dyuthi\.gradle\caches\8.14\transforms\9425c517869891ae786093a76f77d4d8\transformed\startup-runtime-1.1.1\AndroidManifest.xml
[        ] Loading library manifest C:\Users\Dyuthi\.gradle\caches\8.14\transforms\b03290d5bb65d2df5c0d58aafb50d9aa\transformed\tracing-1.2.0\AndroidManifest.xml
[        ] Loading library manifest C:\Users\Dyuthi\.gradle\caches\8.14\transforms\b72bf87129050a19f42a0cdffd9e0933\transformed\interpolator-1.0.0\AndroidManifest.xml
[        ] Loading library manifest C:\Users\Dyuthi\.gradle\caches\8.14\transforms\e727d9040a685ab5cfa3dbc562b2e68d\transformed\versionedparcelable-1.1.1\AndroidManifest.xml
[        ] Loading library manifest C:\Users\Dyuthi\.gradle\caches\8.14\transforms\ec46af66868c644cc48c2dc23d52d7fe\transformed\core-runtime-2.2.0\AndroidManifest.xml
[        ] Loading library manifest C:\Users\Dyuthi\.gradle\caches\8.14\transforms\51b0392b0b2950160de537d8a1cbe7f7\transformed\navigationevent\AndroidManifest.xml
[        ] Loading library manifest C:\Users\Dyuthi\.gradle\caches\8.14\transforms\d6a6e9a4708e2c59225e7d71f71d8d0e\transformed\core-1.0.0\AndroidManifest.xml
[        ] Loading library manifest C:\Users\Dyuthi\.gradle\caches\8.14\transforms\b41aa99b5276c4eebb613d88447e3508\transformed\annotation-experimental-1.4.1\AndroidManifest.xml
[        ] Loading library manifest C:\Users\Dyuthi\.gradle\caches\8.14\transforms\14774cee1e7d678c7a58085d650ec484\transformed\core-viewtree-1.0.0\AndroidManifest.xml
[        ] Loading library manifest C:\Users\Dyuthi\.gradle\caches\8.14\transforms\28a05b44ea578aad9f7b58df43e07e38\transformed\runtime-annotation\AndroidManifest.xml
[        ] Loading library manifest C:\Users\Dyuthi\.gradle\caches\8.14\transforms\88e4db718ca9bce8f5e7b1d422d1f54f\transformed\relinker-1.4.5\AndroidManifest.xml
[        ] Merging main manifest C:\Users\Dyuthi\smartnotes\android\app\src\main\AndroidManifest.xml
[        ] Merging library manifest C:\Users\Dyuthi\smartnotes\build\record_android\intermediates\merged_manifest\release\processReleaseManifest\AndroidManifest.xml
[        ] Merging manifest with lower [:record_android] AndroidManifest.xml:2:1-9:12
[        ] uses-sdk defined in both files...
[        ] Merging uses-sdk with lower [:record_android] AndroidManifest.xml:5:5-44
[        ] Adopted [uses-permission: null]
[        ] Merging library manifest C:\Users\Dyuthi\smartnotes\build\file_picker\intermediates\merged_manifest\release\processReleaseManifest\AndroidManifest.xml
[        ] Merging manifest with lower [:file_picker] AndroidManifest.xml:2:1-15:12
[        ] uses-sdk defined in both files...
[        ] Merging uses-sdk with lower [:file_picker] AndroidManifest.xml:5:5-44
[        ] queries defined in both files...
[        ] Merging queries with lower [:file_picker] AndroidManifest.xml:7:5-13:15
[        ] Adopted [intent: null]
[        ] Merging library manifest C:\Users\Dyuthi\smartnotes\build\image_picker_android\intermediates\merged_manifest\release\processReleaseManifest\AndroidManifest.xml
[        ] Merging manifest with lower [:image_picker_android] AndroidManifest.xml:2:1-34:12
[        ] uses-sdk defined in both files...
[        ] Merging uses-sdk with lower [:image_picker_android] AndroidManifest.xml:6:5-44
[        ] application defined in both files...
[        ] Merging application with lower [:image_picker_android] AndroidManifest.xml:8:5-32:19
[        ] Adopted [provider: null]
[        ] Adopted [service: null]
[        ] Merging library manifest C:\Users\Dyuthi\smartnotes\build\camera_android\intermediates\merged_manifest\release\processReleaseManifest\AndroidManifest.xml
[        ] Merging manifest with lower [:camera_android] AndroidManifest.xml:2:1-10:12
[        ] uses-sdk defined in both files...
[        ] Merging uses-sdk with lower [:camera_android] AndroidManifest.xml:5:5-44
[        ] Adopted [uses-permission: null]
[        ] uses-permission#android.permission.RECORD_AUDIO defined in both files...
[        ] Merging uses-permission#android.permission.RECORD_AUDIO with lower [:camera_android] AndroidManifest.xml:8:5-71
[        ] Merging library manifest C:\Users\Dyuthi\smartnotes\build\flutter_plugin_android_lifecycle\intermediates\merged_manifest\release\processReleaseManifest\AndroidManifest.xml
[        ] Merging manifest with lower [:flutter_plugin_android_lifecycle] AndroidManifest.xml:2:1-7:12
[        ] uses-sdk defined in both files...
[        ] Merging uses-sdk with lower [:flutter_plugin_android_lifecycle] AndroidManifest.xml:5:5-44
[        ] Merging library manifest C:\Users\Dyuthi\smartnotes\build\jni_flutter\intermediates\merged_manifest\release\processReleaseManifest\AndroidManifest.xml
[        ] Merging manifest with lower [:jni_flutter] AndroidManifest.xml:2:1-7:12
[        ] uses-sdk defined in both files...
[        ] Merging uses-sdk with lower [:jni_flutter] AndroidManifest.xml:5:5-44
[        ] Merging library manifest C:\Users\Dyuthi\smartnotes\build\jni\intermediates\merged_manifest\release\processReleaseManifest\AndroidManifest.xml
[        ] Merging manifest with lower [:jni] AndroidManifest.xml:2:1-7:12
[        ] uses-sdk defined in both files...
[        ] Merging uses-sdk with lower [:jni] AndroidManifest.xml:5:5-44
[        ] Merging library manifest C:\Users\Dyuthi\.gradle\caches\8.14\transforms\ba18b21e180de95697f7173f8fcc30d1\transformed\window-1.2.0\AndroidManifest.xml
[        ] Merging manifest with lower [androidx.window:window:1.2.0] AndroidManifest.xml:17:1-31:12
[        ] uses-sdk defined in both files...
[        ] Merging uses-sdk with lower [androidx.window:window:1.2.0] AndroidManifest.xml:20:5-44
[        ] application defined in both files...
[        ] Merging application with lower [androidx.window:window:1.2.0] AndroidManifest.xml:22:5-29:19
[        ] Adopted [uses-library: null]
[        ] Adopted [uses-library: null]
[        ] Merging library manifest C:\Users\Dyuthi\.gradle\caches\8.14\transforms\a34b91bbf57793f407dc994e0e997df7\transformed\window-java-1.2.0\AndroidManifest.xml
[        ] Merging manifest with lower [androidx.window:window-java:1.2.0] AndroidManifest.xml:17:1-21:12
[        ] uses-sdk defined in both files...
[        ] Merging uses-sdk with lower [androidx.window:window-java:1.2.0] AndroidManifest.xml:19:5-44
[        ] Merging library manifest C:\Users\Dyuthi\.gradle\caches\8.14\transforms\20d783aebbd3b3e1ccfa231df42157f0\transformed\fragment-1.7.1\AndroidManifest.xml
[        ] Merging manifest with lower [androidx.fragment:fragment:1.7.1] AndroidManifest.xml:2:1-7:12
[        ] uses-sdk defined in both files...
[        ] Merging uses-sdk with lower [androidx.fragment:fragment:1.7.1] AndroidManifest.xml:5:5-44
[        ] Merging library manifest C:\Users\Dyuthi\.gradle\caches\8.14\transforms\024e24f6d213ed178c5944e742352017\transformed\activity-1.12.4\AndroidManifest.xml
[        ] Merging manifest with lower [androidx.activity:activity:1.12.4] AndroidManifest.xml:17:1-22:12
[        ] uses-sdk defined in both files...
[        ] Merging uses-sdk with lower [androidx.activity:activity:1.12.4] AndroidManifest.xml:20:5-44
[        ] Merging library manifest C:\Users\Dyuthi\.gradle\caches\8.14\transforms\7e9e7d870ffe742811ec4ebaede7c7d6\transformed\loader-1.0.0\AndroidManifest.xml
[        ] Merging manifest with lower [androidx.loader:loader:1.0.0] AndroidManifest.xml:17:1-22:12
[        ] uses-sdk defined in both files...
[        ] Merging uses-sdk with lower [androidx.loader:loader:1.0.0] AndroidManifest.xml:20:5-44
[        ] Merging library manifest C:\Users\Dyuthi\.gradle\caches\8.14\transforms\bf40d9a3fb4025f795fbb9ae076a953b\transformed\lifecycle-livedata-core-ktx-2.7.0\AndroidManifest.xml
[        ] Merging manifest with lower [androidx.lifecycle:lifecycle-livedata-core-ktx:2.7.0] AndroidManifest.xml:2:1-7:12
[        ] uses-sdk defined in both files...
[        ] Merging uses-sdk with lower [androidx.lifecycle:lifecycle-livedata-core-ktx:2.7.0] AndroidManifest.xml:5:5-44
[        ] Merging library manifest C:\Users\Dyuthi\.gradle\caches\8.14\transforms\136a2d61321d51fe3170517de49bbeef\transformed\lifecycle-livedata-2.7.0\AndroidManifest.xml
[        ] Merging manifest with lower [androidx.lifecycle:lifecycle-livedata:2.7.0] AndroidManifest.xml:17:1-22:12
[        ] uses-sdk defined in both files...
[        ] Merging uses-sdk with lower [androidx.lifecycle:lifecycle-livedata:2.7.0] AndroidManifest.xml:20:5-44
[        ] Merging library manifest C:\Users\Dyuthi\.gradle\caches\8.14\transforms\a45234826c3179553080199500c7198f\transformed\lifecycle-livedata-core-2.7.0\AndroidManifest.xml
[        ] Merging manifest with lower [androidx.lifecycle:lifecycle-livedata-core:2.7.0] AndroidManifest.xml:17:1-22:12
[        ] uses-sdk defined in both files...
[        ] Merging uses-sdk with lower [androidx.lifecycle:lifecycle-livedata-core:2.7.0] AndroidManifest.xml:20:5-44
[        ] Merging library manifest C:\Users\Dyuthi\.gradle\caches\8.14\transforms\7b12f943f5169712e22ddddc17de9bcf\transformed\lifecycle-viewmodel-2.7.0\AndroidManifest.xml
[        ] Merging manifest with lower [androidx.lifecycle:lifecycle-viewmodel:2.7.0] AndroidManifest.xml:17:1-22:12
[        ] uses-sdk defined in both files...
[        ] Merging uses-sdk with lower [androidx.lifecycle:lifecycle-viewmodel:2.7.0] AndroidManifest.xml:20:5-44
[        ] Merging library manifest C:\Users\Dyuthi\.gradle\caches\8.14\transforms\7b063733d58b239af3748ae9cbd0fe42\transformed\lifecycle-process-2.7.0\AndroidManifest.xml
[        ] Merging manifest with lower [androidx.lifecycle:lifecycle-process:2.7.0] AndroidManifest.xml:17:1-35:12
[        ] uses-sdk defined in both files...
[        ] Merging uses-sdk with lower [androidx.lifecycle:lifecycle-process:2.7.0] AndroidManifest.xml:21:5-44
[        ] application defined in both files...
[        ] Merging application with lower [androidx.lifecycle:lifecycle-process:2.7.0] AndroidManifest.xml:23:5-33:19
[        ] Adopted [provider: null]
[        ] Merging library manifest C:\Users\Dyuthi\.gradle\caches\8.14\transforms\f74467976a41ed432f8ef11bc70357e1\transformed\savedstate-1.2.1\AndroidManifest.xml
[   +5 ms] Merging manifest with lower [androidx.savedstate:savedstate:1.2.1] AndroidManifest.xml:17:1-22:12
[        ] uses-sdk defined in both files...
[        ] Merging uses-sdk with lower [androidx.savedstate:savedstate:1.2.1] AndroidManifest.xml:20:5-44
[        ] Merging library manifest C:\Users\Dyuthi\.gradle\caches\8.14\transforms\39aa7532b22fdec3772c2c1c55f43982\transformed\lifecycle-runtime-2.7.0\AndroidManifest.xml
[        ] Merging manifest with lower [androidx.lifecycle:lifecycle-runtime:2.7.0] AndroidManifest.xml:2:1-7:12
[        ] uses-sdk defined in both files...
[        ] Merging uses-sdk with lower [androidx.lifecycle:lifecycle-runtime:2.7.0] AndroidManifest.xml:5:5-44
[        ] Merging library manifest C:\Users\Dyuthi\.gradle\caches\8.14\transforms\5b373c0a4506de526e8f60d9669d24e2\transformed\lifecycle-viewmodel-savedstate-2.7.0\AndroidManifest.xml
[        ] Merging manifest with lower [androidx.lifecycle:lifecycle-viewmodel-savedstate:2.7.0] AndroidManifest.xml:17:1-22:12
[        ] uses-sdk defined in both files...
[        ] Merging uses-sdk with lower [androidx.lifecycle:lifecycle-viewmodel-savedstate:2.7.0] AndroidManifest.xml:20:5-44
[        ] Merging library manifest C:\Users\Dyuthi\.gradle\caches\8.14\transforms\87a60904e61dfb07e1eb83ddc2972e51\transformed\core-ktx-1.18.0\AndroidManifest.xml
[        ] Merging manifest with lower [androidx.core:core-ktx:1.18.0] AndroidManifest.xml:2:1-7:12
[        ] uses-sdk defined in both files...
[        ] Merging uses-sdk with lower [androidx.core:core-ktx:1.18.0] AndroidManifest.xml:5:5-44
[        ] Merging library manifest C:\Users\Dyuthi\.gradle\caches\8.14\transforms\d4d970b831f68f98a5f703f920283f3a\transformed\viewpager-1.0.0\AndroidManifest.xml
[        ] Merging manifest with lower [androidx.viewpager:viewpager:1.0.0] AndroidManifest.xml:17:1-22:12
[        ] uses-sdk defined in both files...
[        ] Merging uses-sdk with lower [androidx.viewpager:viewpager:1.0.0] AndroidManifest.xml:20:5-44
[        ] Merging library manifest C:\Users\Dyuthi\.gradle\caches\8.14\transforms\f09b34821176a576b3f79086c210e7b1\transformed\customview-1.0.0\AndroidManifest.xml
[        ] Merging manifest with lower [androidx.customview:customview:1.0.0] AndroidManifest.xml:17:1-22:12
[        ] uses-sdk defined in both files...
[        ] Merging uses-sdk with lower [androidx.customview:customview:1.0.0] AndroidManifest.xml:20:5-44
[        ] Merging library manifest C:\Users\Dyuthi\.gradle\caches\8.14\transforms\7930c23c0b270ac851b4f43148d80205\transformed\core-1.18.0\AndroidManifest.xml
[        ] Merging manifest with lower [androidx.core:core:1.18.0] AndroidManifest.xml:17:1-30:12
[        ] uses-sdk defined in both files...
[        ] Merging uses-sdk with lower [androidx.core:core:1.18.0] AndroidManifest.xml:20:5-44
[        ] Adopted [permission: null]
[        ] Adopted [uses-permission: null]
[        ] application defined in both files...
[        ] Merging application with lower [androidx.core:core:1.18.0] AndroidManifest.xml:28:5-89
[        ] Merging library manifest C:\Users\Dyuthi\.gradle\caches\8.14\transforms\e344e94b0b3692f73444c116d37ea3bf\transformed\exifinterface-1.4.2\AndroidManifest.xml
[        ] Merging manifest with lower [androidx.exifinterface:exifinterface:1.4.2] AndroidManifest.xml:2:1-7:12
[        ] uses-sdk defined in both files...
[        ] Merging uses-sdk with lower [androidx.exifinterface:exifinterface:1.4.2] AndroidManifest.xml:5:5-44
[        ] Merging library manifest C:\Users\Dyuthi\.gradle\caches\8.14\transforms\8c2c755b108f0c65554558bce3b95118\transformed\profileinstaller-1.4.0\AndroidManifest.xml
[        ] Merging manifest with lower [androidx.profileinstaller:profileinstaller:1.4.0] AndroidManifest.xml:17:1-55:12
[        ] uses-sdk defined in both files...
[        ] Merging uses-sdk with lower [androidx.profileinstaller:profileinstaller:1.4.0] AndroidManifest.xml:21:5-44
[        ] application defined in both files...
[        ] Merging application with lower [androidx.profileinstaller:profileinstaller:1.4.0] AndroidManifest.xml:23:5-53:19
[   +5 ms] provider#androidx.startup.InitializationProvider defined in both files...
[        ] Merging provider#androidx.startup.InitializationProvider with lower [androidx.profileinstaller:profileinstaller:1.4.0] AndroidManifest.xml:24:9-32:20
[        ] Adopted [meta-data: null]
[        ] Adopted [receiver: null]
[        ] Merging library manifest C:\Users\Dyuthi\.gradle\caches\8.14\transforms\9425c517869891ae786093a76f77d4d8\transformed\startup-runtime-1.1.1\AndroidManifest.xml
[        ] Merging manifest with lower [androidx.startup:startup-runtime:1.1.1] AndroidManifest.xml:17:1-33:12
[        ] uses-sdk defined in both files...
[        ] Merging uses-sdk with lower [androidx.startup:startup-runtime:1.1.1] AndroidManifest.xml:21:5-23:41
[        ] application defined in both files...
[        ] Merging application with lower [androidx.startup:startup-runtime:1.1.1] AndroidManifest.xml:25:5-31:19
[        ] provider#androidx.startup.InitializationProvider defined in both files...
[        ] Merging provider#androidx.startup.InitializationProvider with lower [androidx.startup:startup-runtime:1.1.1] AndroidManifest.xml:26:9-30:34
[        ] Merging library manifest C:\Users\Dyuthi\.gradle\caches\8.14\transforms\b03290d5bb65d2df5c0d58aafb50d9aa\transformed\tracing-1.2.0\AndroidManifest.xml
[        ] Merging manifest with lower [androidx.tracing:tracing:1.2.0] AndroidManifest.xml:17:1-22:12
[        ] uses-sdk defined in both files...
[        ] Merging uses-sdk with lower [androidx.tracing:tracing:1.2.0] AndroidManifest.xml:20:5-44
[        ] Merging library manifest C:\Users\Dyuthi\.gradle\caches\8.14\transforms\b72bf87129050a19f42a0cdffd9e0933\transformed\interpolator-1.0.0\AndroidManifest.xml
[        ] Merging manifest with lower [androidx.interpolator:interpolator:1.0.0] AndroidManifest.xml:17:1-22:12
[        ] uses-sdk defined in both files...
[        ] Merging uses-sdk with lower [androidx.interpolator:interpolator:1.0.0] AndroidManifest.xml:20:5-44
[        ] Merging library manifest C:\Users\Dyuthi\.gradle\caches\8.14\transforms\e727d9040a685ab5cfa3dbc562b2e68d\transformed\versionedparcelable-1.1.1\AndroidManifest.xml
[        ] Merging manifest with lower [androidx.versionedparcelable:versionedparcelable:1.1.1] AndroidManifest.xml:17:1-27:12
[        ] uses-sdk defined in both files...
[        ] Merging uses-sdk with lower [androidx.versionedparcelable:versionedparcelable:1.1.1] AndroidManifest.xml:20:5-22:41
[        ] application defined in both files...
[        ] Merging application with lower [androidx.versionedparcelable:versionedparcelable:1.1.1] AndroidManifest.xml:24:5-25:19
[        ] Merging library manifest C:\Users\Dyuthi\.gradle\caches\8.14\transforms\ec46af66868c644cc48c2dc23d52d7fe\transformed\core-runtime-2.2.0\AndroidManifest.xml
[        ] Merging manifest with lower [androidx.arch.core:core-runtime:2.2.0] AndroidManifest.xml:17:1-22:12
[        ] uses-sdk defined in both files...
[        ] Merging uses-sdk with lower [androidx.arch.core:core-runtime:2.2.0] AndroidManifest.xml:20:5-44
[        ] Merging library manifest C:\Users\Dyuthi\.gradle\caches\8.14\transforms\51b0392b0b2950160de537d8a1cbe7f7\transformed\navigationevent\AndroidManifest.xml
[        ] Merging manifest with lower [androidx.navigationevent:navigationevent-android:1.0.2] AndroidManifest.xml:2:1-7:12
[        ] uses-sdk defined in both files...
[        ] Merging uses-sdk with lower [androidx.navigationevent:navigationevent-android:1.0.2] AndroidManifest.xml:5:5-44
[        ] Merging library manifest C:\Users\Dyuthi\.gradle\caches\8.14\transforms\d6a6e9a4708e2c59225e7d71f71d8d0e\transformed\core-1.0.0\AndroidManifest.xml
[        ] Merging manifest with lower [androidx.window.extensions.core:core:1.0.0] AndroidManifest.xml:2:1-7:12
[        ] uses-sdk defined in both files...
[        ] Merging uses-sdk with lower [androidx.window.extensions.core:core:1.0.0] AndroidManifest.xml:5:5-44
[        ] Merging library manifest C:\Users\Dyuthi\.gradle\caches\8.14\transforms\b41aa99b5276c4eebb613d88447e3508\transformed\annotation-experimental-1.4.1\AndroidManifest.xml
[  +18 ms] Merging manifest with lower [androidx.annotation:annotation-experimental:1.4.1] AndroidManifest.xml:2:1-7:12
[        ] uses-sdk defined in both files...
[        ] Merging uses-sdk with lower [androidx.annotation:annotation-experimental:1.4.1] AndroidManifest.xml:5:5-44
[        ] Merging library manifest C:\Users\Dyuthi\.gradle\caches\8.14\transforms\14774cee1e7d678c7a58085d650ec484\transformed\core-viewtree-1.0.0\AndroidManifest.xml
[        ] Merging manifest with lower [androidx.core:core-viewtree:1.0.0] AndroidManifest.xml:2:1-7:12
[        ] uses-sdk defined in both files...
[        ] Merging uses-sdk with lower [androidx.core:core-viewtree:1.0.0] AndroidManifest.xml:5:5-44
[        ] Merging library manifest C:\Users\Dyuthi\.gradle\caches\8.14\transforms\28a05b44ea578aad9f7b58df43e07e38\transformed\runtime-annotation\AndroidManifest.xml
[        ] Merging manifest with lower [androidx.compose.runtime:runtime-annotation-android:1.9.0] AndroidManifest.xml:2:1-7:12
[        ] uses-sdk defined in both files...
[        ] Merging uses-sdk with lower [androidx.compose.runtime:runtime-annotation-android:1.9.0] AndroidManifest.xml:5:5-44
[        ] Merging library manifest C:\Users\Dyuthi\.gradle\caches\8.14\transforms\88e4db718ca9bce8f5e7b1d422d1f54f\transformed\relinker-1.4.5\AndroidManifest.xml
[        ] Merging manifest with lower [com.getkeepsafe.relinker:relinker:1.4.5] AndroidManifest.xml:2:1-7:12
[        ] uses-sdk defined in both files...
[        ] Merging uses-sdk with lower [com.getkeepsafe.relinker:relinker:1.4.5] AndroidManifest.xml:5:5-43
[        ] Merging result: SUCCESS
[        ] 1<?xml version="1.0" encoding="utf-8"?>
[        ] 2<manifest xmlns:android="http://schemas.android.com/apk/res/android"
[        ] 3    package="com.example.smart_lecture_notes"
[        ] 4    android:versionCode="1"
[        ] 5    android:versionName="1.0.0" >
[        ] 6
[        ] 7    <uses-sdk
[        ] 8        android:minSdkVersion="24"
[        ] 9        android:targetSdkVersion="36" />
[        ] 10    <!--
[        ] 11         Required to query activities that can process text, see:
[        ] 12         https://developer.android.com/training/package-visibility and
[        ] 13         https://developer.android.com/reference/android/content/Intent#ACTION_PROCESS_TEXT.
[        ] 14
[        ] 15         In particular, this is used by the Flutter engine in io.flutter.plugin.text.ProcessTextPlugin.
[        ] 16    -->
[        ] 17    <queries>
[        ] 17-->C:\Users\Dyuthi\smartnotes\android\app\src\main\AndroidManifest.xml:39:5-44:15
[        ] 18        <intent>
[        ] 18-->C:\Users\Dyuthi\smartnotes\android\app\src\main\AndroidManifest.xml:40:9-43:18
[        ] 19            <action android:name="android.intent.action.PROCESS_TEXT" />
[        ] 19-->C:\Users\Dyuthi\smartnotes\android\app\src\main\AndroidManifest.xml:41:13-72
[        ] 19-->C:\Users\Dyuthi\smartnotes\android\app\src\main\AndroidManifest.xml:41:21-70
[        ] 20
[        ] 21            <data android:mimeType="text/plain" />
[        ] 21-->C:\Users\Dyuthi\smartnotes\android\app\src\main\AndroidManifest.xml:42:13-50
[        ] 21-->C:\Users\Dyuthi\smartnotes\android\app\src\main\AndroidManifest.xml:42:19-48
[        ] 22        </intent>
[        ] 23        <intent>
[        ] 23-->[:file_picker] C:\Users\Dyuthi\smartnotes\build\file_picker\intermediates\merged_manifest\release\processReleaseManifest\AndroidManifest.xml:8:9-12:18
[        ] 24            <action android:name="android.intent.action.GET_CONTENT" />
[        ] 24-->[:file_picker] C:\Users\Dyuthi\smartnotes\build\file_picker\intermediates\merged_manifest\release\processReleaseManifest\AndroidManifest.xml:9:13-72
[        ] 24-->[:file_picker] C:\Users\Dyuthi\smartnotes\build\file_picker\intermediates\merged_manifest\release\processReleaseManifest\AndroidManifest.xml:9:21-69
[        ] 25
[        ] 26            <data android:mimeType="*/*" />
[        ] 26-->C:\Users\Dyuthi\smartnotes\android\app\src\main\AndroidManifest.xml:42:13-50
[   +7 ms] 26-->C:\Users\Dyuthi\smartnotes\android\app\src\main\AndroidManifest.xml:42:19-48
[        ] 27        </intent>
[        ] 28    </queries>
[        ] 29
[        ] 30    <uses-permission android:name="android.permission.RECORD_AUDIO" />
[        ] 30-->[:record_android] C:\Users\Dyuthi\smartnotes\build\record_android\intermediates\merged_manifest\release\processReleaseManifest\AndroidManifest.xml:7:5-71
[        ] 30-->[:record_android] C:\Users\Dyuthi\smartnotes\build\record_android\intermediates\merged_manifest\release\processReleaseManifest\AndroidManifest.xml:7:22-68
[        ] 31    <uses-permission android:name="android.permission.CAMERA" />
[        ] 31-->[:camera_android] C:\Users\Dyuthi\smartnotes\build\camera_android\intermediates\merged_manifest\release\processReleaseManifest\AndroidManifest.xml:7:5-65
[        ] 31-->[:camera_android] C:\Users\Dyuthi\smartnotes\build\camera_android\intermediates\merged_manifest\release\processReleaseManifest\AndroidManifest.xml:7:22-62
[        ] 32
[        ] 33    <permission
[        ] 33-->[androidx.core:core:1.18.0] C:\Users\Dyuthi\.gradle\caches\8.14\transforms\7930c23c0b270ac851b4f43148d80205\transformed\core-1.18.0\AndroidManifest.xml:22:5-24:47
[        ] 34        android:name="com.example.smart_lecture_notes.DYNAMIC_RECEIVER_NOT_EXPORTED_PERMISSION"
[        ] 34-->[androidx.core:core:1.18.0] C:\Users\Dyuthi\.gradle\caches\8.14\transforms\7930c23c0b270ac851b4f43148d80205\transformed\core-1.18.0\AndroidManifest.xml:23:9-81
[        ] 35        android:protectionLevel="signature" />
[        ] 35-->[androidx.core:core:1.18.0] C:\Users\Dyuthi\.gradle\caches\8.14\transforms\7930c23c0b270ac851b4f43148d80205\transformed\core-1.18.0\AndroidManifest.xml:24:9-44
[        ] 36
[        ] 37    <uses-permission android:name="com.example.smart_lecture_notes.DYNAMIC_RECEIVER_NOT_EXPORTED_PERMISSION" />
[        ] 37-->[androidx.core:core:1.18.0] C:\Users\Dyuthi\.gradle\caches\8.14\transforms\7930c23c0b270ac851b4f43148d80205\transformed\core-1.18.0\AndroidManifest.xml:26:5-97
[        ] 37-->[androidx.core:core:1.18.0] C:\Users\Dyuthi\.gradle\caches\8.14\transforms\7930c23c0b270ac851b4f43148d80205\transformed\core-1.18.0\AndroidManifest.xml:26:22-94
[        ] 38
[        ] 39    <application
[        ] 40        android:name="android.app.Application"
[        ] 40-->C:\Users\Dyuthi\smartnotes\android\app\src\main\AndroidManifest.xml:4:9-42
[        ] 41        android:appComponentFactory="androidx.core.app.CoreComponentFactory"
[        ] 41-->[androidx.core:core:1.18.0] C:\Users\Dyuthi\.gradle\caches\8.14\transforms\7930c23c0b270ac851b4f43148d80205\transformed\core-1.18.0\AndroidManifest.xml:28:18-86
[        ] 42        android:extractNativeLibs="false"
[        ] 43        android:icon="@mipmap/ic_launcher"
[        ] 43-->C:\Users\Dyuthi\smartnotes\android\app\src\main\AndroidManifest.xml:5:9-43
[        ] 44        android:label="smart_lecture_notes" >
[        ] 44-->C:\Users\Dyuthi\smartnotes\android\app\src\main\AndroidManifest.xml:3:9-44
[        ] 45        <activity
[        ] 45-->C:\Users\Dyuthi\smartnotes\android\app\src\main\AndroidManifest.xml:6:9-27:20
[        ] 46            android:name="com.example.smart_lecture_notes.MainActivity"
[        ] 46-->C:\Users\Dyuthi\smartnotes\android\app\src\main\AndroidManifest.xml:7:13-41
[        ] 47            android:configChanges="orientation|keyboardHidden|keyboard|screenSize|smallestScreenSize|locale|layoutDirection|fontScale|screenLayout|density|uiMode"
[        ] 47-->C:\Users\Dyuthi\smartnotes\android\app\src\main\AndroidManifest.xml:12:13-163
[        ] 48            android:exported="true"
[        ] 48-->C:\Users\Dyuthi\smartnotes\android\app\src\main\AndroidManifest.xml:8:13-36
[        ] 49            android:hardwareAccelerated="true"
[        ] 49-->C:\Users\Dyuthi\smartnotes\android\app\src\main\AndroidManifest.xml:13:13-47
[        ] 50            android:launchMode="singleTop"
[        ] 50-->C:\Users\Dyuthi\smartnotes\android\app\src\main\AndroidManifest.xml:9:13-43
[   +8 ms] 51            android:taskAffinity=""
[        ] 51-->C:\Users\Dyuthi\smartnotes\android\app\src\main\AndroidManifest.xml:10:13-36
[        ] 52            android:theme="@style/LaunchTheme"
[        ] 52-->C:\Users\Dyuthi\smartnotes\android\app\src\main\AndroidManifest.xml:11:13-47
[        ] 53            android:windowSoftInputMode="adjustResize" >
[        ] 53-->C:\Users\Dyuthi\smartnotes\android\app\src\main\AndroidManifest.xml:14:13-55
[        ] 54
[        ] 55            <!--
[        ] 56                 Specifies an Android theme to apply to this Activity as soon as
[        ] 57                 the Android process has started. This theme is visible to the user
[        ] 58                 while the Flutter UI initializes. After that, this theme continues
[        ] 59                 to determine the Window background behind the Flutter UI.
[        ] 60            -->
[        ] 61            <meta-data
[        ] 61-->C:\Users\Dyuthi\smartnotes\android\app\src\main\AndroidManifest.xml:19:13-22:17
[        ] 62                android:name="io.flutter.embedding.android.NormalTheme"
[        ] 62-->C:\Users\Dyuthi\smartnotes\android\app\src\main\AndroidManifest.xml:20:15-70
[        ] 63                android:resource="@style/NormalTheme" />
[        ] 63-->C:\Users\Dyuthi\smartnotes\android\app\src\main\AndroidManifest.xml:21:15-52
[        ] 64
[        ] 65            <intent-filter>
[        ] 65-->C:\Users\Dyuthi\smartnotes\android\app\src\main\AndroidManifest.xml:23:13-26:29
[        ] 66                <action android:name="android.intent.action.MAIN" />
[        ] 66-->C:\Users\Dyuthi\smartnotes\android\app\src\main\AndroidManifest.xml:24:17-68
[        ] 66-->C:\Users\Dyuthi\smartnotes\android\app\src\main\AndroidManifest.xml:24:25-66
[        ] 67
[        ] 68                <category android:name="android.intent.category.LAUNCHER" />
[        ] 68-->C:\Users\Dyuthi\smartnotes\android\app\src\main\AndroidManifest.xml:25:17-76
[        ] 68-->C:\Users\Dyuthi\smartnotes\android\app\src\main\AndroidManifest.xml:25:27-74
[        ] 69            </intent-filter>
[        ] 70        </activity>
[        ] 71        <!--
[        ] 72             Don't delete the meta-data below.
[        ] 73             This is used by the Flutter tool to generate GeneratedPluginRegistrant.java
[        ] 74        -->
[        ] 75        <meta-data
[        ] 75-->C:\Users\Dyuthi\smartnotes\android\app\src\main\AndroidManifest.xml:30:9-32:33
[        ] 76            android:name="flutterEmbedding"
[        ] 76-->C:\Users\Dyuthi\smartnotes\android\app\src\main\AndroidManifest.xml:31:13-44
[        ] 77            android:value="2" />
[        ] 77-->C:\Users\Dyuthi\smartnotes\android\app\src\main\AndroidManifest.xml:32:13-30
[        ] 78
[        ] 79        <provider
[        ] 79-->[:image_picker_android] C:\Users\Dyuthi\smartnotes\build\image_picker_android\intermediates\merged_manifest\release\processReleaseManifest\AndroidManifest.xml:9:9-17:20
[        ] 80            android:name="io.flutter.plugins.imagepicker.ImagePickerFileProvider"
[        ] 80-->[:image_picker_android] C:\Users\Dyuthi\smartnotes\build\image_picker_android\intermediates\merged_manifest\release\processReleaseManifest\AndroidManifest.xml:10:13-82
[        ] 81            android:authorities="com.example.smart_lecture_notes.flutter.image_provider"
[        ] 81-->[:image_picker_android] C:\Users\Dyuthi\smartnotes\build\image_picker_android\intermediates\merged_manifest\release\processReleaseManifest\AndroidManifest.xml:11:13-74
[        ] 82            android:exported="false"
[        ] 82-->[:image_picker_android] C:\Users\Dyuthi\smartnotes\build\image_picker_android\intermediates\merged_manifest\release\processReleaseManifest\AndroidManifest.xml:12:13-37
[        ] 83            android:grantUriPermissions="true" >
[        ] 83-->[:image_picker_android] C:\Users\Dyuthi\smartnotes\build\image_picker_android\intermediates\merged_manifest\release\processReleaseManifest\AndroidManifest.xml:13:13-47
[   +5 ms] 84            <meta-data
[        ] 84-->[:image_picker_android] C:\Users\Dyuthi\smartnotes\build\image_picker_android\intermediates\merged_manifest\release\processReleaseManifest\AndroidManifest.xml:14:13-16:75
[        ] 85                android:name="android.support.FILE_PROVIDER_PATHS"
[        ] 85-->[:image_picker_android] C:\Users\Dyuthi\smartnotes\build\image_picker_android\intermediates\merged_manifest\release\processReleaseManifest\AndroidManifest.xml:15:17-67
[        ] 86                android:resource="@xml/flutter_image_picker_file_paths" />
[        ] 86-->[:image_picker_android] C:\Users\Dyuthi\smartnotes\build\image_picker_android\intermediates\merged_manifest\release\processReleaseManifest\AndroidManifest.xml:16:17-72
[        ] 87        </provider> <!-- Trigger Google Play services to install the backported photo picker module. -->
[        ] 88        <service
[        ] 88-->[:image_picker_android] C:\Users\Dyuthi\smartnotes\build\image_picker_android\intermediates\merged_manifest\release\processReleaseManifest\AndroidManifest.xml:19:9-31:19
[        ] 89            android:name="com.google.android.gms.metadata.ModuleDependencies"
[        ] 89-->[:image_picker_android] C:\Users\Dyuthi\smartnotes\build\image_picker_android\intermediates\merged_manifest\release\processReleaseManifest\AndroidManifest.xml:20:13-78
[        ] 90            android:enabled="false"
[        ] 90-->[:image_picker_android] C:\Users\Dyuthi\smartnotes\build\image_picker_android\intermediates\merged_manifest\release\processReleaseManifest\AndroidManifest.xml:21:13-36
[        ] 91            android:exported="false" >
[        ] 91-->[:image_picker_android] C:\Users\Dyuthi\smartnotes\build\image_picker_android\intermediates\merged_manifest\release\processReleaseManifest\AndroidManifest.xml:22:13-37
[        ] 92            <intent-filter>
[        ] 92-->[:image_picker_android] C:\Users\Dyuthi\smartnotes\build\image_picker_android\intermediates\merged_manifest\release\processReleaseManifest\AndroidManifest.xml:24:13-26:29
[        ] 93                <action android:name="com.google.android.gms.metadata.MODULE_DEPENDENCIES" />
[        ] 93-->[:image_picker_android] C:\Users\Dyuthi\smartnotes\build\image_picker_android\intermediates\merged_manifest\release\processReleaseManifest\AndroidManifest.xml:25:17-94
[        ] 93-->[:image_picker_android] C:\Users\Dyuthi\smartnotes\build\image_picker_android\intermediates\merged_manifest\release\processReleaseManifest\AndroidManifest.xml:25:25-91
[        ] 94            </intent-filter>
[        ] 95
[        ] 96            <meta-data
[        ] 96-->[:image_picker_android] C:\Users\Dyuthi\smartnotes\build\image_picker_android\intermediates\merged_manifest\release\processReleaseManifest\AndroidManifest.xml:28:13-30:36
[        ] 97                android:name="photopicker_activity:0:required"
[        ] 97-->[:image_picker_android] C:\Users\Dyuthi\smartnotes\build\image_picker_android\intermediates\merged_manifest\release\processReleaseManifest\AndroidManifest.xml:29:17-63
[        ] 98                android:value="" />
[        ] 98-->[:image_picker_android] C:\Users\Dyuthi\smartnotes\build\image_picker_android\intermediates\merged_manifest\release\processReleaseManifest\AndroidManifest.xml:30:17-33
[        ] 99        </service>
[        ] 100
[        ] 101        <uses-library
[        ] 101-->[androidx.window:window:1.2.0] C:\Users\Dyuthi\.gradle\caches\8.14\transforms\ba18b21e180de95697f7173f8fcc30d1\transformed\window-1.2.0\AndroidManifest.xml:23:9-25:40
[        ] 102            android:name="androidx.window.extensions"
[        ] 102-->[androidx.window:window:1.2.0] C:\Users\Dyuthi\.gradle\caches\8.14\transforms\ba18b21e180de95697f7173f8fcc30d1\transformed\window-1.2.0\AndroidManifest.xml:24:13-54
[        ] 103            android:required="false" />
[        ] 103-->[androidx.window:window:1.2.0] C:\Users\Dyuthi\.gradle\caches\8.14\transforms\ba18b21e180de95697f7173f8fcc30d1\transformed\window-1.2.0\AndroidManifest.xml:25:13-37
[   +5 ms] 104        <uses-library
[        ] 104-->[androidx.window:window:1.2.0] C:\Users\Dyuthi\.gradle\caches\8.14\transforms\ba18b21e180de95697f7173f8fcc30d1\transformed\window-1.2.0\AndroidManifest.xml:26:9-28:40
[        ] 105            android:name="androidx.window.sidecar"
[        ] 105-->[androidx.window:window:1.2.0] C:\Users\Dyuthi\.gradle\caches\8.14\transforms\ba18b21e180de95697f7173f8fcc30d1\transformed\window-1.2.0\AndroidManifest.xml:27:13-51
[        ] 106            android:required="false" />
[        ] 106-->[androidx.window:window:1.2.0] C:\Users\Dyuthi\.gradle\caches\8.14\transforms\ba18b21e180de95697f7173f8fcc30d1\transformed\window-1.2.0\AndroidManifest.xml:28:13-37
[        ] 107
[        ] 108        <provider
[        ] 108-->[androidx.lifecycle:lifecycle-process:2.7.0] C:\Users\Dyuthi\.gradle\caches\8.14\transforms\7b063733d58b239af3748ae9cbd0fe42\transformed\lifecycle-process-2.7.0\AndroidManifest.xml:24:9-32:20
[        ] 109            android:name="androidx.startup.InitializationProvider"
[        ] 109-->[androidx.lifecycle:lifecycle-process:2.7.0] C:\Users\Dyuthi\.gradle\caches\8.14\transforms\7b063733d58b239af3748ae9cbd0fe42\transformed\lifecycle-process-2.7.0\AndroidManifest.xml:25:13-67
[        ] 110            android:authorities="com.example.smart_lecture_notes.androidx-startup"
[        ] 110-->[androidx.lifecycle:lifecycle-process:2.7.0] C:\Users\Dyuthi\.gradle\caches\8.14\transforms\7b063733d58b239af3748ae9cbd0fe42\transformed\lifecycle-process-2.7.0\AndroidManifest.xml:26:13-68
[        ] 111            android:exported="false" >
[        ] 111-->[androidx.lifecycle:lifecycle-process:2.7.0] C:\Users\Dyuthi\.gradle\caches\8.14\transforms\7b063733d58b239af3748ae9cbd0fe42\transformed\lifecycle-process-2.7.0\AndroidManifest.xml:27:13-37
[        ] 112            <meta-data
[        ] 112-->[androidx.lifecycle:lifecycle-process:2.7.0] C:\Users\Dyuthi\.gradle\caches\8.14\transforms\7b063733d58b239af3748ae9cbd0fe42\transformed\lifecycle-process-2.7.0\AndroidManifest.xml:29:13-31:52
[        ] 113                android:name="androidx.lifecycle.ProcessLifecycleInitializer"
[        ] 113-->[androidx.lifecycle:lifecycle-process:2.7.0] C:\Users\Dyuthi\.gradle\caches\8.14\transforms\7b063733d58b239af3748ae9cbd0fe42\transformed\lifecycle-process-2.7.0\AndroidManifest.xml:30:17-78
[        ] 114                android:value="androidx.startup" />
[        ] 114-->[androidx.lifecycle:lifecycle-process:2.7.0] C:\Users\Dyuthi\.gradle\caches\8.14\transforms\7b063733d58b239af3748ae9cbd0fe42\transformed\lifecycle-process-2.7.0\AndroidManifest.xml:31:17-49
[        ] 115            <meta-data
[        ] 115-->[androidx.profileinstaller:profileinstaller:1.4.0] C:\Users\Dyuthi\.gradle\caches\8.14\transforms\8c2c755b108f0c65554558bce3b95118\transformed\profileinstaller-1.4.0\AndroidManifest.xml:29:13-31:52
[        ] 116                android:name="androidx.profileinstaller.ProfileInstallerInitializer"
[        ] 116-->[androidx.profileinstaller:profileinstaller:1.4.0] C:\Users\Dyuthi\.gradle\caches\8.14\transforms\8c2c755b108f0c65554558bce3b95118\transformed\profileinstaller-1.4.0\AndroidManifest.xml:30:17-85
[        ] 117                android:value="androidx.startup" />
[        ] 117-->[androidx.profileinstaller:profileinstaller:1.4.0] C:\Users\Dyuthi\.gradle\caches\8.14\transforms\8c2c755b108f0c65554558bce3b95118\transformed\profileinstaller-1.4.0\AndroidManifest.xml:31:17-49
[        ] 118        </provider>
[        ] 119
[        ] 120        <receiver
[        ] 120-->[androidx.profileinstaller:profileinstaller:1.4.0] C:\Users\Dyuthi\.gradle\caches\8.14\transforms\8c2c755b108f0c65554558bce3b95118\transformed\profileinstaller-1.4.0\AndroidManifest.xml:34:9-52:20
[        ] 121            android:name="androidx.profileinstaller.ProfileInstallReceiver"
[        ] 121-->[androidx.profileinstaller:profileinstaller:1.4.0] C:\Users\Dyuthi\.gradle\caches\8.14\transforms\8c2c755b108f0c65554558bce3b95118\transformed\profileinstaller-1.4.0\AndroidManifest.xml:35:13-76
[        ] 122            android:directBootAware="false"
[   +4 ms] 122-->[androidx.profileinstaller:profileinstaller:1.4.0] C:\Users\Dyuthi\.gradle\caches\8.14\transforms\8c2c755b108f0c65554558bce3b95118\transformed\profileinstaller-1.4.0\AndroidManifest.xml:36:13-44
[        ] 123            android:enabled="true"
[        ] 123-->[androidx.profileinstaller:profileinstaller:1.4.0] C:\Users\Dyuthi\.gradle\caches\8.14\transforms\8c2c755b108f0c65554558bce3b95118\transformed\profileinstaller-1.4.0\AndroidManifest.xml:37:13-35
[        ] 124            android:exported="true"
[        ] 124-->[androidx.profileinstaller:profileinstaller:1.4.0] C:\Users\Dyuthi\.gradle\caches\8.14\transforms\8c2c755b108f0c65554558bce3b95118\transformed\profileinstaller-1.4.0\AndroidManifest.xml:38:13-36
[        ] 125            android:permission="android.permission.DUMP" >
[        ] 125-->[androidx.profileinstaller:profileinstaller:1.4.0] C:\Users\Dyuthi\.gradle\caches\8.14\transforms\8c2c755b108f0c65554558bce3b95118\transformed\profileinstaller-1.4.0\AndroidManifest.xml:39:13-57
[        ] 126            <intent-filter>
[        ] 126-->[androidx.profileinstaller:profileinstaller:1.4.0] C:\Users\Dyuthi\.gradle\caches\8.14\transforms\8c2c755b108f0c65554558bce3b95118\transformed\profileinstaller-1.4.0\AndroidManifest.xml:40:13-42:29
[        ] 127                <action android:name="androidx.profileinstaller.action.INSTALL_PROFILE" />
[        ] 127-->[androidx.profileinstaller:profileinstaller:1.4.0] C:\Users\Dyuthi\.gradle\caches\8.14\transforms\8c2c755b108f0c65554558bce3b95118\transformed\profileinstaller-1.4.0\AndroidManifest.xml:41:17-91
[        ] 127-->[androidx.profileinstaller:profileinstaller:1.4.0] C:\Users\Dyuthi\.gradle\caches\8.14\transforms\8c2c755b108f0c65554558bce3b95118\transformed\profileinstaller-1.4.0\AndroidManifest.xml:41:25-88
[        ] 128            </intent-filter>
[        ] 129            <intent-filter>
[        ] 129-->[androidx.profileinstaller:profileinstaller:1.4.0] C:\Users\Dyuthi\.gradle\caches\8.14\transforms\8c2c755b108f0c65554558bce3b95118\transformed\profileinstaller-1.4.0\AndroidManifest.xml:43:13-45:29
[        ] 130                <action android:name="androidx.profileinstaller.action.SKIP_FILE" />
[        ] 130-->[androidx.profileinstaller:profileinstaller:1.4.0] C:\Users\Dyuthi\.gradle\caches\8.14\transforms\8c2c755b108f0c65554558bce3b95118\transformed\profileinstaller-1.4.0\AndroidManifest.xml:44:17-85
[        ] 130-->[androidx.profileinstaller:profileinstaller:1.4.0] C:\Users\Dyuthi\.gradle\caches\8.14\transforms\8c2c755b108f0c65554558bce3b95118\transformed\profileinstaller-1.4.0\AndroidManifest.xml:44:25-82
[        ] 131            </intent-filter>
[        ] 132            <intent-filter>
[        ] 132-->[androidx.profileinstaller:profileinstaller:1.4.0] C:\Users\Dyuthi\.gradle\caches\8.14\transforms\8c2c755b108f0c65554558bce3b95118\transformed\profileinstaller-1.4.0\AndroidManifest.xml:46:13-48:29
[        ] 133                <action android:name="androidx.profileinstaller.action.SAVE_PROFILE" />
[        ] 133-->[androidx.profileinstaller:profileinstaller:1.4.0] C:\Users\Dyuthi\.gradle\caches\8.14\transforms\8c2c755b108f0c65554558bce3b95118\transformed\profileinstaller-1.4.0\AndroidManifest.xml:47:17-88
[        ] 133-->[androidx.profileinstaller:profileinstaller:1.4.0] C:\Users\Dyuthi\.gradle\caches\8.14\transforms\8c2c755b108f0c65554558bce3b95118\transformed\profileinstaller-1.4.0\AndroidManifest.xml:47:25-85
[        ] 134            </intent-filter>
[        ] 135            <intent-filter>
[        ] 135-->[androidx.profileinstaller:profileinstaller:1.4.0] C:\Users\Dyuthi\.gradle\caches\8.14\transforms\8c2c755b108f0c65554558bce3b95118\transformed\profileinstaller-1.4.0\AndroidManifest.xml:49:13-51:29
[        ] 136                <action android:name="androidx.profileinstaller.action.BENCHMARK_OPERATION" />
[        ] 136-->[androidx.profileinstaller:profileinstaller:1.4.0] C:\Users\Dyuthi\.gradle\caches\8.14\transforms\8c2c755b108f0c65554558bce3b95118\transformed\profileinstaller-1.4.0\AndroidManifest.xml:50:17-95
[   +4 ms] 136-->[androidx.profileinstaller:profileinstaller:1.4.0] C:\Users\Dyuthi\.gradle\caches\8.14\transforms\8c2c755b108f0c65554558bce3b95118\transformed\profileinstaller-1.4.0\AndroidManifest.xml:50:25-92
[        ] 137            </intent-filter>
[        ] 138        </receiver>
[        ] 139    </application>
[        ] 140
[        ] 141</manifest>
[        ] Merged manifest saved to C:\Users\Dyuthi\smartnotes\build\app\intermediates\merged_manifest\release\processReleaseMainManifest\AndroidManifest.xml
[        ] Resolve mutations for :app:outputReleaseAppLinkSettings (Thread[#518,Execution worker Thread 2,5,main]) started.
[        ] :app:outputReleaseAppLinkSettings (Thread[#518,Execution worker Thread 2,5,main]) started.
[        ] > Task :app:outputReleaseAppLinkSettings
[        ] Caching disabled for task ':app:outputReleaseAppLinkSettings' because:
[        ]   Build cache is disabled
[        ]   Caching has not been enabled for the task
[        ] Task ':app:outputReleaseAppLinkSettings' is not up-to-date because:
[        ]   Output property 'deepLinkJson' file C:\Users\Dyuthi\smartnotes\build\app\deeplink.json has been removed.
[        ]   Output property 'updatedManifest' file C:\Users\Dyuthi\smartnotes\build\app\intermediates\merged_manifest\release\outputReleaseAppLinkSettings\AndroidManifest.xml has been removed.
[        ] Resolve mutations for :app:processReleaseManifest (Thread[#518,Execution worker Thread 2,5,main]) started.
[        ] :app:processReleaseManifest (Thread[#518,Execution worker Thread 2,5,main]) started.
[        ] > Task :app:processReleaseManifest
[        ] Caching disabled for task ':app:processReleaseManifest' because:
[        ]   Build cache is disabled
[        ] Task ':app:processReleaseManifest' is not up-to-date because:
[        ]   Output property 'multiApkManifestOutputDirectory' file C:\Users\Dyuthi\smartnotes\build\app\intermediates\merged_manifests\release\processReleaseManifest has been removed.
[        ]   Output property 'multiApkManifestOutputDirectory' file C:\Users\Dyuthi\smartnotes\build\app\intermediates\merged_manifests\release\processReleaseManifest\AndroidManifest.xml has been removed.
[        ]   Output property 'multiApkManifestOutputDirectory' file C:\Users\Dyuthi\smartnotes\build\app\intermediates\merged_manifests\release\processReleaseManifest\output-metadata.json has been removed.
[  +90 ms] Resolve mutations for :app:processReleaseManifestForPackage (Thread[#518,Execution worker Thread 2,5,main]) started.
[        ] :app:processReleaseManifestForPackage (Thread[#518,Execution worker Thread 2,5,main]) started.
[        ] Resolve mutations for :jni_flutter:processReleaseJavaRes (Thread[#522,Execution worker Thread 6,5,main]) started.
[        ] :jni_flutter:processReleaseJavaRes (Thread[#522,Execution worker Thread 6,5,main]) started.
[        ] > Task :jni_flutter:processReleaseJavaRes NO-SOURCE
[        ] file or directory 'C:\Users\Dyuthi\AppData\Local\Pub\Cache\hosted\pub.dev\jni_flutter-1.0.1\android\src\main\resources', not found
[        ] file or directory 'C:\Users\Dyuthi\AppData\Local\Pub\Cache\hosted\pub.dev\jni_flutter-1.0.1\android\src\release\resources', not found
[        ] Skipping task ':jni_flutter:processReleaseJavaRes' as it has no source files and no previous output files.
[        ] work action resolve out (project :jni_flutter) (Thread[#522,Execution worker Thread 6,5,main]) started.
[        ] Resolve mutations for :app:mergeReleaseStartupProfile (Thread[#522,Execution worker Thread 6,5,main]) started.
[        ] :app:mergeReleaseStartupProfile (Thread[#522,Execution worker Thread 6,5,main]) started.
[        ] > Task :app:mergeReleaseStartupProfile UP-TO-DATE
[        ] Caching disabled for task ':app:mergeReleaseStartupProfile' because:
[        ]   Build cache is disabled
[        ]   Simple merging task
[        ] Skipping task ':app:mergeReleaseStartupProfile' as it is up-to-date.
[        ] Resolve mutations for :app:compressReleaseAssets (Thread[#522,Execution worker Thread 6,5,main]) started.
[        ] :app:compressReleaseAssets (Thread[#522,Execution worker Thread 6,5,main]) started.
[        ] Resolve mutations for :app:extractReleaseVersionControlInfo (Thread[#519,Execution worker Thread 3,5,main]) started.
[        ] :app:extractReleaseVersionControlInfo (Thread[#519,Execution worker Thread 3,5,main]) started.
[        ] > Task :app:compressReleaseAssets
[        ] Caching disabled for task ':app:compressReleaseAssets' because:
[        ]   Build cache is disabled
[        ] Task ':app:compressReleaseAssets' is not up-to-date because:
[        ]   Output property 'outputDir' file C:\Users\Dyuthi\smartnotes\build\app\intermediates\compressed_assets\release\compressReleaseAssets\out has been removed.
[        ]   Output property 'outputDir' file C:\Users\Dyuthi\smartnotes\build\app\intermediates\compressed_assets\release\compressReleaseAssets\out\assets has been removed.
[        ]   Output property 'outputDir' file C:\Users\Dyuthi\smartnotes\build\app\intermediates\compressed_assets\release\compressReleaseAssets\out\assets\flutter_assets has been removed.
[        ]   and more...
[        ] The input changes require a full rebuild for incremental task ':app:compressReleaseAssets'.
[        ] > Task :app:extractReleaseVersionControlInfo
[        ] Caching disabled for task ':app:extractReleaseVersionControlInfo' because:
[        ]   Build cache is disabled
[        ]   Caching has been disabled for the task
[        ] Task ':app:extractReleaseVersionControlInfo' is not up-to-date because:
[        ]   Output property 'vcInfoFile' file C:\Users\Dyuthi\smartnotes\build\app\intermediates\version_control_info_file\release\extractReleaseVersionControlInfo\version-control-info.textproto has been removed.
[        ] Resolve mutations for :camera_android:createFullJarRelease (Thread[#519,Execution worker Thread 3,5,main]) started.
[        ] :camera_android:createFullJarRelease (Thread[#519,Execution worker Thread 3,5,main]) started.
[        ] > Task :camera_android:createFullJarRelease
[        ] Caching disabled for task ':camera_android:createFullJarRelease' because:
[        ]   Build cache is disabled
[        ]   Simple merging task
[        ] Task ':camera_android:createFullJarRelease' is not up-to-date because:
[        ]   Output property 'outputFile' file C:\Users\Dyuthi\smartnotes\build\camera_android\intermediates\full_jar\release\createFullJarRelease\full.jar has been removed.
[        ] work action resolve full.jar (project :camera_android) (Thread[#519,Execution worker Thread 3,5,main]) started.
[        ] work action resolve full.jar (project :camera_android) (Thread[#517,Execution worker,5,main]) started.
[        ] Resolve mutations for :camera_android:extractProguardFiles (Thread[#517,Execution worker,5,main]) started.
[        ] :camera_android:extractProguardFiles (Thread[#517,Execution worker,5,main]) started.
[        ] > Task :camera_android:extractProguardFiles
[        ] Caching disabled for task ':camera_android:extractProguardFiles' because:
[        ]   Build cache is disabled
[        ]   Fast task
[        ] Task ':camera_android:extractProguardFiles' is not up-to-date because:
[        ]   Output property 'proguardFilesDir' file C:\Users\Dyuthi\smartnotes\build\camera_android\intermediates\default_proguard_files\global has been removed.
[        ]   Output property 'proguardFilesDir' file C:\Users\Dyuthi\smartnotes\build\camera_android\intermediates\default_proguard_files\global\proguard-android-optimize.txt-8.11.1 has been removed.
[        ]   Output property 'proguardFilesDir' file C:\Users\Dyuthi\smartnotes\build\camera_android\intermediates\default_proguard_files\global\proguard-android.txt-8.11.1 has been removed.
[        ]   and more...
[        ] Resolve mutations for :flutter_plugin_android_lifecycle:createFullJarRelease (Thread[#517,Execution worker,5,main]) started.
[        ] :flutter_plugin_android_lifecycle:createFullJarRelease (Thread[#517,Execution worker,5,main]) started.
[        ] > Task :flutter_plugin_android_lifecycle:createFullJarRelease
[        ] Caching disabled for task ':flutter_plugin_android_lifecycle:createFullJarRelease' because:
[        ]   Build cache is disabled
[        ]   Simple merging task
[        ] Task ':flutter_plugin_android_lifecycle:createFullJarRelease' is not up-to-date because:
[        ]   Output property 'outputFile' file C:\Users\Dyuthi\smartnotes\build\flutter_plugin_android_lifecycle\intermediates\full_jar\release\createFullJarRelease\full.jar has been removed.
[        ] work action resolve full.jar (project :flutter_plugin_android_lifecycle) (Thread[#517,Execution worker,5,main]) started.
[        ] work action resolve full.jar (project :flutter_plugin_android_lifecycle) (Thread[#517,Execution worker,5,main]) started.
[        ] Resolve mutations for :flutter_plugin_android_lifecycle:extractProguardFiles (Thread[#522,Execution worker Thread 6,5,main]) started.
[        ] :flutter_plugin_android_lifecycle:extractProguardFiles (Thread[#522,Execution worker Thread 6,5,main]) started.
[        ] > Task :flutter_plugin_android_lifecycle:extractProguardFiles
[        ] Caching disabled for task ':flutter_plugin_android_lifecycle:extractProguardFiles' because:
[        ]   Build cache is disabled
[        ]   Fast task
[        ] Task ':flutter_plugin_android_lifecycle:extractProguardFiles' is not up-to-date because:
[        ]   Output property 'proguardFilesDir' file C:\Users\Dyuthi\smartnotes\build\flutter_plugin_android_lifecycle\intermediates\default_proguard_files\global has been removed.
[        ]   Output property 'proguardFilesDir' file C:\Users\Dyuthi\smartnotes\build\flutter_plugin_android_lifecycle\intermediates\default_proguard_files\global\proguard-android-optimize.txt-8.11.1 has been removed.
[        ]   Output property 'proguardFilesDir' file C:\Users\Dyuthi\smartnotes\build\flutter_plugin_android_lifecycle\intermediates\default_proguard_files\global\proguard-android.txt-8.11.1 has been removed.
[        ]   and more...
[        ] Resolve mutations for :flutter_plugin_android_lifecycle:generateReleaseLintModel (Thread[#522,Execution worker Thread 6,5,main]) started.
[        ] :flutter_plugin_android_lifecycle:generateReleaseLintModel (Thread[#522,Execution worker Thread 6,5,main]) started.
[ +107 ms] > Task :flutter_plugin_android_lifecycle:generateReleaseLintModel
[        ] Caching disabled for task ':flutter_plugin_android_lifecycle:generateReleaseLintModel' because:
[        ]   Build cache is disabled
[        ]   Caching has been disabled for the task
[        ] Task ':flutter_plugin_android_lifecycle:generateReleaseLintModel' is not up-to-date because:
[        ]   Output property 'outputDirectory' file C:\Users\Dyuthi\smartnotes\build\flutter_plugin_android_lifecycle\intermediates\lint_model\release\generateReleaseLintModel has been removed.
[        ]   Output property 'outputDirectory' file C:\Users\Dyuthi\smartnotes\build\flutter_plugin_android_lifecycle\intermediates\lint_model\release\generateReleaseLintModel\module.xml has been removed.
[        ]   Output property 'outputDirectory' file C:\Users\Dyuthi\smartnotes\build\flutter_plugin_android_lifecycle\intermediates\lint_model\release\generateReleaseLintModel\release-artifact-dependencies.xml has been removed.
[        ]   and more...
[        ] work action resolve generateReleaseLintModel (project :flutter_plugin_android_lifecycle) (Thread[#522,Execution worker Thread 6,5,main]) started.
[        ] work action resolve generateReleaseLintModel (project :flutter_plugin_android_lifecycle) (Thread[#530,Execution worker Thread 14,5,main]) started.
[        ] > Task :record_android:compileReleaseKotlin
[        ] Adding -Xuse-inline-scopes-numbers Kotlin compiler flag for task :record_android:compileDebugAndroidTestKotlin
[        ] Caching disabled for task ':record_android:compileReleaseKotlin' because:
[        ]   Build cache is disabled
[        ] Task ':record_android:compileReleaseKotlin' is not up-to-date because:
[        ]   Output property 'classpathSnapshotProperties.classpathSnapshotDir' file C:\Users\Dyuthi\smartnotes\build\record_android\kotlin\compileReleaseKotlin\classpath-snapshot has been removed.
[        ]   Output property 'classpathSnapshotProperties.classpathSnapshotDir' file C:\Users\Dyuthi\smartnotes\build\record_android\kotlin\compileReleaseKotlin\classpath-snapshot\shrunk-classpath-snapshot.bin has been removed.
[        ]   Output property 'destinationDirectory' file C:\Users\Dyuthi\smartnotes\build\record_android\tmp\kotlin-classes\release has been removed.
[        ]   and more...
[        ] The input changes require a full rebuild for incremental task ':record_android:compileReleaseKotlin'.
[        ] file or directory 'C:\Users\Dyuthi\AppData\Local\Pub\Cache\hosted\pub.dev\record_android-1.5.1\android\src\release\kotlin', not found
[        ] file or directory 'C:\Users\Dyuthi\AppData\Local\Pub\Cache\hosted\pub.dev\record_android-1.5.1\android\src\release\java', not found
[        ] file or directory 'C:\Users\Dyuthi\AppData\Local\Pub\Cache\hosted\pub.dev\record_android-1.5.1\android\src\release\kotlin', not found
[        ] file or directory 'C:\Users\Dyuthi\AppData\Local\Pub\Cache\hosted\pub.dev\record_android-1.5.1\android\src\release\kotlin', not found
[        ] file or directory 'C:\Users\Dyuthi\AppData\Local\Pub\Cache\hosted\pub.dev\record_android-1.5.1\android\src\release\java', not found
[        ] file or directory 'C:\Users\Dyuthi\AppData\Local\Pub\Cache\hosted\pub.dev\record_android-1.5.1\android\src\main\java', not found
[        ] file or directory 'C:\Users\Dyuthi\AppData\Local\Pub\Cache\hosted\pub.dev\record_android-1.5.1\android\src\main\java', not found
[        ] file or directory 'C:\Users\Dyuthi\AppData\Local\Pub\Cache\hosted\pub.dev\record_android-1.5.1\android\src\main\java', not found
[        ] file or directory 'C:\Users\Dyuthi\AppData\Local\Pub\Cache\hosted\pub.dev\record_android-1.5.1\android\src\release\java', not found
[        ] file or directory 'C:\Users\Dyuthi\AppData\Local\Pub\Cache\hosted\pub.dev\record_android-1.5.1\android\src\release\kotlin', not found
[        ] file or directory 'C:\Users\Dyuthi\AppData\Local\Pub\Cache\hosted\pub.dev\record_android-1.5.1\android\src\release\java', not found
[        ] file or directory 'C:\Users\Dyuthi\AppData\Local\Pub\Cache\hosted\pub.dev\record_android-1.5.1\android\src\release\kotlin', not found
[        ] file or directory 'C:\Users\Dyuthi\AppData\Local\Pub\Cache\hosted\pub.dev\record_android-1.5.1\android\src\release\kotlin', not found
[        ] file or directory 'C:\Users\Dyuthi\AppData\Local\Pub\Cache\hosted\pub.dev\record_android-1.5.1\android\src\release\java', not found
[        ] file or directory 'C:\Users\Dyuthi\AppData\Local\Pub\Cache\hosted\pub.dev\record_android-1.5.1\android\src\release\kotlin', not found
[        ] file or directory 'C:\Users\Dyuthi\AppData\Local\Pub\Cache\hosted\pub.dev\record_android-1.5.1\android\src\release\java', not found
[        ] file or directory 'C:\Users\Dyuthi\AppData\Local\Pub\Cache\hosted\pub.dev\record_android-1.5.1\android\src\release\kotlin', not found
[        ] file or directory 'C:\Users\Dyuthi\AppData\Local\Pub\Cache\hosted\pub.dev\record_android-1.5.1\android\src\release\kotlin', not found
[        ] file or directory 'C:\Users\Dyuthi\AppData\Local\Pub\Cache\hosted\pub.dev\record_android-1.5.1\android\src\release\java', not found
[        ] file or directory 'C:\Users\Dyuthi\AppData\Local\Pub\Cache\hosted\pub.dev\record_android-1.5.1\android\src\main\java', not found
[        ] file or directory 'C:\Users\Dyuthi\AppData\Local\Pub\Cache\hosted\pub.dev\record_android-1.5.1\android\src\main\java', not found
[        ] file or directory 'C:\Users\Dyuthi\AppData\Local\Pub\Cache\hosted\pub.dev\record_android-1.5.1\android\src\main\java', not found
[        ] file or directory 'C:\Users\Dyuthi\AppData\Local\Pub\Cache\hosted\pub.dev\record_android-1.5.1\android\src\release\java', not found
[        ] file or directory 'C:\Users\Dyuthi\AppData\Local\Pub\Cache\hosted\pub.dev\record_android-1.5.1\android\src\release\kotlin', not found
[        ] file or directory 'C:\Users\Dyuthi\AppData\Local\Pub\Cache\hosted\pub.dev\record_android-1.5.1\android\src\release\java', not found
[        ] file or directory 'C:\Users\Dyuthi\AppData\Local\Pub\Cache\hosted\pub.dev\record_android-1.5.1\android\src\release\kotlin', not found
[        ] file or directory 'C:\Users\Dyuthi\AppData\Local\Pub\Cache\hosted\pub.dev\record_android-1.5.1\android\src\release\kotlin', not found
[        ] file or directory 'C:\Users\Dyuthi\AppData\Local\Pub\Cache\hosted\pub.dev\record_android-1.5.1\android\src\release\java', not found
[        ] file or directory 'C:\Users\Dyuthi\AppData\Local\Pub\Cache\hosted\pub.dev\record_android-1.5.1\android\src\main\java', not found
[        ] file or directory 'C:\Users\Dyuthi\AppData\Local\Pub\Cache\hosted\pub.dev\record_android-1.5.1\android\src\main\java', not found
[        ] file or directory 'C:\Users\Dyuthi\AppData\Local\Pub\Cache\hosted\pub.dev\record_android-1.5.1\android\src\main\java', not found
[        ] file or directory 'C:\Users\Dyuthi\AppData\Local\Pub\Cache\hosted\pub.dev\record_android-1.5.1\android\src\release\java', not found
[        ] file or directory 'C:\Users\Dyuthi\AppData\Local\Pub\Cache\hosted\pub.dev\record_android-1.5.1\android\src\release\kotlin', not found
[        ] file or directory 'C:\Users\Dyuthi\AppData\Local\Pub\Cache\hosted\pub.dev\record_android-1.5.1\android\src\release\java', not found
[        ] file or directory 'C:\Users\Dyuthi\AppData\Local\Pub\Cache\hosted\pub.dev\record_android-1.5.1\android\src\release\kotlin', not found
[        ] file or directory 'C:\Users\Dyuthi\AppData\Local\Pub\Cache\hosted\pub.dev\record_android-1.5.1\android\src\release\kotlin', not found
[        ] file or directory 'C:\Users\Dyuthi\AppData\Local\Pub\Cache\hosted\pub.dev\record_android-1.5.1\android\src\release\java', not found
[        ] file or directory 'C:\Users\Dyuthi\AppData\Local\Pub\Cache\hosted\pub.dev\record_android-1.5.1\android\src\main\java', not found
[        ] file or directory 'C:\Users\Dyuthi\AppData\Local\Pub\Cache\hosted\pub.dev\record_android-1.5.1\android\src\main\java', not found
[        ] file or directory 'C:\Users\Dyuthi\AppData\Local\Pub\Cache\hosted\pub.dev\record_android-1.5.1\android\src\main\java', not found
[        ] file or directory 'C:\Users\Dyuthi\AppData\Local\Pub\Cache\hosted\pub.dev\record_android-1.5.1\android\src\release\java', not found
[        ] Kotlin source files: C:\Users\Dyuthi\AppData\Local\Pub\Cache\hosted\pub.dev\record_android-1.5.1\android\src\main\kotlin\com\llfbandit\record\methodcall\MethodCallHandlerImpl.kt, C:\Users\Dyuthi\AppData\Local\Pub\Cache\hosted\pub.dev\record_android-1.5.1\android\src\main\kotlin\com\llfbandit\record\methodcall\RecorderWrapper.kt, C:\Users\Dyuthi\AppData\Local\Pub\Cache\hosted\pub.dev\record_android-1.5.1\android\src\main\kotlin\com\llfbandit\record\permission\PermissionManager.kt, C:\Users\Dyuthi\AppData\Local\Pub\Cache\hosted\pub.dev\record_android-1.5.1\android\src\main\kotlin\com\llfbandit\record\permission\PermissionResultCallback.kt, C:\Users\Dyuthi\AppData\Local\Pub\Cache\hosted\pub.dev\record_android-1.5.1\android\src\main\kotlin\com\llfbandit\record\record\bluetooth\BluetoothReceiver.kt, C:\Users\Dyuthi\AppData\Local\Pub\Cache\hosted\pub.dev\record_android-1.5.1\android\src\main\kotlin\com\llfbandit\record\record\container\AdtsContainer.kt, C:\Users\Dyuthi\AppData\Local\Pub\Cache\hosted\pub.dev\record_android-1.5.1\android\src\main\kotlin\com\llfbandit\record\record\container\FlacContainer.kt, C:\Users\Dyuthi\AppData\Local\Pub\Cache\hosted\pub.dev\record_android-1.5.1\android\src\main\kotlin\com\llfbandit\record\record\container\IContainerWriter.kt, C:\Users\Dyuthi\AppData\Local\Pub\Cache\hosted\pub.dev\record_android-1.5.1\android\src\main\kotlin\com\llfbandit\record\record\container\MuxerContainer.kt, C:\Users\Dyuthi\AppData\Local\Pub\Cache\hosted\pub.dev\record_android-1.5.1\android\src\main\kotlin\com\llfbandit\record\record\container\RawContainer.kt, C:\Users\Dyuthi\AppData\Local\Pub\Cache\hosted\pub.dev\record_android-1.5.1\android\src\main\kotlin\com\llfbandit\record\record\container\WaveContainer.kt, C:\Users\Dyuthi\AppData\Local\Pub\Cache\hosted\pub.dev\record_android-1.5.1\android\src\main\kotlin\com\llfbandit\record\record\device\DeviceUtils.kt, C:\Users\Dyuthi\AppData\Local\Pub\Cache\hosted\pub.dev\record_android-1.5.1\android\src\main\kotlin\com\llfbandit\record\record\encoder\EncoderListener.kt, C:\Users\Dyuthi\AppData\Local\Pub\Cache\hosted\pub.dev\record_android-1.5.1\android\src\main\kotlin\com\llfbandit\record\record\encoder\IEncoder.kt, C:\Users\Dyuthi\AppData\Local\Pub\Cache\hosted\pub.dev\record_android-1.5.1\android\src\main\kotlin\com\llfbandit\record\record\encoder\MediaCodecEncoder.kt, C:\Users\Dyuthi\AppData\Local\Pub\Cache\hosted\pub.dev\record_android-1.5.1\android\src\main\kotlin\com\llfbandit\record\record\encoder\PassthroughEncoder.kt, C:\Users\Dyuthi\AppData\Local\Pub\Cache\hosted\pub.dev\record_android-1.5.1\android\src\main\kotlin\com\llfbandit\record\record\format\AacFormat.kt, C:\Users\Dyuthi\AppData\Local\Pub\Cache\hosted\pub.dev\record_android-1.5.1\android\src\main\kotlin\com\llfbandit\record\record\format\AmrNbFormat.kt, C:\Users\Dyuthi\AppData\Local\Pub\Cache\hosted\pub.dev\record_android-1.5.1\android\src\main\kotlin\com\llfbandit\record\record\format\AmrWbFormat.kt, C:\Users\Dyuthi\AppData\Local\Pub\Cache\hosted\pub.dev\record_android-1.5.1\android\src\main\kotlin\com\llfbandit\record\record\format\AudioFormats.kt, C:\Users\Dyuthi\AppData\Local\Pub\Cache\hosted\pub.dev\record_android-1.5.1\android\src\main\kotlin\com\llfbandit\record\record\format\FlacFormat.kt, C:\Users\Dyuthi\AppData\Local\Pub\Cache\hosted\pub.dev\record_android-1.5.1\android\src\main\kotlin\com\llfbandit\record\record\format\Format.kt, C:\Users\Dyuthi\AppData\Local\Pub\Cache\hosted\pub.dev\record_android-1.5.1\android\src\main\kotlin\com\llfbandit\record\record\format\OpusFormat.kt, C:\Users\Dyuthi\AppData\Local\Pub\Cache\hosted\pub.dev\record_android-1.5.1\android\src\main\kotlin\com\llfbandit\record\record\format\PcmFormat.kt, C:\Users\Dyuthi\AppData\Local\Pub\Cache\hosted\pub.dev\record_android-1.5.1\android\src\main\kotlin\com\llfbandit\record\record\format\WaveFormat.kt, C:\Users\Dyuthi\AppData\Local\Pub\Cache\hosted\pub.dev\record_android-1.5.1\android\src\main\kotlin\com\llfbandit\record\record\PCMReader.kt, C:\Users\Dyuthi\AppData\Local\Pub\Cache\hosted\pub.dev\record_android-1.5.1\android\src\main\kotlin\com\llfbandit\record\record\RecordConfig.kt, C:\Users\Dyuthi\AppData\Local\Pub\Cache\hosted\pub.dev\record_android-1.5.1\android\src\main\kotlin\com\llfbandit\record\record\recorder\AudioRecorder.kt, C:\Users\Dyuthi\AppData\Local\Pub\Cache\hosted\pub.dev\record_android-1.5.1\android\src\main\kotlin\com\llfbandit\record\record\recorder\IRecorder.kt, C:\Users\Dyuthi\AppData\Local\Pub\Cache\hosted\pub.dev\record_android-1.5.1\android\src\main\kotlin\com\llfbandit\record\record\recorder\MediaRecorder.kt, C:\Users\Dyuthi\AppData\Local\Pub\Cache\hosted\pub.dev\record_android-1.5.1\android\src\main\kotlin\com\llfbandit\record\record\recorder\RecordThread.kt, C:\Users\Dyuthi\AppData\Local\Pub\Cache\hosted\pub.dev\record_android-1.5.1\android\src\main\kotlin\com\llfbandit\record\record\RecordState.kt, C:\Users\Dyuthi\AppData\Local\Pub\Cache\hosted\pub.dev\record_android-1.5.1\android\src\main\kotlin\com\llfbandit\record\record\stream\RecorderRecordStreamHandler.kt, C:\Users\Dyuthi\AppData\Local\Pub\Cache\hosted\pub.dev\record_android-1.5.1\android\src\main\kotlin\com\llfbandit\record\record\stream\RecorderStateStreamHandler.kt, C:\Users\Dyuthi\AppData\Local\Pub\Cache\hosted\pub.dev\record_android-1.5.1\android\src\main\kotlin\com\llfbandit\record\RecordPlugin.kt, C:\Users\Dyuthi\AppData\Local\Pub\Cache\hosted\pub.dev\record_android-1.5.1\android\src\main\kotlin\com\llfbandit\record\service\AudioRecordingService.kt
[        ] Java source files: C:\Users\Dyuthi\AppData\Local\Pub\Cache\hosted\pub.dev\record_android-1.5.1\android\src\main\kotlin\com\llfbandit\record\Utils.java
[        ] Script source files: 
[        ] Script file extensions: 
[        ] Using Kotlin/JVM incremental compilation
[        ] [KOTLIN] Kotlin compilation 'jdkHome' argument: null
[        ] i: cannot connect to registry: Connection refused: connect
[        ] i: starting the daemon as: C:\Program Files\Android\Android Studio\jbr\bin\java -cp C:\Users\Dyuthi\.gradle\caches\modules-2\files-2.1\org.jetbrains.kotlin\kotlin-compiler-embeddable\2.2.20\bb8331b7585e36ea311825b01a1c06860c055fd1\kotlin-compiler-embeddable-2.2.20.jar;C:\Users\Dyuthi\.gradle\caches\modules-2\files-2.1\org.jetbrains.kotlin\kotlin-stdlib\2.2.20\5380b19fa1924399b62ce3a1faffebb2b4f82272\kotlin-stdlib-2.2.20.jar;C:\Users\Dyuthi\.gradle\caches\modules-2\files-2.1\org.jetbrains.kotlin\kotlin-script-runtime\2.2.20\4c679cbeac0bb583b75c3a080013da8eaf240807\kotlin-script-runtime-2.2.20.jar;C:\Users\Dyuthi\.gradle\caches\modules-2\files-2.1\org.jetbrains.kotlin\kotlin-reflect\1.6.10\1cbe9c92c12a94eea200d23c2bbaedaf3daf5132\kotlin-reflect-1.6.10.jar;C:\Users\Dyuthi\.gradle\caches\modules-2\files-2.1\org.jetbrains.kotlin\kotlin-daemon-embeddable\2.2.20\feff12d48d7f1eb628742b0a721395e16f8755bf\kotlin-daemon-embeddable-2.2.20.jar;C:\Users\Dyuthi\.gradle\caches\modules-2\files-2.1\org.jetbrains.kotlinx\kotlinx-coroutines-core-jvm\1.8.0\ac1dc37a30a93150b704022f8d895ee1bd3a36b3\kotlinx-coroutines-core-jvm-1.8.0.jar;C:\Users\Dyuthi\.gradle\caches\modules-2\files-2.1\org.jetbrains\annotations\13.0\919f0dfe192fb4e063e7dacadee7f8bb9a2672a9\annotations-13.0.jar -Djava.awt.headless=true -Djava.rmi.server.hostname=127.0.0.1 -Xmx8G -XX:MaxMetaspaceSize=4G -XX:ReservedCodeCacheSize=512m -Dkotlin.environment.keepalive -ea -XX:+UseCodeCacheFlushing -XX:+UseParallelGC -Dkotlin.daemon.initiator.marker.file=C:\Users\Dyuthi\AppData\Local\Temp\kotlin-compiler-in-android-9015855481143367319.alive --add-exports java.base/sun.nio.ch=ALL-UNNAMED org.jetbrains.kotlin.daemon.KotlinCompileDaemon --daemon-runFilesPath C:\Users\Dyuthi\AppData\Local\kotlin\daemon --daemon-autoshutdownIdleSeconds=7200 --daemon-compilerClasspath C:\Users\Dyuthi\.gradle\caches\modules-2\files-2.1\org.jetbrains.kotlin\kotlin-compiler-embeddable\2.2.20\bb8331b7585e36ea311825b01a1c06860c055fd1\kotlin-compiler-embeddable-2.2.20.jar;C:\Users\Dyuthi\.gradle\caches\modules-2\files-2.1\org.jetbrains.kotlin\kotlin-stdlib\2.2.20\5380b19fa1924399b62ce3a1faffebb2b4f82272\kotlin-stdlib-2.2.20.jar;C:\Users\Dyuthi\.gradle\caches\modules-2\files-2.1\org.jetbrains.kotlin\kotlin-script-runtime\2.2.20\4c679cbeac0bb583b75c3a080013da8eaf240807\kotlin-script-runtime-2.2.20.jar;C:\Users\Dyuthi\.gradle\caches\modules-2\files-2.1\org.jetbrains.kotlin\kotlin-reflect\1.6.10\1cbe9c92c12a94eea200d23c2bbaedaf3daf5132\kotlin-reflect-1.6.10.jar;C:\Users\Dyuthi\.gradle\caches\modules-2\files-2.1\org.jetbrains.kotlin\kotlin-daemon-embeddable\2.2.20\feff12d48d7f1eb628742b0a721395e16f8755bf\kotlin-daemon-embeddable-2.2.20.jar;C:\Users\Dyuthi\.gradle\caches\modules-2\files-2.1\org.jetbrains.kotlinx\kotlinx-coroutines-core-jvm\1.8.0\ac1dc37a30a93150b704022f8d895ee1bd3a36b3\kotlinx-coroutines-core-jvm-1.8.0.jar;C:\Users\Dyuthi\.gradle\caches\modules-2\files-2.1\org.jetbrains\annotations\13.0\919f0dfe192fb4e063e7dacadee7f8bb9a2672a9\annotations-13.0.jar
[        ] i: #1 retrying connecting to the daemon 
[        ] Options for KOTLIN DAEMON: IncrementalCompilationOptions(super=CompilationOptions(compilerMode=INCREMENTAL_COMPILER, targetPlatform=JVM, reportCategories=[0, 3], reportSeverity=2, requestedCompilationResults=[0], kotlinScriptExtensions=[]), sourceChanges=org.jetbrains.kotlin.buildtools.api.SourcesChanges$Unknown@1ea5f979, classpathChanges=NotAvailableForNonIncrementalRun, workingDir=C:\Users\Dyuthi\smartnotes\build\record_android\kotlin\compileReleaseKotlin\cacheable, multiModuleICSettings=MultiModuleICSettings(buildHistoryFile=C:\Users\Dyuthi\smartnotes\build\record_android\kotlin\compileReleaseKotlin\local-state\build-history.bin, useModuleDetection=true), icFeatures=IncrementalCompilationFeatures(usePreciseJavaTracking=true, withAbiSnapshot=false, preciseCompilationResultsBackup=true, keepIncrementalCompilationCachesInMemory=true, enableUnsafeIncrementalCompilationForMultiplatform=false, enableMonotonousIncrementalCompileSetExpansion=true), outputFiles=[C:\Users\Dyuthi\smartnotes\build\record_android\tmp\kotlin-classes\release, C:\Users\Dyuthi\smartnotes\build\record_android\kotlin\compileReleaseKotlin\cacheable, C:\Users\Dyuthi\smartnotes\build\record_android\kotlin\compileReleaseKotlin\local-state])
[  +86 ms] Resolve mutations for :flutter_plugin_android_lifecycle:prepareLintJarForPublish (Thread[#530,Execution worker Thread 14,5,main]) started.
[        ] :flutter_plugin_android_lifecycle:prepareLintJarForPublish (Thread[#530,Execution worker Thread 14,5,main]) started.
[        ] > Task :flutter_plugin_android_lifecycle:prepareLintJarForPublish UP-TO-DATE
[        ] Caching disabled for task ':flutter_plugin_android_lifecycle:prepareLintJarForPublish' because:
[        ]   Build cache is disabled
[        ]   Caching has been disabled for the task
[        ] Skipping task ':flutter_plugin_android_lifecycle:prepareLintJarForPublish' as it is up-to-date.
[        ] work action resolve lint.jar (project :flutter_plugin_android_lifecycle) (Thread[#530,Execution worker Thread 14,5,main]) started.
[        ] work action resolve lint.jar (project :flutter_plugin_android_lifecycle) (Thread[#530,Execution worker Thread 14,5,main]) started.
[        ] Resolve mutations for :camera_android:generateReleaseLintModel (Thread[#530,Execution worker Thread 14,5,main]) started.
[        ] :camera_android:generateReleaseLintModel (Thread[#530,Execution worker Thread 14,5,main]) started.
[        ] > Task :camera_android:generateReleaseLintModel
[        ] Caching disabled for task ':camera_android:generateReleaseLintModel' because:
[        ]   Build cache is disabled
[        ]   Caching has been disabled for the task
[        ] Task ':camera_android:generateReleaseLintModel' is not up-to-date because:
[        ]   Output property 'outputDirectory' file C:\Users\Dyuthi\smartnotes\build\camera_android\intermediates\lint_model\release\generateReleaseLintModel has been removed.
[        ]   Output property 'outputDirectory' file C:\Users\Dyuthi\smartnotes\build\camera_android\intermediates\lint_model\release\generateReleaseLintModel\module.xml has been removed.
[        ]   Output property 'outputDirectory' file C:\Users\Dyuthi\smartnotes\build\camera_android\intermediates\lint_model\release\generateReleaseLintModel\release-artifact-dependencies.xml has been removed.
[        ]   and more...
[        ] work action resolve generateReleaseLintModel (project :camera_android) (Thread[#530,Execution worker Thread 14,5,main]) started.
[        ] work action resolve generateReleaseLintModel (project :camera_android) (Thread[#530,Execution worker Thread 14,5,main]) started.
[        ] Resolve mutations for :camera_android:prepareLintJarForPublish (Thread[#530,Execution worker Thread 14,5,main]) started.
[        ] :camera_android:prepareLintJarForPublish (Thread[#530,Execution worker Thread 14,5,main]) started.
[        ] > Task :camera_android:prepareLintJarForPublish UP-TO-DATE
[        ] Caching disabled for task ':camera_android:prepareLintJarForPublish' because:
[        ]   Build cache is disabled
[        ]   Caching has been disabled for the task
[        ] Skipping task ':camera_android:prepareLintJarForPublish' as it is up-to-date.
[        ] work action resolve lint.jar (project :camera_android) (Thread[#530,Execution worker Thread 14,5,main]) started.
[        ] work action resolve lint.jar (project :camera_android) (Thread[#530,Execution worker Thread 14,5,main]) started.
[        ] Resolve mutations for :file_picker:createFullJarRelease (Thread[#530,Execution worker Thread 14,5,main]) started.
[        ] :file_picker:createFullJarRelease (Thread[#530,Execution worker Thread 14,5,main]) started.
[        ] > Task :file_picker:createFullJarRelease
[        ] Caching disabled for task ':file_picker:createFullJarRelease' because:
[        ]   Build cache is disabled
[        ]   Simple merging task
[        ] Task ':file_picker:createFullJarRelease' is not up-to-date because:
[        ]   No history is available.
[        ] work action resolve full.jar (project :file_picker) (Thread[#530,Execution worker Thread 14,5,main]) started.
[        ] work action resolve full.jar (project :file_picker) (Thread[#530,Execution worker Thread 14,5,main]) started.
[        ] Resolve mutations for :file_picker:extractProguardFiles (Thread[#530,Execution worker Thread 14,5,main]) started.
[        ] :file_picker:extractProguardFiles (Thread[#530,Execution worker Thread 14,5,main]) started.
[        ] > Task :file_picker:extractProguardFiles
[        ] Caching disabled for task ':file_picker:extractProguardFiles' because:
[        ]   Build cache is disabled
[        ]   Fast task
[        ] Task ':file_picker:extractProguardFiles' is not up-to-date because:
[        ]   No history is available.
[        ] Resolve mutations for :file_picker:generateReleaseLintModel (Thread[#530,Execution worker Thread 14,5,main]) started.
[        ] :file_picker:generateReleaseLintModel (Thread[#530,Execution worker Thread 14,5,main]) started.
[        ] > Task :file_picker:generateReleaseLintModel
[        ] Caching disabled for task ':file_picker:generateReleaseLintModel' because:
[        ]   Build cache is disabled
[        ]   Caching has been disabled for the task
[        ] Task ':file_picker:generateReleaseLintModel' is not up-to-date because:
[        ]   No history is available.
[        ] work action resolve generateReleaseLintModel (project :file_picker) (Thread[#530,Execution worker Thread 14,5,main]) started.
[        ] work action resolve generateReleaseLintModel (project :file_picker) (Thread[#530,Execution worker Thread 14,5,main]) started.
[        ] Resolve mutations for :file_picker:prepareLintJarForPublish (Thread[#530,Execution worker Thread 14,5,main]) started.
[        ] :file_picker:prepareLintJarForPublish (Thread[#530,Execution worker Thread 14,5,main]) started.
[        ] > Task :file_picker:prepareLintJarForPublish UP-TO-DATE
[        ] Caching disabled for task ':file_picker:prepareLintJarForPublish' because:
[        ]   Build cache is disabled
[        ]   Caching has been disabled for the task
[        ] Skipping task ':file_picker:prepareLintJarForPublish' as it is up-to-date.
[        ] work action resolve lint.jar (project :file_picker) (Thread[#530,Execution worker Thread 14,5,main]) started.
[        ] work action resolve lint.jar (project :file_picker) (Thread[#530,Execution worker Thread 14,5,main]) started.
[        ] Resolve mutations for :image_picker_android:createFullJarRelease (Thread[#530,Execution worker Thread 14,5,main]) started.
[        ] :image_picker_android:createFullJarRelease (Thread[#530,Execution worker Thread 14,5,main]) started.
[        ] > Task :image_picker_android:createFullJarRelease
[        ] Caching disabled for task ':image_picker_android:createFullJarRelease' because:
[        ]   Build cache is disabled
[        ]   Simple merging task
[        ] Task ':image_picker_android:createFullJarRelease' is not up-to-date because:
[        ]   Output property 'outputFile' file C:\Users\Dyuthi\smartnotes\build\image_picker_android\intermediates\full_jar\release\createFullJarRelease\full.jar has been removed.
[        ] work action resolve full.jar (project :image_picker_android) (Thread[#530,Execution worker Thread 14,5,main]) started.
[        ] work action resolve full.jar (project :image_picker_android) (Thread[#530,Execution worker Thread 14,5,main]) started.
[        ] Resolve mutations for :image_picker_android:extractProguardFiles (Thread[#530,Execution worker Thread 14,5,main]) started.
[        ] :image_picker_android:extractProguardFiles (Thread[#522,Execution worker Thread 6,5,main]) started.
[        ] > Task :image_picker_android:extractProguardFiles
[        ] Caching disabled for task ':image_picker_android:extractProguardFiles' because:
[        ]   Build cache is disabled
[        ]   Fast task
[        ] Task ':image_picker_android:extractProguardFiles' is not up-to-date because:
[        ]   Output property 'proguardFilesDir' file C:\Users\Dyuthi\smartnotes\build\image_picker_android\intermediates\default_proguard_files\global has been removed.
[        ]   Output property 'proguardFilesDir' file C:\Users\Dyuthi\smartnotes\build\image_picker_android\intermediates\default_proguard_files\global\proguard-android-optimize.txt-8.11.1 has been removed.
[        ]   Output property 'proguardFilesDir' file C:\Users\Dyuthi\smartnotes\build\image_picker_android\intermediates\default_proguard_files\global\proguard-android.txt-8.11.1 has been removed.
[        ]   and more...
[        ] Resolve mutations for :image_picker_android:generateReleaseLintModel (Thread[#522,Execution worker Thread 6,5,main]) started.
[        ] :image_picker_android:generateReleaseLintModel (Thread[#522,Execution worker Thread 6,5,main]) started.
[ +103 ms] > Task :image_picker_android:generateReleaseLintModel
[        ] Caching disabled for task ':image_picker_android:generateReleaseLintModel' because:
[        ]   Build cache is disabled
[        ]   Caching has been disabled for the task
[        ] Task ':image_picker_android:generateReleaseLintModel' is not up-to-date because:
[        ]   Output property 'outputDirectory' file C:\Users\Dyuthi\smartnotes\build\image_picker_android\intermediates\lint_model\release\generateReleaseLintModel has been removed.
[        ]   Output property 'outputDirectory' file C:\Users\Dyuthi\smartnotes\build\image_picker_android\intermediates\lint_model\release\generateReleaseLintModel\module.xml has been removed.
[        ]   Output property 'outputDirectory' file C:\Users\Dyuthi\smartnotes\build\image_picker_android\intermediates\lint_model\release\generateReleaseLintModel\release-artifact-dependencies.xml has been removed.
[        ]   and more...
[        ] work action resolve generateReleaseLintModel (project :image_picker_android) (Thread[#522,Execution worker Thread 6,5,main]) started.
[        ] work action resolve generateReleaseLintModel (project :image_picker_android) (Thread[#522,Execution worker Thread 6,5,main]) started.
[        ] Resolve mutations for :image_picker_android:prepareLintJarForPublish (Thread[#522,Execution worker Thread 6,5,main]) started.
[        ] :image_picker_android:prepareLintJarForPublish (Thread[#522,Execution worker Thread 6,5,main]) started.
[        ] > Task :image_picker_android:prepareLintJarForPublish UP-TO-DATE
[        ] Caching disabled for task ':image_picker_android:prepareLintJarForPublish' because:
[        ]   Build cache is disabled
[        ]   Caching has been disabled for the task
[        ] Skipping task ':image_picker_android:prepareLintJarForPublish' as it is up-to-date.
[        ] work action resolve lint.jar (project :image_picker_android) (Thread[#522,Execution worker Thread 6,5,main]) started.
[        ] work action resolve lint.jar (project :image_picker_android) (Thread[#522,Execution worker Thread 6,5,main]) started.
[        ] Resolve mutations for :jni:createFullJarRelease (Thread[#522,Execution worker Thread 6,5,main]) started.
[        ] :jni:createFullJarRelease (Thread[#522,Execution worker Thread 6,5,main]) started.
[        ] > Task :jni:createFullJarRelease
[        ] Caching disabled for task ':jni:createFullJarRelease' because:
[        ]   Build cache is disabled
[        ]   Simple merging task
[        ] Task ':jni:createFullJarRelease' is not up-to-date because:
[        ]   Output property 'outputFile' file C:\Users\Dyuthi\smartnotes\build\jni\intermediates\full_jar\release\createFullJarRelease\full.jar has been removed.
[        ] work action resolve full.jar (project :jni) (Thread[#522,Execution worker Thread 6,5,main]) started.
[        ] work action resolve full.jar (project :jni) (Thread[#522,Execution worker Thread 6,5,main]) started.
[        ] Resolve mutations for :jni:extractProguardFiles (Thread[#520,Execution worker Thread 4,5,main]) started.
[        ] :jni:extractProguardFiles (Thread[#520,Execution worker Thread 4,5,main]) started.
[        ] > Task :jni:extractProguardFiles
[        ] Caching disabled for task ':jni:extractProguardFiles' because:
[        ]   Build cache is disabled
[        ]   Fast task
[        ] Task ':jni:extractProguardFiles' is not up-to-date because:
[        ]   Output property 'proguardFilesDir' file C:\Users\Dyuthi\smartnotes\build\jni\intermediates\default_proguard_files\global has been removed.
[        ]   Output property 'proguardFilesDir' file C:\Users\Dyuthi\smartnotes\build\jni\intermediates\default_proguard_files\global\proguard-android-optimize.txt-8.11.1 has been removed.
[        ]   Output property 'proguardFilesDir' file C:\Users\Dyuthi\smartnotes\build\jni\intermediates\default_proguard_files\global\proguard-android.txt-8.11.1 has been removed.
[        ]   and more...
[        ] Resolve mutations for :jni:generateReleaseLintModel (Thread[#520,Execution worker Thread 4,5,main]) started.
[        ] :jni:generateReleaseLintModel (Thread[#520,Execution worker Thread 4,5,main]) started.
[        ] > Task :jni:generateReleaseLintModel
[        ] Caching disabled for task ':jni:generateReleaseLintModel' because:
[        ]   Build cache is disabled
[        ]   Caching has been disabled for the task
[        ] Task ':jni:generateReleaseLintModel' is not up-to-date because:
[        ]   Output property 'outputDirectory' file C:\Users\Dyuthi\smartnotes\build\jni\intermediates\lint_model\release\generateReleaseLintModel has been removed.
[        ]   Output property 'outputDirectory' file C:\Users\Dyuthi\smartnotes\build\jni\intermediates\lint_model\release\generateReleaseLintModel\module.xml has been removed.
[        ]   Output property 'outputDirectory' file C:\Users\Dyuthi\smartnotes\build\jni\intermediates\lint_model\release\generateReleaseLintModel\release-artifact-dependencies.xml has been removed.
[        ]   and more...
[        ] work action resolve generateReleaseLintModel (project :jni) (Thread[#520,Execution worker Thread 4,5,main]) started.
[        ] work action resolve generateReleaseLintModel (project :jni) (Thread[#520,Execution worker Thread 4,5,main]) started.
[        ] Resolve mutations for :jni:prepareLintJarForPublish (Thread[#520,Execution worker Thread 4,5,main]) started.
[        ] :jni:prepareLintJarForPublish (Thread[#520,Execution worker Thread 4,5,main]) started.
[        ] > Task :jni:prepareLintJarForPublish UP-TO-DATE
[        ] Caching disabled for task ':jni:prepareLintJarForPublish' because:
[        ]   Build cache is disabled
[        ]   Caching has been disabled for the task
[        ] Skipping task ':jni:prepareLintJarForPublish' as it is up-to-date.
[        ] work action resolve lint.jar (project :jni) (Thread[#520,Execution worker Thread 4,5,main]) started.
[        ] work action resolve lint.jar (project :jni) (Thread[#520,Execution worker Thread 4,5,main]) started.
[        ] Resolve mutations for :jni_flutter:createFullJarRelease (Thread[#520,Execution worker Thread 4,5,main]) started.
[        ] :jni_flutter:createFullJarRelease (Thread[#530,Execution worker Thread 14,5,main]) started.
[        ] > Task :jni_flutter:createFullJarRelease
[        ] Caching disabled for task ':jni_flutter:createFullJarRelease' because:
[        ]   Build cache is disabled
[        ]   Simple merging task
[        ] Task ':jni_flutter:createFullJarRelease' is not up-to-date because:
[        ]   Output property 'outputFile' file C:\Users\Dyuthi\smartnotes\build\jni_flutter\intermediates\full_jar\release\createFullJarRelease\full.jar has been removed.
[        ] work action resolve full.jar (project :jni_flutter) (Thread[#530,Execution worker Thread 14,5,main]) started.
[        ] > Task :app:processReleaseManifestForPackage
[        ] Custom actions are attached to task ':app:processReleaseManifestForPackage'.
[        ] Caching disabled for task ':app:processReleaseManifestForPackage' because:
[        ]   Build cache is disabled
[        ] Task ':app:processReleaseManifestForPackage' is not up-to-date because:
[        ]   Output property 'packageManifests' file C:\Users\Dyuthi\smartnotes\build\app\intermediates\packaged_manifests\release\processReleaseManifestForPackage has been removed.
[        ]   Output property 'packageManifests' file C:\Users\Dyuthi\smartnotes\build\app\intermediates\packaged_manifests\release\processReleaseManifestForPackage\AndroidManifest.xml has been removed.
[        ]   Output property 'packageManifests' file C:\Users\Dyuthi\smartnotes\build\app\intermediates\packaged_manifests\release\processReleaseManifestForPackage\output-metadata.json has been removed.
[        ] work action resolve full.jar (project :jni_flutter) (Thread[#518,Execution worker Thread 2,5,main]) started.
[        ] Resolve mutations for :app:processReleaseResources (Thread[#518,Execution worker Thread 2,5,main]) started.
[        ] :app:processReleaseResources (Thread[#518,Execution worker Thread 2,5,main]) started.
[        ] Resolve mutations for :jni_flutter:extractProguardFiles (Thread[#522,Execution worker Thread 6,5,main]) started.
[        ] :jni_flutter:extractProguardFiles (Thread[#522,Execution worker Thread 6,5,main]) started.
[        ] > Task :jni_flutter:extractProguardFiles
[        ] Caching disabled for task ':jni_flutter:extractProguardFiles' because:
[        ]   Build cache is disabled
[        ]   Fast task
[        ] Task ':jni_flutter:extractProguardFiles' is not up-to-date because:
[        ]   Output property 'proguardFilesDir' file C:\Users\Dyuthi\smartnotes\build\jni_flutter\intermediates\default_proguard_files\global has been removed.
[        ]   Output property 'proguardFilesDir' file C:\Users\Dyuthi\smartnotes\build\jni_flutter\intermediates\default_proguard_files\global\proguard-android-optimize.txt-8.11.1 has been removed.
[        ]   Output property 'proguardFilesDir' file C:\Users\Dyuthi\smartnotes\build\jni_flutter\intermediates\default_proguard_files\global\proguard-android.txt-8.11.1 has been removed.
[        ]   and more...
[        ] Resolve mutations for :jni_flutter:generateReleaseLintModel (Thread[#522,Execution worker Thread 6,5,main]) started.
[        ] :jni_flutter:generateReleaseLintModel (Thread[#522,Execution worker Thread 6,5,main]) started.
[  +91 ms] > Task :jni_flutter:generateReleaseLintModel
[        ] Caching disabled for task ':jni_flutter:generateReleaseLintModel' because:
[        ]   Build cache is disabled
[        ]   Caching has been disabled for the task
[        ] Task ':jni_flutter:generateReleaseLintModel' is not up-to-date because:
[        ]   Output property 'outputDirectory' file C:\Users\Dyuthi\smartnotes\build\jni_flutter\intermediates\lint_model\release\generateReleaseLintModel has been removed.
[        ]   Output property 'outputDirectory' file C:\Users\Dyuthi\smartnotes\build\jni_flutter\intermediates\lint_model\release\generateReleaseLintModel\module.xml has been removed.
[        ]   Output property 'outputDirectory' file C:\Users\Dyuthi\smartnotes\build\jni_flutter\intermediates\lint_model\release\generateReleaseLintModel\release-artifact-dependencies.xml has been removed.
[        ]   and more...
[        ] work action resolve generateReleaseLintModel (project :jni_flutter) (Thread[#522,Execution worker Thread 6,5,main]) started.
[        ] work action resolve generateReleaseLintModel (project :jni_flutter) (Thread[#522,Execution worker Thread 6,5,main]) started.
[        ] Resolve mutations for :jni_flutter:prepareLintJarForPublish (Thread[#529,Execution worker Thread 13,5,main]) started.
[        ] :jni_flutter:prepareLintJarForPublish (Thread[#529,Execution worker Thread 13,5,main]) started.
[        ] > Task :jni_flutter:prepareLintJarForPublish UP-TO-DATE
[        ] Caching disabled for task ':jni_flutter:prepareLintJarForPublish' because:
[        ]   Build cache is disabled
[        ]   Caching has been disabled for the task
[        ] Skipping task ':jni_flutter:prepareLintJarForPublish' as it is up-to-date.
[        ] work action resolve lint.jar (project :jni_flutter) (Thread[#529,Execution worker Thread 13,5,main]) started.
[        ] work action resolve lint.jar (project :jni_flutter) (Thread[#531,Execution worker Thread 15,5,main]) started.
[        ] Resolve mutations for :record_android:extractProguardFiles (Thread[#531,Execution worker Thread 15,5,main]) started.
[        ] :record_android:extractProguardFiles (Thread[#531,Execution worker Thread 15,5,main]) started.
[        ] > Task :record_android:extractProguardFiles
[        ] Caching disabled for task ':record_android:extractProguardFiles' because:
[        ]   Build cache is disabled
[        ]   Fast task
[        ] Task ':record_android:extractProguardFiles' is not up-to-date because:
[        ]   Output property 'proguardFilesDir' file C:\Users\Dyuthi\smartnotes\build\record_android\intermediates\default_proguard_files\global has been removed.
[        ]   Output property 'proguardFilesDir' file C:\Users\Dyuthi\smartnotes\build\record_android\intermediates\default_proguard_files\global\proguard-android-optimize.txt-8.11.1 has been removed.
[        ]   Output property 'proguardFilesDir' file C:\Users\Dyuthi\smartnotes\build\record_android\intermediates\default_proguard_files\global\proguard-android.txt-8.11.1 has been removed.
[        ]   and more...
[        ] Resolve mutations for :record_android:prepareLintJarForPublish (Thread[#531,Execution worker Thread 15,5,main]) started.
[        ] :record_android:prepareLintJarForPublish (Thread[#531,Execution worker Thread 15,5,main]) started.
[        ] > Task :record_android:prepareLintJarForPublish UP-TO-DATE
[        ] Caching disabled for task ':record_android:prepareLintJarForPublish' because:
[        ]   Build cache is disabled
[        ]   Caching has been disabled for the task
[        ] Skipping task ':record_android:prepareLintJarForPublish' as it is up-to-date.
[        ] work action resolve lint.jar (project :record_android) (Thread[#531,Execution worker Thread 15,5,main]) started.
[        ] work action resolve lint.jar (project :record_android) (Thread[#531,Execution worker Thread 15,5,main]) started.
[        ] Resolve mutations for :camera_android:stripReleaseDebugSymbols (Thread[#531,Execution worker Thread 15,5,main]) started.
[        ] :camera_android:stripReleaseDebugSymbols (Thread[#531,Execution worker Thread 15,5,main]) started.
[        ] > Task :camera_android:stripReleaseDebugSymbols NO-SOURCE
[        ] Skipping task ':camera_android:stripReleaseDebugSymbols' as it has no source files and no previous output files.
[        ] Resolve mutations for :camera_android:copyReleaseJniLibsProjectAndLocalJars (Thread[#531,Execution worker Thread 15,5,main]) started.
[        ] :camera_android:copyReleaseJniLibsProjectAndLocalJars (Thread[#531,Execution worker Thread 15,5,main]) started.
[        ] Resolve mutations for :camera_android:extractDeepLinksForAarRelease (Thread[#520,Execution worker Thread 4,5,main]) started.
[        ] :camera_android:extractDeepLinksForAarRelease (Thread[#520,Execution worker Thread 4,5,main]) started.
[        ] > Task :camera_android:copyReleaseJniLibsProjectAndLocalJars
[        ] Caching disabled for task ':camera_android:copyReleaseJniLibsProjectAndLocalJars' because:
[        ]   Build cache is disabled
[        ]   Caching has been disabled for the task
[        ] Task ':camera_android:copyReleaseJniLibsProjectAndLocalJars' is not up-to-date because:
[        ]   Output property 'outputDirectory' file C:\Users\Dyuthi\smartnotes\build\camera_android\intermediates\library_and_local_jars_jni\release\copyReleaseJniLibsProjectAndLocalJars\jni has been removed.
[        ] > Task :camera_android:extractDeepLinksForAarRelease UP-TO-DATE
[        ] Caching disabled for task ':camera_android:extractDeepLinksForAarRelease' because:
[        ]   Build cache is disabled
[        ] Skipping task ':camera_android:extractDeepLinksForAarRelease' as it is up-to-date.
[        ] Resolve mutations for :camera_android:extractReleaseAnnotations (Thread[#520,Execution worker Thread 4,5,main]) started.
[        ] :camera_android:extractReleaseAnnotations (Thread[#520,Execution worker Thread 4,5,main]) started.
[        ] > Task :camera_android:extractReleaseAnnotations
[        ] Caching disabled for task ':camera_android:extractReleaseAnnotations' because:
[        ]   Build cache is disabled
[        ] Task ':camera_android:extractReleaseAnnotations' is not up-to-date because:
[        ]   Output property 'typedefFile' file C:\Users\Dyuthi\smartnotes\build\camera_android\intermediates\annotations_typedef_file\release\extractReleaseAnnotations\typedefs.txt has been removed.
[        ] file or directory 'C:\Users\Dyuthi\AppData\Local\Pub\Cache\hosted\pub.dev\camera_android-0.10.10+16\android\src\release\java', not found
[        ] Resolve mutations for :camera_android:mergeReleaseConsumerProguardFiles (Thread[#520,Execution worker Thread 4,5,main]) started.
[        ] :camera_android:mergeReleaseConsumerProguardFiles (Thread[#520,Execution worker Thread 4,5,main]) started.
[        ] > Task :camera_android:mergeReleaseConsumerProguardFiles UP-TO-DATE
[        ] Caching disabled for task ':camera_android:mergeReleaseConsumerProguardFiles' because:
[        ]   Build cache is disabled
[        ]   Simple merging task
[        ] Skipping task ':camera_android:mergeReleaseConsumerProguardFiles' as it is up-to-date.
[        ] Resolve mutations for :camera_android:mergeReleaseJavaResource (Thread[#520,Execution worker Thread 4,5,main]) started.
[        ] :camera_android:mergeReleaseJavaResource (Thread[#520,Execution worker Thread 4,5,main]) started.
[        ] Resolve mutations for :file_picker:stripReleaseDebugSymbols (Thread[#529,Execution worker Thread 13,5,main]) started.
[        ] :file_picker:stripReleaseDebugSymbols (Thread[#529,Execution worker Thread 13,5,main]) started.
[        ] > Task :file_picker:stripReleaseDebugSymbols NO-SOURCE
[        ] Skipping task ':file_picker:stripReleaseDebugSymbols' as it has no source files and no previous output files.
[        ] Resolve mutations for :file_picker:copyReleaseJniLibsProjectAndLocalJars (Thread[#529,Execution worker Thread 13,5,main]) started.
[        ] :file_picker:copyReleaseJniLibsProjectAndLocalJars (Thread[#525,Execution worker Thread 9,5,main]) started.
[        ] Resolve mutations for :file_picker:extractDeepLinksForAarRelease (Thread[#529,Execution worker Thread 13,5,main]) started.
[        ] :file_picker:extractDeepLinksForAarRelease (Thread[#529,Execution worker Thread 13,5,main]) started.
[        ] > Task :file_picker:copyReleaseJniLibsProjectAndLocalJars
[        ] Caching disabled for task ':file_picker:copyReleaseJniLibsProjectAndLocalJars' because:
[        ]   Build cache is disabled
[        ]   Caching has been disabled for the task
[        ] Task ':file_picker:copyReleaseJniLibsProjectAndLocalJars' is not up-to-date because:
[        ]   No history is available.
[        ] > Task :file_picker:extractDeepLinksForAarRelease
[        ] Caching disabled for task ':file_picker:extractDeepLinksForAarRelease' because:
[        ]   Build cache is disabled
[        ] Task ':file_picker:extractDeepLinksForAarRelease' is not up-to-date because:
[        ]   No history is available.
[        ] Resolve mutations for :file_picker:extractReleaseAnnotations (Thread[#529,Execution worker Thread 13,5,main]) started.
[        ] :file_picker:extractReleaseAnnotations (Thread[#529,Execution worker Thread 13,5,main]) started.
[  +91 ms] > Task :file_picker:extractReleaseAnnotations
[        ] Caching disabled for task ':file_picker:extractReleaseAnnotations' because:
[        ]   Build cache is disabled
[        ] Task ':file_picker:extractReleaseAnnotations' is not up-to-date because:
[        ]   No history is available.
[        ] file or directory 'C:\Users\Dyuthi\AppData\Local\Pub\Cache\hosted\pub.dev\file_picker-8.3.7\android\src\release\java', not found
[        ] Resolve mutations for :file_picker:mergeReleaseConsumerProguardFiles (Thread[#529,Execution worker Thread 13,5,main]) started.
[        ] :file_picker:mergeReleaseConsumerProguardFiles (Thread[#529,Execution worker Thread 13,5,main]) started.
[        ] > Task :file_picker:mergeReleaseConsumerProguardFiles
[        ] Caching disabled for task ':file_picker:mergeReleaseConsumerProguardFiles' because:
[        ]   Build cache is disabled
[        ]   Simple merging task
[        ] Task ':file_picker:mergeReleaseConsumerProguardFiles' is not up-to-date because:
[        ]   No history is available.
[        ] Resolve mutations for :file_picker:mergeReleaseJavaResource (Thread[#529,Execution worker Thread 13,5,main]) started.
[        ] :file_picker:mergeReleaseJavaResource (Thread[#529,Execution worker Thread 13,5,main]) started.
[        ] Resolve mutations for :image_picker_android:stripReleaseDebugSymbols (Thread[#525,Execution worker Thread 9,5,main]) started.
[        ] :image_picker_android:stripReleaseDebugSymbols (Thread[#525,Execution worker Thread 9,5,main]) started.
[        ] > Task :image_picker_android:stripReleaseDebugSymbols NO-SOURCE
[        ] Skipping task ':image_picker_android:stripReleaseDebugSymbols' as it has no source files and no previous output files.
[        ] Resolve mutations for :image_picker_android:copyReleaseJniLibsProjectAndLocalJars (Thread[#525,Execution worker Thread 9,5,main]) started.
[        ] :image_picker_android:copyReleaseJniLibsProjectAndLocalJars (Thread[#525,Execution worker Thread 9,5,main]) started.
[        ] Resolve mutations for :image_picker_android:extractDeepLinksForAarRelease (Thread[#527,Execution worker Thread 11,5,main]) started.
[        ] :image_picker_android:extractDeepLinksForAarRelease (Thread[#527,Execution worker Thread 11,5,main]) started.
[        ] > Task :image_picker_android:copyReleaseJniLibsProjectAndLocalJars
[        ] Caching disabled for task ':image_picker_android:copyReleaseJniLibsProjectAndLocalJars' because:
[        ]   Build cache is disabled
[        ]   Caching has been disabled for the task
[        ] Task ':image_picker_android:copyReleaseJniLibsProjectAndLocalJars' is not up-to-date because:
[        ]   Output property 'outputDirectory' file C:\Users\Dyuthi\smartnotes\build\image_picker_android\intermediates\library_and_local_jars_jni\release\copyReleaseJniLibsProjectAndLocalJars\jni has been removed.
[        ] > Task :image_picker_android:extractDeepLinksForAarRelease UP-TO-DATE
[        ] Caching disabled for task ':image_picker_android:extractDeepLinksForAarRelease' because:
[        ]   Build cache is disabled
[        ] Skipping task ':image_picker_android:extractDeepLinksForAarRelease' as it is up-to-date.
[        ] Resolve mutations for :image_picker_android:extractReleaseAnnotations (Thread[#527,Execution worker Thread 11,5,main]) started.
[        ] :image_picker_android:extractReleaseAnnotations (Thread[#527,Execution worker Thread 11,5,main]) started.
[        ] > Task :file_picker:mergeReleaseJavaResource
[        ] Caching disabled for task ':file_picker:mergeReleaseJavaResource' because:
[        ]   Build cache is disabled
[        ]   Caching has been disabled for the task
[        ] Task ':file_picker:mergeReleaseJavaResource' is not up-to-date because:
[        ]   No history is available.
[        ] The input changes require a full rebuild for incremental task ':file_picker:mergeReleaseJavaResource'.
[        ] > Task :camera_android:mergeReleaseJavaResource
[        ] Caching disabled for task ':camera_android:mergeReleaseJavaResource' because:
[        ]   Build cache is disabled
[        ]   Caching has been disabled for the task
[        ] Task ':camera_android:mergeReleaseJavaResource' is not up-to-date because:
[        ]   Output property 'cacheDir' file C:\Users\Dyuthi\smartnotes\build\camera_android\intermediates\incremental\release-mergeJavaRes\zip-cache has been removed.
[        ]   Output property 'outputFile' file C:\Users\Dyuthi\smartnotes\build\camera_android\intermediates\merged_java_res\release\mergeReleaseJavaResource\feature-camera_android.jar has been removed.
[        ] The input changes require a full rebuild for incremental task ':camera_android:mergeReleaseJavaResource'.
[        ] > Task :image_picker_android:extractReleaseAnnotations
[        ] Caching disabled for task ':image_picker_android:extractReleaseAnnotations' because:
[        ]   Build cache is disabled
[        ] Task ':image_picker_android:extractReleaseAnnotations' is not up-to-date because:
[        ]   Output property 'typedefFile' file C:\Users\Dyuthi\smartnotes\build\image_picker_android\intermediates\annotations_typedef_file\release\extractReleaseAnnotations\typedefs.txt has been removed.
[        ] file or directory 'C:\Users\Dyuthi\AppData\Local\Pub\Cache\hosted\pub.dev\image_picker_android-0.8.13+16\android\src\release\java', not found
[        ] Resolve mutations for :camera_android:syncReleaseLibJars (Thread[#527,Execution worker Thread 11,5,main]) started.
[        ] :camera_android:syncReleaseLibJars (Thread[#527,Execution worker Thread 11,5,main]) started.
[        ] > Task :camera_android:syncReleaseLibJars
[        ] Caching disabled for task ':camera_android:syncReleaseLibJars' because:
[        ]   Build cache is disabled
[        ] Task ':camera_android:syncReleaseLibJars' is not up-to-date because:
[        ]   Output property 'localJarsLocation' file C:\Users\Dyuthi\smartnotes\build\camera_android\intermediates\aar_libs_directory\release\syncReleaseLibJars\libs has been removed.
[        ]   Output property 'mainClassLocation' file C:\Users\Dyuthi\smartnotes\build\camera_android\intermediates\aar_main_jar\release\syncReleaseLibJars\classes.jar has been removed.
[        ] Resolve mutations for :camera_android:bundleReleaseLocalLintAar (Thread[#527,Execution worker Thread 11,5,main]) started.
[        ] :camera_android:bundleReleaseLocalLintAar (Thread[#527,Execution worker Thread 11,5,main]) started.
[        ] > Task :camera_android:bundleReleaseLocalLintAar
[        ] Caching disabled for task ':camera_android:bundleReleaseLocalLintAar' because:
[        ]   Build cache is disabled
[        ]   Caching has been disabled for the task
[        ] Task ':camera_android:bundleReleaseLocalLintAar' is not up-to-date because:
[        ]   Output property 'archiveFile' file C:\Users\Dyuthi\smartnotes\build\camera_android\intermediates\local_aar_for_lint\release\out.aar has been removed.
[        ] file or directory 'C:\Users\Dyuthi\smartnotes\build\camera_android\intermediates\public_res\release\packageReleaseResources\public.txt', not found
[        ] file or directory 'C:\Users\Dyuthi\smartnotes\build\camera_android\intermediates\navigation_json_for_aar\release\extractDeepLinksForAarRelease\navigation.json', not found
[        ] file or directory 'C:\Users\Dyuthi\smartnotes\build\camera_android\intermediates\annotations_zip\release\extractReleaseAnnotations\annotations.zip', not found
[        ] file or directory 'C:\Users\Dyuthi\smartnotes\build\camera_android\intermediates\merged_consumer_proguard_file\release\mergeReleaseConsumerProguardFiles\proguard.txt', not found
[        ] file or directory 'C:\Users\Dyuthi\smartnotes\build\camera_android\intermediates\lint_publish_jar\global\prepareLintJarForPublish\lint.jar', not found
[        ] file or directory 'C:\Users\Dyuthi\smartnotes\build\camera_android\intermediates\library_art_profile\release\prepareReleaseArtProfile\baseline-prof.txt', not found
[        ] work action resolve out.aar (project :camera_android) (Thread[#527,Execution worker Thread 11,5,main]) started.
[        ] work action resolve out.aar (project :camera_android) (Thread[#530,Execution worker Thread 14,5,main]) started.
[        ] ExtractAarTransform (Thread[#523,Execution worker Thread 7,5,main]) started.
[        ] Resolve mutations for :file_picker:syncReleaseLibJars (Thread[#530,Execution worker Thread 14,5,main]) started.
[        ] ExtractAarTransform (Thread[#521,Execution worker Thread 5,5,main]) started.
[        ] :file_picker:syncReleaseLibJars (Thread[#524,Execution worker Thread 8,5,main]) started.
[        ] > Task :file_picker:syncReleaseLibJars
[        ] Caching disabled for task ':file_picker:syncReleaseLibJars' because:
[        ]   Build cache is disabled
[        ] Task ':file_picker:syncReleaseLibJars' is not up-to-date because:
[        ]   No history is available.
[        ] Resolve mutations for :file_picker:bundleReleaseLocalLintAar (Thread[#524,Execution worker Thread 8,5,main]) started.
[        ] :file_picker:bundleReleaseLocalLintAar (Thread[#524,Execution worker Thread 8,5,main]) started.
[        ] > Task :file_picker:bundleReleaseLocalLintAar
[        ] Caching disabled for task ':file_picker:bundleReleaseLocalLintAar' because:
[        ]   Build cache is disabled
[        ]   Caching has been disabled for the task
[        ] Task ':file_picker:bundleReleaseLocalLintAar' is not up-to-date because:
[        ]   No history is available.
[        ] file or directory 'C:\Users\Dyuthi\smartnotes\build\file_picker\intermediates\public_res\release\packageReleaseResources\public.txt', not found
[        ] file or directory 'C:\Users\Dyuthi\smartnotes\build\file_picker\intermediates\navigation_json_for_aar\release\extractDeepLinksForAarRelease\navigation.json', not found
[        ] file or directory 'C:\Users\Dyuthi\smartnotes\build\file_picker\intermediates\annotations_zip\release\extractReleaseAnnotations\annotations.zip', not found
[        ] file or directory 'C:\Users\Dyuthi\smartnotes\build\file_picker\intermediates\merged_consumer_proguard_file\release\mergeReleaseConsumerProguardFiles\proguard.txt', not found
[        ] file or directory 'C:\Users\Dyuthi\smartnotes\build\file_picker\intermediates\lint_publish_jar\global\prepareLintJarForPublish\lint.jar', not found
[        ] file or directory 'C:\Users\Dyuthi\smartnotes\build\file_picker\intermediates\library_art_profile\release\prepareReleaseArtProfile\baseline-prof.txt', not found
[        ] work action resolve out.aar (project :file_picker) (Thread[#524,Execution worker Thread 8,5,main]) started.
[        ] work action resolve out.aar (project :file_picker) (Thread[#524,Execution worker Thread 8,5,main]) started.
[        ] ExtractAarTransform (Thread[#522,Execution worker Thread 6,5,main]) started.
[        ] Resolve mutations for :image_picker_android:mergeReleaseConsumerProguardFiles (Thread[#531,Execution worker Thread 15,5,main]) started.
[        ] ExtractAarTransform (Thread[#517,Execution worker,5,main]) started.
[        ] :image_picker_android:mergeReleaseConsumerProguardFiles (Thread[#531,Execution worker Thread 15,5,main]) started.
[        ] > Task :image_picker_android:mergeReleaseConsumerProguardFiles UP-TO-DATE
[        ] Caching disabled for task ':image_picker_android:mergeReleaseConsumerProguardFiles' because:
[        ]   Build cache is disabled
[        ]   Simple merging task
[        ] Skipping task ':image_picker_android:mergeReleaseConsumerProguardFiles' as it is up-to-date.
[        ] Resolve mutations for :image_picker_android:mergeReleaseJavaResource (Thread[#531,Execution worker Thread 15,5,main]) started.
[        ] :image_picker_android:mergeReleaseJavaResource (Thread[#531,Execution worker Thread 15,5,main]) started.
[        ] Resolve mutations for :flutter_plugin_android_lifecycle:stripReleaseDebugSymbols (Thread[#524,Execution worker Thread 8,5,main]) started.
[        ] :flutter_plugin_android_lifecycle:stripReleaseDebugSymbols (Thread[#524,Execution worker Thread 8,5,main]) started.
[        ] > Task :flutter_plugin_android_lifecycle:stripReleaseDebugSymbols NO-SOURCE
[        ] Skipping task ':flutter_plugin_android_lifecycle:stripReleaseDebugSymbols' as it has no source files and no previous output files.
[        ] Resolve mutations for :flutter_plugin_android_lifecycle:copyReleaseJniLibsProjectAndLocalJars (Thread[#524,Execution worker Thread 8,5,main]) started.
[        ] :flutter_plugin_android_lifecycle:copyReleaseJniLibsProjectAndLocalJars (Thread[#524,Execution worker Thread 8,5,main]) started.
[ +103 ms] > Task :image_picker_android:mergeReleaseJavaResource
[        ] Caching disabled for task ':image_picker_android:mergeReleaseJavaResource' because:
[        ]   Build cache is disabled
[        ]   Caching has been disabled for the task
[        ] Task ':image_picker_android:mergeReleaseJavaResource' is not up-to-date because:
[        ]   Output property 'cacheDir' file C:\Users\Dyuthi\smartnotes\build\image_picker_android\intermediates\incremental\release-mergeJavaRes\zip-cache has been removed.
[        ]   Output property 'outputFile' file C:\Users\Dyuthi\smartnotes\build\image_picker_android\intermediates\merged_java_res\release\mergeReleaseJavaResource\feature-image_picker_android.jar has been removed.
[        ] The input changes require a full rebuild for incremental task ':image_picker_android:mergeReleaseJavaResource'.
[        ] Resolve mutations for :image_picker_android:syncReleaseLibJars (Thread[#531,Execution worker Thread 15,5,main]) started.
[        ] :image_picker_android:syncReleaseLibJars (Thread[#531,Execution worker Thread 15,5,main]) started.
[        ] > Task :flutter_plugin_android_lifecycle:copyReleaseJniLibsProjectAndLocalJars
[        ] Caching disabled for task ':flutter_plugin_android_lifecycle:copyReleaseJniLibsProjectAndLocalJars' because:
[        ]   Build cache is disabled
[        ]   Caching has been disabled for the task
[        ] Task ':flutter_plugin_android_lifecycle:copyReleaseJniLibsProjectAndLocalJars' is not up-to-date because:
[        ]   Output property 'outputDirectory' file C:\Users\Dyuthi\smartnotes\build\flutter_plugin_android_lifecycle\intermediates\library_and_local_jars_jni\release\copyReleaseJniLibsProjectAndLocalJars\jni has been removed.
[        ] > Task :image_picker_android:syncReleaseLibJars
[        ] Caching disabled for task ':image_picker_android:syncReleaseLibJars' because:
[        ]   Build cache is disabled
[        ] Task ':image_picker_android:syncReleaseLibJars' is not up-to-date because:
[        ]   Output property 'localJarsLocation' file C:\Users\Dyuthi\smartnotes\build\image_picker_android\intermediates\aar_libs_directory\release\syncReleaseLibJars\libs has been removed.
[        ]   Output property 'mainClassLocation' file C:\Users\Dyuthi\smartnotes\build\image_picker_android\intermediates\aar_main_jar\release\syncReleaseLibJars\classes.jar has been removed.
[        ] Resolve mutations for :image_picker_android:bundleReleaseLocalLintAar (Thread[#531,Execution worker Thread 15,5,main]) started.
[        ] :image_picker_android:bundleReleaseLocalLintAar (Thread[#531,Execution worker Thread 15,5,main]) started.
[        ] > Task :app:processReleaseResources
[        ] Caching disabled for task ':app:processReleaseResources' because:
[        ]   Build cache is disabled
[        ] Task ':app:processReleaseResources' is not up-to-date because:
[        ]   Output property 'RClassOutputJar' file C:\Users\Dyuthi\smartnotes\build\app\intermediates\compile_and_runtime_not_namespaced_r_class_jar\release\processReleaseResources\R.jar has been removed.
[        ]   Output property 'linkedResourcesOutputDir' file C:\Users\Dyuthi\smartnotes\build\app\intermediates\linked_resources_proto_format\release\processReleaseResources has been removed.
[        ]   Output property 'linkedResourcesOutputDir' file C:\Users\Dyuthi\smartnotes\build\app\intermediates\linked_resources_proto_format\release\processReleaseResources\linked-resources-proto-format-release.ap_ has been removed.
[        ]   and more...
[        ] The input changes require a full rebuild for incremental task ':app:processReleaseResources'.
[        ] Aapt output file C:\Users\Dyuthi\smartnotes\build\app\intermediates\linked_resources_proto_format\release\processReleaseResources\linked-resources-proto-format-release.ap_
[        ] > Transform out.aar (project :file_picker) with ExtractAarTransform
[        ] Caching disabled for ExtractAarTransform: C:\Users\Dyuthi\smartnotes\build\file_picker\intermediates\local_aar_for_lint\release\out.aar because:
[        ]   Build cache is disabled
[        ]   Caching not enabled.
[        ] > Task :image_picker_android:bundleReleaseLocalLintAar
[        ] Caching disabled for task ':image_picker_android:bundleReleaseLocalLintAar' because:
[        ]   Build cache is disabled
[        ]   Caching has been disabled for the task
[        ] Task ':image_picker_android:bundleReleaseLocalLintAar' is not up-to-date because:
[        ]   Output property 'archiveFile' file C:\Users\Dyuthi\smartnotes\build\image_picker_android\intermediates\local_aar_for_lint\release\out.aar has been removed.
[        ] file or directory 'C:\Users\Dyuthi\smartnotes\build\image_picker_android\intermediates\public_res\release\packageReleaseResources\public.txt', not found
[        ] file or directory 'C:\Users\Dyuthi\smartnotes\build\image_picker_android\intermediates\navigation_json_for_aar\release\extractDeepLinksForAarRelease\navigation.json', not found
[        ] file or directory 'C:\Users\Dyuthi\smartnotes\build\image_picker_android\intermediates\annotations_zip\release\extractReleaseAnnotations\annotations.zip', not found
[        ] file or directory 'C:\Users\Dyuthi\smartnotes\build\image_picker_android\intermediates\merged_consumer_proguard_file\release\mergeReleaseConsumerProguardFiles\proguard.txt', not found
[        ] file or directory 'C:\Users\Dyuthi\smartnotes\build\image_picker_android\intermediates\lint_publish_jar\global\prepareLintJarForPublish\lint.jar', not found
[        ] file or directory 'C:\Users\Dyuthi\smartnotes\build\image_picker_android\intermediates\library_art_profile\release\prepareReleaseArtProfile\baseline-prof.txt', not found
[        ] work action resolve out.aar (project :image_picker_android) (Thread[#531,Execution worker Thread 15,5,main]) started.
[        ] work action resolve out.aar (project :image_picker_android) (Thread[#524,Execution worker Thread 8,5,main]) started.
[        ] ExtractAarTransform (Thread[#530,Execution worker Thread 14,5,main]) started.
[        ] Resolve mutations for :flutter_plugin_android_lifecycle:extractDeepLinksForAarRelease (Thread[#524,Execution worker Thread 8,5,main]) started.
[        ] ExtractAarTransform (Thread[#526,Execution worker Thread 10,5,main]) started.
[        ] :flutter_plugin_android_lifecycle:extractDeepLinksForAarRelease (Thread[#524,Execution worker Thread 8,5,main]) started.
[        ] > Task :flutter_plugin_android_lifecycle:extractDeepLinksForAarRelease UP-TO-DATE
[        ] Caching disabled for task ':flutter_plugin_android_lifecycle:extractDeepLinksForAarRelease' because:
[        ]   Build cache is disabled
[        ] Skipping task ':flutter_plugin_android_lifecycle:extractDeepLinksForAarRelease' as it is up-to-date.
[        ] Resolve mutations for :flutter_plugin_android_lifecycle:extractReleaseAnnotations (Thread[#524,Execution worker Thread 8,5,main]) started.
[        ] :flutter_plugin_android_lifecycle:extractReleaseAnnotations (Thread[#524,Execution worker Thread 8,5,main]) started.
[        ] > Task :flutter_plugin_android_lifecycle:extractReleaseAnnotations
[        ] Caching disabled for task ':flutter_plugin_android_lifecycle:extractReleaseAnnotations' because:
[        ]   Build cache is disabled
[        ] Task ':flutter_plugin_android_lifecycle:extractReleaseAnnotations' is not up-to-date because:
[        ]   Output property 'typedefFile' file C:\Users\Dyuthi\smartnotes\build\flutter_plugin_android_lifecycle\intermediates\annotations_typedef_file\release\extractReleaseAnnotations\typedefs.txt has been removed.
[        ] file or directory 'C:\Users\Dyuthi\AppData\Local\Pub\Cache\hosted\pub.dev\flutter_plugin_android_lifecycle-2.0.34\android\src\release\java', not found
[        ] Resolve mutations for :flutter_plugin_android_lifecycle:mergeReleaseConsumerProguardFiles (Thread[#524,Execution worker Thread 8,5,main]) started.
[        ] :flutter_plugin_android_lifecycle:mergeReleaseConsumerProguardFiles (Thread[#524,Execution worker Thread 8,5,main]) started.
[        ] > Task :flutter_plugin_android_lifecycle:mergeReleaseConsumerProguardFiles
[        ] Caching disabled for task ':flutter_plugin_android_lifecycle:mergeReleaseConsumerProguardFiles' because:
[        ]   Build cache is disabled
[        ]   Simple merging task
[        ] Task ':flutter_plugin_android_lifecycle:mergeReleaseConsumerProguardFiles' is not up-to-date because:
[        ]   Output property 'outputFile' file C:\Users\Dyuthi\smartnotes\build\flutter_plugin_android_lifecycle\intermediates\merged_consumer_proguard_file\release\mergeReleaseConsumerProguardFiles\proguard.txt has been removed.
[        ] Resolve mutations for :flutter_plugin_android_lifecycle:mergeReleaseJavaResource (Thread[#524,Execution worker Thread 8,5,main]) started.
[        ] :flutter_plugin_android_lifecycle:mergeReleaseJavaResource (Thread[#524,Execution worker Thread 8,5,main]) started.
[        ] Resolve mutations for :jni_flutter:stripReleaseDebugSymbols (Thread[#531,Execution worker Thread 15,5,main]) started.
[        ] :jni_flutter:stripReleaseDebugSymbols (Thread[#531,Execution worker Thread 15,5,main]) started.
[        ] > Task :jni_flutter:stripReleaseDebugSymbols NO-SOURCE
[        ] Skipping task ':jni_flutter:stripReleaseDebugSymbols' as it has no source files and no previous output files.
[        ] Resolve mutations for :jni_flutter:copyReleaseJniLibsProjectAndLocalJars (Thread[#531,Execution worker Thread 15,5,main]) started.
[        ] :jni_flutter:copyReleaseJniLibsProjectAndLocalJars (Thread[#531,Execution worker Thread 15,5,main]) started.
[        ] > Task :flutter_plugin_android_lifecycle:mergeReleaseJavaResource
[        ] Caching disabled for task ':flutter_plugin_android_lifecycle:mergeReleaseJavaResource' because:
[        ]   Build cache is disabled
[        ]   Caching has been disabled for the task
[        ] Task ':flutter_plugin_android_lifecycle:mergeReleaseJavaResource' is not up-to-date because:
[        ]   Output property 'cacheDir' file C:\Users\Dyuthi\smartnotes\build\flutter_plugin_android_lifecycle\intermediates\incremental\release-mergeJavaRes\zip-cache has been removed.
[        ]   Output property 'outputFile' file C:\Users\Dyuthi\smartnotes\build\flutter_plugin_android_lifecycle\intermediates\merged_java_res\release\mergeReleaseJavaResource\feature-flutter_plugin_android_lifecycle.jar has been removed.
[        ] The input changes require a full rebuild for incremental task ':flutter_plugin_android_lifecycle:mergeReleaseJavaResource'.
[        ] Resolve mutations for :jni_flutter:extractDeepLinksForAarRelease (Thread[#517,Execution worker,5,main]) started.
[        ] Resolve mutations for :flutter_plugin_android_lifecycle:syncReleaseLibJars (Thread[#518,Execution worker Thread 2,5,main]) started.
[        ] :flutter_plugin_android_lifecycle:syncReleaseLibJars (Thread[#518,Execution worker Thread 2,5,main]) started.
[        ] > Task :jni_flutter:copyReleaseJniLibsProjectAndLocalJars
[        ] Caching disabled for task ':jni_flutter:copyReleaseJniLibsProjectAndLocalJars' because:
[        ]   Build cache is disabled
[        ]   Caching has been disabled for the task
[        ] Task ':jni_flutter:copyReleaseJniLibsProjectAndLocalJars' is not up-to-date because:
[        ]   Output property 'outputDirectory' file C:\Users\Dyuthi\smartnotes\build\jni_flutter\intermediates\library_and_local_jars_jni\release\copyReleaseJniLibsProjectAndLocalJars\jni has been removed.
[        ] > Task :flutter_plugin_android_lifecycle:syncReleaseLibJars
[        ] Caching disabled for task ':flutter_plugin_android_lifecycle:syncReleaseLibJars' because:
[        ]   Build cache is disabled
[        ] Task ':flutter_plugin_android_lifecycle:syncReleaseLibJars' is not up-to-date because:
[        ]   Output property 'localJarsLocation' file C:\Users\Dyuthi\smartnotes\build\flutter_plugin_android_lifecycle\intermediates\aar_libs_directory\release\syncReleaseLibJars\libs has been removed.
[        ]   Output property 'mainClassLocation' file C:\Users\Dyuthi\smartnotes\build\flutter_plugin_android_lifecycle\intermediates\aar_main_jar\release\syncReleaseLibJars\classes.jar has been removed.
[        ] Resolve mutations for :flutter_plugin_android_lifecycle:bundleReleaseLocalLintAar (Thread[#518,Execution worker Thread 2,5,main]) started.
[        ] :flutter_plugin_android_lifecycle:bundleReleaseLocalLintAar (Thread[#518,Execution worker Thread 2,5,main]) started.
[        ] > Task :flutter_plugin_android_lifecycle:bundleReleaseLocalLintAar
[        ] Caching disabled for task ':flutter_plugin_android_lifecycle:bundleReleaseLocalLintAar' because:
[        ]   Build cache is disabled
[        ]   Caching has been disabled for the task
[        ] Task ':flutter_plugin_android_lifecycle:bundleReleaseLocalLintAar' is not up-to-date because:
[        ]   Output property 'archiveFile' file C:\Users\Dyuthi\smartnotes\build\flutter_plugin_android_lifecycle\intermediates\local_aar_for_lint\release\out.aar has been removed.
[        ] file or directory 'C:\Users\Dyuthi\smartnotes\build\flutter_plugin_android_lifecycle\intermediates\public_res\release\packageReleaseResources\public.txt', not found
[        ] file or directory 'C:\Users\Dyuthi\smartnotes\build\flutter_plugin_android_lifecycle\intermediates\navigation_json_for_aar\release\extractDeepLinksForAarRelease\navigation.json', not found
[        ] file or directory 'C:\Users\Dyuthi\smartnotes\build\flutter_plugin_android_lifecycle\intermediates\annotations_zip\release\extractReleaseAnnotations\annotations.zip', not found
[        ] file or directory 'C:\Users\Dyuthi\smartnotes\build\flutter_plugin_android_lifecycle\intermediates\lint_publish_jar\global\prepareLintJarForPublish\lint.jar', not found
[        ] file or directory 'C:\Users\Dyuthi\smartnotes\build\flutter_plugin_android_lifecycle\intermediates\library_art_profile\release\prepareReleaseArtProfile\baseline-prof.txt', not found
[        ] work action resolve out.aar (project :flutter_plugin_android_lifecycle) (Thread[#518,Execution worker Thread 2,5,main]) started.
[        ] work action resolve out.aar (project :flutter_plugin_android_lifecycle) (Thread[#518,Execution worker Thread 2,5,main]) started.
[        ] ExtractAarTransform (Thread[#529,Execution worker Thread 13,5,main]) started.
[        ] ExtractAarTransform (Thread[#520,Execution worker Thread 4,5,main]) started.
[        ] ExtractAarTransform (Thread[#519,Execution worker Thread 3,5,main]) started.
[        ] ExtractAarTransform (Thread[#525,Execution worker Thread 9,5,main]) started.
[        ] :jni_flutter:extractDeepLinksForAarRelease (Thread[#518,Execution worker Thread 2,5,main]) started.
[        ] ExtractAarTransform (Thread[#516,included builds,5,main]) started.
[        ] ExtractAarTransform (Thread[#522,Execution worker Thread 6,5,main]) started.
[        ] ExtractAarTransform (Thread[#517,Execution worker,5,main]) started.
[        ] ExtractAarTransform (Thread[#531,Execution worker Thread 15,5,main]) started.
[        ] > Task :jni_flutter:extractDeepLinksForAarRelease UP-TO-DATE
[        ] Caching disabled for task ':jni_flutter:extractDeepLinksForAarRelease' because:
[        ]   Build cache is disabled
[        ] Skipping task ':jni_flutter:extractDeepLinksForAarRelease' as it is up-to-date.
[        ] Resolve mutations for :jni_flutter:extractReleaseAnnotations (Thread[#518,Execution worker Thread 2,5,main]) started.
[        ] :jni_flutter:extractReleaseAnnotations (Thread[#518,Execution worker Thread 2,5,main]) started.
[        ] > Task :jni_flutter:extractReleaseAnnotations
[        ] Caching disabled for task ':jni_flutter:extractReleaseAnnotations' because:
[        ]   Build cache is disabled
[        ] Task ':jni_flutter:extractReleaseAnnotations' is not up-to-date because:
[        ]   Output property 'typedefFile' file C:\Users\Dyuthi\smartnotes\build\jni_flutter\intermediates\annotations_typedef_file\release\extractReleaseAnnotations\typedefs.txt has been removed.
[        ] file or directory 'C:\Users\Dyuthi\AppData\Local\Pub\Cache\hosted\pub.dev\jni_flutter-1.0.1\android\src\release\java', not found
[        ] Resolve mutations for :jni_flutter:mergeReleaseConsumerProguardFiles (Thread[#518,Execution worker Thread 2,5,main]) started.
[        ] :jni_flutter:mergeReleaseConsumerProguardFiles (Thread[#518,Execution worker Thread 2,5,main]) started.
[        ] > Task :jni_flutter:mergeReleaseConsumerProguardFiles
[        ] Caching disabled for task ':jni_flutter:mergeReleaseConsumerProguardFiles' because:
[        ]   Build cache is disabled
[        ]   Simple merging task
[        ] Task ':jni_flutter:mergeReleaseConsumerProguardFiles' is not up-to-date because:
[        ]   Output property 'outputFile' file C:\Users\Dyuthi\smartnotes\build\jni_flutter\intermediates\merged_consumer_proguard_file\release\mergeReleaseConsumerProguardFiles\proguard.txt has been removed.
[        ] Resolve mutations for :jni_flutter:mergeReleaseJavaResource (Thread[#518,Execution worker Thread 2,5,main]) started.
[        ] :jni_flutter:mergeReleaseJavaResource (Thread[#518,Execution worker Thread 2,5,main]) started.
[  +84 ms] Resolve mutations for :jni:stripReleaseDebugSymbols (Thread[#527,Execution worker Thread 11,5,main]) started.
[        ] :jni:stripReleaseDebugSymbols (Thread[#527,Execution worker Thread 11,5,main]) started.
[        ] > Task :jni_flutter:mergeReleaseJavaResource
[        ] Caching disabled for task ':jni_flutter:mergeReleaseJavaResource' because:
[        ]   Build cache is disabled
[        ]   Caching has been disabled for the task
[        ] Task ':jni_flutter:mergeReleaseJavaResource' is not up-to-date because:
[        ]   Output property 'cacheDir' file C:\Users\Dyuthi\smartnotes\build\jni_flutter\intermediates\incremental\release-mergeJavaRes\zip-cache has been removed.
[        ]   Output property 'outputFile' file C:\Users\Dyuthi\smartnotes\build\jni_flutter\intermediates\merged_java_res\release\mergeReleaseJavaResource\feature-jni_flutter.jar has been removed.
[        ] The input changes require a full rebuild for incremental task ':jni_flutter:mergeReleaseJavaResource'.
[        ] Resolve mutations for :jni_flutter:syncReleaseLibJars (Thread[#525,Execution worker Thread 9,5,main]) started.
[        ] :jni_flutter:syncReleaseLibJars (Thread[#525,Execution worker Thread 9,5,main]) started.
[        ] > Task :jni_flutter:syncReleaseLibJars
[        ] Caching disabled for task ':jni_flutter:syncReleaseLibJars' because:
[        ]   Build cache is disabled
[        ] Task ':jni_flutter:syncReleaseLibJars' is not up-to-date because:
[        ]   Output property 'localJarsLocation' file C:\Users\Dyuthi\smartnotes\build\jni_flutter\intermediates\aar_libs_directory\release\syncReleaseLibJars\libs has been removed.
[        ]   Output property 'mainClassLocation' file C:\Users\Dyuthi\smartnotes\build\jni_flutter\intermediates\aar_main_jar\release\syncReleaseLibJars\classes.jar has been removed.
[        ] Resolve mutations for :jni_flutter:bundleReleaseLocalLintAar (Thread[#525,Execution worker Thread 9,5,main]) started.
[        ] :jni_flutter:bundleReleaseLocalLintAar (Thread[#525,Execution worker Thread 9,5,main]) started.
[        ] > Task :jni_flutter:bundleReleaseLocalLintAar
[        ] Caching disabled for task ':jni_flutter:bundleReleaseLocalLintAar' because:
[        ]   Build cache is disabled
[        ]   Caching has been disabled for the task
[        ] Task ':jni_flutter:bundleReleaseLocalLintAar' is not up-to-date because:
[        ]   Output property 'archiveFile' file C:\Users\Dyuthi\smartnotes\build\jni_flutter\intermediates\local_aar_for_lint\release\out.aar has been removed.
[        ] file or directory 'C:\Users\Dyuthi\smartnotes\build\jni_flutter\intermediates\public_res\release\packageReleaseResources\public.txt', not found
[        ] file or directory 'C:\Users\Dyuthi\smartnotes\build\jni_flutter\intermediates\navigation_json_for_aar\release\extractDeepLinksForAarRelease\navigation.json', not found
[        ] file or directory 'C:\Users\Dyuthi\smartnotes\build\jni_flutter\intermediates\annotations_zip\release\extractReleaseAnnotations\annotations.zip', not found
[        ] file or directory 'C:\Users\Dyuthi\smartnotes\build\jni_flutter\intermediates\lint_publish_jar\global\prepareLintJarForPublish\lint.jar', not found
[        ] file or directory 'C:\Users\Dyuthi\smartnotes\build\jni_flutter\intermediates\library_art_profile\release\prepareReleaseArtProfile\baseline-prof.txt', not found
[        ] work action resolve out.aar (project :jni_flutter) (Thread[#525,Execution worker Thread 9,5,main]) started.
[        ] ExtractAarTransform (Thread[#530,Execution worker Thread 14,5,main]) started.
[        ] work action resolve out.aar (project :jni_flutter) (Thread[#525,Execution worker Thread 9,5,main]) started.
[        ] Resolve mutations for :jni:extractDeepLinksForAarRelease (Thread[#525,Execution worker Thread 9,5,main]) started.
[        ] ExtractAarTransform (Thread[#517,Execution worker,5,main]) started.
[        ] :jni:extractDeepLinksForAarRelease (Thread[#525,Execution worker Thread 9,5,main]) started.
[        ] > Task :jni:extractDeepLinksForAarRelease UP-TO-DATE
[        ] Caching disabled for task ':jni:extractDeepLinksForAarRelease' because:
[        ]   Build cache is disabled
[        ] Skipping task ':jni:extractDeepLinksForAarRelease' as it is up-to-date.
[        ] Resolve mutations for :jni:extractReleaseAnnotations (Thread[#525,Execution worker Thread 9,5,main]) started.
[        ] :jni:extractReleaseAnnotations (Thread[#525,Execution worker Thread 9,5,main]) started.
[ +106 ms] > Task :jni:extractReleaseAnnotations
[        ] Caching disabled for task ':jni:extractReleaseAnnotations' because:
[        ]   Build cache is disabled
[        ] Task ':jni:extractReleaseAnnotations' is not up-to-date because:
[        ]   Output property 'typedefFile' file C:\Users\Dyuthi\smartnotes\build\jni\intermediates\annotations_typedef_file\release\extractReleaseAnnotations\typedefs.txt has been removed.
[        ] file or directory 'C:\Users\Dyuthi\AppData\Local\Pub\Cache\hosted\pub.dev\jni-1.0.0\android\src\release\java', not found
[        ] Resolve mutations for :jni:mergeReleaseConsumerProguardFiles (Thread[#525,Execution worker Thread 9,5,main]) started.
[        ] :jni:mergeReleaseConsumerProguardFiles (Thread[#525,Execution worker Thread 9,5,main]) started.
[        ] > Task :jni:mergeReleaseConsumerProguardFiles
[        ] Caching disabled for task ':jni:mergeReleaseConsumerProguardFiles' because:
[        ]   Build cache is disabled
[        ]   Simple merging task
[        ] Task ':jni:mergeReleaseConsumerProguardFiles' is not up-to-date because:
[        ]   Output property 'outputFile' file C:\Users\Dyuthi\smartnotes\build\jni\intermediates\merged_consumer_proguard_file\release\mergeReleaseConsumerProguardFiles\proguard.txt has been removed.
[        ] Resolve mutations for :jni:mergeReleaseJavaResource (Thread[#525,Execution worker Thread 9,5,main]) started.
[        ] :jni:mergeReleaseJavaResource (Thread[#525,Execution worker Thread 9,5,main]) started.
[        ] Resolve mutations for :record_android:stripReleaseDebugSymbols (Thread[#516,included builds,5,main]) started.
[        ] :record_android:stripReleaseDebugSymbols (Thread[#516,included builds,5,main]) started.
[        ] > Task :record_android:stripReleaseDebugSymbols NO-SOURCE
[        ] Skipping task ':record_android:stripReleaseDebugSymbols' as it has no source files and no previous output files.
[        ] Resolve mutations for :record_android:copyReleaseJniLibsProjectAndLocalJars (Thread[#516,included builds,5,main]) started.
[        ] :record_android:copyReleaseJniLibsProjectAndLocalJars (Thread[#516,included builds,5,main]) started.
[        ] > Task :jni:mergeReleaseJavaResource
[        ] Caching disabled for task ':jni:mergeReleaseJavaResource' because:
[        ]   Build cache is disabled
[        ]   Caching has been disabled for the task
[        ] Task ':jni:mergeReleaseJavaResource' is not up-to-date because:
[        ]   Output property 'cacheDir' file C:\Users\Dyuthi\smartnotes\build\jni\intermediates\incremental\release-mergeJavaRes\zip-cache has been removed.
[        ]   Output property 'outputFile' file C:\Users\Dyuthi\smartnotes\build\jni\intermediates\merged_java_res\release\mergeReleaseJavaResource\feature-jni.jar has been removed.
[        ] The input changes require a full rebuild for incremental task ':jni:mergeReleaseJavaResource'.
[        ] Resolve mutations for :jni:syncReleaseLibJars (Thread[#525,Execution worker Thread 9,5,main]) started.
[        ] :jni:syncReleaseLibJars (Thread[#525,Execution worker Thread 9,5,main]) started.
[        ] > Task :record_android:copyReleaseJniLibsProjectAndLocalJars
[        ] Caching disabled for task ':record_android:copyReleaseJniLibsProjectAndLocalJars' because:
[        ]   Build cache is disabled
[        ]   Caching has been disabled for the task
[        ] Task ':record_android:copyReleaseJniLibsProjectAndLocalJars' is not up-to-date because:
[        ]   Output property 'outputDirectory' file C:\Users\Dyuthi\smartnotes\build\record_android\intermediates\library_and_local_jars_jni\release\copyReleaseJniLibsProjectAndLocalJars\jni has been removed.
[        ] > Task :jni:syncReleaseLibJars
[        ] Caching disabled for task ':jni:syncReleaseLibJars' because:
[        ]   Build cache is disabled
[        ] Task ':jni:syncReleaseLibJars' is not up-to-date because:
[        ]   Output property 'localJarsLocation' file C:\Users\Dyuthi\smartnotes\build\jni\intermediates\aar_libs_directory\release\syncReleaseLibJars\libs has been removed.
[        ]   Output property 'mainClassLocation' file C:\Users\Dyuthi\smartnotes\build\jni\intermediates\aar_main_jar\release\syncReleaseLibJars\classes.jar has been removed.
[        ] Resolve mutations for :record_android:extractDeepLinksForAarRelease (Thread[#525,Execution worker Thread 9,5,main]) started.
[        ] :record_android:extractDeepLinksForAarRelease (Thread[#525,Execution worker Thread 9,5,main]) started.
[        ] > Task :record_android:extractDeepLinksForAarRelease UP-TO-DATE
[        ] Caching disabled for task ':record_android:extractDeepLinksForAarRelease' because:
[        ]   Build cache is disabled
[        ] Skipping task ':record_android:extractDeepLinksForAarRelease' as it is up-to-date.
[        ] Resolve mutations for :flutter_plugin_android_lifecycle:writeReleaseLintModelMetadata (Thread[#525,Execution worker Thread 9,5,main]) started.
[        ] :flutter_plugin_android_lifecycle:writeReleaseLintModelMetadata (Thread[#525,Execution worker Thread 9,5,main]) started.
[        ] > Task :flutter_plugin_android_lifecycle:writeReleaseLintModelMetadata
[        ] Caching disabled for task ':flutter_plugin_android_lifecycle:writeReleaseLintModelMetadata' because:
[        ]   Build cache is disabled
[        ]   Caching has been disabled for the task
[        ] Task ':flutter_plugin_android_lifecycle:writeReleaseLintModelMetadata' is not up-to-date because:
[        ]   Output property 'outputFile' file C:\Users\Dyuthi\smartnotes\build\flutter_plugin_android_lifecycle\intermediates\lint_model_metadata\release\writeReleaseLintModelMetadata\lint-model-metadata.properties has been removed.
[        ] work action resolve lint-model-metadata.properties (project :flutter_plugin_android_lifecycle) (Thread[#525,Execution worker Thread 9,5,main]) started.
[        ] work action resolve lint-model-metadata.properties (project :flutter_plugin_android_lifecycle) (Thread[#525,Execution worker Thread 9,5,main]) started.
[        ] Resolve mutations for :camera_android:lintVitalAnalyzeRelease (Thread[#525,Execution worker Thread 9,5,main]) started.
[        ] :camera_android:lintVitalAnalyzeRelease (Thread[#525,Execution worker Thread 9,5,main]) started.
[        ] > Task :jni:stripReleaseDebugSymbols
[        ] Caching disabled for task ':jni:stripReleaseDebugSymbols' because:
[        ]   Build cache is disabled
[        ]   Caching has been disabled for the task
[        ] Task ':jni:stripReleaseDebugSymbols' is not up-to-date because:
[        ]   Output property 'outputDir' file C:\Users\Dyuthi\smartnotes\build\jni\intermediates\stripped_native_libs\release\stripReleaseDebugSymbols\out has been removed.
[        ]   Output property 'outputDir' file C:\Users\Dyuthi\smartnotes\build\jni\intermediates\stripped_native_libs\release\stripReleaseDebugSymbols\out\lib has been removed.
[        ]   Output property 'outputDir' file C:\Users\Dyuthi\smartnotes\build\jni\intermediates\stripped_native_libs\release\stripReleaseDebugSymbols\out\lib\arm64-v8a has been removed.
[        ]   and more...
[        ] The input changes require a full rebuild for incremental task ':jni:stripReleaseDebugSymbols'.
[        ] C/C++: android.ndkVersion from module build.gradle is [28.2.13676358]
[        ] C/C++: android.ndkPath from module build.gradle is not set
[        ] C/C++: ndk.dir in local.properties is not set
[        ] C/C++: Not considering ANDROID_NDK_HOME because support was removed after deprecation period.
[        ] C/C++: sdkFolder is C:\Users\Dyuthi\AppData\Local\Android\sdk
[        ] C/C++: android.ndkVersion from module build.gradle is [28.2.13676358]
[        ] C/C++: android.ndkPath from module build.gradle is not set
[        ] C/C++: ndk.dir in local.properties is not set
[        ] C/C++: Not considering ANDROID_NDK_HOME because support was removed after deprecation period.
[        ] C/C++: sdkFolder is C:\Users\Dyuthi\AppData\Local\Android\sdk
[        ] Starting process 'command 'C:\Users\Dyuthi\AppData\Local\Android\sdk\ndk\28.2.13676358\toolchains\llvm\prebuilt\windows-x86_64\bin\llvm-strip''. Working directory: C:\Users\Dyuthi\AppData\Local\Pub\Cache\hosted\pub.dev\jni-1.0.0\android Command: C:\Users\Dyuthi\AppData\Local\Android\sdk\ndk\28.2.13676358\toolchains\llvm\prebuilt\windows-x86_64\bin\llvm-strip --strip-unneeded -o C:\Users\Dyuthi\smartnotes\build\jni\intermediates\stripped_native_libs\release\stripReleaseDebugSymbols\out\lib\x86\libdartjni.so C:\Users\Dyuthi\smartnotes\build\jni\intermediates\merged_native_libs\release\mergeReleaseNativeLibs\out\lib\x86\libdartjni.so
[        ] Starting process 'command 'C:\Users\Dyuthi\AppData\Local\Android\sdk\ndk\28.2.13676358\toolchains\llvm\prebuilt\windows-x86_64\bin\llvm-strip''. Working directory: C:\Users\Dyuthi\AppData\Local\Pub\Cache\hosted\pub.dev\jni-1.0.0\android Command: C:\Users\Dyuthi\AppData\Local\Android\sdk\ndk\28.2.13676358\toolchains\llvm\prebuilt\windows-x86_64\bin\llvm-strip --strip-unneeded -o C:\Users\Dyuthi\smartnotes\build\jni\intermediates\stripped_native_libs\release\stripReleaseDebugSymbols\out\lib\arm64-v8a\libdartjni.so C:\Users\Dyuthi\smartnotes\build\jni\intermediates\merged_native_libs\release\mergeReleaseNativeLibs\out\lib\arm64-v8a\libdartjni.so
[        ] C/C++: android.ndkVersion from module build.gradle is [28.2.13676358]
[        ] C/C++: android.ndkPath from module build.gradle is not set
[        ] C/C++: ndk.dir in local.properties is not set
[        ] C/C++: Not considering ANDROID_NDK_HOME because support was removed after deprecation period.
[        ] C/C++: sdkFolder is C:\Users\Dyuthi\AppData\Local\Android\sdk
[        ] C/C++: android.ndkVersion from module build.gradle is [28.2.13676358]
[        ] C/C++: android.ndkPath from module build.gradle is not set
[        ] C/C++: ndk.dir in local.properties is not set
[        ] C/C++: Not considering ANDROID_NDK_HOME because support was removed after deprecation period.
[        ] C/C++: sdkFolder is C:\Users\Dyuthi\AppData\Local\Android\sdk
[        ] Starting process 'command 'C:\Users\Dyuthi\AppData\Local\Android\sdk\ndk\28.2.13676358\toolchains\llvm\prebuilt\windows-x86_64\bin\llvm-strip''. Working directory: C:\Users\Dyuthi\AppData\Local\Pub\Cache\hosted\pub.dev\jni-1.0.0\android Command: C:\Users\Dyuthi\AppData\Local\Android\sdk\ndk\28.2.13676358\toolchains\llvm\prebuilt\windows-x86_64\bin\llvm-strip --strip-unneeded -o C:\Users\Dyuthi\smartnotes\build\jni\intermediates\stripped_native_libs\release\stripReleaseDebugSymbols\out\lib\x86_64\libdartjni.so C:\Users\Dyuthi\smartnotes\build\jni\intermediates\merged_native_libs\release\mergeReleaseNativeLibs\out\lib\x86_64\libdartjni.so
[        ] Starting process 'command 'C:\Users\Dyuthi\AppData\Local\Android\sdk\ndk\28.2.13676358\toolchains\llvm\prebuilt\windows-x86_64\bin\llvm-strip''. Working directory: C:\Users\Dyuthi\AppData\Local\Pub\Cache\hosted\pub.dev\jni-1.0.0\android Command: C:\Users\Dyuthi\AppData\Local\Android\sdk\ndk\28.2.13676358\toolchains\llvm\prebuilt\windows-x86_64\bin\llvm-strip --strip-unneeded -o C:\Users\Dyuthi\smartnotes\build\jni\intermediates\stripped_native_libs\release\stripReleaseDebugSymbols\out\lib\armeabi-v7a\libdartjni.so C:\Users\Dyuthi\smartnotes\build\jni\intermediates\merged_native_libs\release\mergeReleaseNativeLibs\out\lib\armeabi-v7a\libdartjni.so
[        ] Successfully started process 'command 'C:\Users\Dyuthi\AppData\Local\Android\sdk\ndk\28.2.13676358\toolchains\llvm\prebuilt\windows-x86_64\bin\llvm-strip''
[        ] Successfully started process 'command 'C:\Users\Dyuthi\AppData\Local\Android\sdk\ndk\28.2.13676358\toolchains\llvm\prebuilt\windows-x86_64\bin\llvm-strip''
[        ] Successfully started process 'command 'C:\Users\Dyuthi\AppData\Local\Android\sdk\ndk\28.2.13676358\toolchains\llvm\prebuilt\windows-x86_64\bin\llvm-strip''
[        ] Successfully started process 'command 'C:\Users\Dyuthi\AppData\Local\Android\sdk\ndk\28.2.13676358\toolchains\llvm\prebuilt\windows-x86_64\bin\llvm-strip''
[        ] Resolve mutations for :jni:copyReleaseJniLibsProjectAndLocalJars (Thread[#521,Execution worker Thread 5,5,main]) started.
[        ] :jni:copyReleaseJniLibsProjectAndLocalJars (Thread[#521,Execution worker Thread 5,5,main]) started.
[        ] Resolve mutations for :camera_android:writeReleaseLintModelMetadata (Thread[#527,Execution worker Thread 11,5,main]) started.
[        ] :camera_android:writeReleaseLintModelMetadata (Thread[#527,Execution worker Thread 11,5,main]) started.
[        ] > Task :camera_android:writeReleaseLintModelMetadata
[        ] Caching disabled for task ':camera_android:writeReleaseLintModelMetadata' because:
[        ]   Build cache is disabled
[        ]   Caching has been disabled for the task
[        ] Task ':camera_android:writeReleaseLintModelMetadata' is not up-to-date because:
[        ]   Output property 'outputFile' file C:\Users\Dyuthi\smartnotes\build\camera_android\intermediates\lint_model_metadata\release\writeReleaseLintModelMetadata\lint-model-metadata.properties has been removed.
[        ] work action resolve lint-model-metadata.properties (project :camera_android) (Thread[#527,Execution worker Thread 11,5,main]) started.
[        ] work action resolve lint-model-metadata.properties (project :camera_android) (Thread[#527,Execution worker Thread 11,5,main]) started.
[        ] Resolve mutations for :file_picker:lintVitalAnalyzeRelease (Thread[#530,Execution worker Thread 14,5,main]) started.
[        ] :file_picker:lintVitalAnalyzeRelease (Thread[#530,Execution worker Thread 14,5,main]) started.
[        ] Resolve mutations for :file_picker:writeReleaseLintModelMetadata (Thread[#527,Execution worker Thread 11,5,main]) started.
[        ] :file_picker:writeReleaseLintModelMetadata (Thread[#527,Execution worker Thread 11,5,main]) started.
[        ] > Task :file_picker:writeReleaseLintModelMetadata
[        ] Caching disabled for task ':file_picker:writeReleaseLintModelMetadata' because:
[        ]   Build cache is disabled
[        ]   Caching has been disabled for the task
[        ] Task ':file_picker:writeReleaseLintModelMetadata' is not up-to-date because:
[        ]   No history is available.
[        ] work action resolve lint-model-metadata.properties (project :file_picker) (Thread[#527,Execution worker Thread 11,5,main]) started.
[        ] work action resolve lint-model-metadata.properties (project :file_picker) (Thread[#523,Execution worker Thread 7,5,main]) started.
[        ] Resolve mutations for :flutter_plugin_android_lifecycle:lintVitalAnalyzeRelease (Thread[#523,Execution worker Thread 7,5,main]) started.
[        ] > Task :jni:copyReleaseJniLibsProjectAndLocalJars
[        ] Caching disabled for task ':jni:copyReleaseJniLibsProjectAndLocalJars' because:
[        ]   Build cache is disabled
[        ]   Caching has been disabled for the task
[        ] Task ':jni:copyReleaseJniLibsProjectAndLocalJars' is not up-to-date because:
[        ]   Output property 'outputDirectory' file C:\Users\Dyuthi\smartnotes\build\jni\intermediates\library_and_local_jars_jni\release\copyReleaseJniLibsProjectAndLocalJars\jni has been removed.
[        ]   Output property 'outputDirectory' file C:\Users\Dyuthi\smartnotes\build\jni\intermediates\library_and_local_jars_jni\release\copyReleaseJniLibsProjectAndLocalJars\jni\arm64-v8a has been removed.
[        ]   Output property 'outputDirectory' file C:\Users\Dyuthi\smartnotes\build\jni\intermediates\library_and_local_jars_jni\release\copyReleaseJniLibsProjectAndLocalJars\jni\arm64-v8a\libdartjni.so has been removed.
[        ]   and more...
[        ] Resolve mutations for :jni:bundleReleaseLocalLintAar (Thread[#523,Execution worker Thread 7,5,main]) started.
[        ] :jni:bundleReleaseLocalLintAar (Thread[#523,Execution worker Thread 7,5,main]) started.
[  +86 ms] > Task :jni:bundleReleaseLocalLintAar
[        ] Caching disabled for task ':jni:bundleReleaseLocalLintAar' because:
[        ]   Build cache is disabled
[        ]   Caching has been disabled for the task
[        ] Task ':jni:bundleReleaseLocalLintAar' is not up-to-date because:
[        ]   Output property 'archiveFile' file C:\Users\Dyuthi\smartnotes\build\jni\intermediates\local_aar_for_lint\release\out.aar has been removed.
[        ] file or directory 'C:\Users\Dyuthi\smartnotes\build\jni\intermediates\public_res\release\packageReleaseResources\public.txt', not found
[        ] file or directory 'C:\Users\Dyuthi\smartnotes\build\jni\intermediates\navigation_json_for_aar\release\extractDeepLinksForAarRelease\navigation.json', not found
[        ] file or directory 'C:\Users\Dyuthi\smartnotes\build\jni\intermediates\annotations_zip\release\extractReleaseAnnotations\annotations.zip', not found
[        ] file or directory 'C:\Users\Dyuthi\smartnotes\build\jni\intermediates\lint_publish_jar\global\prepareLintJarForPublish\lint.jar', not found
[        ] file or directory 'C:\Users\Dyuthi\smartnotes\build\jni\intermediates\library_art_profile\release\prepareReleaseArtProfile\baseline-prof.txt', not found
[        ] work action resolve out.aar (project :jni) (Thread[#523,Execution worker Thread 7,5,main]) started.
[        ] work action resolve out.aar (project :jni) (Thread[#523,Execution worker Thread 7,5,main]) started.
[        ] ExtractAarTransform (Thread[#529,Execution worker Thread 13,5,main]) started.
[        ] ExtractAarTransform (Thread[#524,Execution worker Thread 8,5,main]) started.
[        ] ExtractAarTransform (Thread[#523,Execution worker Thread 7,5,main]) started.
[        ] :flutter_plugin_android_lifecycle:lintVitalAnalyzeRelease (Thread[#526,Execution worker Thread 10,5,main]) started.
[        ] ExtractAarTransform (Thread[#520,Execution worker Thread 4,5,main]) started.
[        ] Resolve mutations for :image_picker_android:lintVitalAnalyzeRelease (Thread[#519,Execution worker Thread 3,5,main]) started.
[        ] :image_picker_android:lintVitalAnalyzeRelease (Thread[#519,Execution worker Thread 3,5,main]) started.
[        ] Resolve mutations for :image_picker_android:writeReleaseLintModelMetadata (Thread[#522,Execution worker Thread 6,5,main]) started.
[        ] :image_picker_android:writeReleaseLintModelMetadata (Thread[#522,Execution worker Thread 6,5,main]) started.
[        ] > Task :image_picker_android:writeReleaseLintModelMetadata
[        ] Caching disabled for task ':image_picker_android:writeReleaseLintModelMetadata' because:
[        ]   Build cache is disabled
[        ]   Caching has been disabled for the task
[        ] Task ':image_picker_android:writeReleaseLintModelMetadata' is not up-to-date because:
[        ]   Output property 'outputFile' file C:\Users\Dyuthi\smartnotes\build\image_picker_android\intermediates\lint_model_metadata\release\writeReleaseLintModelMetadata\lint-model-metadata.properties has been removed.
[        ] work action resolve lint-model-metadata.properties (project :image_picker_android) (Thread[#522,Execution worker Thread 6,5,main]) started.
[        ] work action resolve lint-model-metadata.properties (project :image_picker_android) (Thread[#522,Execution worker Thread 6,5,main]) started.
[        ] Resolve mutations for :jni:lintVitalAnalyzeRelease (Thread[#522,Execution worker Thread 6,5,main]) started.
[        ] :jni:lintVitalAnalyzeRelease (Thread[#522,Execution worker Thread 6,5,main]) started.
[        ] Resolve mutations for :jni:writeReleaseLintModelMetadata (Thread[#520,Execution worker Thread 4,5,main]) started.
[        ] :jni:writeReleaseLintModelMetadata (Thread[#520,Execution worker Thread 4,5,main]) started.
[        ] > Task :jni:writeReleaseLintModelMetadata
[        ] Caching disabled for task ':jni:writeReleaseLintModelMetadata' because:
[        ]   Build cache is disabled
[        ]   Caching has been disabled for the task
[        ] Task ':jni:writeReleaseLintModelMetadata' is not up-to-date because:
[        ]   Output property 'outputFile' file C:\Users\Dyuthi\smartnotes\build\jni\intermediates\lint_model_metadata\release\writeReleaseLintModelMetadata\lint-model-metadata.properties has been removed.
[        ] work action resolve lint-model-metadata.properties (project :jni) (Thread[#520,Execution worker Thread 4,5,main]) started.
[        ] work action resolve lint-model-metadata.properties (project :jni) (Thread[#520,Execution worker Thread 4,5,main]) started.
[        ] Resolve mutations for :jni_flutter:lintVitalAnalyzeRelease (Thread[#523,Execution worker Thread 7,5,main]) started.
[        ] :jni_flutter:lintVitalAnalyzeRelease (Thread[#523,Execution worker Thread 7,5,main]) started.
[        ] Resolve mutations for :jni_flutter:writeReleaseLintModelMetadata (Thread[#520,Execution worker Thread 4,5,main]) started.
[        ] :jni_flutter:writeReleaseLintModelMetadata (Thread[#520,Execution worker Thread 4,5,main]) started.
[        ] > Task :jni_flutter:writeReleaseLintModelMetadata
[        ] Caching disabled for task ':jni_flutter:writeReleaseLintModelMetadata' because:
[        ]   Build cache is disabled
[        ]   Caching has been disabled for the task
[        ] Task ':jni_flutter:writeReleaseLintModelMetadata' is not up-to-date because:
[        ]   Output property 'outputFile' file C:\Users\Dyuthi\smartnotes\build\jni_flutter\intermediates\lint_model_metadata\release\writeReleaseLintModelMetadata\lint-model-metadata.properties has been removed.
[        ] work action resolve lint-model-metadata.properties (project :jni_flutter) (Thread[#520,Execution worker Thread 4,5,main]) started.
[        ] work action resolve lint-model-metadata.properties (project :jni_flutter) (Thread[#516,included builds,5,main]) started.
[        ] Resolve mutations for :record_android:writeReleaseLintModelMetadata (Thread[#516,included builds,5,main]) started.
[        ] :record_android:writeReleaseLintModelMetadata (Thread[#516,included builds,5,main]) started.
[        ] > Task :record_android:writeReleaseLintModelMetadata
[        ] Caching disabled for task ':record_android:writeReleaseLintModelMetadata' because:
[        ]   Build cache is disabled
[        ]   Caching has been disabled for the task
[        ] Task ':record_android:writeReleaseLintModelMetadata' is not up-to-date because:
[        ]   Output property 'outputFile' file C:\Users\Dyuthi\smartnotes\build\record_android\intermediates\lint_model_metadata\release\writeReleaseLintModelMetadata\lint-model-metadata.properties has been removed.
[        ] work action resolve lint-model-metadata.properties (project :record_android) (Thread[#516,included builds,5,main]) started.
[        ] work action resolve lint-model-metadata.properties (project :record_android) (Thread[#527,Execution worker Thread 11,5,main]) started.
[        ] Resolve mutations for :camera_android:generateReleaseLintVitalModel (Thread[#527,Execution worker Thread 11,5,main]) started.
[        ] :camera_android:generateReleaseLintVitalModel (Thread[#527,Execution worker Thread 11,5,main]) started.
[  +90 ms] > Task :camera_android:generateReleaseLintVitalModel
[        ] Caching disabled for task ':camera_android:generateReleaseLintVitalModel' because:
[        ]   Build cache is disabled
[        ]   Caching has been disabled for the task
[        ] Task ':camera_android:generateReleaseLintVitalModel' is not up-to-date because:
[        ]   Output property 'outputDirectory' file C:\Users\Dyuthi\smartnotes\build\camera_android\intermediates\lint_vital_lint_model\release\generateReleaseLintVitalModel has been removed.
[        ]   Output property 'outputDirectory' file C:\Users\Dyuthi\smartnotes\build\camera_android\intermediates\lint_vital_lint_model\release\generateReleaseLintVitalModel\module.xml has been removed.
[        ]   Output property 'outputDirectory' file C:\Users\Dyuthi\smartnotes\build\camera_android\intermediates\lint_vital_lint_model\release\generateReleaseLintVitalModel\release-artifact-dependencies.xml has been removed.
[        ]   and more...
[        ] work action resolve generateReleaseLintVitalModel (project :camera_android) (Thread[#527,Execution worker Thread 11,5,main]) started.
[        ] work action resolve generateReleaseLintVitalModel (project :camera_android) (Thread[#527,Execution worker Thread 11,5,main]) started.
[        ] Resolve mutations for :file_picker:generateReleaseLintVitalModel (Thread[#527,Execution worker Thread 11,5,main]) started.
[        ] :file_picker:generateReleaseLintVitalModel (Thread[#527,Execution worker Thread 11,5,main]) started.
[        ] > Task :file_picker:generateReleaseLintVitalModel
[        ] Caching disabled for task ':file_picker:generateReleaseLintVitalModel' because:
[        ]   Build cache is disabled
[        ]   Caching has been disabled for the task
[        ] Task ':file_picker:generateReleaseLintVitalModel' is not up-to-date because:
[        ]   No history is available.
[        ] work action resolve generateReleaseLintVitalModel (project :file_picker) (Thread[#527,Execution worker Thread 11,5,main]) started.
[        ] work action resolve generateReleaseLintVitalModel (project :file_picker) (Thread[#527,Execution worker Thread 11,5,main]) started.
[        ] Resolve mutations for :flutter_plugin_android_lifecycle:generateReleaseLintVitalModel (Thread[#527,Execution worker Thread 11,5,main]) started.
[        ] :flutter_plugin_android_lifecycle:generateReleaseLintVitalModel (Thread[#527,Execution worker Thread 11,5,main]) started.
[        ] > Task :flutter_plugin_android_lifecycle:generateReleaseLintVitalModel
[        ] Caching disabled for task ':flutter_plugin_android_lifecycle:generateReleaseLintVitalModel' because:
[        ]   Build cache is disabled
[        ]   Caching has been disabled for the task
[        ] Task ':flutter_plugin_android_lifecycle:generateReleaseLintVitalModel' is not up-to-date because:
[        ]   Output property 'outputDirectory' file C:\Users\Dyuthi\smartnotes\build\flutter_plugin_android_lifecycle\intermediates\lint_vital_lint_model\release\generateReleaseLintVitalModel has been removed.
[        ]   Output property 'outputDirectory' file C:\Users\Dyuthi\smartnotes\build\flutter_plugin_android_lifecycle\intermediates\lint_vital_lint_model\release\generateReleaseLintVitalModel\module.xml has been removed.
[        ]   Output property 'outputDirectory' file C:\Users\Dyuthi\smartnotes\build\flutter_plugin_android_lifecycle\intermediates\lint_vital_lint_model\release\generateReleaseLintVitalModel\release-artifact-dependencies.xml has been removed.
[        ]   and more...
[        ] work action resolve generateReleaseLintVitalModel (project :flutter_plugin_android_lifecycle) (Thread[#527,Execution worker Thread 11,5,main]) started.
[        ] work action resolve generateReleaseLintVitalModel (project :flutter_plugin_android_lifecycle) (Thread[#529,Execution worker Thread 13,5,main]) started.
[        ] Resolve mutations for :image_picker_android:generateReleaseLintVitalModel (Thread[#529,Execution worker Thread 13,5,main]) started.
[        ] :image_picker_android:generateReleaseLintVitalModel (Thread[#529,Execution worker Thread 13,5,main]) started.
[        ] > Task :image_picker_android:generateReleaseLintVitalModel
[        ] Caching disabled for task ':image_picker_android:generateReleaseLintVitalModel' because:
[        ]   Build cache is disabled
[        ]   Caching has been disabled for the task
[        ] Task ':image_picker_android:generateReleaseLintVitalModel' is not up-to-date because:
[        ]   Output property 'outputDirectory' file C:\Users\Dyuthi\smartnotes\build\image_picker_android\intermediates\lint_vital_lint_model\release\generateReleaseLintVitalModel has been removed.
[        ]   Output property 'outputDirectory' file C:\Users\Dyuthi\smartnotes\build\image_picker_android\intermediates\lint_vital_lint_model\release\generateReleaseLintVitalModel\module.xml has been removed.
[        ]   Output property 'outputDirectory' file C:\Users\Dyuthi\smartnotes\build\image_picker_android\intermediates\lint_vital_lint_model\release\generateReleaseLintVitalModel\release-artifact-dependencies.xml has been removed.
[        ]   and more...
[        ] work action resolve generateReleaseLintVitalModel (project :image_picker_android) (Thread[#529,Execution worker Thread 13,5,main]) started.
[        ] work action resolve generateReleaseLintVitalModel (project :image_picker_android) (Thread[#529,Execution worker Thread 13,5,main]) started.
[        ] Resolve mutations for :jni:generateReleaseLintVitalModel (Thread[#531,Execution worker Thread 15,5,main]) started.
[        ] :jni:generateReleaseLintVitalModel (Thread[#531,Execution worker Thread 15,5,main]) started.
[        ] > Task :jni:generateReleaseLintVitalModel
[        ] Caching disabled for task ':jni:generateReleaseLintVitalModel' because:
[        ]   Build cache is disabled
[        ]   Caching has been disabled for the task
[        ] Task ':jni:generateReleaseLintVitalModel' is not up-to-date because:
[        ]   Output property 'outputDirectory' file C:\Users\Dyuthi\smartnotes\build\jni\intermediates\lint_vital_lint_model\release\generateReleaseLintVitalModel has been removed.
[        ]   Output property 'outputDirectory' file C:\Users\Dyuthi\smartnotes\build\jni\intermediates\lint_vital_lint_model\release\generateReleaseLintVitalModel\module.xml has been removed.
[        ]   Output property 'outputDirectory' file C:\Users\Dyuthi\smartnotes\build\jni\intermediates\lint_vital_lint_model\release\generateReleaseLintVitalModel\release-artifact-dependencies.xml has been removed.
[        ]   and more...
[        ] work action resolve generateReleaseLintVitalModel (project :jni) (Thread[#531,Execution worker Thread 15,5,main]) started.
[        ] work action resolve generateReleaseLintVitalModel (project :jni) (Thread[#531,Execution worker Thread 15,5,main]) started.
[        ] Resolve mutations for :jni_flutter:generateReleaseLintVitalModel (Thread[#531,Execution worker Thread 15,5,main]) started.
[        ] :jni_flutter:generateReleaseLintVitalModel (Thread[#531,Execution worker Thread 15,5,main]) started.
[        ] > Task :jni_flutter:generateReleaseLintVitalModel
[        ] Caching disabled for task ':jni_flutter:generateReleaseLintVitalModel' because:
[        ]   Build cache is disabled
[        ]   Caching has been disabled for the task
[        ] Task ':jni_flutter:generateReleaseLintVitalModel' is not up-to-date because:
[        ]   Output property 'outputDirectory' file C:\Users\Dyuthi\smartnotes\build\jni_flutter\intermediates\lint_vital_lint_model\release\generateReleaseLintVitalModel has been removed.
[        ]   Output property 'outputDirectory' file C:\Users\Dyuthi\smartnotes\build\jni_flutter\intermediates\lint_vital_lint_model\release\generateReleaseLintVitalModel\module.xml has been removed.
[        ]   Output property 'outputDirectory' file C:\Users\Dyuthi\smartnotes\build\jni_flutter\intermediates\lint_vital_lint_model\release\generateReleaseLintVitalModel\release-artifact-dependencies.xml has been removed.
[        ]   and more...
[        ] work action resolve generateReleaseLintVitalModel (project :jni_flutter) (Thread[#531,Execution worker Thread 15,5,main]) started.
[        ] work action resolve generateReleaseLintVitalModel (project :jni_flutter) (Thread[#531,Execution worker Thread 15,5,main]) started.
[        ] Resolve mutations for :app:collectReleaseDependencies (Thread[#531,Execution worker Thread 15,5,main]) started.
[        ] :app:collectReleaseDependencies (Thread[#531,Execution worker Thread 15,5,main]) started.
[ +309 ms] > Task :app:collectReleaseDependencies
[        ] Caching disabled for task ':app:collectReleaseDependencies' because:
[        ]   Build cache is disabled
[        ]   Caching has been disabled for the task
[        ] Task ':app:collectReleaseDependencies' is not up-to-date because:
[        ]   Input property 'projectRepositories.$10' has been removed for task ':app:collectReleaseDependencies'
[        ]   Input property 'projectRepositories.$10.name' has been removed for task ':app:collectReleaseDependencies'
[        ]   Input property 'projectRepositories.$10.url' has been removed for task ':app:collectReleaseDependencies'
[        ]   and more...
[        ] Resolve mutations for :app:sdkReleaseDependencyData (Thread[#531,Execution worker Thread 15,5,main]) started.
[        ] :app:sdkReleaseDependencyData (Thread[#531,Execution worker Thread 15,5,main]) started.
[        ] > Task :app:sdkReleaseDependencyData
[        ] Caching disabled for task ':app:sdkReleaseDependencyData' because:
[        ]   Build cache is disabled
[        ]   Caching has been disabled for the task
[        ] Task ':app:sdkReleaseDependencyData' is not up-to-date because:
[        ]   Output property 'sdkDependencyData' file C:\Users\Dyuthi\smartnotes\build\app\intermediates\sdk_dependency_data\release\sdkReleaseDependencyData\sdkDependencyData.pb has been removed.
[        ]   Output property 'sdkDependencyDataPublic' file C:\Users\Dyuthi\smartnotes\build\app\outputs\sdk-dependencies\release\sdkDependencies.txt has been removed.
[        ] Resolve mutations for :app:validateSigningRelease (Thread[#531,Execution worker Thread 15,5,main]) started.
[        ] :app:validateSigningRelease (Thread[#531,Execution worker Thread 15,5,main]) started.
[        ] > Task :app:validateSigningRelease
[        ] Caching disabled for task ':app:validateSigningRelease' because:
[        ]   Build cache is disabled
[        ]   Caching has been disabled for the task
[        ] Task ':app:validateSigningRelease' is not up-to-date because:
[        ]   Output property 'dummyOutputDirectory' file C:\Users\Dyuthi\smartnotes\build\app\intermediates\validate_signing_config\release\validateSigningRelease has been removed.
[        ] Resolve mutations for :app:writeReleaseAppMetadata (Thread[#531,Execution worker Thread 15,5,main]) started.
[        ] :app:writeReleaseAppMetadata (Thread[#531,Execution worker Thread 15,5,main]) started.
[        ] > Task :app:writeReleaseAppMetadata
[        ] Caching disabled for task ':app:writeReleaseAppMetadata' because:
[        ]   Build cache is disabled
[        ]   Caching has been disabled for the task
[        ] Task ':app:writeReleaseAppMetadata' is not up-to-date because:
[        ]   Output property 'outputFile' file C:\Users\Dyuthi\smartnotes\build\app\intermediates\app_metadata\release\writeReleaseAppMetadata\app-metadata.properties has been removed.
[        ] Resolve mutations for :app:writeReleaseSigningConfigVersions (Thread[#531,Execution worker Thread 15,5,main]) started.
[        ] :app:writeReleaseSigningConfigVersions (Thread[#531,Execution worker Thread 15,5,main]) started.
[  +91 ms] > Task :app:writeReleaseSigningConfigVersions
[        ] Caching disabled for task ':app:writeReleaseSigningConfigVersions' because:
[        ]   Build cache is disabled
[        ]   Caching has been disabled for the task
[        ] Task ':app:writeReleaseSigningConfigVersions' is not up-to-date because:
[        ]   Output property 'outputFile' file C:\Users\Dyuthi\smartnotes\build\app\intermediates\signing_config_versions\release\writeReleaseSigningConfigVersions\signing-config-versions.json has been removed.
[        ] Resolve mutations for :camera_android:bundleReleaseAar (Thread[#531,Execution worker Thread 15,5,main]) started.
[        ] :camera_android:bundleReleaseAar (Thread[#531,Execution worker Thread 15,5,main]) started.
[        ] > Task :camera_android:bundleReleaseAar
[        ] Caching disabled for task ':camera_android:bundleReleaseAar' because:
[        ]   Build cache is disabled
[        ]   Caching has been disabled for the task
[        ] Task ':camera_android:bundleReleaseAar' is not up-to-date because:
[        ]   Output property 'archiveFile' file C:\Users\Dyuthi\smartnotes\build\camera_android\outputs\aar\camera_android-release.aar has been removed.
[        ] file or directory 'C:\Users\Dyuthi\smartnotes\build\camera_android\intermediates\public_res\release\packageReleaseResources\public.txt', not found
[        ] file or directory 'C:\Users\Dyuthi\smartnotes\build\camera_android\intermediates\navigation_json_for_aar\release\extractDeepLinksForAarRelease\navigation.json', not found
[        ] file or directory 'C:\Users\Dyuthi\smartnotes\build\camera_android\intermediates\annotations_zip\release\extractReleaseAnnotations\annotations.zip', not found
[        ] file or directory 'C:\Users\Dyuthi\smartnotes\build\camera_android\intermediates\merged_consumer_proguard_file\release\mergeReleaseConsumerProguardFiles\proguard.txt', not found
[        ] file or directory 'C:\Users\Dyuthi\smartnotes\build\camera_android\intermediates\lint_publish_jar\global\prepareLintJarForPublish\lint.jar', not found
[        ] file or directory 'C:\Users\Dyuthi\smartnotes\build\camera_android\intermediates\library_art_profile\release\prepareReleaseArtProfile\baseline-prof.txt', not found
[        ] Resolve mutations for :camera_android:mapReleaseSourceSetPaths (Thread[#531,Execution worker Thread 15,5,main]) started.
[        ] :camera_android:mapReleaseSourceSetPaths (Thread[#531,Execution worker Thread 15,5,main]) started.
[        ] > Task :camera_android:mapReleaseSourceSetPaths
[        ] Caching disabled for task ':camera_android:mapReleaseSourceSetPaths' because:
[        ]   Build cache is disabled
[        ]   Caching has been disabled for the task
[        ] Task ':camera_android:mapReleaseSourceSetPaths' is not up-to-date because:
[        ]   Output property 'filepathMappingFile' file C:\Users\Dyuthi\smartnotes\build\camera_android\intermediates\source_set_path_map\release\mapReleaseSourceSetPaths\file-map.txt has been removed.
[        ] Resolve mutations for :camera_android:mergeReleaseResources (Thread[#531,Execution worker Thread 15,5,main]) started.
[        ] :camera_android:mergeReleaseResources (Thread[#531,Execution worker Thread 15,5,main]) started.
[+1300 ms] > Task :camera_android:mergeReleaseResources
[        ] Caching disabled for task ':camera_android:mergeReleaseResources' because:
[        ]   Build cache is disabled
[        ] Task ':camera_android:mergeReleaseResources' is not up-to-date because:
[        ]   Output property 'blameLogOutputFolder' file C:\Users\Dyuthi\smartnotes\build\camera_android\intermediates\merged_res_blame_folder\release\mergeReleaseResources\out has been removed.
[        ]   Output property 'blameLogOutputFolder' file C:\Users\Dyuthi\smartnotes\build\camera_android\intermediates\merged_res_blame_folder\release\mergeReleaseResources\out\multi-v2 has been removed.
[        ]   Output property 'blameLogOutputFolder' file C:\Users\Dyuthi\smartnotes\build\camera_android\intermediates\merged_res_blame_folder\release\mergeReleaseResources\out\multi-v2\values-af.json has been removed.
[        ]   and more...
[        ] The input changes require a full rebuild for incremental task ':camera_android:mergeReleaseResources'.
[        ] [MergeResources] Inputs are non-incremental full task action.
[        ] Resolve mutations for :flutter_plugin_android_lifecycle:compileReleaseLibraryResources (Thread[#531,Execution worker Thread 15,5,main]) started.
[        ] :flutter_plugin_android_lifecycle:compileReleaseLibraryResources (Thread[#531,Execution worker Thread 15,5,main]) started.
[        ] Resolve mutations for :file_picker:bundleReleaseAar (Thread[#520,Execution worker Thread 4,5,main]) started.
[        ] :file_picker:bundleReleaseAar (Thread[#520,Execution worker Thread 4,5,main]) started.
[        ] > Task :flutter_plugin_android_lifecycle:compileReleaseLibraryResources
[        ] Caching disabled for task ':flutter_plugin_android_lifecycle:compileReleaseLibraryResources' because:
[        ]   Build cache is disabled
[        ] Task ':flutter_plugin_android_lifecycle:compileReleaseLibraryResources' is not up-to-date because:
[        ]   Output property 'outputDir' file C:\Users\Dyuthi\smartnotes\build\flutter_plugin_android_lifecycle\intermediates\compiled_local_resources\release\compileReleaseLibraryResources\out has been removed.
[        ] The input changes require a full rebuild for incremental task ':flutter_plugin_android_lifecycle:compileReleaseLibraryResources'.
[        ] > Task :file_picker:bundleReleaseAar
[        ] Caching disabled for task ':file_picker:bundleReleaseAar' because:
[        ]   Build cache is disabled
[        ]   Caching has been disabled for the task
[        ] Task ':file_picker:bundleReleaseAar' is not up-to-date because:
[        ]   No history is available.
[        ] file or directory 'C:\Users\Dyuthi\smartnotes\build\file_picker\intermediates\public_res\release\packageReleaseResources\public.txt', not found
[        ] file or directory 'C:\Users\Dyuthi\smartnotes\build\file_picker\intermediates\navigation_json_for_aar\release\extractDeepLinksForAarRelease\navigation.json', not found
[        ] file or directory 'C:\Users\Dyuthi\smartnotes\build\file_picker\intermediates\annotations_zip\release\extractReleaseAnnotations\annotations.zip', not found
[        ] file or directory 'C:\Users\Dyuthi\smartnotes\build\file_picker\intermediates\merged_consumer_proguard_file\release\mergeReleaseConsumerProguardFiles\proguard.txt', not found
[        ] file or directory 'C:\Users\Dyuthi\smartnotes\build\file_picker\intermediates\lint_publish_jar\global\prepareLintJarForPublish\lint.jar', not found
[        ] file or directory 'C:\Users\Dyuthi\smartnotes\build\file_picker\intermediates\library_art_profile\release\prepareReleaseArtProfile\baseline-prof.txt', not found
[        ] work action resolve out (project :flutter_plugin_android_lifecycle) (Thread[#520,Execution worker Thread 4,5,main]) started.
[        ] Resolve mutations for :camera_android:verifyReleaseResources (Thread[#520,Execution worker Thread 4,5,main]) started.
[        ] :camera_android:verifyReleaseResources (Thread[#520,Execution worker Thread 4,5,main]) started.
[        ] Resolve mutations for :file_picker:mapReleaseSourceSetPaths (Thread[#517,Execution worker,5,main]) started.
[        ] :file_picker:mapReleaseSourceSetPaths (Thread[#517,Execution worker,5,main]) started.
[  +91 ms] > Task :file_picker:mapReleaseSourceSetPaths
[        ] Caching disabled for task ':file_picker:mapReleaseSourceSetPaths' because:
[        ]   Build cache is disabled
[        ]   Caching has been disabled for the task
[        ] Task ':file_picker:mapReleaseSourceSetPaths' is not up-to-date because:
[        ]   No history is available.
[        ] Resolve mutations for :file_picker:mergeReleaseResources (Thread[#517,Execution worker,5,main]) started.
[        ] :file_picker:mergeReleaseResources (Thread[#517,Execution worker,5,main]) started.
[        ] > Task :camera_android:lintVitalAnalyzeRelease
[        ] Caching disabled for task ':camera_android:lintVitalAnalyzeRelease' because:
[        ]   Build cache is disabled
[        ] Task ':camera_android:lintVitalAnalyzeRelease' is not up-to-date because:
[        ]   Value of input property 'printStackTrace' has changed for task ':camera_android:lintVitalAnalyzeRelease'
[        ] Android Lint: Creating lint class loader 31.11.1_false
[ +907 ms] > Task :camera_android:verifyReleaseResources
[        ] Caching disabled for task ':camera_android:verifyReleaseResources' because:
[        ]   Build cache is disabled
[        ] Task ':camera_android:verifyReleaseResources' is not up-to-date because:
[        ]   Output property 'compiledDirectory' file C:\Users\Dyuthi\smartnotes\build\camera_android\intermediates\verified_library_resources\release\verifyReleaseResources has been removed.
[        ]   Output property 'compiledDirectory' file C:\Users\Dyuthi\smartnotes\build\camera_android\intermediates\verified_library_resources\release\verifyReleaseResources\compiled has been removed.
[        ]   Output property 'compiledDirectory' file C:\Users\Dyuthi\smartnotes\build\camera_android\intermediates\verified_library_resources\release\verifyReleaseResources\compiled\anim-v21_fragment_fast_out_extra_slow_in.xml.flat has been removed.
[        ]   and more...
[        ] The input changes require a full rebuild for incremental task ':camera_android:verifyReleaseResources'.
[        ] Compiling xml file C:\Users\Dyuthi\smartnotes\build\camera_android\intermediates\merged_res\release\mergeReleaseResources\anim-v21\fragment_fast_out_extra_slow_in.xml to C:\Users\Dyuthi\smartnotes\build\camera_android\intermediates\verified_library_resources\release\verifyReleaseResources\compiled\anim-v21_fragment_fast_out_extra_slow_in.xml.flat
[        ] Compiling xml file C:\Users\Dyuthi\smartnotes\build\camera_android\intermediates\merged_res\release\mergeReleaseResources\animator\fragment_close_exit.xml to C:\Users\Dyuthi\smartnotes\build\camera_android\intermediates\verified_library_resources\release\verifyReleaseResources\compiled\animator_fragment_close_exit.xml.flat
[        ] Compiling xml file C:\Users\Dyuthi\smartnotes\build\camera_android\intermediates\merged_res\release\mergeReleaseResources\animator\fragment_fade_exit.xml to C:\Users\Dyuthi\smartnotes\build\camera_android\intermediates\verified_library_resources\release\verifyReleaseResources\compiled\animator_fragment_fade_exit.xml.flat
[        ] Compiling xml file C:\Users\Dyuthi\smartnotes\build\camera_android\intermediates\merged_res\release\mergeReleaseResources\animator\fragment_fade_enter.xml to C:\Users\Dyuthi\smartnotes\build\camera_android\intermediates\verified_library_resources\release\verifyReleaseResources\compiled\animator_fragment_fade_enter.xml.flat
[        ] Compiling xml file C:\Users\Dyuthi\smartnotes\build\camera_android\intermediates\merged_res\release\mergeReleaseResources\animator\fragment_open_enter.xml to C:\Users\Dyuthi\smartnotes\build\camera_android\intermediates\verified_library_resources\release\verifyReleaseResources\compiled\animator_fragment_open_enter.xml.flat
[        ] Compiling xml file C:\Users\Dyuthi\smartnotes\build\camera_android\intermediates\merged_res\release\mergeReleaseResources\animator\fragment_close_enter.xml to C:\Users\Dyuthi\smartnotes\build\camera_android\intermediates\verified_library_resources\release\verifyReleaseResources\compiled\animator_fragment_close_enter.xml.flat
[        ] Compiling xml file C:\Users\Dyuthi\smartnotes\build\camera_android\intermediates\merged_res\release\mergeReleaseResources\animator\fragment_open_exit.xml to C:\Users\Dyuthi\smartnotes\build\camera_android\intermediates\verified_library_resources\release\verifyReleaseResources\compiled\animator_fragment_open_exit.xml.flat
[        ] Compiling image file C:\Users\Dyuthi\smartnotes\build\camera_android\intermediates\merged_res\release\mergeReleaseResources\drawable-hdpi-v4\ic_call_answer_low.png
[        ] Compiling file C:\Users\Dyuthi\smartnotes\build\camera_android\intermediates\merged_res\release\mergeReleaseResources\drawable-hdpi-v4\ic_call_answer_low.png to C:\Users\Dyuthi\smartnotes\build\camera_android\intermediates\verified_library_resources\release\verifyReleaseResources\compiled\drawable-hdpi-v4_ic_call_answer_low.png.flat
[        ] Compiling image file C:\Users\Dyuthi\smartnotes\build\camera_android\intermediates\merged_res\release\mergeReleaseResources\drawable-hdpi-v4\ic_call_answer.png
[        ] Compiling file C:\Users\Dyuthi\smartnotes\build\camera_android\intermediates\merged_res\release\mergeReleaseResources\drawable-hdpi-v4\ic_call_answer.png to C:\Users\Dyuthi\smartnotes\build\camera_android\intermediates\verified_library_resources\release\verifyReleaseResources\compiled\drawable-hdpi-v4_ic_call_answer.png.flat
[        ] Compiling image file C:\Users\Dyuthi\smartnotes\build\camera_android\intermediates\merged_res\release\mergeReleaseResources\drawable-mdpi-v4\ic_call_answer_video_low.png
[        ] Compiling file C:\Users\Dyuthi\smartnotes\build\camera_android\intermediates\merged_res\release\mergeReleaseResources\drawable-mdpi-v4\ic_call_answer_video_low.png to C:\Users\Dyuthi\smartnotes\build\camera_android\intermediates\verified_library_resources\release\verifyReleaseResources\compiled\drawable-mdpi-v4_ic_call_answer_video_low.png.flat
[        ] Compiling image file C:\Users\Dyuthi\smartnotes\build\camera_android\intermediates\merged_res\release\mergeReleaseResources\drawable-hdpi-v4\ic_call_answer_video_low.png
[        ] Compiling file C:\Users\Dyuthi\smartnotes\build\camera_android\intermediates\merged_res\release\mergeReleaseResources\drawable-hdpi-v4\ic_call_answer_video_low.png to C:\Users\Dyuthi\smartnotes\build\camera_android\intermediates\verified_library_resources\release\verifyReleaseResources\compiled\drawable-hdpi-v4_ic_call_answer_video_low.png.flat
[        ] Compiling xml file C:\Users\Dyuthi\smartnotes\build\camera_android\intermediates\merged_res\release\mergeReleaseResources\drawable-anydpi-v21\ic_call_decline_low.xml to C:\Users\Dyuthi\smartnotes\build\camera_android\intermediates\verified_library_resources\release\verifyReleaseResources\compiled\drawable-anydpi-v21_ic_call_decline_low.xml.flat
[        ] Compiling image file C:\Users\Dyuthi\smartnotes\build\camera_android\intermediates\merged_res\release\mergeReleaseResources\drawable-hdpi-v4\ic_call_decline.png
[        ] Compiling image file C:\Users\Dyuthi\smartnotes\build\camera_android\intermediates\merged_res\release\mergeReleaseResources\drawable-xxhdpi-v4\ic_call_decline.png
[        ] Compiling file C:\Users\Dyuthi\smartnotes\build\camera_android\intermediates\merged_res\release\mergeReleaseResources\drawable-xxhdpi-v4\ic_call_decline.png to C:\Users\Dyuthi\smartnotes\build\camera_android\intermediates\verified_library_resources\release\verifyReleaseResources\compiled\drawable-xxhdpi-v4_ic_call_decline.png.flat
[        ] Compiling file C:\Users\Dyuthi\smartnotes\build\camera_android\intermediates\merged_res\release\mergeReleaseResources\drawable-hdpi-v4\ic_call_decline.png to C:\Users\Dyuthi\smartnotes\build\camera_android\intermediates\verified_library_resources\release\verifyReleaseResources\compiled\drawable-hdpi-v4_ic_call_decline.png.flat
[        ] Compiling xml file C:\Users\Dyuthi\smartnotes\build\camera_android\intermediates\merged_res\release\mergeReleaseResources\layout-v21\notification_template_icon_group.xml to C:\Users\Dyuthi\smartnotes\build\camera_android\intermediates\verified_library_resources\release\verifyReleaseResources\compiled\layout-v21_notification_template_icon_group.xml.flat
[        ] Compiling image file C:\Users\Dyuthi\smartnotes\build\camera_android\intermediates\merged_res\release\mergeReleaseResources\drawable-hdpi-v4\ic_call_answer_video.png
[        ] Compiling file C:\Users\Dyuthi\smartnotes\build\camera_android\intermediates\merged_res\release\mergeReleaseResources\drawable-hdpi-v4\ic_call_answer_video.png to C:\Users\Dyuthi\smartnotes\build\camera_android\intermediates\verified_library_resources\release\verifyReleaseResources\compiled\drawable-hdpi-v4_ic_call_answer_video.png.flat
[        ] Compiling image file C:\Users\Dyuthi\smartnotes\build\camera_android\intermediates\merged_res\release\mergeReleaseResources\drawable-mdpi-v4\ic_call_answer_video.png
[        ] Compiling file C:\Users\Dyuthi\smartnotes\build\camera_android\intermediates\merged_res\release\mergeReleaseResources\drawable-mdpi-v4\ic_call_answer_video.png to C:\Users\Dyuthi\smartnotes\build\camera_android\intermediates\verified_library_resources\release\verifyReleaseResources\compiled\drawable-mdpi-v4_ic_call_answer_video.png.flat
[        ] Compiling image file C:\Users\Dyuthi\smartnotes\build\camera_android\intermediates\merged_res\release\mergeReleaseResources\drawable-mdpi-v4\ic_call_answer_low.png
[        ] Compiling file C:\Users\Dyuthi\smartnotes\build\camera_android\intermediates\merged_res\release\mergeReleaseResources\drawable-mdpi-v4\ic_call_answer_low.png to C:\Users\Dyuthi\smartnotes\build\camera_android\intermediates\verified_library_resources\release\verifyReleaseResources\compiled\drawable-mdpi-v4_ic_call_answer_low.png.flat
[        ] Compiling XML table C:\Users\Dyuthi\smartnotes\build\camera_android\intermediates\merged_res\release\mergeReleaseResources\values-el\values-el.xml to C:\Users\Dyuthi\smartnotes\build\camera_android\intermediates\verified_library_resources\release\verifyReleaseResources\compiled\values-el_values-el.arsc.flat
[        ] Compiling xml file C:\Users\Dyuthi\smartnotes\build\camera_android\intermediates\merged_res\release\mergeReleaseResources\drawable\notification_bg.xml to C:\Users\Dyuthi\smartnotes\build\camera_android\intermediates\verified_library_resources\release\verifyReleaseResources\compiled\drawable_notification_bg.xml.flat
[        ] Compiling image file C:\Users\Dyuthi\smartnotes\build\camera_android\intermediates\merged_res\release\mergeReleaseResources\drawable-mdpi-v4\ic_call_decline.png
[        ] Compiling file C:\Users\Dyuthi\smartnotes\build\camera_android\intermediates\merged_res\release\mergeReleaseResources\drawable-mdpi-v4\ic_call_decline.png to C:\Users\Dyuthi\smartnotes\build\camera_android\intermediates\verified_library_resources\release\verifyReleaseResources\compiled\drawable-mdpi-v4_ic_call_decline.png.flat
[        ] Compiling image file C:\Users\Dyuthi\smartnotes\build\camera_android\intermediates\merged_res\release\mergeReleaseResources\drawable-mdpi-v4\notify_panel_notification_icon_bg.png
[        ] Compiling file C:\Users\Dyuthi\smartnotes\build\camera_android\intermediates\merged_res\release\mergeReleaseResources\drawable-mdpi-v4\notify_panel_notification_icon_bg.png to C:\Users\Dyuthi\smartnotes\build\camera_android\intermediates\verified_library_resources\release\verifyReleaseResources\compiled\drawable-mdpi-v4_notify_panel_notification_icon_bg.png.flat
[        ] Compiling image file C:\Users\Dyuthi\smartnotes\build\camera_android\intermediates\merged_res\release\mergeReleaseResources\drawable-xxhdpi-v4\ic_call_answer_video.png
[        ] Compiling file C:\Users\Dyuthi\smartnotes\build\camera_android\intermediates\merged_res\release\mergeReleaseResources\drawable-xxhdpi-v4\ic_call_answer_video.png to C:\Users\Dyuthi\smartnotes\build\camera_android\intermediates\verified_library_resources\release\verifyReleaseResources\compiled\drawable-xxhdpi-v4_ic_call_answer_video.png.flat
[        ] Compiling image file C:\Users\Dyuthi\smartnotes\build\camera_android\intermediates\merged_res\release\mergeReleaseResources\drawable-xxhdpi-v4\ic_call_answer_video_low.png
[        ] Compiling file C:\Users\Dyuthi\smartnotes\build\camera_android\intermediates\merged_res\release\mergeReleaseResources\drawable-xxhdpi-v4\ic_call_answer_video_low.png to C:\Users\Dyuthi\smartnotes\build\camera_android\intermediates\verified_library_resources\release\verifyReleaseResources\compiled\drawable-xxhdpi-v4_ic_call_answer_video_low.png.flat
[        ] Compiling XML table C:\Users\Dyuthi\smartnotes\build\camera_android\intermediates\merged_res\release\mergeReleaseResources\values-hi\values-hi.xml to C:\Users\Dyuthi\smartnotes\build\camera_android\intermediates\verified_library_resources\release\verifyReleaseResources\compiled\values-hi_values-hi.arsc.flat
[        ] Compiling xml file C:\Users\Dyuthi\smartnotes\build\camera_android\intermediates\merged_res\release\mergeReleaseResources\layout-v21\notification_action_tombstone.xml to C:\Users\Dyuthi\smartnotes\build\camera_android\intermediates\verified_library_resources\release\verifyReleaseResources\compiled\layout-v21_notification_action_tombstone.xml.flat
[        ] Compiling image file C:\Users\Dyuthi\smartnotes\build\camera_android\intermediates\merged_res\release\mergeReleaseResources\drawable-xxhdpi-v4\ic_call_decline_low.png
[        ] Compiling file C:\Users\Dyuthi\smartnotes\build\camera_android\intermediates\merged_res\release\mergeReleaseResources\drawable-xxhdpi-v4\ic_call_decline_low.png to C:\Users\Dyuthi\smartnotes\build\camera_android\intermediates\verified_library_resources\release\verifyReleaseResources\compiled\drawable-xxhdpi-v4_ic_call_decline_low.png.flat
[        ] Compiling image file C:\Users\Dyuthi\smartnotes\build\camera_android\intermediates\merged_res\release\mergeReleaseResources\drawable-hdpi-v4\ic_call_decline_low.png
[        ] Compiling image file C:\Users\Dyuthi\smartnotes\build\camera_android\intermediates\merged_res\release\mergeReleaseResources\drawable-xxxhdpi-v4\ic_call_answer_low.png
[        ] Compiling file C:\Users\Dyuthi\smartnotes\build\camera_android\intermediates\merged_res\release\mergeReleaseResources\drawable-hdpi-v4\ic_call_decline_low.png to C:\Users\Dyuthi\smartnotes\build\camera_android\intermediates\verified_library_resources\release\verifyReleaseResources\compiled\drawable-hdpi-v4_ic_call_decline_low.png.flat
[        ] Compiling file C:\Users\Dyuthi\smartnotes\build\camera_android\intermediates\merged_res\release\mergeReleaseResources\drawable-xxxhdpi-v4\ic_call_answer_low.png to C:\Users\Dyuthi\smartnotes\build\camera_android\intermediates\verified_library_resources\release\verifyReleaseResources\compiled\drawable-xxxhdpi-v4_ic_call_answer_low.png.flat
[        ] Compiling image file C:\Users\Dyuthi\smartnotes\build\camera_android\intermediates\merged_res\release\mergeReleaseResources\drawable-hdpi-v4\notification_oversize_large_icon_bg.png
[        ] Compiling file C:\Users\Dyuthi\smartnotes\build\camera_android\intermediates\merged_res\release\mergeReleaseResources\drawable-hdpi-v4\notification_oversize_large_icon_bg.png to C:\Users\Dyuthi\smartnotes\build\camera_android\intermediates\verified_library_resources\release\verifyReleaseResources\compiled\drawable-hdpi-v4_notification_oversize_large_icon_bg.png.flat
[        ] Compiling XML table C:\Users\Dyuthi\smartnotes\build\camera_android\intermediates\merged_res\release\mergeReleaseResources\values-lt\values-lt.xml to C:\Users\Dyuthi\smartnotes\build\camera_android\intermediates\verified_library_resources\release\verifyReleaseResources\compiled\values-lt_values-lt.arsc.flat
[        ] Compiling image file C:\Users\Dyuthi\smartnotes\build\camera_android\intermediates\merged_res\release\mergeReleaseResources\drawable-mdpi-v4\ic_call_decline_low.png
[        ] Compiling file C:\Users\Dyuthi\smartnotes\build\camera_android\intermediates\merged_res\release\mergeReleaseResources\drawable-mdpi-v4\ic_call_decline_low.png to C:\Users\Dyuthi\smartnotes\build\camera_android\intermediates\verified_library_resources\release\verifyReleaseResources\compiled\drawable-mdpi-v4_ic_call_decline_low.png.flat
[        ] Compiling XML table C:\Users\Dyuthi\smartnotes\build\camera_android\intermediates\merged_res\release\mergeReleaseResources\values-am\values-am.xml to C:\Users\Dyuthi\smartnotes\build\camera_android\intermediates\verified_library_resources\release\verifyReleaseResources\compiled\values-am_values-am.arsc.flat
[        ] Compiling xml file C:\Users\Dyuthi\smartnotes\build\camera_android\intermediates\merged_res\release\mergeReleaseResources\drawable-v21\notification_action_background.xml to C:\Users\Dyuthi\smartnotes\build\camera_android\intermediates\verified_library_resources\release\verifyReleaseResources\compiled\drawable-v21_notification_action_background.xml.flat
[        ] Compiling xml file C:\Users\Dyuthi\smartnotes\build\camera_android\intermediates\merged_res\release\mergeReleaseResources\layout-v21\notification_template_custom_big.xml to C:\Users\Dyuthi\smartnotes\build\camera_android\intermediates\verified_library_resources\release\verifyReleaseResources\compiled\layout-v21_notification_template_custom_big.xml.flat
[        ] Compiling XML table C:\Users\Dyuthi\smartnotes\build\camera_android\intermediates\merged_res\release\mergeReleaseResources\values\values.xml to C:\Users\Dyuthi\smartnotes\build\camera_android\intermediates\verified_library_resources\release\verifyReleaseResources\compiled\values_values.arsc.flat
[        ] Compiling image file C:\Users\Dyuthi\smartnotes\build\camera_android\intermediates\merged_res\release\mergeReleaseResources\drawable-xhdpi-v4\ic_call_answer.png
[        ] Compiling XML table C:\Users\Dyuthi\smartnotes\build\camera_android\intermediates\merged_res\release\mergeReleaseResources\values-da\values-da.xml to C:\Users\Dyuthi\smartnotes\build\camera_android\intermediates\verified_library_resources\release\verifyReleaseResources\compiled\values-da_values-da.arsc.flat
[        ] Compiling file C:\Users\Dyuthi\smartnotes\build\camera_android\intermediates\merged_res\release\mergeReleaseResources\drawable-xhdpi-v4\ic_call_answer.png to C:\Users\Dyuthi\smartnotes\build\camera_android\intermediates\verified_library_resources\release\verifyReleaseResources\compiled\drawable-xhdpi-v4_ic_call_answer.png.flat
[        ] Compiling XML table C:\Users\Dyuthi\smartnotes\build\camera_android\intermediates\merged_res\release\mergeReleaseResources\values-en-rGB\values-en-rGB.xml to C:\Users\Dyuthi\smartnotes\build\camera_android\intermediates\verified_library_resources\release\verifyReleaseResources\compiled\values-en-rGB_values-en-rGB.arsc.flat
[        ] Compiling XML table C:\Users\Dyuthi\smartnotes\build\camera_android\intermediates\merged_res\release\mergeReleaseResources\values-gl\values-gl.xml to C:\Users\Dyuthi\smartnotes\build\camera_android\intermediates\verified_library_resources\release\verifyReleaseResources\compiled\values-gl_values-gl.arsc.flat
[        ] Compiling XML table C:\Users\Dyuthi\smartnotes\build\camera_android\intermediates\merged_res\release\mergeReleaseResources\values-hy\values-hy.xml to C:\Users\Dyuthi\smartnotes\build\camera_android\intermediates\verified_library_resources\release\verifyReleaseResources\compiled\values-hy_values-hy.arsc.flat
[        ] Compiling XML table C:\Users\Dyuthi\smartnotes\build\camera_android\intermediates\merged_res\release\mergeReleaseResources\values-ky\values-ky.xml to C:\Users\Dyuthi\smartnotes\build\camera_android\intermediates\verified_library_resources\release\verifyReleaseResources\compiled\values-ky_values-ky.arsc.flat
[        ] Compiling XML table C:\Users\Dyuthi\smartnotes\build\camera_android\intermediates\merged_res\release\mergeReleaseResources\values-pt\values-pt.xml to C:\Users\Dyuthi\smartnotes\build\camera_android\intermediates\verified_library_resources\release\verifyReleaseResources\compiled\values-pt_values-pt.arsc.flat
[        ] Compiling XML table C:\Users\Dyuthi\smartnotes\build\camera_android\intermediates\merged_res\release\mergeReleaseResources\values-ml\values-ml.xml to C:\Users\Dyuthi\smartnotes\build\camera_android\intermediates\verified_library_resources\release\verifyReleaseResources\compiled\values-ml_values-ml.arsc.flat
[        ] Compiling image file C:\Users\Dyuthi\smartnotes\build\camera_android\intermediates\merged_res\release\mergeReleaseResources\drawable-xxxhdpi-v4\ic_call_answer.png
[        ] Compiling file C:\Users\Dyuthi\smartnotes\build\camera_android\intermediates\merged_res\release\mergeReleaseResources\drawable-xxxhdpi-v4\ic_call_answer.png to C:\Users\Dyuthi\smartnotes\build\camera_android\intermediates\verified_library_resources\release\verifyReleaseResources\compiled\drawable-xxxhdpi-v4_ic_call_answer.png.flat
[        ] Compiling XML table C:\Users\Dyuthi\smartnotes\build\camera_android\intermediates\merged_res\release\mergeReleaseResources\values-tr\values-tr.xml to C:\Users\Dyuthi\smartnotes\build\camera_android\intermediates\verified_library_resources\release\verifyReleaseResources\compiled\values-tr_values-tr.arsc.flat
[        ] Compiling XML table C:\Users\Dyuthi\smartnotes\build\camera_android\intermediates\merged_res\release\mergeReleaseResources\values-pt-rPT\values-pt-rPT.xml to C:\Users\Dyuthi\smartnotes\build\camera_android\intermediates\verified_library_resources\release\verifyReleaseResources\compiled\values-pt-rPT_values-pt-rPT.arsc.flat
[        ] Compiling image file C:\Users\Dyuthi\smartnotes\build\camera_android\intermediates\merged_res\release\mergeReleaseResources\drawable-xxxhdpi-v4\ic_call_answer_video_low.png
[        ] Compiling file C:\Users\Dyuthi\smartnotes\build\camera_android\intermediates\merged_res\release\mergeReleaseResources\drawable-xxxhdpi-v4\ic_call_answer_video_low.png to C:\Users\Dyuthi\smartnotes\build\camera_android\intermediates\verified_library_resources\release\verifyReleaseResources\compiled\drawable-xxxhdpi-v4_ic_call_answer_video_low.png.flat
[        ] Compiling XML table C:\Users\Dyuthi\smartnotes\build\camera_android\intermediates\merged_res\release\mergeReleaseResources\values-si\values-si.xml to C:\Users\Dyuthi\smartnotes\build\camera_android\intermediates\verified_library_resources\release\verifyReleaseResources\compiled\values-si_values-si.arsc.flat
[        ] Compiling XML table C:\Users\Dyuthi\smartnotes\build\camera_android\intermediates\merged_res\release\mergeReleaseResources\values-ur\values-ur.xml to C:\Users\Dyuthi\smartnotes\build\camera_android\intermediates\verified_library_resources\release\verifyReleaseResources\compiled\values-ur_values-ur.arsc.flat
[        ] Compiling xml file C:\Users\Dyuthi\smartnotes\build\camera_android\intermediates\merged_res\release\mergeReleaseResources\drawable\notification_icon_background.xml to C:\Users\Dyuthi\smartnotes\build\camera_android\intermediates\verified_library_resources\release\verifyReleaseResources\compiled\drawable_notification_icon_background.xml.flat
[        ] Compiling XML table C:\Users\Dyuthi\smartnotes\build\camera_android\intermediates\merged_res\release\mergeReleaseResources\values-de\values-de.xml to C:\Users\Dyuthi\smartnotes\build\camera_android\intermediates\verified_library_resources\release\verifyReleaseResources\compiled\values-de_values-de.arsc.flat
[        ] Compiling XML table C:\Users\Dyuthi\smartnotes\build\camera_android\intermediates\merged_res\release\mergeReleaseResources\values-vi\values-vi.xml to C:\Users\Dyuthi\smartnotes\build\camera_android\intermediates\verified_library_resources\release\verifyReleaseResources\compiled\values-vi_values-vi.arsc.flat
[        ] Compiling xml file C:\Users\Dyuthi\smartnotes\build\camera_android\intermediates\merged_res\release\mergeReleaseResources\drawable\notification_tile_bg.xml to C:\Users\Dyuthi\smartnotes\build\camera_android\intermediates\verified_library_resources\release\verifyReleaseResources\compiled\drawable_notification_tile_bg.xml.flat
[        ] Compiling image file C:\Users\Dyuthi\smartnotes\build\camera_android\intermediates\merged_res\release\mergeReleaseResources\drawable-xxxhdpi-v4\ic_call_answer_video.png
[        ] Compiling file C:\Users\Dyuthi\smartnotes\build\camera_android\intermediates\merged_res\release\mergeReleaseResources\drawable-xxxhdpi-v4\ic_call_answer_video.png to C:\Users\Dyuthi\smartnotes\build\camera_android\intermediates\verified_library_resources\release\verifyReleaseResources\compiled\drawable-xxxhdpi-v4_ic_call_answer_video.png.flat
[        ] Compiling XML table C:\Users\Dyuthi\smartnotes\build\camera_android\intermediates\merged_res\release\mergeReleaseResources\values-as\values-as.xml to C:\Users\Dyuthi\smartnotes\build\camera_android\intermediates\verified_library_resources\release\verifyReleaseResources\compiled\values-as_values-as.arsc.flat
[        ] Compiling xml file C:\Users\Dyuthi\smartnotes\build\camera_android\intermediates\merged_res\release\mergeReleaseResources\drawable-anydpi-v21\ic_call_answer.xml to C:\Users\Dyuthi\smartnotes\build\camera_android\intermediates\verified_library_resources\release\verifyReleaseResources\compiled\drawable-anydpi-v21_ic_call_answer.xml.flat
[        ] Compiling XML table C:\Users\Dyuthi\smartnotes\build\camera_android\intermediates\merged_res\release\mergeReleaseResources\values-en-rXC\values-en-rXC.xml to C:\Users\Dyuthi\smartnotes\build\camera_android\intermediates\verified_library_resources\release\verifyReleaseResources\compiled\values-en-rXC_values-en-rXC.arsc.flat
[        ] Compiling XML table C:\Users\Dyuthi\smartnotes\build\camera_android\intermediates\merged_res\release\mergeReleaseResources\values-gu\values-gu.xml to C:\Users\Dyuthi\smartnotes\build\camera_android\intermediates\verified_library_resources\release\verifyReleaseResources\compiled\values-gu_values-gu.arsc.flat
[        ] Compiling image file C:\Users\Dyuthi\smartnotes\build\camera_android\intermediates\merged_res\release\mergeReleaseResources\drawable-ldpi-v4\ic_call_answer_low.png
[        ] Compiling file C:\Users\Dyuthi\smartnotes\build\camera_android\intermediates\merged_res\release\mergeReleaseResources\drawable-ldpi-v4\ic_call_answer_low.png to C:\Users\Dyuthi\smartnotes\build\camera_android\intermediates\verified_library_resources\release\verifyReleaseResources\compiled\drawable-ldpi-v4_ic_call_answer_low.png.flat
[        ] Compiling XML table C:\Users\Dyuthi\smartnotes\build\camera_android\intermediates\merged_res\release\mergeReleaseResources\values-is\values-is.xml to C:\Users\Dyuthi\smartnotes\build\camera_android\intermediates\verified_library_resources\release\verifyReleaseResources\compiled\values-is_values-is.arsc.flat
[        ] Compiling XML table C:\Users\Dyuthi\smartnotes\build\camera_android\intermediates\merged_res\release\mergeReleaseResources\values-af\values-af.xml to C:\Users\Dyuthi\smartnotes\build\camera_android\intermediates\verified_library_resources\release\verifyReleaseResources\compiled\values-af_values-af.arsc.flat
[        ] Compiling image file C:\Users\Dyuthi\smartnotes\build\camera_android\intermediates\merged_res\release\mergeReleaseResources\drawable-xhdpi-v4\ic_call_answer_video_low.png
[        ] Compiling image file C:\Users\Dyuthi\smartnotes\build\camera_android\intermediates\merged_res\release\mergeReleaseResources\drawable-ldpi-v4\ic_call_answer_video.png
[        ] Compiling file C:\Users\Dyuthi\smartnotes\build\camera_android\intermediates\merged_res\release\mergeReleaseResources\drawable-ldpi-v4\ic_call_answer_video.png to C:\Users\Dyuthi\smartnotes\build\camera_android\intermediates\verified_library_resources\release\verifyReleaseResources\compiled\drawable-ldpi-v4_ic_call_answer_video.png.flat
[        ] Compiling image file C:\Users\Dyuthi\smartnotes\build\camera_android\intermediates\merged_res\release\mergeReleaseResources\drawable-ldpi-v4\ic_call_answer.png
[        ] Compiling file C:\Users\Dyuthi\smartnotes\build\camera_android\intermediates\merged_res\release\mergeReleaseResources\drawable-ldpi-v4\ic_call_answer.png to C:\Users\Dyuthi\smartnotes\build\camera_android\intermediates\verified_library_resources\release\verifyReleaseResources\compiled\drawable-ldpi-v4_ic_call_answer.png.flat
[        ] Compiling file C:\Users\Dyuthi\smartnotes\build\camera_android\intermediates\merged_res\release\mergeReleaseResources\drawable-xhdpi-v4\ic_call_answer_video_low.png to C:\Users\Dyuthi\smartnotes\build\camera_android\intermediates\verified_library_resources\release\verifyReleaseResources\compiled\drawable-xhdpi-v4_ic_call_answer_video_low.png.flat
[        ] Compiling XML table C:\Users\Dyuthi\smartnotes\build\camera_android\intermediates\merged_res\release\mergeReleaseResources\values-ar\values-ar.xml to C:\Users\Dyuthi\smartnotes\build\camera_android\intermediates\verified_library_resources\release\verifyReleaseResources\compiled\values-ar_values-ar.arsc.flat
[        ] Compiling XML table C:\Users\Dyuthi\smartnotes\build\camera_android\intermediates\merged_res\release\mergeReleaseResources\values-mr\values-mr.xml to C:\Users\Dyuthi\smartnotes\build\camera_android\intermediates\verified_library_resources\release\verifyReleaseResources\compiled\values-mr_values-mr.arsc.flat
[        ] Compiling XML table C:\Users\Dyuthi\smartnotes\build\camera_android\intermediates\merged_res\release\mergeReleaseResources\values-lo\values-lo.xml to C:\Users\Dyuthi\smartnotes\build\camera_android\intermediates\verified_library_resources\release\verifyReleaseResources\compiled\values-lo_values-lo.arsc.flat
[        ] Compiling XML table C:\Users\Dyuthi\smartnotes\build\camera_android\intermediates\merged_res\release\mergeReleaseResources\values-en-rCA\values-en-rCA.xml to C:\Users\Dyuthi\smartnotes\build\camera_android\intermediates\verified_library_resources\release\verifyReleaseResources\compiled\values-en-rCA_values-en-rCA.arsc.flat
[        ] Compiling XML table C:\Users\Dyuthi\smartnotes\build\camera_android\intermediates\merged_res\release\mergeReleaseResources\values-en-rIN\values-en-rIN.xml to C:\Users\Dyuthi\smartnotes\build\camera_android\intermediates\verified_library_resources\release\verifyReleaseResources\compiled\values-en-rIN_values-en-rIN.arsc.flat
[        ] Compiling XML table C:\Users\Dyuthi\smartnotes\build\camera_android\intermediates\merged_res\release\mergeReleaseResources\values-sl\values-sl.xml to C:\Users\Dyuthi\smartnotes\build\camera_android\intermediates\verified_library_resources\release\verifyReleaseResources\compiled\values-sl_values-sl.arsc.flat
[        ] Compiling XML table C:\Users\Dyuthi\smartnotes\build\camera_android\intermediates\merged_res\release\mergeReleaseResources\values-pt-rBR\values-pt-rBR.xml to C:\Users\Dyuthi\smartnotes\build\camera_android\intermediates\verified_library_resources\release\verifyReleaseResources\compiled\values-pt-rBR_values-pt-rBR.arsc.flat
[        ] Compiling XML table C:\Users\Dyuthi\smartnotes\build\camera_android\intermediates\merged_res\release\mergeReleaseResources\values-hu\values-hu.xml to C:\Users\Dyuthi\smartnotes\build\camera_android\intermediates\verified_library_resources\release\verifyReleaseResources\compiled\values-hu_values-hu.arsc.flat
[        ] Compiling XML table C:\Users\Dyuthi\smartnotes\build\camera_android\intermediates\merged_res\release\mergeReleaseResources\values-in\values-in.xml to C:\Users\Dyuthi\smartnotes\build\camera_android\intermediates\verified_library_resources\release\verifyReleaseResources\compiled\values-in_values-in.arsc.flat
[        ] Compiling XML table C:\Users\Dyuthi\smartnotes\build\camera_android\intermediates\merged_res\release\mergeReleaseResources\values-zh-rHK\values-zh-rHK.xml to C:\Users\Dyuthi\smartnotes\build\camera_android\intermediates\verified_library_resources\release\verifyReleaseResources\compiled\values-zh-rHK_values-zh-rHK.arsc.flat
[        ] Compiling image file C:\Users\Dyuthi\smartnotes\build\camera_android\intermediates\merged_res\release\mergeReleaseResources\drawable-xhdpi-v4\ic_call_decline.png
[        ] Compiling file C:\Users\Dyuthi\smartnotes\build\camera_android\intermediates\merged_res\release\mergeReleaseResources\drawable-xhdpi-v4\ic_call_decline.png to C:\Users\Dyuthi\smartnotes\build\camera_android\intermediates\verified_library_resources\release\verifyReleaseResources\compiled\drawable-xhdpi-v4_ic_call_decline.png.flat
[        ] Compiling image file C:\Users\Dyuthi\smartnotes\build\camera_android\intermediates\merged_res\release\mergeReleaseResources\drawable-xhdpi-v4\ic_call_answer_video.png
[        ] Compiling file C:\Users\Dyuthi\smartnotes\build\camera_android\intermediates\merged_res\release\mergeReleaseResources\drawable-xhdpi-v4\ic_call_answer_video.png to C:\Users\Dyuthi\smartnotes\build\camera_android\intermediates\verified_library_resources\release\verifyReleaseResources\compiled\drawable-xhdpi-v4_ic_call_answer_video.png.flat
[        ] Compiling XML table C:\Users\Dyuthi\smartnotes\build\camera_android\intermediates\merged_res\release\mergeReleaseResources\values-uk\values-uk.xml to C:\Users\Dyuthi\smartnotes\build\camera_android\intermediates\verified_library_resources\release\verifyReleaseResources\compiled\values-uk_values-uk.arsc.flat
[        ] Compiling XML table C:\Users\Dyuthi\smartnotes\build\camera_android\intermediates\merged_res\release\mergeReleaseResources\values-mn\values-mn.xml to C:\Users\Dyuthi\smartnotes\build\camera_android\intermediates\verified_library_resources\release\verifyReleaseResources\compiled\values-mn_values-mn.arsc.flat
[        ] Compiling xml file C:\Users\Dyuthi\smartnotes\build\camera_android\intermediates\merged_res\release\mergeReleaseResources\drawable-anydpi-v21\ic_call_answer_low.xml to C:\Users\Dyuthi\smartnotes\build\camera_android\intermediates\verified_library_resources\release\verifyReleaseResources\compiled\drawable-anydpi-v21_ic_call_answer_low.xml.flat
[        ] Compiling XML table C:\Users\Dyuthi\smartnotes\build\camera_android\intermediates\merged_res\release\mergeReleaseResources\values-mk\values-mk.xml to C:\Users\Dyuthi\smartnotes\build\camera_android\intermediates\verified_library_resources\release\verifyReleaseResources\compiled\values-mk_values-mk.arsc.flat
[        ] Compiling xml file C:\Users\Dyuthi\smartnotes\build\camera_android\intermediates\merged_res\release\mergeReleaseResources\drawable-anydpi-v21\ic_call_answer_video.xml to C:\Users\Dyuthi\smartnotes\build\camera_android\intermediates\verified_library_resources\release\verifyReleaseResources\compiled\drawable-anydpi-v21_ic_call_answer_video.xml.flat
[        ] Compiling xml file C:\Users\Dyuthi\smartnotes\build\camera_android\intermediates\merged_res\release\mergeReleaseResources\layout\ime_base_split_test_activity.xml to C:\Users\Dyuthi\smartnotes\build\camera_android\intermediates\verified_library_resources\release\verifyReleaseResources\compiled\layout_ime_base_split_test_activity.xml.flat
[        ] Compiling XML table C:\Users\Dyuthi\smartnotes\build\camera_android\intermediates\merged_res\release\mergeReleaseResources\values-sk\values-sk.xml to C:\Users\Dyuthi\smartnotes\build\camera_android\intermediates\verified_library_resources\release\verifyReleaseResources\compiled\values-sk_values-sk.arsc.flat
[        ] Compiling XML table C:\Users\Dyuthi\smartnotes\build\camera_android\intermediates\merged_res\release\mergeReleaseResources\values-ru\values-ru.xml to C:\Users\Dyuthi\smartnotes\build\camera_android\intermediates\verified_library_resources\release\verifyReleaseResources\compiled\values-ru_values-ru.arsc.flat
[        ] Compiling XML table C:\Users\Dyuthi\smartnotes\build\camera_android\intermediates\merged_res\release\mergeReleaseResources\values-zh-rCN\values-zh-rCN.xml to C:\Users\Dyuthi\smartnotes\build\camera_android\intermediates\verified_library_resources\release\verifyReleaseResources\compiled\values-zh-rCN_values-zh-rCN.arsc.flat
[        ] Compiling image file C:\Users\Dyuthi\smartnotes\build\camera_android\intermediates\merged_res\release\mergeReleaseResources\drawable-xxxhdpi-v4\ic_call_decline_low.png
[        ] Compiling file C:\Users\Dyuthi\smartnotes\build\camera_android\intermediates\merged_res\release\mergeReleaseResources\drawable-xxxhdpi-v4\ic_call_decline_low.png to C:\Users\Dyuthi\smartnotes\build\camera_android\intermediates\verified_library_resources\release\verifyReleaseResources\compiled\drawable-xxxhdpi-v4_ic_call_decline_low.png.flat
[        ] Compiling xml file C:\Users\Dyuthi\smartnotes\build\camera_android\intermediates\merged_res\release\mergeReleaseResources\layout\custom_dialog.xml to C:\Users\Dyuthi\smartnotes\build\camera_android\intermediates\verified_library_resources\release\verifyReleaseResources\compiled\layout_custom_dialog.xml.flat
[        ] Compiling XML table C:\Users\Dyuthi\smartnotes\build\camera_android\intermediates\merged_res\release\mergeReleaseResources\values-v21\values-v21.xml to C:\Users\Dyuthi\smartnotes\build\camera_android\intermediates\verified_library_resources\release\verifyReleaseResources\compiled\values-v21_values-v21.arsc.flat
[        ] Compiling XML table C:\Users\Dyuthi\smartnotes\build\camera_android\intermediates\merged_res\release\mergeReleaseResources\values-bg\values-bg.xml to C:\Users\Dyuthi\smartnotes\build\camera_android\intermediates\verified_library_resources\release\verifyReleaseResources\compiled\values-bg_values-bg.arsc.flat
[        ] Compiling image file C:\Users\Dyuthi\smartnotes\build\camera_android\intermediates\merged_res\release\mergeReleaseResources\drawable-ldpi-v4\ic_call_decline.png
[        ] Compiling file C:\Users\Dyuthi\smartnotes\build\camera_android\intermediates\merged_res\release\mergeReleaseResources\drawable-ldpi-v4\ic_call_decline.png to C:\Users\Dyuthi\smartnotes\build\camera_android\intermediates\verified_library_resources\release\verifyReleaseResources\compiled\drawable-ldpi-v4_ic_call_decline.png.flat
[        ] Compiling xml file C:\Users\Dyuthi\smartnotes\build\camera_android\intermediates\merged_res\release\mergeReleaseResources\drawable-anydpi-v21\ic_call_answer_video_low.xml to C:\Users\Dyuthi\smartnotes\build\camera_android\intermediates\verified_library_resources\release\verifyReleaseResources\compiled\drawable-anydpi-v21_ic_call_answer_video_low.xml.flat
[        ] Compiling XML table C:\Users\Dyuthi\smartnotes\build\camera_android\intermediates\merged_res\release\mergeReleaseResources\values-eu\values-eu.xml to C:\Users\Dyuthi\smartnotes\build\camera_android\intermediates\verified_library_resources\release\verifyReleaseResources\compiled\values-eu_values-eu.arsc.flat
[        ] Compiling image file C:\Users\Dyuthi\smartnotes\build\camera_android\intermediates\merged_res\release\mergeReleaseResources\drawable-ldpi-v4\ic_call_answer_video_low.png
[        ] Compiling file C:\Users\Dyuthi\smartnotes\build\camera_android\intermediates\merged_res\release\mergeReleaseResources\drawable-ldpi-v4\ic_call_answer_video_low.png to C:\Users\Dyuthi\smartnotes\build\camera_android\intermediates\verified_library_resources\release\verifyReleaseResources\compiled\drawable-ldpi-v4_ic_call_answer_video_low.png.flat
[        ] Compiling XML table C:\Users\Dyuthi\smartnotes\build\camera_android\intermediates\merged_res\release\mergeReleaseResources\values-ka\values-ka.xml to C:\Users\Dyuthi\smartnotes\build\camera_android\intermediates\verified_library_resources\release\verifyReleaseResources\compiled\values-ka_values-ka.arsc.flat
[        ] Compiling XML table C:\Users\Dyuthi\smartnotes\build\camera_android\intermediates\merged_res\release\mergeReleaseResources\values-b+sr+Latn\values-b+sr+Latn.xml to C:\Users\Dyuthi\smartnotes\build\camera_android\intermediates\verified_library_resources\release\verifyReleaseResources\compiled\values-b+sr+Latn_values-b+sr+Latn.arsc.flat
[        ] Compiling XML table C:\Users\Dyuthi\smartnotes\build\camera_android\intermediates\merged_res\release\mergeReleaseResources\values-en-rAU\values-en-rAU.xml to C:\Users\Dyuthi\smartnotes\build\camera_android\intermediates\verified_library_resources\release\verifyReleaseResources\compiled\values-en-rAU_values-en-rAU.arsc.flat
[        ] Compiling XML table C:\Users\Dyuthi\smartnotes\build\camera_android\intermediates\merged_res\release\mergeReleaseResources\values-es-rUS\values-es-rUS.xml to C:\Users\Dyuthi\smartnotes\build\camera_android\intermediates\verified_library_resources\release\verifyReleaseResources\compiled\values-es-rUS_values-es-rUS.arsc.flat
[        ] Compiling XML table C:\Users\Dyuthi\smartnotes\build\camera_android\intermediates\merged_res\release\mergeReleaseResources\values-ne\values-ne.xml to C:\Users\Dyuthi\smartnotes\build\camera_android\intermediates\verified_library_resources\release\verifyReleaseResources\compiled\values-ne_values-ne.arsc.flat
[        ] Compiling image file C:\Users\Dyuthi\smartnotes\build\camera_android\intermediates\merged_res\release\mergeReleaseResources\drawable-xhdpi-v4\notify_panel_notification_icon_bg.png
[        ] Compiling file C:\Users\Dyuthi\smartnotes\build\camera_android\intermediates\merged_res\release\mergeReleaseResources\drawable-xhdpi-v4\notify_panel_notification_icon_bg.png to C:\Users\Dyuthi\smartnotes\build\camera_android\intermediates\verified_library_resources\release\verifyReleaseResources\compiled\drawable-xhdpi-v4_notify_panel_notification_icon_bg.png.flat
[        ] Compiling xml file C:\Users\Dyuthi\smartnotes\build\camera_android\intermediates\merged_res\release\mergeReleaseResources\drawable-anydpi-v21\ic_call_decline.xml to C:\Users\Dyuthi\smartnotes\build\camera_android\intermediates\verified_library_resources\release\verifyReleaseResources\compiled\drawable-anydpi-v21_ic_call_decline.xml.flat
[        ] Compiling image file C:\Users\Dyuthi\smartnotes\build\camera_android\intermediates\merged_res\release\mergeReleaseResources\drawable-ldpi-v4\ic_call_decline_low.png
[        ] Compiling file C:\Users\Dyuthi\smartnotes\build\camera_android\intermediates\merged_res\release\mergeReleaseResources\drawable-ldpi-v4\ic_call_decline_low.png to C:\Users\Dyuthi\smartnotes\build\camera_android\intermediates\verified_library_resources\release\verifyReleaseResources\compiled\drawable-ldpi-v4_ic_call_decline_low.png.flat
[        ] Compiling XML table C:\Users\Dyuthi\smartnotes\build\camera_android\intermediates\merged_res\release\mergeReleaseResources\values-be\values-be.xml to C:\Users\Dyuthi\smartnotes\build\camera_android\intermediates\verified_library_resources\release\verifyReleaseResources\compiled\values-be_values-be.arsc.flat
[        ] Compiling XML table C:\Users\Dyuthi\smartnotes\build\camera_android\intermediates\merged_res\release\mergeReleaseResources\values-iw\values-iw.xml to C:\Users\Dyuthi\smartnotes\build\camera_android\intermediates\verified_library_resources\release\verifyReleaseResources\compiled\values-iw_values-iw.arsc.flat
[        ] Compiling XML table C:\Users\Dyuthi\smartnotes\build\camera_android\intermediates\merged_res\release\mergeReleaseResources\values-sw\values-sw.xml to C:\Users\Dyuthi\smartnotes\build\camera_android\intermediates\verified_library_resources\release\verifyReleaseResources\compiled\values-sw_values-sw.arsc.flat
[        ] Compiling XML table C:\Users\Dyuthi\smartnotes\build\camera_android\intermediates\merged_res\release\mergeReleaseResources\values-hr\values-hr.xml to C:\Users\Dyuthi\smartnotes\build\camera_android\intermediates\verified_library_resources\release\verifyReleaseResources\compiled\values-hr_values-hr.arsc.flat
[        ] Compiling image file C:\Users\Dyuthi\smartnotes\build\camera_android\intermediates\merged_res\release\mergeReleaseResources\drawable-xhdpi-v4\ic_call_decline_low.png
[        ] Compiling file C:\Users\Dyuthi\smartnotes\build\camera_android\intermediates\merged_res\release\mergeReleaseResources\drawable-xhdpi-v4\ic_call_decline_low.png to C:\Users\Dyuthi\smartnotes\build\camera_android\intermediates\verified_library_resources\release\verifyReleaseResources\compiled\drawable-xhdpi-v4_ic_call_decline_low.png.flat
[        ] Compiling XML table C:\Users\Dyuthi\smartnotes\build\camera_android\intermediates\merged_res\release\mergeReleaseResources\values-et\values-et.xml to C:\Users\Dyuthi\smartnotes\build\camera_android\intermediates\verified_library_resources\release\verifyReleaseResources\compiled\values-et_values-et.arsc.flat
[        ] Compiling XML table C:\Users\Dyuthi\smartnotes\build\camera_android\intermediates\merged_res\release\mergeReleaseResources\values-my\values-my.xml to C:\Users\Dyuthi\smartnotes\build\camera_android\intermediates\verified_library_resources\release\verifyReleaseResources\compiled\values-my_values-my.arsc.flat
[        ] Compiling image file C:\Users\Dyuthi\smartnotes\build\camera_android\intermediates\merged_res\release\mergeReleaseResources\drawable-xxhdpi-v4\ic_call_answer.png
[        ] Compiling file C:\Users\Dyuthi\smartnotes\build\camera_android\intermediates\merged_res\release\mergeReleaseResources\drawable-xxhdpi-v4\ic_call_answer.png to C:\Users\Dyuthi\smartnotes\build\camera_android\intermediates\verified_library_resources\release\verifyReleaseResources\compiled\drawable-xxhdpi-v4_ic_call_answer.png.flat
[        ] Compiling XML table C:\Users\Dyuthi\smartnotes\build\camera_android\intermediates\merged_res\release\mergeReleaseResources\values-lv\values-lv.xml to C:\Users\Dyuthi\smartnotes\build\camera_android\intermediates\verified_library_resources\release\verifyReleaseResources\compiled\values-lv_values-lv.arsc.flat
[        ] Compiling xml file C:\Users\Dyuthi\smartnotes\build\camera_android\intermediates\merged_res\release\mergeReleaseResources\layout\notification_template_part_chronometer.xml to C:\Users\Dyuthi\smartnotes\build\camera_android\intermediates\verified_library_resources\release\verifyReleaseResources\compiled\layout_notification_template_part_chronometer.xml.flat
[        ] Compiling XML table C:\Users\Dyuthi\smartnotes\build\camera_android\intermediates\merged_res\release\mergeReleaseResources\values-ja\values-ja.xml to C:\Users\Dyuthi\smartnotes\build\camera_android\intermediates\verified_library_resources\release\verifyReleaseResources\compiled\values-ja_values-ja.arsc.flat
[        ] Compiling XML table C:\Users\Dyuthi\smartnotes\build\camera_android\intermediates\merged_res\release\mergeReleaseResources\values-sr\values-sr.xml to C:\Users\Dyuthi\smartnotes\build\camera_android\intermediates\verified_library_resources\release\verifyReleaseResources\compiled\values-sr_values-sr.arsc.flat
[        ] Compiling XML table C:\Users\Dyuthi\smartnotes\build\camera_android\intermediates\merged_res\release\mergeReleaseResources\values-ro\values-ro.xml to C:\Users\Dyuthi\smartnotes\build\camera_android\intermediates\verified_library_resources\release\verifyReleaseResources\compiled\values-ro_values-ro.arsc.flat
[        ] Compiling XML table C:\Users\Dyuthi\smartnotes\build\camera_android\intermediates\merged_res\release\mergeReleaseResources\values-nb\values-nb.xml to C:\Users\Dyuthi\smartnotes\build\camera_android\intermediates\verified_library_resources\release\verifyReleaseResources\compiled\values-nb_values-nb.arsc.flat
[        ] Compiling XML table C:\Users\Dyuthi\smartnotes\build\camera_android\intermediates\merged_res\release\mergeReleaseResources\values-zu\values-zu.xml to C:\Users\Dyuthi\smartnotes\build\camera_android\intermediates\verified_library_resources\release\verifyReleaseResources\compiled\values-zu_values-zu.arsc.flat
[        ] Compiling XML table C:\Users\Dyuthi\smartnotes\build\camera_android\intermediates\merged_res\release\mergeReleaseResources\values-uz\values-uz.xml to C:\Users\Dyuthi\smartnotes\build\camera_android\intermediates\verified_library_resources\release\verifyReleaseResources\compiled\values-uz_values-uz.arsc.flat
[        ] Compiling image file C:\Users\Dyuthi\smartnotes\build\camera_android\intermediates\merged_res\release\mergeReleaseResources\drawable-mdpi-v4\ic_call_answer.png
[        ] Compiling file C:\Users\Dyuthi\smartnotes\build\camera_android\intermediates\merged_res\release\mergeReleaseResources\drawable-mdpi-v4\ic_call_answer.png to C:\Users\Dyuthi\smartnotes\build\camera_android\intermediates\verified_library_resources\release\verifyReleaseResources\compiled\drawable-mdpi-v4_ic_call_answer.png.flat
[        ] Compiling xml file C:\Users\Dyuthi\smartnotes\build\camera_android\intermediates\merged_res\release\mergeReleaseResources\layout\ime_secondary_split_test_activity.xml to C:\Users\Dyuthi\smartnotes\build\camera_android\intermediates\verified_library_resources\release\verifyReleaseResources\compiled\layout_ime_secondary_split_test_activity.xml.flat
[        ] Compiling image file C:\Users\Dyuthi\smartnotes\build\camera_android\intermediates\merged_res\release\mergeReleaseResources\drawable-xxhdpi-v4\ic_call_answer_low.png
[        ] Compiling xml file C:\Users\Dyuthi\smartnotes\build\camera_android\intermediates\merged_res\release\mergeReleaseResources\layout\notification_template_part_time.xml to C:\Users\Dyuthi\smartnotes\build\camera_android\intermediates\verified_library_resources\release\verifyReleaseResources\compiled\layout_notification_template_part_time.xml.flat
[        ] Compiling file C:\Users\Dyuthi\smartnotes\build\camera_android\intermediates\merged_res\release\mergeReleaseResources\drawable-xxhdpi-v4\ic_call_answer_low.png to C:\Users\Dyuthi\smartnotes\build\camera_android\intermediates\verified_library_resources\release\verifyReleaseResources\compiled\drawable-xxhdpi-v4_ic_call_answer_low.png.flat
[        ] Compiling XML table C:\Users\Dyuthi\smartnotes\build\camera_android\intermediates\merged_res\release\mergeReleaseResources\values-sv\values-sv.xml to C:\Users\Dyuthi\smartnotes\build\camera_android\intermediates\verified_library_resources\release\verifyReleaseResources\compiled\values-sv_values-sv.arsc.flat
[        ] Compiling XML table C:\Users\Dyuthi\smartnotes\build\camera_android\intermediates\merged_res\release\mergeReleaseResources\values-bn\values-bn.xml to C:\Users\Dyuthi\smartnotes\build\camera_android\intermediates\verified_library_resources\release\verifyReleaseResources\compiled\values-bn_values-bn.arsc.flat
[        ] Compiling XML table C:\Users\Dyuthi\smartnotes\build\camera_android\intermediates\merged_res\release\mergeReleaseResources\values-fa\values-fa.xml to C:\Users\Dyuthi\smartnotes\build\camera_android\intermediates\verified_library_resources\release\verifyReleaseResources\compiled\values-fa_values-fa.arsc.flat
[        ] Compiling XML table C:\Users\Dyuthi\smartnotes\build\camera_android\intermediates\merged_res\release\mergeReleaseResources\values-bs\values-bs.xml to C:\Users\Dyuthi\smartnotes\build\camera_android\intermediates\verified_library_resources\release\verifyReleaseResources\compiled\values-bs_values-bs.arsc.flat
[        ] Compiling xml file C:\Users\Dyuthi\smartnotes\build\camera_android\intermediates\merged_res\release\mergeReleaseResources\layout-v21\notification_action.xml to C:\Users\Dyuthi\smartnotes\build\camera_android\intermediates\verified_library_resources\release\verifyReleaseResources\compiled\layout-v21_notification_action.xml.flat
[        ] Compiling XML table C:\Users\Dyuthi\smartnotes\build\camera_android\intermediates\merged_res\release\mergeReleaseResources\values-kk\values-kk.xml to C:\Users\Dyuthi\smartnotes\build\camera_android\intermediates\verified_library_resources\release\verifyReleaseResources\compiled\values-kk_values-kk.arsc.flat
[        ] Compiling XML table C:\Users\Dyuthi\smartnotes\build\camera_android\intermediates\merged_res\release\mergeReleaseResources\values-fi\values-fi.xml to C:\Users\Dyuthi\smartnotes\build\camera_android\intermediates\verified_library_resources\release\verifyReleaseResources\compiled\values-fi_values-fi.arsc.flat
[        ] Compiling XML table C:\Users\Dyuthi\smartnotes\build\camera_android\intermediates\merged_res\release\mergeReleaseResources\values-nl\values-nl.xml to C:\Users\Dyuthi\smartnotes\build\camera_android\intermediates\verified_library_resources\release\verifyReleaseResources\compiled\values-nl_values-nl.arsc.flat
[        ] Compiling XML table C:\Users\Dyuthi\smartnotes\build\camera_android\intermediates\merged_res\release\mergeReleaseResources\values-ta\values-ta.xml to C:\Users\Dyuthi\smartnotes\build\camera_android\intermediates\verified_library_resources\release\verifyReleaseResources\compiled\values-ta_values-ta.arsc.flat
[        ] Compiling XML table C:\Users\Dyuthi\smartnotes\build\camera_android\intermediates\merged_res\release\mergeReleaseResources\values-km\values-km.xml to C:\Users\Dyuthi\smartnotes\build\camera_android\intermediates\verified_library_resources\release\verifyReleaseResources\compiled\values-km_values-km.arsc.flat
[        ] Compiling xml file C:\Users\Dyuthi\smartnotes\build\camera_android\intermediates\merged_res\release\mergeReleaseResources\drawable\notification_bg_low.xml to C:\Users\Dyuthi\smartnotes\build\camera_android\intermediates\verified_library_resources\release\verifyReleaseResources\compiled\drawable_notification_bg_low.xml.flat
[        ] Compiling XML table C:\Users\Dyuthi\smartnotes\build\camera_android\intermediates\merged_res\release\mergeReleaseResources\values-or\values-or.xml to C:\Users\Dyuthi\smartnotes\build\camera_android\intermediates\verified_library_resources\release\verifyReleaseResources\compiled\values-or_values-or.arsc.flat
[        ] Compiling XML table C:\Users\Dyuthi\smartnotes\build\camera_android\intermediates\merged_res\release\mergeReleaseResources\values-te\values-te.xml to C:\Users\Dyuthi\smartnotes\build\camera_android\intermediates\verified_library_resources\release\verifyReleaseResources\compiled\values-te_values-te.arsc.flat
[        ] Compiling XML table C:\Users\Dyuthi\smartnotes\build\camera_android\intermediates\merged_res\release\mergeReleaseResources\values-ca\values-ca.xml to C:\Users\Dyuthi\smartnotes\build\camera_android\intermediates\verified_library_resources\release\verifyReleaseResources\compiled\values-ca_values-ca.arsc.flat
[        ] Compiling image file C:\Users\Dyuthi\smartnotes\build\camera_android\intermediates\merged_res\release\mergeReleaseResources\drawable-hdpi-v4\notify_panel_notification_icon_bg.png
[        ] Compiling file C:\Users\Dyuthi\smartnotes\build\camera_android\intermediates\merged_res\release\mergeReleaseResources\drawable-hdpi-v4\notify_panel_notification_icon_bg.png to C:\Users\Dyuthi\smartnotes\build\camera_android\intermediates\verified_library_resources\release\verifyReleaseResources\compiled\drawable-hdpi-v4_notify_panel_notification_icon_bg.png.flat
[        ] Compiling XML table C:\Users\Dyuthi\smartnotes\build\camera_android\intermediates\merged_res\release\mergeReleaseResources\values-cs\values-cs.xml to C:\Users\Dyuthi\smartnotes\build\camera_android\intermediates\verified_library_resources\release\verifyReleaseResources\compiled\values-cs_values-cs.arsc.flat
[        ] Compiling XML table C:\Users\Dyuthi\smartnotes\build\camera_android\intermediates\merged_res\release\mergeReleaseResources\values-fr-rCA\values-fr-rCA.xml to C:\Users\Dyuthi\smartnotes\build\camera_android\intermediates\verified_library_resources\release\verifyReleaseResources\compiled\values-fr-rCA_values-fr-rCA.arsc.flat
[        ] Compiling XML table C:\Users\Dyuthi\smartnotes\build\camera_android\intermediates\merged_res\release\mergeReleaseResources\values-fr\values-fr.xml to C:\Users\Dyuthi\smartnotes\build\camera_android\intermediates\verified_library_resources\release\verifyReleaseResources\compiled\values-fr_values-fr.arsc.flat
[        ] Compiling XML table C:\Users\Dyuthi\smartnotes\build\camera_android\intermediates\merged_res\release\mergeReleaseResources\values-ko\values-ko.xml to C:\Users\Dyuthi\smartnotes\build\camera_android\intermediates\verified_library_resources\release\verifyReleaseResources\compiled\values-ko_values-ko.arsc.flat
[        ] Compiling XML table C:\Users\Dyuthi\smartnotes\build\camera_android\intermediates\merged_res\release\mergeReleaseResources\values-kn\values-kn.xml to C:\Users\Dyuthi\smartnotes\build\camera_android\intermediates\verified_library_resources\release\verifyReleaseResources\compiled\values-kn_values-kn.arsc.flat
[        ] Compiling XML table C:\Users\Dyuthi\smartnotes\build\camera_android\intermediates\merged_res\release\mergeReleaseResources\values-pl\values-pl.xml to C:\Users\Dyuthi\smartnotes\build\camera_android\intermediates\verified_library_resources\release\verifyReleaseResources\compiled\values-pl_values-pl.arsc.flat
[        ] Compiling XML table C:\Users\Dyuthi\smartnotes\build\camera_android\intermediates\merged_res\release\mergeReleaseResources\values-pa\values-pa.xml to C:\Users\Dyuthi\smartnotes\build\camera_android\intermediates\verified_library_resources\release\verifyReleaseResources\compiled\values-pa_values-pa.arsc.flat
[        ] Compiling image file C:\Users\Dyuthi\smartnotes\build\camera_android\intermediates\merged_res\release\mergeReleaseResources\drawable-xhdpi-v4\ic_call_answer_low.png
[        ] Compiling file C:\Users\Dyuthi\smartnotes\build\camera_android\intermediates\merged_res\release\mergeReleaseResources\drawable-xhdpi-v4\ic_call_answer_low.png to C:\Users\Dyuthi\smartnotes\build\camera_android\intermediates\verified_library_resources\release\verifyReleaseResources\compiled\drawable-xhdpi-v4_ic_call_answer_low.png.flat
[        ] Compiling XML table C:\Users\Dyuthi\smartnotes\build\camera_android\intermediates\merged_res\release\mergeReleaseResources\values-th\values-th.xml to C:\Users\Dyuthi\smartnotes\build\camera_android\intermediates\verified_library_resources\release\verifyReleaseResources\compiled\values-th_values-th.arsc.flat
[        ] Compiling XML table C:\Users\Dyuthi\smartnotes\build\camera_android\intermediates\merged_res\release\mergeReleaseResources\values-tl\values-tl.xml to C:\Users\Dyuthi\smartnotes\build\camera_android\intermediates\verified_library_resources\release\verifyReleaseResources\compiled\values-tl_values-tl.arsc.flat
[        ] Compiling image file C:\Users\Dyuthi\smartnotes\build\camera_android\intermediates\merged_res\release\mergeReleaseResources\drawable-xxxhdpi-v4\ic_call_decline.png
[        ] Compiling file C:\Users\Dyuthi\smartnotes\build\camera_android\intermediates\merged_res\release\mergeReleaseResources\drawable-xxxhdpi-v4\ic_call_decline.png to C:\Users\Dyuthi\smartnotes\build\camera_android\intermediates\verified_library_resources\release\verifyReleaseResources\compiled\drawable-xxxhdpi-v4_ic_call_decline.png.flat
[        ] Compiling XML table C:\Users\Dyuthi\smartnotes\build\camera_android\intermediates\merged_res\release\mergeReleaseResources\values-az\values-az.xml to C:\Users\Dyuthi\smartnotes\build\camera_android\intermediates\verified_library_resources\release\verifyReleaseResources\compiled\values-az_values-az.arsc.flat
[        ] Compiling XML table C:\Users\Dyuthi\smartnotes\build\camera_android\intermediates\merged_res\release\mergeReleaseResources\values-es\values-es.xml to C:\Users\Dyuthi\smartnotes\build\camera_android\intermediates\verified_library_resources\release\verifyReleaseResources\compiled\values-es_values-es.arsc.flat
[        ] Compiling XML table C:\Users\Dyuthi\smartnotes\build\camera_android\intermediates\merged_res\release\mergeReleaseResources\values-it\values-it.xml to C:\Users\Dyuthi\smartnotes\build\camera_android\intermediates\verified_library_resources\release\verifyReleaseResources\compiled\values-it_values-it.arsc.flat
[        ] Compiling XML table C:\Users\Dyuthi\smartnotes\build\camera_android\intermediates\merged_res\release\mergeReleaseResources\values-ms\values-ms.xml to C:\Users\Dyuthi\smartnotes\build\camera_android\intermediates\verified_library_resources\release\verifyReleaseResources\compiled\values-ms_values-ms.arsc.flat
[        ] Compiling XML table C:\Users\Dyuthi\smartnotes\build\camera_android\intermediates\merged_res\release\mergeReleaseResources\values-sq\values-sq.xml to C:\Users\Dyuthi\smartnotes\build\camera_android\intermediates\verified_library_resources\release\verifyReleaseResources\compiled\values-sq_values-sq.arsc.flat
[        ] Compiling XML table C:\Users\Dyuthi\smartnotes\build\camera_android\intermediates\merged_res\release\mergeReleaseResources\values-zh-rTW\values-zh-rTW.xml to C:\Users\Dyuthi\smartnotes\build\camera_android\intermediates\verified_library_resources\release\verifyReleaseResources\compiled\values-zh-rTW_values-zh-rTW.arsc.flat
[        ] > Task :file_picker:lintVitalAnalyzeRelease
[        ] Caching disabled for task ':file_picker:lintVitalAnalyzeRelease' because:
[        ]   Build cache is disabled
[        ] Task ':file_picker:lintVitalAnalyzeRelease' is not up-to-date because:
[        ]   No history is available.
[        ] Android Lint: Reusing lint classloader 31.11.1_false
[ +482 ms] > Task :file_picker:mergeReleaseResources
[        ] Caching disabled for task ':file_picker:mergeReleaseResources' because:
[        ]   Build cache is disabled
[        ] Task ':file_picker:mergeReleaseResources' is not up-to-date because:
[        ]   No history is available.
[        ] The input changes require a full rebuild for incremental task ':file_picker:mergeReleaseResources'.
[        ] [MergeResources] Inputs are non-incremental full task action.
[        ] Resolve mutations for :camera_android:assembleRelease (Thread[#517,Execution worker,5,main]) started.
[        ] :camera_android:assembleRelease (Thread[#517,Execution worker,5,main]) started.
[        ] > Task :camera_android:assembleRelease
[        ] Skipping task ':camera_android:assembleRelease' as it has no actions.
[        ] Resolve mutations for :file_picker:verifyReleaseResources (Thread[#517,Execution worker,5,main]) started.
[        ] :file_picker:verifyReleaseResources (Thread[#517,Execution worker,5,main]) started.
[        ] Resolve mutations for :flutter_plugin_android_lifecycle:bundleReleaseAar (Thread[#520,Execution worker Thread 4,5,main]) started.
[        ] :flutter_plugin_android_lifecycle:bundleReleaseAar (Thread[#520,Execution worker Thread 4,5,main]) started.
[        ] > Task :flutter_plugin_android_lifecycle:bundleReleaseAar
[        ] Caching disabled for task ':flutter_plugin_android_lifecycle:bundleReleaseAar' because:
[        ]   Build cache is disabled
[        ]   Caching has been disabled for the task
[        ] Task ':flutter_plugin_android_lifecycle:bundleReleaseAar' is not up-to-date because:
[        ]   Output property 'archiveFile' file C:\Users\Dyuthi\smartnotes\build\flutter_plugin_android_lifecycle\outputs\aar\flutter_plugin_android_lifecycle-release.aar has been removed.
[        ] file or directory 'C:\Users\Dyuthi\smartnotes\build\flutter_plugin_android_lifecycle\intermediates\public_res\release\packageReleaseResources\public.txt', not found
[        ] file or directory 'C:\Users\Dyuthi\smartnotes\build\flutter_plugin_android_lifecycle\intermediates\navigation_json_for_aar\release\extractDeepLinksForAarRelease\navigation.json', not found
[        ] file or directory 'C:\Users\Dyuthi\smartnotes\build\flutter_plugin_android_lifecycle\intermediates\annotations_zip\release\extractReleaseAnnotations\annotations.zip', not found
[        ] file or directory 'C:\Users\Dyuthi\smartnotes\build\flutter_plugin_android_lifecycle\intermediates\lint_publish_jar\global\prepareLintJarForPublish\lint.jar', not found
[        ] file or directory 'C:\Users\Dyuthi\smartnotes\build\flutter_plugin_android_lifecycle\intermediates\library_art_profile\release\prepareReleaseArtProfile\baseline-prof.txt', not found
[        ] Resolve mutations for :flutter_plugin_android_lifecycle:mapReleaseSourceSetPaths (Thread[#520,Execution worker Thread 4,5,main]) started.
[        ] :flutter_plugin_android_lifecycle:mapReleaseSourceSetPaths (Thread[#520,Execution worker Thread 4,5,main]) started.
[        ] > Task :flutter_plugin_android_lifecycle:lintVitalAnalyzeRelease
[        ] Caching disabled for task ':flutter_plugin_android_lifecycle:lintVitalAnalyzeRelease' because:
[        ]   Build cache is disabled
[        ] Task ':flutter_plugin_android_lifecycle:lintVitalAnalyzeRelease' is not up-to-date because:
[        ]   Value of input property 'printStackTrace' has changed for task ':flutter_plugin_android_lifecycle:lintVitalAnalyzeRelease'
[        ] Android Lint: Reusing lint classloader 31.11.1_false
[  +91 ms] > Task :flutter_plugin_android_lifecycle:mapReleaseSourceSetPaths
[        ] Caching disabled for task ':flutter_plugin_android_lifecycle:mapReleaseSourceSetPaths' because:
[        ]   Build cache is disabled
[        ]   Caching has been disabled for the task
[        ] Task ':flutter_plugin_android_lifecycle:mapReleaseSourceSetPaths' is not up-to-date because:
[        ]   Output property 'filepathMappingFile' file C:\Users\Dyuthi\smartnotes\build\flutter_plugin_android_lifecycle\intermediates\source_set_path_map\release\mapReleaseSourceSetPaths\file-map.txt has been removed.
[   +1 ms] Resolve mutations for :flutter_plugin_android_lifecycle:mergeReleaseResources (Thread[#520,Execution worker Thread 4,5,main]) started.
[        ] :flutter_plugin_android_lifecycle:mergeReleaseResources (Thread[#520,Execution worker Thread 4,5,main]) started.
[        ] > Task :image_picker_android:lintVitalAnalyzeRelease
[        ] Caching disabled for task ':image_picker_android:lintVitalAnalyzeRelease' because:
[        ]   Build cache is disabled
[        ] Task ':image_picker_android:lintVitalAnalyzeRelease' is not up-to-date because:
[        ]   Value of input property 'printStackTrace' has changed for task ':image_picker_android:lintVitalAnalyzeRelease'
[        ] Android Lint: Reusing lint classloader 31.11.1_false
[+1697 ms] > Task :jni_flutter:lintVitalAnalyzeRelease
[        ] Caching disabled for task ':jni_flutter:lintVitalAnalyzeRelease' because:
[        ]   Build cache is disabled
[        ] Task ':jni_flutter:lintVitalAnalyzeRelease' is not up-to-date because:
[        ]   Value of input property 'printStackTrace' has changed for task ':jni_flutter:lintVitalAnalyzeRelease'
[        ] Android Lint: Reusing lint classloader 31.11.1_false
[        ] > Task :jni:lintVitalAnalyzeRelease
[        ] Caching disabled for task ':jni:lintVitalAnalyzeRelease' because:
[        ]   Build cache is disabled
[        ] Task ':jni:lintVitalAnalyzeRelease' is not up-to-date because:
[        ]   Value of input property 'printStackTrace' has changed for task ':jni:lintVitalAnalyzeRelease'
[        ] Android Lint: Reusing lint classloader 31.11.1_false
[ +211 ms] > Task :flutter_plugin_android_lifecycle:mergeReleaseResources
[        ] Caching disabled for task ':flutter_plugin_android_lifecycle:mergeReleaseResources' because:
[        ]   Build cache is disabled
[        ] Task ':flutter_plugin_android_lifecycle:mergeReleaseResources' is not up-to-date because:
[        ]   Output property 'blameLogOutputFolder' file C:\Users\Dyuthi\smartnotes\build\flutter_plugin_android_lifecycle\intermediates\merged_res_blame_folder\release\mergeReleaseResources\out has been removed.
[        ]   Output property 'blameLogOutputFolder' file C:\Users\Dyuthi\smartnotes\build\flutter_plugin_android_lifecycle\intermediates\merged_res_blame_folder\release\mergeReleaseResources\out\multi-v2 has been removed.
[        ]   Output property 'blameLogOutputFolder' file C:\Users\Dyuthi\smartnotes\build\flutter_plugin_android_lifecycle\intermediates\merged_res_blame_folder\release\mergeReleaseResources\out\multi-v2\values-af.json has been removed.
[        ]   and more...
[        ] The input changes require a full rebuild for incremental task ':flutter_plugin_android_lifecycle:mergeReleaseResources'.
[        ] [MergeResources] Inputs are non-incremental full task action.
[        ] work action resolve out (project :jni_flutter) (Thread[#520,Execution worker Thread 4,5,main]) started.
[        ] work action resolve out (project :jni_flutter) (Thread[#520,Execution worker Thread 4,5,main]) started.
[        ] Resolve mutations for :flutter_plugin_android_lifecycle:verifyReleaseResources (Thread[#520,Execution worker Thread 4,5,main]) started.
[        ] :flutter_plugin_android_lifecycle:verifyReleaseResources (Thread[#520,Execution worker Thread 4,5,main]) started.
[        ] Resolve mutations for :image_picker_android:bundleReleaseAar (Thread[#531,Execution worker Thread 15,5,main]) started.
[        ] :image_picker_android:bundleReleaseAar (Thread[#531,Execution worker Thread 15,5,main]) started.
[   +2 ms] > Task :file_picker:verifyReleaseResources
[        ] Caching disabled for task ':file_picker:verifyReleaseResources' because:
[        ]   Build cache is disabled
[        ] Task ':file_picker:verifyReleaseResources' is not up-to-date because:
[        ]   No history is available.
[        ] The input changes require a full rebuild for incremental task ':file_picker:verifyReleaseResources'.
[        ] Compiling xml file C:\Users\Dyuthi\smartnotes\build\file_picker\intermediates\merged_res\release\mergeReleaseResources\anim-v21\fragment_fast_out_extra_slow_in.xml to C:\Users\Dyuthi\smartnotes\build\file_picker\intermediates\verified_library_resources\release\verifyReleaseResources\compiled\anim-v21_fragment_fast_out_extra_slow_in.xml.flat
[        ] Compiling xml file C:\Users\Dyuthi\smartnotes\build\file_picker\intermediates\merged_res\release\mergeReleaseResources\animator\fragment_close_enter.xml to C:\Users\Dyuthi\smartnotes\build\file_picker\intermediates\verified_library_resources\release\verifyReleaseResources\compiled\animator_fragment_close_enter.xml.flat
[        ] Compiling xml file C:\Users\Dyuthi\smartnotes\build\file_picker\intermediates\merged_res\release\mergeReleaseResources\animator\fragment_close_exit.xml to C:\Users\Dyuthi\smartnotes\build\file_picker\intermediates\verified_library_resources\release\verifyReleaseResources\compiled\animator_fragment_close_exit.xml.flat
[        ] Compiling xml file C:\Users\Dyuthi\smartnotes\build\file_picker\intermediates\merged_res\release\mergeReleaseResources\animator\fragment_open_enter.xml to C:\Users\Dyuthi\smartnotes\build\file_picker\intermediates\verified_library_resources\release\verifyReleaseResources\compiled\animator_fragment_open_enter.xml.flat
[        ] Compiling xml file C:\Users\Dyuthi\smartnotes\build\file_picker\intermediates\merged_res\release\mergeReleaseResources\animator\fragment_fade_enter.xml to C:\Users\Dyuthi\smartnotes\build\file_picker\intermediates\verified_library_resources\release\verifyReleaseResources\compiled\animator_fragment_fade_enter.xml.flat
[        ] Compiling xml file C:\Users\Dyuthi\smartnotes\build\file_picker\intermediates\merged_res\release\mergeReleaseResources\animator\fragment_fade_exit.xml to C:\Users\Dyuthi\smartnotes\build\file_picker\intermediates\verified_library_resources\release\verifyReleaseResources\compiled\animator_fragment_fade_exit.xml.flat
[        ] Compiling xml file C:\Users\Dyuthi\smartnotes\build\file_picker\intermediates\merged_res\release\mergeReleaseResources\animator\fragment_open_exit.xml to C:\Users\Dyuthi\smartnotes\build\file_picker\intermediates\verified_library_resources\release\verifyReleaseResources\compiled\animator_fragment_open_exit.xml.flat
[        ] Compiling image file C:\Users\Dyuthi\smartnotes\build\file_picker\intermediates\merged_res\release\mergeReleaseResources\drawable-hdpi-v4\ic_call_answer_low.png
[   +2 ms] Compiling file C:\Users\Dyuthi\smartnotes\build\file_picker\intermediates\merged_res\release\mergeReleaseResources\drawable-hdpi-v4\ic_call_answer_low.png to C:\Users\Dyuthi\smartnotes\build\file_picker\intermediates\verified_library_resources\release\verifyReleaseResources\compiled\drawable-hdpi-v4_ic_call_answer_low.png.flat
[        ] Compiling image file C:\Users\Dyuthi\smartnotes\build\file_picker\intermediates\merged_res\release\mergeReleaseResources\drawable-hdpi-v4\ic_call_answer.png
[        ] Compiling file C:\Users\Dyuthi\smartnotes\build\file_picker\intermediates\merged_res\release\mergeReleaseResources\drawable-hdpi-v4\ic_call_answer.png to C:\Users\Dyuthi\smartnotes\build\file_picker\intermediates\verified_library_resources\release\verifyReleaseResources\compiled\drawable-hdpi-v4_ic_call_answer.png.flat
[        ] Compiling image file C:\Users\Dyuthi\smartnotes\build\file_picker\intermediates\merged_res\release\mergeReleaseResources\drawable-hdpi-v4\ic_call_decline.png
[        ] Compiling file C:\Users\Dyuthi\smartnotes\build\file_picker\intermediates\merged_res\release\mergeReleaseResources\drawable-hdpi-v4\ic_call_decline.png to C:\Users\Dyuthi\smartnotes\build\file_picker\intermediates\verified_library_resources\release\verifyReleaseResources\compiled\drawable-hdpi-v4_ic_call_decline.png.flat
[        ] Compiling image file C:\Users\Dyuthi\smartnotes\build\file_picker\intermediates\merged_res\release\mergeReleaseResources\drawable-hdpi-v4\ic_call_answer_video.png
[        ] Compiling file C:\Users\Dyuthi\smartnotes\build\file_picker\intermediates\merged_res\release\mergeReleaseResources\drawable-hdpi-v4\ic_call_answer_video.png to C:\Users\Dyuthi\smartnotes\build\file_picker\intermediates\verified_library_resources\release\verifyReleaseResources\compiled\drawable-hdpi-v4_ic_call_answer_video.png.flat
[        ] Compiling image file C:\Users\Dyuthi\smartnotes\build\file_picker\intermediates\merged_res\release\mergeReleaseResources\drawable-hdpi-v4\ic_call_answer_video_low.png
[        ] Compiling file C:\Users\Dyuthi\smartnotes\build\file_picker\intermediates\merged_res\release\mergeReleaseResources\drawable-hdpi-v4\ic_call_answer_video_low.png to C:\Users\Dyuthi\smartnotes\build\file_picker\intermediates\verified_library_resources\release\verifyReleaseResources\compiled\drawable-hdpi-v4_ic_call_answer_video_low.png.flat
[        ] Compiling image file C:\Users\Dyuthi\smartnotes\build\file_picker\intermediates\merged_res\release\mergeReleaseResources\drawable-hdpi-v4\ic_call_decline_low.png
[        ] Compiling file C:\Users\Dyuthi\smartnotes\build\file_picker\intermediates\merged_res\release\mergeReleaseResources\drawable-hdpi-v4\ic_call_decline_low.png to C:\Users\Dyuthi\smartnotes\build\file_picker\intermediates\verified_library_resources\release\verifyReleaseResources\compiled\drawable-hdpi-v4_ic_call_decline_low.png.flat
[        ] Compiling image file C:\Users\Dyuthi\smartnotes\build\file_picker\intermediates\merged_res\release\mergeReleaseResources\drawable-mdpi-v4\ic_call_answer_video_low.png
[        ] Compiling file C:\Users\Dyuthi\smartnotes\build\file_picker\intermediates\merged_res\release\mergeReleaseResources\drawable-mdpi-v4\ic_call_answer_video_low.png to C:\Users\Dyuthi\smartnotes\build\file_picker\intermediates\verified_library_resources\release\verifyReleaseResources\compiled\drawable-mdpi-v4_ic_call_answer_video_low.png.flat
[        ] Compiling image file C:\Users\Dyuthi\smartnotes\build\file_picker\intermediates\merged_res\release\mergeReleaseResources\drawable-mdpi-v4\ic_call_answer_video.png
[        ] Compiling file C:\Users\Dyuthi\smartnotes\build\file_picker\intermediates\merged_res\release\mergeReleaseResources\drawable-mdpi-v4\ic_call_answer_video.png to C:\Users\Dyuthi\smartnotes\build\file_picker\intermediates\verified_library_resources\release\verifyReleaseResources\compiled\drawable-mdpi-v4_ic_call_answer_video.png.flat
[        ] Compiling image file C:\Users\Dyuthi\smartnotes\build\file_picker\intermediates\merged_res\release\mergeReleaseResources\drawable-mdpi-v4\notify_panel_notification_icon_bg.png
[        ] Compiling file C:\Users\Dyuthi\smartnotes\build\file_picker\intermediates\merged_res\release\mergeReleaseResources\drawable-mdpi-v4\notify_panel_notification_icon_bg.png to C:\Users\Dyuthi\smartnotes\build\file_picker\intermediates\verified_library_resources\release\verifyReleaseResources\compiled\drawable-mdpi-v4_notify_panel_notification_icon_bg.png.flat
[        ] Compiling image file C:\Users\Dyuthi\smartnotes\build\file_picker\intermediates\merged_res\release\mergeReleaseResources\drawable-mdpi-v4\ic_call_decline.png
[        ] Compiling file C:\Users\Dyuthi\smartnotes\build\file_picker\intermediates\merged_res\release\mergeReleaseResources\drawable-mdpi-v4\ic_call_decline.png to C:\Users\Dyuthi\smartnotes\build\file_picker\intermediates\verified_library_resources\release\verifyReleaseResources\compiled\drawable-mdpi-v4_ic_call_decline.png.flat
[        ] Compiling image file C:\Users\Dyuthi\smartnotes\build\file_picker\intermediates\merged_res\release\mergeReleaseResources\drawable-mdpi-v4\ic_call_decline_low.png
[        ] Compiling file C:\Users\Dyuthi\smartnotes\build\file_picker\intermediates\merged_res\release\mergeReleaseResources\drawable-mdpi-v4\ic_call_decline_low.png to C:\Users\Dyuthi\smartnotes\build\file_picker\intermediates\verified_library_resources\release\verifyReleaseResources\compiled\drawable-mdpi-v4_ic_call_decline_low.png.flat
[        ] Compiling xml file C:\Users\Dyuthi\smartnotes\build\file_picker\intermediates\merged_res\release\mergeReleaseResources\drawable-v21\notification_action_background.xml to C:\Users\Dyuthi\smartnotes\build\file_picker\intermediates\verified_library_resources\release\verifyReleaseResources\compiled\drawable-v21_notification_action_background.xml.flat
[        ] Compiling image file C:\Users\Dyuthi\smartnotes\build\file_picker\intermediates\merged_res\release\mergeReleaseResources\drawable-xxhdpi-v4\ic_call_decline.png
[        ] Compiling file C:\Users\Dyuthi\smartnotes\build\file_picker\intermediates\merged_res\release\mergeReleaseResources\drawable-xxhdpi-v4\ic_call_decline.png to C:\Users\Dyuthi\smartnotes\build\file_picker\intermediates\verified_library_resources\release\verifyReleaseResources\compiled\drawable-xxhdpi-v4_ic_call_decline.png.flat
[        ] Compiling image file C:\Users\Dyuthi\smartnotes\build\file_picker\intermediates\merged_res\release\mergeReleaseResources\drawable-xxhdpi-v4\ic_call_answer_video_low.png
[        ] Compiling file C:\Users\Dyuthi\smartnotes\build\file_picker\intermediates\merged_res\release\mergeReleaseResources\drawable-xxhdpi-v4\ic_call_answer_video_low.png to C:\Users\Dyuthi\smartnotes\build\file_picker\intermediates\verified_library_resources\release\verifyReleaseResources\compiled\drawable-xxhdpi-v4_ic_call_answer_video_low.png.flat
[   +2 ms] Compiling image file C:\Users\Dyuthi\smartnotes\build\file_picker\intermediates\merged_res\release\mergeReleaseResources\drawable-xxhdpi-v4\ic_call_decline_low.png
[        ] Compiling file C:\Users\Dyuthi\smartnotes\build\file_picker\intermediates\merged_res\release\mergeReleaseResources\drawable-xxhdpi-v4\ic_call_decline_low.png to C:\Users\Dyuthi\smartnotes\build\file_picker\intermediates\verified_library_resources\release\verifyReleaseResources\compiled\drawable-xxhdpi-v4_ic_call_decline_low.png.flat
[        ] Compiling xml file C:\Users\Dyuthi\smartnotes\build\file_picker\intermediates\merged_res\release\mergeReleaseResources\layout-v21\notification_template_icon_group.xml to C:\Users\Dyuthi\smartnotes\build\file_picker\intermediates\verified_library_resources\release\verifyReleaseResources\compiled\layout-v21_notification_template_icon_group.xml.flat
[        ] Compiling image file C:\Users\Dyuthi\smartnotes\build\file_picker\intermediates\merged_res\release\mergeReleaseResources\drawable-xxxhdpi-v4\ic_call_answer.png
[        ] Compiling file C:\Users\Dyuthi\smartnotes\build\file_picker\intermediates\merged_res\release\mergeReleaseResources\drawable-xxxhdpi-v4\ic_call_answer.png to C:\Users\Dyuthi\smartnotes\build\file_picker\intermediates\verified_library_resources\release\verifyReleaseResources\compiled\drawable-xxxhdpi-v4_ic_call_answer.png.flat
[        ] Compiling image file C:\Users\Dyuthi\smartnotes\build\file_picker\intermediates\merged_res\release\mergeReleaseResources\drawable-xxxhdpi-v4\ic_call_answer_low.png
[        ] Compiling file C:\Users\Dyuthi\smartnotes\build\file_picker\intermediates\merged_res\release\mergeReleaseResources\drawable-xxxhdpi-v4\ic_call_answer_low.png to C:\Users\Dyuthi\smartnotes\build\file_picker\intermediates\verified_library_resources\release\verifyReleaseResources\compiled\drawable-xxxhdpi-v4_ic_call_answer_low.png.flat
[        ] Compiling image file C:\Users\Dyuthi\smartnotes\build\file_picker\intermediates\merged_res\release\mergeReleaseResources\drawable-xxxhdpi-v4\ic_call_answer_video.png
[        ] Compiling file C:\Users\Dyuthi\smartnotes\build\file_picker\intermediates\merged_res\release\mergeReleaseResources\drawable-xxxhdpi-v4\ic_call_answer_video.png to C:\Users\Dyuthi\smartnotes\build\file_picker\intermediates\verified_library_resources\release\verifyReleaseResources\compiled\drawable-xxxhdpi-v4_ic_call_answer_video.png.flat
[        ] Compiling xml file C:\Users\Dyuthi\smartnotes\build\file_picker\intermediates\merged_res\release\mergeReleaseResources\layout-v21\notification_template_custom_big.xml to C:\Users\Dyuthi\smartnotes\build\file_picker\intermediates\verified_library_resources\release\verifyReleaseResources\compiled\layout-v21_notification_template_custom_big.xml.flat
[        ] Compiling xml file C:\Users\Dyuthi\smartnotes\build\file_picker\intermediates\merged_res\release\mergeReleaseResources\drawable-anydpi-v21\ic_call_decline_low.xml to C:\Users\Dyuthi\smartnotes\build\file_picker\intermediates\verified_library_resources\release\verifyReleaseResources\compiled\drawable-anydpi-v21_ic_call_decline_low.xml.flat
[        ] Compiling XML table C:\Users\Dyuthi\smartnotes\build\file_picker\intermediates\merged_res\release\mergeReleaseResources\values\values.xml to C:\Users\Dyuthi\smartnotes\build\file_picker\intermediates\verified_library_resources\release\verifyReleaseResources\compiled\values_values.arsc.flat
[        ] Compiling XML table C:\Users\Dyuthi\smartnotes\build\file_picker\intermediates\merged_res\release\mergeReleaseResources\values-af\values-af.xml to C:\Users\Dyuthi\smartnotes\build\file_picker\intermediates\verified_library_resources\release\verifyReleaseResources\compiled\values-af_values-af.arsc.flat
[        ] Compiling XML table C:\Users\Dyuthi\smartnotes\build\file_picker\intermediates\merged_res\release\mergeReleaseResources\values-ar\values-ar.xml to C:\Users\Dyuthi\smartnotes\build\file_picker\intermediates\verified_library_resources\release\verifyReleaseResources\compiled\values-ar_values-ar.arsc.flat
[        ] Compiling XML table C:\Users\Dyuthi\smartnotes\build\file_picker\intermediates\merged_res\release\mergeReleaseResources\values-de\values-de.xml to C:\Users\Dyuthi\smartnotes\build\file_picker\intermediates\verified_library_resources\release\verifyReleaseResources\compiled\values-de_values-de.arsc.flat
[        ] Compiling xml file C:\Users\Dyuthi\smartnotes\build\file_picker\intermediates\merged_res\release\mergeReleaseResources\drawable\notification_bg_low.xml to C:\Users\Dyuthi\smartnotes\build\file_picker\intermediates\verified_library_resources\release\verifyReleaseResources\compiled\drawable_notification_bg_low.xml.flat
[        ] Compiling image file C:\Users\Dyuthi\smartnotes\build\file_picker\intermediates\merged_res\release\mergeReleaseResources\drawable-mdpi-v4\ic_call_answer_low.png
[        ] Compiling file C:\Users\Dyuthi\smartnotes\build\file_picker\intermediates\merged_res\release\mergeReleaseResources\drawable-mdpi-v4\ic_call_answer_low.png to C:\Users\Dyuthi\smartnotes\build\file_picker\intermediates\verified_library_resources\release\verifyReleaseResources\compiled\drawable-mdpi-v4_ic_call_answer_low.png.flat
[        ] Compiling XML table C:\Users\Dyuthi\smartnotes\build\file_picker\intermediates\merged_res\release\mergeReleaseResources\values-el\values-el.xml to C:\Users\Dyuthi\smartnotes\build\file_picker\intermediates\verified_library_resources\release\verifyReleaseResources\compiled\values-el_values-el.arsc.flat
[        ] Compiling XML table C:\Users\Dyuthi\smartnotes\build\file_picker\intermediates\merged_res\release\mergeReleaseResources\values-hi\values-hi.xml to C:\Users\Dyuthi\smartnotes\build\file_picker\intermediates\verified_library_resources\release\verifyReleaseResources\compiled\values-hi_values-hi.arsc.flat
[        ] Compiling XML table C:\Users\Dyuthi\smartnotes\build\file_picker\intermediates\merged_res\release\mergeReleaseResources\values-gu\values-gu.xml to C:\Users\Dyuthi\smartnotes\build\file_picker\intermediates\verified_library_resources\release\verifyReleaseResources\compiled\values-gu_values-gu.arsc.flat
[        ] Compiling XML table C:\Users\Dyuthi\smartnotes\build\file_picker\intermediates\merged_res\release\mergeReleaseResources\values-en-rCA\values-en-rCA.xml to C:\Users\Dyuthi\smartnotes\build\file_picker\intermediates\verified_library_resources\release\verifyReleaseResources\compiled\values-en-rCA_values-en-rCA.arsc.flat
[        ] Compiling image file C:\Users\Dyuthi\smartnotes\build\file_picker\intermediates\merged_res\release\mergeReleaseResources\drawable-hdpi-v4\notify_panel_notification_icon_bg.png
[        ] Compiling file C:\Users\Dyuthi\smartnotes\build\file_picker\intermediates\merged_res\release\mergeReleaseResources\drawable-hdpi-v4\notify_panel_notification_icon_bg.png to C:\Users\Dyuthi\smartnotes\build\file_picker\intermediates\verified_library_resources\release\verifyReleaseResources\compiled\drawable-hdpi-v4_notify_panel_notification_icon_bg.png.flat
[        ] Compiling XML table C:\Users\Dyuthi\smartnotes\build\file_picker\intermediates\merged_res\release\mergeReleaseResources\values-am\values-am.xml to C:\Users\Dyuthi\smartnotes\build\file_picker\intermediates\verified_library_resources\release\verifyReleaseResources\compiled\values-am_values-am.arsc.flat
[        ] Compiling image file C:\Users\Dyuthi\smartnotes\build\file_picker\intermediates\merged_res\release\mergeReleaseResources\drawable-xhdpi-v4\ic_call_answer_low.png
[        ] Compiling file C:\Users\Dyuthi\smartnotes\build\file_picker\intermediates\merged_res\release\mergeReleaseResources\drawable-xhdpi-v4\ic_call_answer_low.png to C:\Users\Dyuthi\smartnotes\build\file_picker\intermediates\verified_library_resources\release\verifyReleaseResources\compiled\drawable-xhdpi-v4_ic_call_answer_low.png.flat
[        ] Compiling XML table C:\Users\Dyuthi\smartnotes\build\file_picker\intermediates\merged_res\release\mergeReleaseResources\values-lt\values-lt.xml to C:\Users\Dyuthi\smartnotes\build\file_picker\intermediates\verified_library_resources\release\verifyReleaseResources\compiled\values-lt_values-lt.arsc.flat
[        ] Compiling XML table C:\Users\Dyuthi\smartnotes\build\file_picker\intermediates\merged_res\release\mergeReleaseResources\values-lo\values-lo.xml to C:\Users\Dyuthi\smartnotes\build\file_picker\intermediates\verified_library_resources\release\verifyReleaseResources\compiled\values-lo_values-lo.arsc.flat
[        ] Compiling XML table C:\Users\Dyuthi\smartnotes\build\file_picker\intermediates\merged_res\release\mergeReleaseResources\values-en-rAU\values-en-rAU.xml to C:\Users\Dyuthi\smartnotes\build\file_picker\intermediates\verified_library_resources\release\verifyReleaseResources\compiled\values-en-rAU_values-en-rAU.arsc.flat
[        ] Compiling XML table C:\Users\Dyuthi\smartnotes\build\file_picker\intermediates\merged_res\release\mergeReleaseResources\values-en-rIN\values-en-rIN.xml to C:\Users\Dyuthi\smartnotes\build\file_picker\intermediates\verified_library_resources\release\verifyReleaseResources\compiled\values-en-rIN_values-en-rIN.arsc.flat
[        ] Compiling XML table C:\Users\Dyuthi\smartnotes\build\file_picker\intermediates\merged_res\release\mergeReleaseResources\values-hu\values-hu.xml to C:\Users\Dyuthi\smartnotes\build\file_picker\intermediates\verified_library_resources\release\verifyReleaseResources\compiled\values-hu_values-hu.arsc.flat
[        ] Compiling image file C:\Users\Dyuthi\smartnotes\build\file_picker\intermediates\merged_res\release\mergeReleaseResources\drawable-xxhdpi-v4\ic_call_answer_video.png
[        ] Compiling file C:\Users\Dyuthi\smartnotes\build\file_picker\intermediates\merged_res\release\mergeReleaseResources\drawable-xxhdpi-v4\ic_call_answer_video.png to C:\Users\Dyuthi\smartnotes\build\file_picker\intermediates\verified_library_resources\release\verifyReleaseResources\compiled\drawable-xxhdpi-v4_ic_call_answer_video.png.flat
[        ] Compiling image file C:\Users\Dyuthi\smartnotes\build\file_picker\intermediates\merged_res\release\mergeReleaseResources\drawable-xxxhdpi-v4\ic_call_decline.png
[   +4 ms] Compiling file C:\Users\Dyuthi\smartnotes\build\file_picker\intermediates\merged_res\release\mergeReleaseResources\drawable-xxxhdpi-v4\ic_call_decline.png to C:\Users\Dyuthi\smartnotes\build\file_picker\intermediates\verified_library_resources\release\verifyReleaseResources\compiled\drawable-xxxhdpi-v4_ic_call_decline.png.flat
[        ] Compiling XML table C:\Users\Dyuthi\smartnotes\build\file_picker\intermediates\merged_res\release\mergeReleaseResources\values-pt-rPT\values-pt-rPT.xml to C:\Users\Dyuthi\smartnotes\build\file_picker\intermediates\verified_library_resources\release\verifyReleaseResources\compiled\values-pt-rPT_values-pt-rPT.arsc.flat
[        ] Compiling XML table C:\Users\Dyuthi\smartnotes\build\file_picker\intermediates\merged_res\release\mergeReleaseResources\values-en-rGB\values-en-rGB.xml to C:\Users\Dyuthi\smartnotes\build\file_picker\intermediates\verified_library_resources\release\verifyReleaseResources\compiled\values-en-rGB_values-en-rGB.arsc.flat
[        ] Compiling XML table C:\Users\Dyuthi\smartnotes\build\file_picker\intermediates\merged_res\release\mergeReleaseResources\values-pt-rBR\values-pt-rBR.xml to C:\Users\Dyuthi\smartnotes\build\file_picker\intermediates\verified_library_resources\release\verifyReleaseResources\compiled\values-pt-rBR_values-pt-rBR.arsc.flat
[        ] Compiling xml file C:\Users\Dyuthi\smartnotes\build\file_picker\intermediates\merged_res\release\mergeReleaseResources\layout-v21\notification_action_tombstone.xml to C:\Users\Dyuthi\smartnotes\build\file_picker\intermediates\verified_library_resources\release\verifyReleaseResources\compiled\layout-v21_notification_action_tombstone.xml.flat
[        ] Compiling XML table C:\Users\Dyuthi\smartnotes\build\file_picker\intermediates\merged_res\release\mergeReleaseResources\values-mk\values-mk.xml to C:\Users\Dyuthi\smartnotes\build\file_picker\intermediates\verified_library_resources\release\verifyReleaseResources\compiled\values-mk_values-mk.arsc.flat
[        ] Compiling XML table C:\Users\Dyuthi\smartnotes\build\file_picker\intermediates\merged_res\release\mergeReleaseResources\values-hr\values-hr.xml to C:\Users\Dyuthi\smartnotes\build\file_picker\intermediates\verified_library_resources\release\verifyReleaseResources\compiled\values-hr_values-hr.arsc.flat
[        ] Compiling XML table C:\Users\Dyuthi\smartnotes\build\file_picker\intermediates\merged_res\release\mergeReleaseResources\values-in\values-in.xml to C:\Users\Dyuthi\smartnotes\build\file_picker\intermediates\verified_library_resources\release\verifyReleaseResources\compiled\values-in_values-in.arsc.flat
[        ] Compiling XML table C:\Users\Dyuthi\smartnotes\build\file_picker\intermediates\merged_res\release\mergeReleaseResources\values-az\values-az.xml to C:\Users\Dyuthi\smartnotes\build\file_picker\intermediates\verified_library_resources\release\verifyReleaseResources\compiled\values-az_values-az.arsc.flat
[        ] Compiling XML table C:\Users\Dyuthi\smartnotes\build\file_picker\intermediates\merged_res\release\mergeReleaseResources\values-uk\values-uk.xml to C:\Users\Dyuthi\smartnotes\build\file_picker\intermediates\verified_library_resources\release\verifyReleaseResources\compiled\values-uk_values-uk.arsc.flat
[        ] Compiling XML table C:\Users\Dyuthi\smartnotes\build\file_picker\intermediates\merged_res\release\mergeReleaseResources\values-hy\values-hy.xml to C:\Users\Dyuthi\smartnotes\build\file_picker\intermediates\verified_library_resources\release\verifyReleaseResources\compiled\values-hy_values-hy.arsc.flat
[        ] Compiling XML table C:\Users\Dyuthi\smartnotes\build\file_picker\intermediates\merged_res\release\mergeReleaseResources\values-es\values-es.xml to C:\Users\Dyuthi\smartnotes\build\file_picker\intermediates\verified_library_resources\release\verifyReleaseResources\compiled\values-es_values-es.arsc.flat
[        ] Compiling XML table C:\Users\Dyuthi\smartnotes\build\file_picker\intermediates\merged_res\release\mergeReleaseResources\values-lv\values-lv.xml to C:\Users\Dyuthi\smartnotes\build\file_picker\intermediates\verified_library_resources\release\verifyReleaseResources\compiled\values-lv_values-lv.arsc.flat
[        ] Compiling XML table C:\Users\Dyuthi\smartnotes\build\file_picker\intermediates\merged_res\release\mergeReleaseResources\values-it\values-it.xml to C:\Users\Dyuthi\smartnotes\build\file_picker\intermediates\verified_library_resources\release\verifyReleaseResources\compiled\values-it_values-it.arsc.flat
[        ] Compiling xml file C:\Users\Dyuthi\smartnotes\build\file_picker\intermediates\merged_res\release\mergeReleaseResources\drawable\notification_icon_background.xml to C:\Users\Dyuthi\smartnotes\build\file_picker\intermediates\verified_library_resources\release\verifyReleaseResources\compiled\drawable_notification_icon_background.xml.flat
[        ] Compiling XML table C:\Users\Dyuthi\smartnotes\build\file_picker\intermediates\merged_res\release\mergeReleaseResources\values-ur\values-ur.xml to C:\Users\Dyuthi\smartnotes\build\file_picker\intermediates\verified_library_resources\release\verifyReleaseResources\compiled\values-ur_values-ur.arsc.flat
[        ] Compiling XML table C:\Users\Dyuthi\smartnotes\build\file_picker\intermediates\merged_res\release\mergeReleaseResources\values-mn\values-mn.xml to C:\Users\Dyuthi\smartnotes\build\file_picker\intermediates\verified_library_resources\release\verifyReleaseResources\compiled\values-mn_values-mn.arsc.flat
[        ] Compiling XML table C:\Users\Dyuthi\smartnotes\build\file_picker\intermediates\merged_res\release\mergeReleaseResources\values-da\values-da.xml to C:\Users\Dyuthi\smartnotes\build\file_picker\intermediates\verified_library_resources\release\verifyReleaseResources\compiled\values-da_values-da.arsc.flat
[        ] Compiling XML table C:\Users\Dyuthi\smartnotes\build\file_picker\intermediates\merged_res\release\mergeReleaseResources\values-ml\values-ml.xml to C:\Users\Dyuthi\smartnotes\build\file_picker\intermediates\verified_library_resources\release\verifyReleaseResources\compiled\values-ml_values-ml.arsc.flat
[        ] Compiling image file C:\Users\Dyuthi\smartnotes\build\file_picker\intermediates\merged_res\release\mergeReleaseResources\drawable-ldpi-v4\ic_call_answer.png
[        ] Compiling file C:\Users\Dyuthi\smartnotes\build\file_picker\intermediates\merged_res\release\mergeReleaseResources\drawable-ldpi-v4\ic_call_answer.png to C:\Users\Dyuthi\smartnotes\build\file_picker\intermediates\verified_library_resources\release\verifyReleaseResources\compiled\drawable-ldpi-v4_ic_call_answer.png.flat
[        ] Compiling XML table C:\Users\Dyuthi\smartnotes\build\file_picker\intermediates\merged_res\release\mergeReleaseResources\values-ms\values-ms.xml to C:\Users\Dyuthi\smartnotes\build\file_picker\intermediates\verified_library_resources\release\verifyReleaseResources\compiled\values-ms_values-ms.arsc.flat
[        ] Compiling XML table C:\Users\Dyuthi\smartnotes\build\file_picker\intermediates\merged_res\release\mergeReleaseResources\values-gl\values-gl.xml to C:\Users\Dyuthi\smartnotes\build\file_picker\intermediates\verified_library_resources\release\verifyReleaseResources\compiled\values-gl_values-gl.arsc.flat
[        ] Compiling XML table C:\Users\Dyuthi\smartnotes\build\file_picker\intermediates\merged_res\release\mergeReleaseResources\values-si\values-si.xml to C:\Users\Dyuthi\smartnotes\build\file_picker\intermediates\verified_library_resources\release\verifyReleaseResources\compiled\values-si_values-si.arsc.flat
[        ] Compiling XML table C:\Users\Dyuthi\smartnotes\build\file_picker\intermediates\merged_res\release\mergeReleaseResources\values-sk\values-sk.xml to C:\Users\Dyuthi\smartnotes\build\file_picker\intermediates\verified_library_resources\release\verifyReleaseResources\compiled\values-sk_values-sk.arsc.flat
[        ] Compiling XML table C:\Users\Dyuthi\smartnotes\build\file_picker\intermediates\merged_res\release\mergeReleaseResources\values-sq\values-sq.xml to C:\Users\Dyuthi\smartnotes\build\file_picker\intermediates\verified_library_resources\release\verifyReleaseResources\compiled\values-sq_values-sq.arsc.flat
[        ] Compiling xml file C:\Users\Dyuthi\smartnotes\build\file_picker\intermediates\merged_res\release\mergeReleaseResources\drawable\notification_tile_bg.xml to C:\Users\Dyuthi\smartnotes\build\file_picker\intermediates\verified_library_resources\release\verifyReleaseResources\compiled\drawable_notification_tile_bg.xml.flat
[        ] Compiling image file C:\Users\Dyuthi\smartnotes\build\file_picker\intermediates\merged_res\release\mergeReleaseResources\drawable-xhdpi-v4\ic_call_answer_video.png
[        ] Compiling file C:\Users\Dyuthi\smartnotes\build\file_picker\intermediates\merged_res\release\mergeReleaseResources\drawable-xhdpi-v4\ic_call_answer_video.png to C:\Users\Dyuthi\smartnotes\build\file_picker\intermediates\verified_library_resources\release\verifyReleaseResources\compiled\drawable-xhdpi-v4_ic_call_answer_video.png.flat
[        ] Compiling XML table C:\Users\Dyuthi\smartnotes\build\file_picker\intermediates\merged_res\release\mergeReleaseResources\values-ru\values-ru.xml to C:\Users\Dyuthi\smartnotes\build\file_picker\intermediates\verified_library_resources\release\verifyReleaseResources\compiled\values-ru_values-ru.arsc.flat
[        ] Compiling XML table C:\Users\Dyuthi\smartnotes\build\file_picker\intermediates\merged_res\release\mergeReleaseResources\values-vi\values-vi.xml to C:\Users\Dyuthi\smartnotes\build\file_picker\intermediates\verified_library_resources\release\verifyReleaseResources\compiled\values-vi_values-vi.arsc.flat
[        ] Compiling XML table C:\Users\Dyuthi\smartnotes\build\file_picker\intermediates\merged_res\release\mergeReleaseResources\values-zh-rTW\values-zh-rTW.xml to C:\Users\Dyuthi\smartnotes\build\file_picker\intermediates\verified_library_resources\release\verifyReleaseResources\compiled\values-zh-rTW_values-zh-rTW.arsc.flat
[        ] Compiling XML table C:\Users\Dyuthi\smartnotes\build\file_picker\intermediates\merged_res\release\mergeReleaseResources\values-ky\values-ky.xml to C:\Users\Dyuthi\smartnotes\build\file_picker\intermediates\verified_library_resources\release\verifyReleaseResources\compiled\values-ky_values-ky.arsc.flat
[        ] Compiling XML table C:\Users\Dyuthi\smartnotes\build\file_picker\intermediates\merged_res\release\mergeReleaseResources\values-zh-rCN\values-zh-rCN.xml to C:\Users\Dyuthi\smartnotes\build\file_picker\intermediates\verified_library_resources\release\verifyReleaseResources\compiled\values-zh-rCN_values-zh-rCN.arsc.flat
[        ] Compiling image file C:\Users\Dyuthi\smartnotes\build\file_picker\intermediates\merged_res\release\mergeReleaseResources\drawable-ldpi-v4\ic_call_answer_low.png
[        ] Compiling file C:\Users\Dyuthi\smartnotes\build\file_picker\intermediates\merged_res\release\mergeReleaseResources\drawable-ldpi-v4\ic_call_answer_low.png to C:\Users\Dyuthi\smartnotes\build\file_picker\intermediates\verified_library_resources\release\verifyReleaseResources\compiled\drawable-ldpi-v4_ic_call_answer_low.png.flat
[        ] Compiling image file C:\Users\Dyuthi\smartnotes\build\file_picker\intermediates\merged_res\release\mergeReleaseResources\drawable-xxxhdpi-v4\ic_call_decline_low.png
[        ] Compiling file C:\Users\Dyuthi\smartnotes\build\file_picker\intermediates\merged_res\release\mergeReleaseResources\drawable-xxxhdpi-v4\ic_call_decline_low.png to C:\Users\Dyuthi\smartnotes\build\file_picker\intermediates\verified_library_resources\release\verifyReleaseResources\compiled\drawable-xxxhdpi-v4_ic_call_decline_low.png.flat
[        ] Compiling XML table C:\Users\Dyuthi\smartnotes\build\file_picker\intermediates\merged_res\release\mergeReleaseResources\values-ro\values-ro.xml to C:\Users\Dyuthi\smartnotes\build\file_picker\intermediates\verified_library_resources\release\verifyReleaseResources\compiled\values-ro_values-ro.arsc.flat
[        ] Compiling xml file C:\Users\Dyuthi\smartnotes\build\file_picker\intermediates\merged_res\release\mergeReleaseResources\drawable-anydpi-v21\ic_call_answer.xml to C:\Users\Dyuthi\smartnotes\build\file_picker\intermediates\verified_library_resources\release\verifyReleaseResources\compiled\drawable-anydpi-v21_ic_call_answer.xml.flat
[        ] Compiling XML table C:\Users\Dyuthi\smartnotes\build\file_picker\intermediates\merged_res\release\mergeReleaseResources\values-v21\values-v21.xml to C:\Users\Dyuthi\smartnotes\build\file_picker\intermediates\verified_library_resources\release\verifyReleaseResources\compiled\values-v21_values-v21.arsc.flat
[        ] Compiling xml file C:\Users\Dyuthi\smartnotes\build\file_picker\intermediates\merged_res\release\mergeReleaseResources\drawable-anydpi-v21\ic_call_answer_low.xml to C:\Users\Dyuthi\smartnotes\build\file_picker\intermediates\verified_library_resources\release\verifyReleaseResources\compiled\drawable-anydpi-v21_ic_call_answer_low.xml.flat
[        ] Compiling XML table C:\Users\Dyuthi\smartnotes\build\file_picker\intermediates\merged_res\release\mergeReleaseResources\values-pt\values-pt.xml to C:\Users\Dyuthi\smartnotes\build\file_picker\intermediates\verified_library_resources\release\verifyReleaseResources\compiled\values-pt_values-pt.arsc.flat
[        ] Compiling XML table C:\Users\Dyuthi\smartnotes\build\file_picker\intermediates\merged_res\release\mergeReleaseResources\values-b+sr+Latn\values-b+sr+Latn.xml to C:\Users\Dyuthi\smartnotes\build\file_picker\intermediates\verified_library_resources\release\verifyReleaseResources\compiled\values-b+sr+Latn_values-b+sr+Latn.arsc.flat
[        ] Compiling xml file C:\Users\Dyuthi\smartnotes\build\file_picker\intermediates\merged_res\release\mergeReleaseResources\drawable-anydpi-v21\ic_call_answer_video.xml to C:\Users\Dyuthi\smartnotes\build\file_picker\intermediates\verified_library_resources\release\verifyReleaseResources\compiled\drawable-anydpi-v21_ic_call_answer_video.xml.flat
[        ] Compiling XML table C:\Users\Dyuthi\smartnotes\build\file_picker\intermediates\merged_res\release\mergeReleaseResources\values-uz\values-uz.xml to C:\Users\Dyuthi\smartnotes\build\file_picker\intermediates\verified_library_resources\release\verifyReleaseResources\compiled\values-uz_values-uz.arsc.flat
[        ] Compiling image file C:\Users\Dyuthi\smartnotes\build\file_picker\intermediates\merged_res\release\mergeReleaseResources\drawable-ldpi-v4\ic_call_answer_video.png
[        ] Compiling file C:\Users\Dyuthi\smartnotes\build\file_picker\intermediates\merged_res\release\mergeReleaseResources\drawable-ldpi-v4\ic_call_answer_video.png to C:\Users\Dyuthi\smartnotes\build\file_picker\intermediates\verified_library_resources\release\verifyReleaseResources\compiled\drawable-ldpi-v4_ic_call_answer_video.png.flat
[        ] Compiling image file C:\Users\Dyuthi\smartnotes\build\file_picker\intermediates\merged_res\release\mergeReleaseResources\drawable-xhdpi-v4\ic_call_answer_video_low.png
[        ] Compiling file C:\Users\Dyuthi\smartnotes\build\file_picker\intermediates\merged_res\release\mergeReleaseResources\drawable-xhdpi-v4\ic_call_answer_video_low.png to C:\Users\Dyuthi\smartnotes\build\file_picker\intermediates\verified_library_resources\release\verifyReleaseResources\compiled\drawable-xhdpi-v4_ic_call_answer_video_low.png.flat
[        ] Compiling image file C:\Users\Dyuthi\smartnotes\build\file_picker\intermediates\merged_res\release\mergeReleaseResources\drawable-ldpi-v4\ic_call_answer_video_low.png
[        ] Compiling XML table C:\Users\Dyuthi\smartnotes\build\file_picker\intermediates\merged_res\release\mergeReleaseResources\values-es-rUS\values-es-rUS.xml to C:\Users\Dyuthi\smartnotes\build\file_picker\intermediates\verified_library_resources\release\verifyReleaseResources\compiled\values-es-rUS_values-es-rUS.arsc.flat
[        ] Compiling file C:\Users\Dyuthi\smartnotes\build\file_picker\intermediates\merged_res\release\mergeReleaseResources\drawable-ldpi-v4\ic_call_answer_video_low.png to C:\Users\Dyuthi\smartnotes\build\file_picker\intermediates\verified_library_resources\release\verifyReleaseResources\compiled\drawable-ldpi-v4_ic_call_answer_video_low.png.flat
[        ] Compiling XML table C:\Users\Dyuthi\smartnotes\build\file_picker\intermediates\merged_res\release\mergeReleaseResources\values-tr\values-tr.xml to C:\Users\Dyuthi\smartnotes\build\file_picker\intermediates\verified_library_resources\release\verifyReleaseResources\compiled\values-tr_values-tr.arsc.flat
[        ] Compiling xml file C:\Users\Dyuthi\smartnotes\build\file_picker\intermediates\merged_res\release\mergeReleaseResources\drawable-anydpi-v21\ic_call_answer_video_low.xml to C:\Users\Dyuthi\smartnotes\build\file_picker\intermediates\verified_library_resources\release\verifyReleaseResources\compiled\drawable-anydpi-v21_ic_call_answer_video_low.xml.flat
[        ] Compiling xml file C:\Users\Dyuthi\smartnotes\build\file_picker\intermediates\merged_res\release\mergeReleaseResources\layout\custom_dialog.xml to C:\Users\Dyuthi\smartnotes\build\file_picker\intermediates\verified_library_resources\release\verifyReleaseResources\compiled\layout_custom_dialog.xml.flat
[        ] Compiling image file C:\Users\Dyuthi\smartnotes\build\file_picker\intermediates\merged_res\release\mergeReleaseResources\drawable-xhdpi-v4\ic_call_decline_low.png
[        ] Compiling file C:\Users\Dyuthi\smartnotes\build\file_picker\intermediates\merged_res\release\mergeReleaseResources\drawable-xhdpi-v4\ic_call_decline_low.png to C:\Users\Dyuthi\smartnotes\build\file_picker\intermediates\verified_library_resources\release\verifyReleaseResources\compiled\drawable-xhdpi-v4_ic_call_decline_low.png.flat
[        ] Compiling image file C:\Users\Dyuthi\smartnotes\build\file_picker\intermediates\merged_res\release\mergeReleaseResources\drawable-ldpi-v4\ic_call_decline.png
[        ] Compiling file C:\Users\Dyuthi\smartnotes\build\file_picker\intermediates\merged_res\release\mergeReleaseResources\drawable-ldpi-v4\ic_call_decline.png to C:\Users\Dyuthi\smartnotes\build\file_picker\intermediates\verified_library_resources\release\verifyReleaseResources\compiled\drawable-ldpi-v4_ic_call_decline.png.flat
[        ] Compiling xml file C:\Users\Dyuthi\smartnotes\build\file_picker\intermediates\merged_res\release\mergeReleaseResources\drawable-anydpi-v21\ic_call_decline.xml to C:\Users\Dyuthi\smartnotes\build\file_picker\intermediates\verified_library_resources\release\verifyReleaseResources\compiled\drawable-anydpi-v21_ic_call_decline.xml.flat
[        ] Compiling image file C:\Users\Dyuthi\smartnotes\build\file_picker\intermediates\merged_res\release\mergeReleaseResources\drawable-xhdpi-v4\ic_call_decline.png
[        ] Compiling file C:\Users\Dyuthi\smartnotes\build\file_picker\intermediates\merged_res\release\mergeReleaseResources\drawable-xhdpi-v4\ic_call_decline.png to C:\Users\Dyuthi\smartnotes\build\file_picker\intermediates\verified_library_resources\release\verifyReleaseResources\compiled\drawable-xhdpi-v4_ic_call_decline.png.flat
[   +5 ms] Compiling image file C:\Users\Dyuthi\smartnotes\build\file_picker\intermediates\merged_res\release\mergeReleaseResources\drawable-xhdpi-v4\notify_panel_notification_icon_bg.png
[        ] Compiling file C:\Users\Dyuthi\smartnotes\build\file_picker\intermediates\merged_res\release\mergeReleaseResources\drawable-xhdpi-v4\notify_panel_notification_icon_bg.png to C:\Users\Dyuthi\smartnotes\build\file_picker\intermediates\verified_library_resources\release\verifyReleaseResources\compiled\drawable-xhdpi-v4_notify_panel_notification_icon_bg.png.flat
[        ] Compiling XML table C:\Users\Dyuthi\smartnotes\build\file_picker\intermediates\merged_res\release\mergeReleaseResources\values-iw\values-iw.xml to C:\Users\Dyuthi\smartnotes\build\file_picker\intermediates\verified_library_resources\release\verifyReleaseResources\compiled\values-iw_values-iw.arsc.flat
[        ] Compiling xml file C:\Users\Dyuthi\smartnotes\build\file_picker\intermediates\merged_res\release\mergeReleaseResources\layout\ime_secondary_split_test_activity.xml to C:\Users\Dyuthi\smartnotes\build\file_picker\intermediates\verified_library_resources\release\verifyReleaseResources\compiled\layout_ime_secondary_split_test_activity.xml.flat
[        ] Compiling image file C:\Users\Dyuthi\smartnotes\build\file_picker\intermediates\merged_res\release\mergeReleaseResources\drawable-mdpi-v4\ic_call_answer.png
[        ] Compiling file C:\Users\Dyuthi\smartnotes\build\file_picker\intermediates\merged_res\release\mergeReleaseResources\drawable-mdpi-v4\ic_call_answer.png to C:\Users\Dyuthi\smartnotes\build\file_picker\intermediates\verified_library_resources\release\verifyReleaseResources\compiled\drawable-mdpi-v4_ic_call_answer.png.flat
[        ] Compiling XML table C:\Users\Dyuthi\smartnotes\build\file_picker\intermediates\merged_res\release\mergeReleaseResources\values-be\values-be.xml to C:\Users\Dyuthi\smartnotes\build\file_picker\intermediates\verified_library_resources\release\verifyReleaseResources\compiled\values-be_values-be.arsc.flat
[        ] Compiling xml file C:\Users\Dyuthi\smartnotes\build\file_picker\intermediates\merged_res\release\mergeReleaseResources\layout\ime_base_split_test_activity.xml to C:\Users\Dyuthi\smartnotes\build\file_picker\intermediates\verified_library_resources\release\verifyReleaseResources\compiled\layout_ime_base_split_test_activity.xml.flat
[        ] Compiling image file C:\Users\Dyuthi\smartnotes\build\file_picker\intermediates\merged_res\release\mergeReleaseResources\drawable-ldpi-v4\ic_call_decline_low.png
[        ] Compiling file C:\Users\Dyuthi\smartnotes\build\file_picker\intermediates\merged_res\release\mergeReleaseResources\drawable-ldpi-v4\ic_call_decline_low.png to C:\Users\Dyuthi\smartnotes\build\file_picker\intermediates\verified_library_resources\release\verifyReleaseResources\compiled\drawable-ldpi-v4_ic_call_decline_low.png.flat
[        ] Compiling xml file C:\Users\Dyuthi\smartnotes\build\file_picker\intermediates\merged_res\release\mergeReleaseResources\layout\notification_template_part_chronometer.xml to C:\Users\Dyuthi\smartnotes\build\file_picker\intermediates\verified_library_resources\release\verifyReleaseResources\compiled\layout_notification_template_part_chronometer.xml.flat
[        ] Compiling XML table C:\Users\Dyuthi\smartnotes\build\file_picker\intermediates\merged_res\release\mergeReleaseResources\values-et\values-et.xml to C:\Users\Dyuthi\smartnotes\build\file_picker\intermediates\verified_library_resources\release\verifyReleaseResources\compiled\values-et_values-et.arsc.flat
[        ] Compiling XML table C:\Users\Dyuthi\smartnotes\build\file_picker\intermediates\merged_res\release\mergeReleaseResources\values-bn\values-bn.xml to C:\Users\Dyuthi\smartnotes\build\file_picker\intermediates\verified_library_resources\release\verifyReleaseResources\compiled\values-bn_values-bn.arsc.flat
[        ] Compiling XML table C:\Users\Dyuthi\smartnotes\build\file_picker\intermediates\merged_res\release\mergeReleaseResources\values-my\values-my.xml to C:\Users\Dyuthi\smartnotes\build\file_picker\intermediates\verified_library_resources\release\verifyReleaseResources\compiled\values-my_values-my.arsc.flat
[  +17 ms] Compiling image file C:\Users\Dyuthi\smartnotes\build\file_picker\intermediates\merged_res\release\mergeReleaseResources\drawable-xxhdpi-v4\ic_call_answer_low.png
[        ] Compiling file C:\Users\Dyuthi\smartnotes\build\file_picker\intermediates\merged_res\release\mergeReleaseResources\drawable-xxhdpi-v4\ic_call_answer_low.png to C:\Users\Dyuthi\smartnotes\build\file_picker\intermediates\verified_library_resources\release\verifyReleaseResources\compiled\drawable-xxhdpi-v4_ic_call_answer_low.png.flat
[        ] Compiling XML table C:\Users\Dyuthi\smartnotes\build\file_picker\intermediates\merged_res\release\mergeReleaseResources\values-bg\values-bg.xml to C:\Users\Dyuthi\smartnotes\build\file_picker\intermediates\verified_library_resources\release\verifyReleaseResources\compiled\values-bg_values-bg.arsc.flat
[        ] Compiling image file C:\Users\Dyuthi\smartnotes\build\file_picker\intermediates\merged_res\release\mergeReleaseResources\drawable-xxhdpi-v4\ic_call_answer.png
[        ] Compiling file C:\Users\Dyuthi\smartnotes\build\file_picker\intermediates\merged_res\release\mergeReleaseResources\drawable-xxhdpi-v4\ic_call_answer.png to C:\Users\Dyuthi\smartnotes\build\file_picker\intermediates\verified_library_resources\release\verifyReleaseResources\compiled\drawable-xxhdpi-v4_ic_call_answer.png.flat
[        ] Compiling XML table C:\Users\Dyuthi\smartnotes\build\file_picker\intermediates\merged_res\release\mergeReleaseResources\values-bs\values-bs.xml to C:\Users\Dyuthi\smartnotes\build\file_picker\intermediates\verified_library_resources\release\verifyReleaseResources\compiled\values-bs_values-bs.arsc.flat
[        ] Compiling XML table C:\Users\Dyuthi\smartnotes\build\file_picker\intermediates\merged_res\release\mergeReleaseResources\values-fa\values-fa.xml to C:\Users\Dyuthi\smartnotes\build\file_picker\intermediates\verified_library_resources\release\verifyReleaseResources\compiled\values-fa_values-fa.arsc.flat
[        ] Compiling XML table C:\Users\Dyuthi\smartnotes\build\file_picker\intermediates\merged_res\release\mergeReleaseResources\values-sr\values-sr.xml to C:\Users\Dyuthi\smartnotes\build\file_picker\intermediates\verified_library_resources\release\verifyReleaseResources\compiled\values-sr_values-sr.arsc.flat
[        ] Compiling XML table C:\Users\Dyuthi\smartnotes\build\file_picker\intermediates\merged_res\release\mergeReleaseResources\values-ja\values-ja.xml to C:\Users\Dyuthi\smartnotes\build\file_picker\intermediates\verified_library_resources\release\verifyReleaseResources\compiled\values-ja_values-ja.arsc.flat
[        ] Compiling XML table C:\Users\Dyuthi\smartnotes\build\file_picker\intermediates\merged_res\release\mergeReleaseResources\values-eu\values-eu.xml to C:\Users\Dyuthi\smartnotes\build\file_picker\intermediates\verified_library_resources\release\verifyReleaseResources\compiled\values-eu_values-eu.arsc.flat
[        ] Compiling xml file C:\Users\Dyuthi\smartnotes\build\file_picker\intermediates\merged_res\release\mergeReleaseResources\layout\notification_template_part_time.xml to C:\Users\Dyuthi\smartnotes\build\file_picker\intermediates\verified_library_resources\release\verifyReleaseResources\compiled\layout_notification_template_part_time.xml.flat
[        ] Compiling XML table C:\Users\Dyuthi\smartnotes\build\file_picker\intermediates\merged_res\release\mergeReleaseResources\values-fi\values-fi.xml to C:\Users\Dyuthi\smartnotes\build\file_picker\intermediates\verified_library_resources\release\verifyReleaseResources\compiled\values-fi_values-fi.arsc.flat
[        ] Compiling XML table C:\Users\Dyuthi\smartnotes\build\file_picker\intermediates\merged_res\release\mergeReleaseResources\values-ca\values-ca.xml to C:\Users\Dyuthi\smartnotes\build\file_picker\intermediates\verified_library_resources\release\verifyReleaseResources\compiled\values-ca_values-ca.arsc.flat
[  +53 ms] Compiling xml file C:\Users\Dyuthi\smartnotes\build\file_picker\intermediates\merged_res\release\mergeReleaseResources\layout-v21\notification_action.xml to C:\Users\Dyuthi\smartnotes\build\file_picker\intermediates\verified_library_resources\release\verifyReleaseResources\compiled\layout-v21_notification_action.xml.flat
[        ] Compiling XML table C:\Users\Dyuthi\smartnotes\build\file_picker\intermediates\merged_res\release\mergeReleaseResources\values-ka\values-ka.xml to C:\Users\Dyuthi\smartnotes\build\file_picker\intermediates\verified_library_resources\release\verifyReleaseResources\compiled\values-ka_values-ka.arsc.flat
[        ] Compiling XML table C:\Users\Dyuthi\smartnotes\build\file_picker\intermediates\merged_res\release\mergeReleaseResources\values-nb\values-nb.xml to C:\Users\Dyuthi\smartnotes\build\file_picker\intermediates\verified_library_resources\release\verifyReleaseResources\compiled\values-nb_values-nb.arsc.flat
[        ] Compiling XML table C:\Users\Dyuthi\smartnotes\build\file_picker\intermediates\merged_res\release\mergeReleaseResources\values-km\values-km.xml to C:\Users\Dyuthi\smartnotes\build\file_picker\intermediates\verified_library_resources\release\verifyReleaseResources\compiled\values-km_values-km.arsc.flat
[        ] Compiling XML table C:\Users\Dyuthi\smartnotes\build\file_picker\intermediates\merged_res\release\mergeReleaseResources\values-zu\values-zu.xml to C:\Users\Dyuthi\smartnotes\build\file_picker\intermediates\verified_library_resources\release\verifyReleaseResources\compiled\values-zu_values-zu.arsc.flat
[        ] Compiling XML table C:\Users\Dyuthi\smartnotes\build\file_picker\intermediates\merged_res\release\mergeReleaseResources\values-kk\values-kk.xml to C:\Users\Dyuthi\smartnotes\build\file_picker\intermediates\verified_library_resources\release\verifyReleaseResources\compiled\values-kk_values-kk.arsc.flat
[        ] Compiling XML table C:\Users\Dyuthi\smartnotes\build\file_picker\intermediates\merged_res\release\mergeReleaseResources\values-fr\values-fr.xml to C:\Users\Dyuthi\smartnotes\build\file_picker\intermediates\verified_library_resources\release\verifyReleaseResources\compiled\values-fr_values-fr.arsc.flat
[        ] Compiling XML table C:\Users\Dyuthi\smartnotes\build\file_picker\intermediates\merged_res\release\mergeReleaseResources\values-sv\values-sv.xml to C:\Users\Dyuthi\smartnotes\build\file_picker\intermediates\verified_library_resources\release\verifyReleaseResources\compiled\values-sv_values-sv.arsc.flat
[        ] Compiling XML table C:\Users\Dyuthi\smartnotes\build\file_picker\intermediates\merged_res\release\mergeReleaseResources\values-or\values-or.xml to C:\Users\Dyuthi\smartnotes\build\file_picker\intermediates\verified_library_resources\release\verifyReleaseResources\compiled\values-or_values-or.arsc.flat
[        ] Compiling XML table C:\Users\Dyuthi\smartnotes\build\file_picker\intermediates\merged_res\release\mergeReleaseResources\values-nl\values-nl.xml to C:\Users\Dyuthi\smartnotes\build\file_picker\intermediates\verified_library_resources\release\verifyReleaseResources\compiled\values-nl_values-nl.arsc.flat
[        ] Compiling XML table C:\Users\Dyuthi\smartnotes\build\file_picker\intermediates\merged_res\release\mergeReleaseResources\values-cs\values-cs.xml to C:\Users\Dyuthi\smartnotes\build\file_picker\intermediates\verified_library_resources\release\verifyReleaseResources\compiled\values-cs_values-cs.arsc.flat
[        ] Compiling XML table C:\Users\Dyuthi\smartnotes\build\file_picker\intermediates\merged_res\release\mergeReleaseResources\values-ne\values-ne.xml to C:\Users\Dyuthi\smartnotes\build\file_picker\intermediates\verified_library_resources\release\verifyReleaseResources\compiled\values-ne_values-ne.arsc.flat
[   +2 ms] Compiling XML table C:\Users\Dyuthi\smartnotes\build\file_picker\intermediates\merged_res\release\mergeReleaseResources\values-te\values-te.xml to C:\Users\Dyuthi\smartnotes\build\file_picker\intermediates\verified_library_resources\release\verifyReleaseResources\compiled\values-te_values-te.arsc.flat
[  +25 ms] Compiling XML table C:\Users\Dyuthi\smartnotes\build\file_picker\intermediates\merged_res\release\mergeReleaseResources\values-ta\values-ta.xml to C:\Users\Dyuthi\smartnotes\build\file_picker\intermediates\verified_library_resources\release\verifyReleaseResources\compiled\values-ta_values-ta.arsc.flat
[        ] Compiling XML table C:\Users\Dyuthi\smartnotes\build\file_picker\intermediates\merged_res\release\mergeReleaseResources\values-sw\values-sw.xml to C:\Users\Dyuthi\smartnotes\build\file_picker\intermediates\verified_library_resources\release\verifyReleaseResources\compiled\values-sw_values-sw.arsc.flat
[        ] Compiling XML table C:\Users\Dyuthi\smartnotes\build\file_picker\intermediates\merged_res\release\mergeReleaseResources\values-fr-rCA\values-fr-rCA.xml to C:\Users\Dyuthi\smartnotes\build\file_picker\intermediates\verified_library_resources\release\verifyReleaseResources\compiled\values-fr-rCA_values-fr-rCA.arsc.flat
[        ] Compiling XML table C:\Users\Dyuthi\smartnotes\build\file_picker\intermediates\merged_res\release\mergeReleaseResources\values-kn\values-kn.xml to C:\Users\Dyuthi\smartnotes\build\file_picker\intermediates\verified_library_resources\release\verifyReleaseResources\compiled\values-kn_values-kn.arsc.flat
[        ] Compiling xml file C:\Users\Dyuthi\smartnotes\build\file_picker\intermediates\merged_res\release\mergeReleaseResources\drawable\notification_bg.xml to C:\Users\Dyuthi\smartnotes\build\file_picker\intermediates\verified_library_resources\release\verifyReleaseResources\compiled\drawable_notification_bg.xml.flat
[        ] Compiling XML table C:\Users\Dyuthi\smartnotes\build\file_picker\intermediates\merged_res\release\mergeReleaseResources\values-ko\values-ko.xml to C:\Users\Dyuthi\smartnotes\build\file_picker\intermediates\verified_library_resources\release\verifyReleaseResources\compiled\values-ko_values-ko.arsc.flat
[        ] Compiling XML table C:\Users\Dyuthi\smartnotes\build\file_picker\intermediates\merged_res\release\mergeReleaseResources\values-pa\values-pa.xml to C:\Users\Dyuthi\smartnotes\build\file_picker\intermediates\verified_library_resources\release\verifyReleaseResources\compiled\values-pa_values-pa.arsc.flat
[        ] Compiling image file C:\Users\Dyuthi\smartnotes\build\file_picker\intermediates\merged_res\release\mergeReleaseResources\drawable-hdpi-v4\notification_oversize_large_icon_bg.png
[        ] Compiling file C:\Users\Dyuthi\smartnotes\build\file_picker\intermediates\merged_res\release\mergeReleaseResources\drawable-hdpi-v4\notification_oversize_large_icon_bg.png to C:\Users\Dyuthi\smartnotes\build\file_picker\intermediates\verified_library_resources\release\verifyReleaseResources\compiled\drawable-hdpi-v4_notification_oversize_large_icon_bg.png.flat
[        ] Compiling XML table C:\Users\Dyuthi\smartnotes\build\file_picker\intermediates\merged_res\release\mergeReleaseResources\values-pl\values-pl.xml to C:\Users\Dyuthi\smartnotes\build\file_picker\intermediates\verified_library_resources\release\verifyReleaseResources\compiled\values-pl_values-pl.arsc.flat
[        ] Compiling XML table C:\Users\Dyuthi\smartnotes\build\file_picker\intermediates\merged_res\release\mergeReleaseResources\values-th\values-th.xml to C:\Users\Dyuthi\smartnotes\build\file_picker\intermediates\verified_library_resources\release\verifyReleaseResources\compiled\values-th_values-th.arsc.flat
[        ] Compiling image file C:\Users\Dyuthi\smartnotes\build\file_picker\intermediates\merged_res\release\mergeReleaseResources\drawable-xhdpi-v4\ic_call_answer.png
[        ] Compiling file C:\Users\Dyuthi\smartnotes\build\file_picker\intermediates\merged_res\release\mergeReleaseResources\drawable-xhdpi-v4\ic_call_answer.png to C:\Users\Dyuthi\smartnotes\build\file_picker\intermediates\verified_library_resources\release\verifyReleaseResources\compiled\drawable-xhdpi-v4_ic_call_answer.png.flat
[        ] Compiling XML table C:\Users\Dyuthi\smartnotes\build\file_picker\intermediates\merged_res\release\mergeReleaseResources\values-tl\values-tl.xml to C:\Users\Dyuthi\smartnotes\build\file_picker\intermediates\verified_library_resources\release\verifyReleaseResources\compiled\values-tl_values-tl.arsc.flat
[   +4 ms] Compiling image file C:\Users\Dyuthi\smartnotes\build\file_picker\intermediates\merged_res\release\mergeReleaseResources\drawable-xxxhdpi-v4\ic_call_answer_video_low.png
[        ] Compiling file C:\Users\Dyuthi\smartnotes\build\file_picker\intermediates\merged_res\release\mergeReleaseResources\drawable-xxxhdpi-v4\ic_call_answer_video_low.png to C:\Users\Dyuthi\smartnotes\build\file_picker\intermediates\verified_library_resources\release\verifyReleaseResources\compiled\drawable-xxxhdpi-v4_ic_call_answer_video_low.png.flat
[        ] Compiling XML table C:\Users\Dyuthi\smartnotes\build\file_picker\intermediates\merged_res\release\mergeReleaseResources\values-as\values-as.xml to C:\Users\Dyuthi\smartnotes\build\file_picker\intermediates\verified_library_resources\release\verifyReleaseResources\compiled\values-as_values-as.arsc.flat
[        ] Compiling XML table C:\Users\Dyuthi\smartnotes\build\file_picker\intermediates\merged_res\release\mergeReleaseResources\values-en-rXC\values-en-rXC.xml to C:\Users\Dyuthi\smartnotes\build\file_picker\intermediates\verified_library_resources\release\verifyReleaseResources\compiled\values-en-rXC_values-en-rXC.arsc.flat
[        ] Compiling XML table C:\Users\Dyuthi\smartnotes\build\file_picker\intermediates\merged_res\release\mergeReleaseResources\values-is\values-is.xml to C:\Users\Dyuthi\smartnotes\build\file_picker\intermediates\verified_library_resources\release\verifyReleaseResources\compiled\values-is_values-is.arsc.flat
[        ] Compiling XML table C:\Users\Dyuthi\smartnotes\build\file_picker\intermediates\merged_res\release\mergeReleaseResources\values-mr\values-mr.xml to C:\Users\Dyuthi\smartnotes\build\file_picker\intermediates\verified_library_resources\release\verifyReleaseResources\compiled\values-mr_values-mr.arsc.flat
[        ] Compiling XML table C:\Users\Dyuthi\smartnotes\build\file_picker\intermediates\merged_res\release\mergeReleaseResources\values-sl\values-sl.xml to C:\Users\Dyuthi\smartnotes\build\file_picker\intermediates\verified_library_resources\release\verifyReleaseResources\compiled\values-sl_values-sl.arsc.flat
[        ] Compiling XML table C:\Users\Dyuthi\smartnotes\build\file_picker\intermediates\merged_res\release\mergeReleaseResources\values-zh-rHK\values-zh-rHK.xml to C:\Users\Dyuthi\smartnotes\build\file_picker\intermediates\verified_library_resources\release\verifyReleaseResources\compiled\values-zh-rHK_values-zh-rHK.arsc.flat
[  +43 ms] > Task :image_picker_android:bundleReleaseAar
[        ] Caching disabled for task ':image_picker_android:bundleReleaseAar' because:
[        ]   Build cache is disabled
[        ]   Caching has been disabled for the task
[        ] Task ':image_picker_android:bundleReleaseAar' is not up-to-date because:
[        ]   Output property 'archiveFile' file C:\Users\Dyuthi\smartnotes\build\image_picker_android\outputs\aar\image_picker_android-release.aar has been removed.
[        ] file or directory 'C:\Users\Dyuthi\smartnotes\build\image_picker_android\intermediates\public_res\release\packageReleaseResources\public.txt', not found
[        ] file or directory 'C:\Users\Dyuthi\smartnotes\build\image_picker_android\intermediates\navigation_json_for_aar\release\extractDeepLinksForAarRelease\navigation.json', not found
[        ] file or directory 'C:\Users\Dyuthi\smartnotes\build\image_picker_android\intermediates\annotations_zip\release\extractReleaseAnnotations\annotations.zip', not found
[        ] file or directory 'C:\Users\Dyuthi\smartnotes\build\image_picker_android\intermediates\merged_consumer_proguard_file\release\mergeReleaseConsumerProguardFiles\proguard.txt', not found
[        ] file or directory 'C:\Users\Dyuthi\smartnotes\build\image_picker_android\intermediates\lint_publish_jar\global\prepareLintJarForPublish\lint.jar', not found
[        ] file or directory 'C:\Users\Dyuthi\smartnotes\build\image_picker_android\intermediates\library_art_profile\release\prepareReleaseArtProfile\baseline-prof.txt', not found
[        ] Resolve mutations for :image_picker_android:mapReleaseSourceSetPaths (Thread[#531,Execution worker Thread 15,5,main]) started.
[        ] :image_picker_android:mapReleaseSourceSetPaths (Thread[#531,Execution worker Thread 15,5,main]) started.
[        ] > Task :image_picker_android:mapReleaseSourceSetPaths
[        ] Caching disabled for task ':image_picker_android:mapReleaseSourceSetPaths' because:
[        ]   Build cache is disabled
[        ]   Caching has been disabled for the task
[        ] Task ':image_picker_android:mapReleaseSourceSetPaths' is not up-to-date because:
[        ]   Output property 'filepathMappingFile' file C:\Users\Dyuthi\smartnotes\build\image_picker_android\intermediates\source_set_path_map\release\mapReleaseSourceSetPaths\file-map.txt has been removed.
[        ] Resolve mutations for :image_picker_android:mergeReleaseResources (Thread[#531,Execution worker Thread 15,5,main]) started.
[        ] :image_picker_android:mergeReleaseResources (Thread[#531,Execution worker Thread 15,5,main]) started.
[ +603 ms] > Task :flutter_plugin_android_lifecycle:verifyReleaseResources
[        ] Caching disabled for task ':flutter_plugin_android_lifecycle:verifyReleaseResources' because:
[        ]   Build cache is disabled
[        ] Task ':flutter_plugin_android_lifecycle:verifyReleaseResources' is not up-to-date because:
[        ]   Output property 'compiledDirectory' file C:\Users\Dyuthi\smartnotes\build\flutter_plugin_android_lifecycle\intermediates\verified_library_resources\release\verifyReleaseResources has been removed.
[        ]   Output property 'compiledDirectory' file C:\Users\Dyuthi\smartnotes\build\flutter_plugin_android_lifecycle\intermediates\verified_library_resources\release\verifyReleaseResources\compiled has been removed.
[        ]   Output property 'compiledDirectory' file C:\Users\Dyuthi\smartnotes\build\flutter_plugin_android_lifecycle\intermediates\verified_library_resources\release\verifyReleaseResources\compiled\anim-v21_fragment_fast_out_extra_slow_in.xml.flat has been removed.
[        ]   and more...
[        ] The input changes require a full rebuild for incremental task ':flutter_plugin_android_lifecycle:verifyReleaseResources'.
[        ] Compiling xml file C:\Users\Dyuthi\smartnotes\build\flutter_plugin_android_lifecycle\intermediates\merged_res\release\mergeReleaseResources\animator\fragment_close_enter.xml to C:\Users\Dyuthi\smartnotes\build\flutter_plugin_android_lifecycle\intermediates\verified_library_resources\release\verifyReleaseResources\compiled\animator_fragment_close_enter.xml.flat
[        ] Compiling xml file C:\Users\Dyuthi\smartnotes\build\flutter_plugin_android_lifecycle\intermediates\merged_res\release\mergeReleaseResources\anim-v21\fragment_fast_out_extra_slow_in.xml to C:\Users\Dyuthi\smartnotes\build\flutter_plugin_android_lifecycle\intermediates\verified_library_resources\release\verifyReleaseResources\compiled\anim-v21_fragment_fast_out_extra_slow_in.xml.flat
[        ] Compiling image file C:\Users\Dyuthi\smartnotes\build\flutter_plugin_android_lifecycle\intermediates\merged_res\release\mergeReleaseResources\drawable-hdpi-v4\ic_call_answer.png
[        ] Compiling file C:\Users\Dyuthi\smartnotes\build\flutter_plugin_android_lifecycle\intermediates\merged_res\release\mergeReleaseResources\drawable-hdpi-v4\ic_call_answer.png to C:\Users\Dyuthi\smartnotes\build\flutter_plugin_android_lifecycle\intermediates\verified_library_resources\release\verifyReleaseResources\compiled\drawable-hdpi-v4_ic_call_answer.png.flat
[        ] Compiling image file C:\Users\Dyuthi\smartnotes\build\flutter_plugin_android_lifecycle\intermediates\merged_res\release\mergeReleaseResources\drawable-mdpi-v4\ic_call_answer_video.png
[        ] Compiling file C:\Users\Dyuthi\smartnotes\build\flutter_plugin_android_lifecycle\intermediates\merged_res\release\mergeReleaseResources\drawable-mdpi-v4\ic_call_answer_video.png to C:\Users\Dyuthi\smartnotes\build\flutter_plugin_android_lifecycle\intermediates\verified_library_resources\release\verifyReleaseResources\compiled\drawable-mdpi-v4_ic_call_answer_video.png.flat
[        ] Compiling xml file C:\Users\Dyuthi\smartnotes\build\flutter_plugin_android_lifecycle\intermediates\merged_res\release\mergeReleaseResources\animator\fragment_open_exit.xml to C:\Users\Dyuthi\smartnotes\build\flutter_plugin_android_lifecycle\intermediates\verified_library_resources\release\verifyReleaseResources\compiled\animator_fragment_open_exit.xml.flat
[        ] Compiling xml file C:\Users\Dyuthi\smartnotes\build\flutter_plugin_android_lifecycle\intermediates\merged_res\release\mergeReleaseResources\drawable-anydpi-v21\ic_call_decline_low.xml to C:\Users\Dyuthi\smartnotes\build\flutter_plugin_android_lifecycle\intermediates\verified_library_resources\release\verifyReleaseResources\compiled\drawable-anydpi-v21_ic_call_decline_low.xml.flat
[        ] Compiling xml file C:\Users\Dyuthi\smartnotes\build\flutter_plugin_android_lifecycle\intermediates\merged_res\release\mergeReleaseResources\animator\fragment_open_enter.xml to C:\Users\Dyuthi\smartnotes\build\flutter_plugin_android_lifecycle\intermediates\verified_library_resources\release\verifyReleaseResources\compiled\animator_fragment_open_enter.xml.flat
[        ] Compiling xml file C:\Users\Dyuthi\smartnotes\build\flutter_plugin_android_lifecycle\intermediates\merged_res\release\mergeReleaseResources\animator\fragment_fade_exit.xml to C:\Users\Dyuthi\smartnotes\build\flutter_plugin_android_lifecycle\intermediates\verified_library_resources\release\verifyReleaseResources\compiled\animator_fragment_fade_exit.xml.flat
[        ] Compiling xml file C:\Users\Dyuthi\smartnotes\build\flutter_plugin_android_lifecycle\intermediates\merged_res\release\mergeReleaseResources\drawable\notification_bg.xml to C:\Users\Dyuthi\smartnotes\build\flutter_plugin_android_lifecycle\intermediates\verified_library_resources\release\verifyReleaseResources\compiled\drawable_notification_bg.xml.flat
[        ] Compiling xml file C:\Users\Dyuthi\smartnotes\build\flutter_plugin_android_lifecycle\intermediates\merged_res\release\mergeReleaseResources\animator\fragment_fade_enter.xml to C:\Users\Dyuthi\smartnotes\build\flutter_plugin_android_lifecycle\intermediates\verified_library_resources\release\verifyReleaseResources\compiled\animator_fragment_fade_enter.xml.flat
[        ] Compiling xml file C:\Users\Dyuthi\smartnotes\build\flutter_plugin_android_lifecycle\intermediates\merged_res\release\mergeReleaseResources\drawable\notification_bg_low.xml to C:\Users\Dyuthi\smartnotes\build\flutter_plugin_android_lifecycle\intermediates\verified_library_resources\release\verifyReleaseResources\compiled\drawable_notification_bg_low.xml.flat
[        ] Compiling image file C:\Users\Dyuthi\smartnotes\build\flutter_plugin_android_lifecycle\intermediates\merged_res\release\mergeReleaseResources\drawable-xxhdpi-v4\ic_call_answer_video_low.png
[        ] Compiling file C:\Users\Dyuthi\smartnotes\build\flutter_plugin_android_lifecycle\intermediates\merged_res\release\mergeReleaseResources\drawable-xxhdpi-v4\ic_call_answer_video_low.png to C:\Users\Dyuthi\smartnotes\build\flutter_plugin_android_lifecycle\intermediates\verified_library_resources\release\verifyReleaseResources\compiled\drawable-xxhdpi-v4_ic_call_answer_video_low.png.flat
[        ] Compiling image file C:\Users\Dyuthi\smartnotes\build\flutter_plugin_android_lifecycle\intermediates\merged_res\release\mergeReleaseResources\drawable-hdpi-v4\ic_call_decline_low.png
[        ] Compiling file C:\Users\Dyuthi\smartnotes\build\flutter_plugin_android_lifecycle\intermediates\merged_res\release\mergeReleaseResources\drawable-hdpi-v4\ic_call_decline_low.png to C:\Users\Dyuthi\smartnotes\build\flutter_plugin_android_lifecycle\intermediates\verified_library_resources\release\verifyReleaseResources\compiled\drawable-hdpi-v4_ic_call_decline_low.png.flat
[        ] Compiling image file C:\Users\Dyuthi\smartnotes\build\flutter_plugin_android_lifecycle\intermediates\merged_res\release\mergeReleaseResources\drawable-hdpi-v4\ic_call_decline.png
[        ] Compiling file C:\Users\Dyuthi\smartnotes\build\flutter_plugin_android_lifecycle\intermediates\merged_res\release\mergeReleaseResources\drawable-hdpi-v4\ic_call_decline.png to C:\Users\Dyuthi\smartnotes\build\flutter_plugin_android_lifecycle\intermediates\verified_library_resources\release\verifyReleaseResources\compiled\drawable-hdpi-v4_ic_call_decline.png.flat
[        ] Compiling image file C:\Users\Dyuthi\smartnotes\build\flutter_plugin_android_lifecycle\intermediates\merged_res\release\mergeReleaseResources\drawable-mdpi-v4\ic_call_answer_low.png
[        ] Compiling file C:\Users\Dyuthi\smartnotes\build\flutter_plugin_android_lifecycle\intermediates\merged_res\release\mergeReleaseResources\drawable-mdpi-v4\ic_call_answer_low.png to C:\Users\Dyuthi\smartnotes\build\flutter_plugin_android_lifecycle\intermediates\verified_library_resources\release\verifyReleaseResources\compiled\drawable-mdpi-v4_ic_call_answer_low.png.flat
[        ] Compiling xml file C:\Users\Dyuthi\smartnotes\build\flutter_plugin_android_lifecycle\intermediates\merged_res\release\mergeReleaseResources\layout-v21\notification_template_custom_big.xml to C:\Users\Dyuthi\smartnotes\build\flutter_plugin_android_lifecycle\intermediates\verified_library_resources\release\verifyReleaseResources\compiled\layout-v21_notification_template_custom_big.xml.flat
[        ] Compiling image file C:\Users\Dyuthi\smartnotes\build\flutter_plugin_android_lifecycle\intermediates\merged_res\release\mergeReleaseResources\drawable-hdpi-v4\ic_call_answer_video.png
[        ] Compiling file C:\Users\Dyuthi\smartnotes\build\flutter_plugin_android_lifecycle\intermediates\merged_res\release\mergeReleaseResources\drawable-hdpi-v4\ic_call_answer_video.png to C:\Users\Dyuthi\smartnotes\build\flutter_plugin_android_lifecycle\intermediates\verified_library_resources\release\verifyReleaseResources\compiled\drawable-hdpi-v4_ic_call_answer_video.png.flat
[        ] Compiling xml file C:\Users\Dyuthi\smartnotes\build\flutter_plugin_android_lifecycle\intermediates\merged_res\release\mergeReleaseResources\drawable-v21\notification_action_background.xml to C:\Users\Dyuthi\smartnotes\build\flutter_plugin_android_lifecycle\intermediates\verified_library_resources\release\verifyReleaseResources\compiled\drawable-v21_notification_action_background.xml.flat
[        ] Compiling image file C:\Users\Dyuthi\smartnotes\build\flutter_plugin_android_lifecycle\intermediates\merged_res\release\mergeReleaseResources\drawable-hdpi-v4\notification_oversize_large_icon_bg.png
[        ] Compiling file C:\Users\Dyuthi\smartnotes\build\flutter_plugin_android_lifecycle\intermediates\merged_res\release\mergeReleaseResources\drawable-hdpi-v4\notification_oversize_large_icon_bg.png to C:\Users\Dyuthi\smartnotes\build\flutter_plugin_android_lifecycle\intermediates\verified_library_resources\release\verifyReleaseResources\compiled\drawable-hdpi-v4_notification_oversize_large_icon_bg.png.flat
[        ] Compiling image file C:\Users\Dyuthi\smartnotes\build\flutter_plugin_android_lifecycle\intermediates\merged_res\release\mergeReleaseResources\drawable-hdpi-v4\ic_call_answer_video_low.png
[        ] Compiling file C:\Users\Dyuthi\smartnotes\build\flutter_plugin_android_lifecycle\intermediates\merged_res\release\mergeReleaseResources\drawable-hdpi-v4\ic_call_answer_video_low.png to C:\Users\Dyuthi\smartnotes\build\flutter_plugin_android_lifecycle\intermediates\verified_library_resources\release\verifyReleaseResources\compiled\drawable-hdpi-v4_ic_call_answer_video_low.png.flat
[        ] Compiling image file C:\Users\Dyuthi\smartnotes\build\flutter_plugin_android_lifecycle\intermediates\merged_res\release\mergeReleaseResources\drawable-mdpi-v4\ic_call_decline.png
[        ] Compiling file C:\Users\Dyuthi\smartnotes\build\flutter_plugin_android_lifecycle\intermediates\merged_res\release\mergeReleaseResources\drawable-mdpi-v4\ic_call_decline.png to C:\Users\Dyuthi\smartnotes\build\flutter_plugin_android_lifecycle\intermediates\verified_library_resources\release\verifyReleaseResources\compiled\drawable-mdpi-v4_ic_call_decline.png.flat
[        ] Compiling XML table C:\Users\Dyuthi\smartnotes\build\flutter_plugin_android_lifecycle\intermediates\merged_res\release\mergeReleaseResources\values-de\values-de.xml to C:\Users\Dyuthi\smartnotes\build\flutter_plugin_android_lifecycle\intermediates\verified_library_resources\release\verifyReleaseResources\compiled\values-de_values-de.arsc.flat
[        ] Compiling image file C:\Users\Dyuthi\smartnotes\build\flutter_plugin_android_lifecycle\intermediates\merged_res\release\mergeReleaseResources\drawable-hdpi-v4\notify_panel_notification_icon_bg.png
[        ] Compiling file C:\Users\Dyuthi\smartnotes\build\flutter_plugin_android_lifecycle\intermediates\merged_res\release\mergeReleaseResources\drawable-hdpi-v4\notify_panel_notification_icon_bg.png to C:\Users\Dyuthi\smartnotes\build\flutter_plugin_android_lifecycle\intermediates\verified_library_resources\release\verifyReleaseResources\compiled\drawable-hdpi-v4_notify_panel_notification_icon_bg.png.flat
[        ] Compiling XML table C:\Users\Dyuthi\smartnotes\build\flutter_plugin_android_lifecycle\intermediates\merged_res\release\mergeReleaseResources\values-gu\values-gu.xml to C:\Users\Dyuthi\smartnotes\build\flutter_plugin_android_lifecycle\intermediates\verified_library_resources\release\verifyReleaseResources\compiled\values-gu_values-gu.arsc.flat
[        ] Compiling image file C:\Users\Dyuthi\smartnotes\build\flutter_plugin_android_lifecycle\intermediates\merged_res\release\mergeReleaseResources\drawable-xhdpi-v4\ic_call_answer.png
[        ] Compiling file C:\Users\Dyuthi\smartnotes\build\flutter_plugin_android_lifecycle\intermediates\merged_res\release\mergeReleaseResources\drawable-xhdpi-v4\ic_call_answer.png to C:\Users\Dyuthi\smartnotes\build\flutter_plugin_android_lifecycle\intermediates\verified_library_resources\release\verifyReleaseResources\compiled\drawable-xhdpi-v4_ic_call_answer.png.flat
[        ] Compiling image file C:\Users\Dyuthi\smartnotes\build\flutter_plugin_android_lifecycle\intermediates\merged_res\release\mergeReleaseResources\drawable-xxxhdpi-v4\ic_call_answer_video.png
[        ] Compiling file C:\Users\Dyuthi\smartnotes\build\flutter_plugin_android_lifecycle\intermediates\merged_res\release\mergeReleaseResources\drawable-xxxhdpi-v4\ic_call_answer_video.png to C:\Users\Dyuthi\smartnotes\build\flutter_plugin_android_lifecycle\intermediates\verified_library_resources\release\verifyReleaseResources\compiled\drawable-xxxhdpi-v4_ic_call_answer_video.png.flat
[        ] Compiling image file C:\Users\Dyuthi\smartnotes\build\flutter_plugin_android_lifecycle\intermediates\merged_res\release\mergeReleaseResources\drawable-mdpi-v4\ic_call_decline_low.png
[        ] Compiling file C:\Users\Dyuthi\smartnotes\build\flutter_plugin_android_lifecycle\intermediates\merged_res\release\mergeReleaseResources\drawable-mdpi-v4\ic_call_decline_low.png to C:\Users\Dyuthi\smartnotes\build\flutter_plugin_android_lifecycle\intermediates\verified_library_resources\release\verifyReleaseResources\compiled\drawable-mdpi-v4_ic_call_decline_low.png.flat
[        ] Compiling XML table C:\Users\Dyuthi\smartnotes\build\flutter_plugin_android_lifecycle\intermediates\merged_res\release\mergeReleaseResources\values-lo\values-lo.xml to C:\Users\Dyuthi\smartnotes\build\flutter_plugin_android_lifecycle\intermediates\verified_library_resources\release\verifyReleaseResources\compiled\values-lo_values-lo.arsc.flat
[        ] Compiling image file C:\Users\Dyuthi\smartnotes\build\flutter_plugin_android_lifecycle\intermediates\merged_res\release\mergeReleaseResources\drawable-xhdpi-v4\ic_call_answer_low.png
[        ] Compiling file C:\Users\Dyuthi\smartnotes\build\flutter_plugin_android_lifecycle\intermediates\merged_res\release\mergeReleaseResources\drawable-xhdpi-v4\ic_call_answer_low.png to C:\Users\Dyuthi\smartnotes\build\flutter_plugin_android_lifecycle\intermediates\verified_library_resources\release\verifyReleaseResources\compiled\drawable-xhdpi-v4_ic_call_answer_low.png.flat
[        ] Compiling image file C:\Users\Dyuthi\smartnotes\build\flutter_plugin_android_lifecycle\intermediates\merged_res\release\mergeReleaseResources\drawable-xxxhdpi-v4\ic_call_answer_video_low.png
[        ] Compiling file C:\Users\Dyuthi\smartnotes\build\flutter_plugin_android_lifecycle\intermediates\merged_res\release\mergeReleaseResources\drawable-xxxhdpi-v4\ic_call_answer_video_low.png to C:\Users\Dyuthi\smartnotes\build\flutter_plugin_android_lifecycle\intermediates\verified_library_resources\release\verifyReleaseResources\compiled\drawable-xxxhdpi-v4_ic_call_answer_video_low.png.flat
[        ] Compiling XML table C:\Users\Dyuthi\smartnotes\build\flutter_plugin_android_lifecycle\intermediates\merged_res\release\mergeReleaseResources\values-ar\values-ar.xml to C:\Users\Dyuthi\smartnotes\build\flutter_plugin_android_lifecycle\intermediates\verified_library_resources\release\verifyReleaseResources\compiled\values-ar_values-ar.arsc.flat
[        ] Compiling image file C:\Users\Dyuthi\smartnotes\build\flutter_plugin_android_lifecycle\intermediates\merged_res\release\mergeReleaseResources\drawable-xxxhdpi-v4\ic_call_answer.png
[        ] Compiling file C:\Users\Dyuthi\smartnotes\build\flutter_plugin_android_lifecycle\intermediates\merged_res\release\mergeReleaseResources\drawable-xxxhdpi-v4\ic_call_answer.png to C:\Users\Dyuthi\smartnotes\build\flutter_plugin_android_lifecycle\intermediates\verified_library_resources\release\verifyReleaseResources\compiled\drawable-xxxhdpi-v4_ic_call_answer.png.flat
[        ] Compiling XML table C:\Users\Dyuthi\smartnotes\build\flutter_plugin_android_lifecycle\intermediates\merged_res\release\mergeReleaseResources\values-pt-rBR\values-pt-rBR.xml to C:\Users\Dyuthi\smartnotes\build\flutter_plugin_android_lifecycle\intermediates\verified_library_resources\release\verifyReleaseResources\compiled\values-pt-rBR_values-pt-rBR.arsc.flat
[        ] Compiling XML table C:\Users\Dyuthi\smartnotes\build\flutter_plugin_android_lifecycle\intermediates\merged_res\release\mergeReleaseResources\values-en-rIN\values-en-rIN.xml to C:\Users\Dyuthi\smartnotes\build\flutter_plugin_android_lifecycle\intermediates\verified_library_resources\release\verifyReleaseResources\compiled\values-en-rIN_values-en-rIN.arsc.flat
[        ] Compiling XML table C:\Users\Dyuthi\smartnotes\build\flutter_plugin_android_lifecycle\intermediates\merged_res\release\mergeReleaseResources\values-in\values-in.xml to C:\Users\Dyuthi\smartnotes\build\flutter_plugin_android_lifecycle\intermediates\verified_library_resources\release\verifyReleaseResources\compiled\values-in_values-in.arsc.flat
[        ] Compiling image file C:\Users\Dyuthi\smartnotes\build\flutter_plugin_android_lifecycle\intermediates\merged_res\release\mergeReleaseResources\drawable-xxxhdpi-v4\ic_call_decline.png
[        ] Compiling file C:\Users\Dyuthi\smartnotes\build\flutter_plugin_android_lifecycle\intermediates\merged_res\release\mergeReleaseResources\drawable-xxxhdpi-v4\ic_call_decline.png to C:\Users\Dyuthi\smartnotes\build\flutter_plugin_android_lifecycle\intermediates\verified_library_resources\release\verifyReleaseResources\compiled\drawable-xxxhdpi-v4_ic_call_decline.png.flat
[        ] Compiling XML table C:\Users\Dyuthi\smartnotes\build\flutter_plugin_android_lifecycle\intermediates\merged_res\release\mergeReleaseResources\values-uk\values-uk.xml to C:\Users\Dyuthi\smartnotes\build\flutter_plugin_android_lifecycle\intermediates\verified_library_resources\release\verifyReleaseResources\compiled\values-uk_values-uk.arsc.flat
[        ] Compiling XML table C:\Users\Dyuthi\smartnotes\build\flutter_plugin_android_lifecycle\intermediates\merged_res\release\mergeReleaseResources\values-af\values-af.xml to C:\Users\Dyuthi\smartnotes\build\flutter_plugin_android_lifecycle\intermediates\verified_library_resources\release\verifyReleaseResources\compiled\values-af_values-af.arsc.flat
[        ] Compiling XML table C:\Users\Dyuthi\smartnotes\build\flutter_plugin_android_lifecycle\intermediates\merged_res\release\mergeReleaseResources\values-as\values-as.xml to C:\Users\Dyuthi\smartnotes\build\flutter_plugin_android_lifecycle\intermediates\verified_library_resources\release\verifyReleaseResources\compiled\values-as_values-as.arsc.flat
[        ] Compiling XML table C:\Users\Dyuthi\smartnotes\build\flutter_plugin_android_lifecycle\intermediates\merged_res\release\mergeReleaseResources\values-mn\values-mn.xml to C:\Users\Dyuthi\smartnotes\build\flutter_plugin_android_lifecycle\intermediates\verified_library_resources\release\verifyReleaseResources\compiled\values-mn_values-mn.arsc.flat
[        ] Compiling image file C:\Users\Dyuthi\smartnotes\build\flutter_plugin_android_lifecycle\intermediates\merged_res\release\mergeReleaseResources\drawable-xxhdpi-v4\ic_call_answer_video.png
[        ] Compiling file C:\Users\Dyuthi\smartnotes\build\flutter_plugin_android_lifecycle\intermediates\merged_res\release\mergeReleaseResources\drawable-xxhdpi-v4\ic_call_answer_video.png to C:\Users\Dyuthi\smartnotes\build\flutter_plugin_android_lifecycle\intermediates\verified_library_resources\release\verifyReleaseResources\compiled\drawable-xxhdpi-v4_ic_call_answer_video.png.flat
[        ] Compiling xml file C:\Users\Dyuthi\smartnotes\build\flutter_plugin_android_lifecycle\intermediates\merged_res\release\mergeReleaseResources\drawable\notification_tile_bg.xml to C:\Users\Dyuthi\smartnotes\build\flutter_plugin_android_lifecycle\intermediates\verified_library_resources\release\verifyReleaseResources\compiled\drawable_notification_tile_bg.xml.flat
[        ] Compiling XML table C:\Users\Dyuthi\smartnotes\build\flutter_plugin_android_lifecycle\intermediates\merged_res\release\mergeReleaseResources\values-en-rCA\values-en-rCA.xml to C:\Users\Dyuthi\smartnotes\build\flutter_plugin_android_lifecycle\intermediates\verified_library_resources\release\verifyReleaseResources\compiled\values-en-rCA_values-en-rCA.arsc.flat
[        ] Compiling XML table C:\Users\Dyuthi\smartnotes\build\flutter_plugin_android_lifecycle\intermediates\merged_res\release\mergeReleaseResources\values-sk\values-sk.xml to C:\Users\Dyuthi\smartnotes\build\flutter_plugin_android_lifecycle\intermediates\verified_library_resources\release\verifyReleaseResources\compiled\values-sk_values-sk.arsc.flat
[        ] Compiling XML table C:\Users\Dyuthi\smartnotes\build\flutter_plugin_android_lifecycle\intermediates\merged_res\release\mergeReleaseResources\values-hu\values-hu.xml to C:\Users\Dyuthi\smartnotes\build\flutter_plugin_android_lifecycle\intermediates\verified_library_resources\release\verifyReleaseResources\compiled\values-hu_values-hu.arsc.flat
[        ] Compiling XML table C:\Users\Dyuthi\smartnotes\build\flutter_plugin_android_lifecycle\intermediates\merged_res\release\mergeReleaseResources\values-zh-rCN\values-zh-rCN.xml to C:\Users\Dyuthi\smartnotes\build\flutter_plugin_android_lifecycle\intermediates\verified_library_resources\release\verifyReleaseResources\compiled\values-zh-rCN_values-zh-rCN.arsc.flat
[        ] Compiling xml file C:\Users\Dyuthi\smartnotes\build\flutter_plugin_android_lifecycle\intermediates\merged_res\release\mergeReleaseResources\layout-v21\notification_action_tombstone.xml to C:\Users\Dyuthi\smartnotes\build\flutter_plugin_android_lifecycle\intermediates\verified_library_resources\release\verifyReleaseResources\compiled\layout-v21_notification_action_tombstone.xml.flat
[        ] Compiling XML table C:\Users\Dyuthi\smartnotes\build\flutter_plugin_android_lifecycle\intermediates\merged_res\release\mergeReleaseResources\values-mk\values-mk.xml to C:\Users\Dyuthi\smartnotes\build\flutter_plugin_android_lifecycle\intermediates\verified_library_resources\release\verifyReleaseResources\compiled\values-mk_values-mk.arsc.flat
[        ] Compiling xml file C:\Users\Dyuthi\smartnotes\build\flutter_plugin_android_lifecycle\intermediates\merged_res\release\mergeReleaseResources\drawable-anydpi-v21\ic_call_answer.xml to C:\Users\Dyuthi\smartnotes\build\flutter_plugin_android_lifecycle\intermediates\verified_library_resources\release\verifyReleaseResources\compiled\drawable-anydpi-v21_ic_call_answer.xml.flat
[        ] Compiling image file C:\Users\Dyuthi\smartnotes\build\flutter_plugin_android_lifecycle\intermediates\merged_res\release\mergeReleaseResources\drawable-ldpi-v4\ic_call_answer_low.png
[        ] Compiling file C:\Users\Dyuthi\smartnotes\build\flutter_plugin_android_lifecycle\intermediates\merged_res\release\mergeReleaseResources\drawable-ldpi-v4\ic_call_answer_low.png to C:\Users\Dyuthi\smartnotes\build\flutter_plugin_android_lifecycle\intermediates\verified_library_resources\release\verifyReleaseResources\compiled\drawable-ldpi-v4_ic_call_answer_low.png.flat
[        ] Compiling image file C:\Users\Dyuthi\smartnotes\build\flutter_plugin_android_lifecycle\intermediates\merged_res\release\mergeReleaseResources\drawable-mdpi-v4\notify_panel_notification_icon_bg.png
[        ] Compiling file C:\Users\Dyuthi\smartnotes\build\flutter_plugin_android_lifecycle\intermediates\merged_res\release\mergeReleaseResources\drawable-mdpi-v4\notify_panel_notification_icon_bg.png to C:\Users\Dyuthi\smartnotes\build\flutter_plugin_android_lifecycle\intermediates\verified_library_resources\release\verifyReleaseResources\compiled\drawable-mdpi-v4_notify_panel_notification_icon_bg.png.flat
[        ] Compiling XML table C:\Users\Dyuthi\smartnotes\build\flutter_plugin_android_lifecycle\intermediates\merged_res\release\mergeReleaseResources\values-ru\values-ru.xml to C:\Users\Dyuthi\smartnotes\build\flutter_plugin_android_lifecycle\intermediates\verified_library_resources\release\verifyReleaseResources\compiled\values-ru_values-ru.arsc.flat
[        ] Compiling XML table C:\Users\Dyuthi\smartnotes\build\flutter_plugin_android_lifecycle\intermediates\merged_res\release\mergeReleaseResources\values-da\values-da.xml to C:\Users\Dyuthi\smartnotes\build\flutter_plugin_android_lifecycle\intermediates\verified_library_resources\release\verifyReleaseResources\compiled\values-da_values-da.arsc.flat
[        ] Compiling XML table C:\Users\Dyuthi\smartnotes\build\flutter_plugin_android_lifecycle\intermediates\merged_res\release\mergeReleaseResources\values-az\values-az.xml to C:\Users\Dyuthi\smartnotes\build\flutter_plugin_android_lifecycle\intermediates\verified_library_resources\release\verifyReleaseResources\compiled\values-az_values-az.arsc.flat
[        ] Compiling XML table C:\Users\Dyuthi\smartnotes\build\flutter_plugin_android_lifecycle\intermediates\merged_res\release\mergeReleaseResources\values-en-rXC\values-en-rXC.xml to C:\Users\Dyuthi\smartnotes\build\flutter_plugin_android_lifecycle\intermediates\verified_library_resources\release\verifyReleaseResources\compiled\values-en-rXC_values-en-rXC.arsc.flat
[        ] Compiling XML table C:\Users\Dyuthi\smartnotes\build\flutter_plugin_android_lifecycle\intermediates\merged_res\release\mergeReleaseResources\values-v21\values-v21.xml to C:\Users\Dyuthi\smartnotes\build\flutter_plugin_android_lifecycle\intermediates\verified_library_resources\release\verifyReleaseResources\compiled\values-v21_values-v21.arsc.flat
[        ] Compiling XML table C:\Users\Dyuthi\smartnotes\build\flutter_plugin_android_lifecycle\intermediates\merged_res\release\mergeReleaseResources\values-es\values-es.xml to C:\Users\Dyuthi\smartnotes\build\flutter_plugin_android_lifecycle\intermediates\verified_library_resources\release\verifyReleaseResources\compiled\values-es_values-es.arsc.flat
[        ] Compiling image file C:\Users\Dyuthi\smartnotes\build\flutter_plugin_android_lifecycle\intermediates\merged_res\release\mergeReleaseResources\drawable-ldpi-v4\ic_call_answer_video.png
[        ] Compiling file C:\Users\Dyuthi\smartnotes\build\flutter_plugin_android_lifecycle\intermediates\merged_res\release\mergeReleaseResources\drawable-ldpi-v4\ic_call_answer_video.png to C:\Users\Dyuthi\smartnotes\build\flutter_plugin_android_lifecycle\intermediates\verified_library_resources\release\verifyReleaseResources\compiled\drawable-ldpi-v4_ic_call_answer_video.png.flat
[        ] Compiling XML table C:\Users\Dyuthi\smartnotes\build\flutter_plugin_android_lifecycle\intermediates\merged_res\release\mergeReleaseResources\values-is\values-is.xml to C:\Users\Dyuthi\smartnotes\build\flutter_plugin_android_lifecycle\intermediates\verified_library_resources\release\verifyReleaseResources\compiled\values-is_values-is.arsc.flat
[        ] Compiling image file C:\Users\Dyuthi\smartnotes\build\flutter_plugin_android_lifecycle\intermediates\merged_res\release\mergeReleaseResources\drawable-xhdpi-v4\ic_call_decline.png
[        ] Compiling file C:\Users\Dyuthi\smartnotes\build\flutter_plugin_android_lifecycle\intermediates\merged_res\release\mergeReleaseResources\drawable-xhdpi-v4\ic_call_decline.png to C:\Users\Dyuthi\smartnotes\build\flutter_plugin_android_lifecycle\intermediates\verified_library_resources\release\verifyReleaseResources\compiled\drawable-xhdpi-v4_ic_call_decline.png.flat
[        ] Compiling XML table C:\Users\Dyuthi\smartnotes\build\flutter_plugin_android_lifecycle\intermediates\merged_res\release\mergeReleaseResources\values-it\values-it.xml to C:\Users\Dyuthi\smartnotes\build\flutter_plugin_android_lifecycle\intermediates\verified_library_resources\release\verifyReleaseResources\compiled\values-it_values-it.arsc.flat
[        ] Compiling image file C:\Users\Dyuthi\smartnotes\build\flutter_plugin_android_lifecycle\intermediates\merged_res\release\mergeReleaseResources\drawable-xxxhdpi-v4\ic_call_answer_low.png
[        ] Compiling file C:\Users\Dyuthi\smartnotes\build\flutter_plugin_android_lifecycle\intermediates\merged_res\release\mergeReleaseResources\drawable-xxxhdpi-v4\ic_call_answer_low.png to C:\Users\Dyuthi\smartnotes\build\flutter_plugin_android_lifecycle\intermediates\verified_library_resources\release\verifyReleaseResources\compiled\drawable-xxxhdpi-v4_ic_call_answer_low.png.flat
[        ] Compiling XML table C:\Users\Dyuthi\smartnotes\build\flutter_plugin_android_lifecycle\intermediates\merged_res\release\mergeReleaseResources\values-gl\values-gl.xml to C:\Users\Dyuthi\smartnotes\build\flutter_plugin_android_lifecycle\intermediates\verified_library_resources\release\verifyReleaseResources\compiled\values-gl_values-gl.arsc.flat
[        ] Compiling image file C:\Users\Dyuthi\smartnotes\build\flutter_plugin_android_lifecycle\intermediates\merged_res\release\mergeReleaseResources\drawable-xhdpi-v4\ic_call_answer_video_low.png
[        ] Compiling file C:\Users\Dyuthi\smartnotes\build\flutter_plugin_android_lifecycle\intermediates\merged_res\release\mergeReleaseResources\drawable-xhdpi-v4\ic_call_answer_video_low.png to C:\Users\Dyuthi\smartnotes\build\flutter_plugin_android_lifecycle\intermediates\verified_library_resources\release\verifyReleaseResources\compiled\drawable-xhdpi-v4_ic_call_answer_video_low.png.flat
[        ] Compiling image file C:\Users\Dyuthi\smartnotes\build\flutter_plugin_android_lifecycle\intermediates\merged_res\release\mergeReleaseResources\drawable-xxhdpi-v4\ic_call_decline_low.png
[        ] Compiling file C:\Users\Dyuthi\smartnotes\build\flutter_plugin_android_lifecycle\intermediates\merged_res\release\mergeReleaseResources\drawable-xxhdpi-v4\ic_call_decline_low.png to C:\Users\Dyuthi\smartnotes\build\flutter_plugin_android_lifecycle\intermediates\verified_library_resources\release\verifyReleaseResources\compiled\drawable-xxhdpi-v4_ic_call_decline_low.png.flat
[        ] Compiling XML table C:\Users\Dyuthi\smartnotes\build\flutter_plugin_android_lifecycle\intermediates\merged_res\release\mergeReleaseResources\values-mr\values-mr.xml to C:\Users\Dyuthi\smartnotes\build\flutter_plugin_android_lifecycle\intermediates\verified_library_resources\release\verifyReleaseResources\compiled\values-mr_values-mr.arsc.flat
[        ] Compiling xml file C:\Users\Dyuthi\smartnotes\build\flutter_plugin_android_lifecycle\intermediates\merged_res\release\mergeReleaseResources\drawable-anydpi-v21\ic_call_answer_low.xml to C:\Users\Dyuthi\smartnotes\build\flutter_plugin_android_lifecycle\intermediates\verified_library_resources\release\verifyReleaseResources\compiled\drawable-anydpi-v21_ic_call_answer_low.xml.flat
[        ] Compiling XML table C:\Users\Dyuthi\smartnotes\build\flutter_plugin_android_lifecycle\intermediates\merged_res\release\mergeReleaseResources\values-ky\values-ky.xml to C:\Users\Dyuthi\smartnotes\build\flutter_plugin_android_lifecycle\intermediates\verified_library_resources\release\verifyReleaseResources\compiled\values-ky_values-ky.arsc.flat
[        ] Compiling XML table C:\Users\Dyuthi\smartnotes\build\flutter_plugin_android_lifecycle\intermediates\merged_res\release\mergeReleaseResources\values-ms\values-ms.xml to C:\Users\Dyuthi\smartnotes\build\flutter_plugin_android_lifecycle\intermediates\verified_library_resources\release\verifyReleaseResources\compiled\values-ms_values-ms.arsc.flat
[        ] Compiling XML table C:\Users\Dyuthi\smartnotes\build\flutter_plugin_android_lifecycle\intermediates\merged_res\release\mergeReleaseResources\values-am\values-am.xml to C:\Users\Dyuthi\smartnotes\build\flutter_plugin_android_lifecycle\intermediates\verified_library_resources\release\verifyReleaseResources\compiled\values-am_values-am.arsc.flat
[        ] Compiling XML table C:\Users\Dyuthi\smartnotes\build\flutter_plugin_android_lifecycle\intermediates\merged_res\release\mergeReleaseResources\values-sl\values-sl.xml to C:\Users\Dyuthi\smartnotes\build\flutter_plugin_android_lifecycle\intermediates\verified_library_resources\release\verifyReleaseResources\compiled\values-sl_values-sl.arsc.flat
[        ] Compiling xml file C:\Users\Dyuthi\smartnotes\build\flutter_plugin_android_lifecycle\intermediates\merged_res\release\mergeReleaseResources\layout\ime_base_split_test_activity.xml to C:\Users\Dyuthi\smartnotes\build\flutter_plugin_android_lifecycle\intermediates\verified_library_resources\release\verifyReleaseResources\compiled\layout_ime_base_split_test_activity.xml.flat
[        ] Compiling XML table C:\Users\Dyuthi\smartnotes\build\flutter_plugin_android_lifecycle\intermediates\merged_res\release\mergeReleaseResources\values\values.xml to C:\Users\Dyuthi\smartnotes\build\flutter_plugin_android_lifecycle\intermediates\verified_library_resources\release\verifyReleaseResources\compiled\values_values.arsc.flat
[        ] Compiling xml file C:\Users\Dyuthi\smartnotes\build\flutter_plugin_android_lifecycle\intermediates\merged_res\release\mergeReleaseResources\layout\custom_dialog.xml to C:\Users\Dyuthi\smartnotes\build\flutter_plugin_android_lifecycle\intermediates\verified_library_resources\release\verifyReleaseResources\compiled\layout_custom_dialog.xml.flat
[        ] Compiling XML table C:\Users\Dyuthi\smartnotes\build\flutter_plugin_android_lifecycle\intermediates\merged_res\release\mergeReleaseResources\values-pt\values-pt.xml to C:\Users\Dyuthi\smartnotes\build\flutter_plugin_android_lifecycle\intermediates\verified_library_resources\release\verifyReleaseResources\compiled\values-pt_values-pt.arsc.flat
[        ] Compiling XML table C:\Users\Dyuthi\smartnotes\build\flutter_plugin_android_lifecycle\intermediates\merged_res\release\mergeReleaseResources\values-en-rGB\values-en-rGB.xml to C:\Users\Dyuthi\smartnotes\build\flutter_plugin_android_lifecycle\intermediates\verified_library_resources\release\verifyReleaseResources\compiled\values-en-rGB_values-en-rGB.arsc.flat
[        ] Compiling XML table C:\Users\Dyuthi\smartnotes\build\flutter_plugin_android_lifecycle\intermediates\merged_res\release\mergeReleaseResources\values-sq\values-sq.xml to C:\Users\Dyuthi\smartnotes\build\flutter_plugin_android_lifecycle\intermediates\verified_library_resources\release\verifyReleaseResources\compiled\values-sq_values-sq.arsc.flat
[        ] Compiling image file C:\Users\Dyuthi\smartnotes\build\flutter_plugin_android_lifecycle\intermediates\merged_res\release\mergeReleaseResources\drawable-ldpi-v4\ic_call_answer_video_low.png
[        ] Compiling XML table C:\Users\Dyuthi\smartnotes\build\flutter_plugin_android_lifecycle\intermediates\merged_res\release\mergeReleaseResources\values-zh-rHK\values-zh-rHK.xml to C:\Users\Dyuthi\smartnotes\build\flutter_plugin_android_lifecycle\intermediates\verified_library_resources\release\verifyReleaseResources\compiled\values-zh-rHK_values-zh-rHK.arsc.flat
[        ] Compiling file C:\Users\Dyuthi\smartnotes\build\flutter_plugin_android_lifecycle\intermediates\merged_res\release\mergeReleaseResources\drawable-ldpi-v4\ic_call_answer_video_low.png to C:\Users\Dyuthi\smartnotes\build\flutter_plugin_android_lifecycle\intermediates\verified_library_resources\release\verifyReleaseResources\compiled\drawable-ldpi-v4_ic_call_answer_video_low.png.flat
[        ] Compiling XML table C:\Users\Dyuthi\smartnotes\build\flutter_plugin_android_lifecycle\intermediates\merged_res\release\mergeReleaseResources\values-tr\values-tr.xml to C:\Users\Dyuthi\smartnotes\build\flutter_plugin_android_lifecycle\intermediates\verified_library_resources\release\verifyReleaseResources\compiled\values-tr_values-tr.arsc.flat
[        ] Compiling XML table C:\Users\Dyuthi\smartnotes\build\flutter_plugin_android_lifecycle\intermediates\merged_res\release\mergeReleaseResources\values-hy\values-hy.xml to C:\Users\Dyuthi\smartnotes\build\flutter_plugin_android_lifecycle\intermediates\verified_library_resources\release\verifyReleaseResources\compiled\values-hy_values-hy.arsc.flat
[        ] Compiling XML table C:\Users\Dyuthi\smartnotes\build\flutter_plugin_android_lifecycle\intermediates\merged_res\release\mergeReleaseResources\values-be\values-be.xml to C:\Users\Dyuthi\smartnotes\build\flutter_plugin_android_lifecycle\intermediates\verified_library_resources\release\verifyReleaseResources\compiled\values-be_values-be.arsc.flat
[        ] Compiling xml file C:\Users\Dyuthi\smartnotes\build\flutter_plugin_android_lifecycle\intermediates\merged_res\release\mergeReleaseResources\drawable-anydpi-v21\ic_call_answer_video.xml to C:\Users\Dyuthi\smartnotes\build\flutter_plugin_android_lifecycle\intermediates\verified_library_resources\release\verifyReleaseResources\compiled\drawable-anydpi-v21_ic_call_answer_video.xml.flat
[        ] Compiling XML table C:\Users\Dyuthi\smartnotes\build\flutter_plugin_android_lifecycle\intermediates\merged_res\release\mergeReleaseResources\values-zh-rTW\values-zh-rTW.xml to C:\Users\Dyuthi\smartnotes\build\flutter_plugin_android_lifecycle\intermediates\verified_library_resources\release\verifyReleaseResources\compiled\values-zh-rTW_values-zh-rTW.arsc.flat
[        ] Compiling XML table C:\Users\Dyuthi\smartnotes\build\flutter_plugin_android_lifecycle\intermediates\merged_res\release\mergeReleaseResources\values-bg\values-bg.xml to C:\Users\Dyuthi\smartnotes\build\flutter_plugin_android_lifecycle\intermediates\verified_library_resources\release\verifyReleaseResources\compiled\values-bg_values-bg.arsc.flat
[        ] Compiling XML table C:\Users\Dyuthi\smartnotes\build\flutter_plugin_android_lifecycle\intermediates\merged_res\release\mergeReleaseResources\values-ml\values-ml.xml to C:\Users\Dyuthi\smartnotes\build\flutter_plugin_android_lifecycle\intermediates\verified_library_resources\release\verifyReleaseResources\compiled\values-ml_values-ml.arsc.flat
[        ] Compiling XML table C:\Users\Dyuthi\smartnotes\build\flutter_plugin_android_lifecycle\intermediates\merged_res\release\mergeReleaseResources\values-et\values-et.xml to C:\Users\Dyuthi\smartnotes\build\flutter_plugin_android_lifecycle\intermediates\verified_library_resources\release\verifyReleaseResources\compiled\values-et_values-et.arsc.flat
[        ] Compiling xml file C:\Users\Dyuthi\smartnotes\build\flutter_plugin_android_lifecycle\intermediates\merged_res\release\mergeReleaseResources\drawable-anydpi-v21\ic_call_answer_video_low.xml to C:\Users\Dyuthi\smartnotes\build\flutter_plugin_android_lifecycle\intermediates\verified_library_resources\release\verifyReleaseResources\compiled\drawable-anydpi-v21_ic_call_answer_video_low.xml.flat
[        ] Compiling xml file C:\Users\Dyuthi\smartnotes\build\flutter_plugin_android_lifecycle\intermediates\merged_res\release\mergeReleaseResources\drawable-anydpi-v21\ic_call_decline.xml to C:\Users\Dyuthi\smartnotes\build\flutter_plugin_android_lifecycle\intermediates\verified_library_resources\release\verifyReleaseResources\compiled\drawable-anydpi-v21_ic_call_decline.xml.flat
[        ] Compiling XML table C:\Users\Dyuthi\smartnotes\build\flutter_plugin_android_lifecycle\intermediates\merged_res\release\mergeReleaseResources\values-eu\values-eu.xml to C:\Users\Dyuthi\smartnotes\build\flutter_plugin_android_lifecycle\intermediates\verified_library_resources\release\verifyReleaseResources\compiled\values-eu_values-eu.arsc.flat
[        ] Compiling XML table C:\Users\Dyuthi\smartnotes\build\flutter_plugin_android_lifecycle\intermediates\merged_res\release\mergeReleaseResources\values-si\values-si.xml to C:\Users\Dyuthi\smartnotes\build\flutter_plugin_android_lifecycle\intermediates\verified_library_resources\release\verifyReleaseResources\compiled\values-si_values-si.arsc.flat
[        ] Compiling XML table C:\Users\Dyuthi\smartnotes\build\flutter_plugin_android_lifecycle\intermediates\merged_res\release\mergeReleaseResources\values-ja\values-ja.xml to C:\Users\Dyuthi\smartnotes\build\flutter_plugin_android_lifecycle\intermediates\verified_library_resources\release\verifyReleaseResources\compiled\values-ja_values-ja.arsc.flat
[        ] Compiling image file C:\Users\Dyuthi\smartnotes\build\flutter_plugin_android_lifecycle\intermediates\merged_res\release\mergeReleaseResources\drawable-xhdpi-v4\ic_call_decline_low.png
[        ] Compiling file C:\Users\Dyuthi\smartnotes\build\flutter_plugin_android_lifecycle\intermediates\merged_res\release\mergeReleaseResources\drawable-xhdpi-v4\ic_call_decline_low.png to C:\Users\Dyuthi\smartnotes\build\flutter_plugin_android_lifecycle\intermediates\verified_library_resources\release\verifyReleaseResources\compiled\drawable-xhdpi-v4_ic_call_decline_low.png.flat
[        ] Compiling image file C:\Users\Dyuthi\smartnotes\build\flutter_plugin_android_lifecycle\intermediates\merged_res\release\mergeReleaseResources\drawable-ldpi-v4\ic_call_decline.png
[        ] Compiling file C:\Users\Dyuthi\smartnotes\build\flutter_plugin_android_lifecycle\intermediates\merged_res\release\mergeReleaseResources\drawable-ldpi-v4\ic_call_decline.png to C:\Users\Dyuthi\smartnotes\build\flutter_plugin_android_lifecycle\intermediates\verified_library_resources\release\verifyReleaseResources\compiled\drawable-ldpi-v4_ic_call_decline.png.flat
[        ] Compiling image file C:\Users\Dyuthi\smartnotes\build\flutter_plugin_android_lifecycle\intermediates\merged_res\release\mergeReleaseResources\drawable-ldpi-v4\ic_call_decline_low.png
[        ] Compiling file C:\Users\Dyuthi\smartnotes\build\flutter_plugin_android_lifecycle\intermediates\merged_res\release\mergeReleaseResources\drawable-ldpi-v4\ic_call_decline_low.png to C:\Users\Dyuthi\smartnotes\build\flutter_plugin_android_lifecycle\intermediates\verified_library_resources\release\verifyReleaseResources\compiled\drawable-ldpi-v4_ic_call_decline_low.png.flat
[        ] Compiling XML table C:\Users\Dyuthi\smartnotes\build\flutter_plugin_android_lifecycle\intermediates\merged_res\release\mergeReleaseResources\values-ka\values-ka.xml to C:\Users\Dyuthi\smartnotes\build\flutter_plugin_android_lifecycle\intermediates\verified_library_resources\release\verifyReleaseResources\compiled\values-ka_values-ka.arsc.flat
[        ] Compiling image file C:\Users\Dyuthi\smartnotes\build\flutter_plugin_android_lifecycle\intermediates\merged_res\release\mergeReleaseResources\drawable-mdpi-v4\ic_call_answer.png
[        ] Compiling file C:\Users\Dyuthi\smartnotes\build\flutter_plugin_android_lifecycle\intermediates\merged_res\release\mergeReleaseResources\drawable-mdpi-v4\ic_call_answer.png to C:\Users\Dyuthi\smartnotes\build\flutter_plugin_android_lifecycle\intermediates\verified_library_resources\release\verifyReleaseResources\compiled\drawable-mdpi-v4_ic_call_answer.png.flat
[        ] Compiling XML table C:\Users\Dyuthi\smartnotes\build\flutter_plugin_android_lifecycle\intermediates\merged_res\release\mergeReleaseResources\values-ne\values-ne.xml to C:\Users\Dyuthi\smartnotes\build\flutter_plugin_android_lifecycle\intermediates\verified_library_resources\release\verifyReleaseResources\compiled\values-ne_values-ne.arsc.flat
[        ] Compiling XML table C:\Users\Dyuthi\smartnotes\build\flutter_plugin_android_lifecycle\intermediates\merged_res\release\mergeReleaseResources\values-nb\values-nb.xml to C:\Users\Dyuthi\smartnotes\build\flutter_plugin_android_lifecycle\intermediates\verified_library_resources\release\verifyReleaseResources\compiled\values-nb_values-nb.arsc.flat
[        ] Compiling xml file C:\Users\Dyuthi\smartnotes\build\flutter_plugin_android_lifecycle\intermediates\merged_res\release\mergeReleaseResources\layout\ime_secondary_split_test_activity.xml to C:\Users\Dyuthi\smartnotes\build\flutter_plugin_android_lifecycle\intermediates\verified_library_resources\release\verifyReleaseResources\compiled\layout_ime_secondary_split_test_activity.xml.flat
[        ] Compiling image file C:\Users\Dyuthi\smartnotes\build\flutter_plugin_android_lifecycle\intermediates\merged_res\release\mergeReleaseResources\drawable-xhdpi-v4\notify_panel_notification_icon_bg.png
[        ] Compiling file C:\Users\Dyuthi\smartnotes\build\flutter_plugin_android_lifecycle\intermediates\merged_res\release\mergeReleaseResources\drawable-xhdpi-v4\notify_panel_notification_icon_bg.png to C:\Users\Dyuthi\smartnotes\build\flutter_plugin_android_lifecycle\intermediates\verified_library_resources\release\verifyReleaseResources\compiled\drawable-xhdpi-v4_notify_panel_notification_icon_bg.png.flat
[        ] Compiling XML table C:\Users\Dyuthi\smartnotes\build\flutter_plugin_android_lifecycle\intermediates\merged_res\release\mergeReleaseResources\values-vi\values-vi.xml to C:\Users\Dyuthi\smartnotes\build\flutter_plugin_android_lifecycle\intermediates\verified_library_resources\release\verifyReleaseResources\compiled\values-vi_values-vi.arsc.flat
[        ] Compiling XML table C:\Users\Dyuthi\smartnotes\build\flutter_plugin_android_lifecycle\intermediates\merged_res\release\mergeReleaseResources\values-sv\values-sv.xml to C:\Users\Dyuthi\smartnotes\build\flutter_plugin_android_lifecycle\intermediates\verified_library_resources\release\verifyReleaseResources\compiled\values-sv_values-sv.arsc.flat
[        ] Compiling image file C:\Users\Dyuthi\smartnotes\build\flutter_plugin_android_lifecycle\intermediates\merged_res\release\mergeReleaseResources\drawable-xxhdpi-v4\ic_call_answer_low.png
[        ] Compiling file C:\Users\Dyuthi\smartnotes\build\flutter_plugin_android_lifecycle\intermediates\merged_res\release\mergeReleaseResources\drawable-xxhdpi-v4\ic_call_answer_low.png to C:\Users\Dyuthi\smartnotes\build\flutter_plugin_android_lifecycle\intermediates\verified_library_resources\release\verifyReleaseResources\compiled\drawable-xxhdpi-v4_ic_call_answer_low.png.flat
[        ] Compiling xml file C:\Users\Dyuthi\smartnotes\build\flutter_plugin_android_lifecycle\intermediates\merged_res\release\mergeReleaseResources\layout\notification_template_part_chronometer.xml to C:\Users\Dyuthi\smartnotes\build\flutter_plugin_android_lifecycle\intermediates\verified_library_resources\release\verifyReleaseResources\compiled\layout_notification_template_part_chronometer.xml.flat
[        ] Compiling XML table C:\Users\Dyuthi\smartnotes\build\flutter_plugin_android_lifecycle\intermediates\merged_res\release\mergeReleaseResources\values-sw\values-sw.xml to C:\Users\Dyuthi\smartnotes\build\flutter_plugin_android_lifecycle\intermediates\verified_library_resources\release\verifyReleaseResources\compiled\values-sw_values-sw.arsc.flat
[        ] Compiling XML table C:\Users\Dyuthi\smartnotes\build\flutter_plugin_android_lifecycle\intermediates\merged_res\release\mergeReleaseResources\values-en-rAU\values-en-rAU.xml to C:\Users\Dyuthi\smartnotes\build\flutter_plugin_android_lifecycle\intermediates\verified_library_resources\release\verifyReleaseResources\compiled\values-en-rAU_values-en-rAU.arsc.flat
[        ] Compiling XML table C:\Users\Dyuthi\smartnotes\build\flutter_plugin_android_lifecycle\intermediates\merged_res\release\mergeReleaseResources\values-bn\values-bn.xml to C:\Users\Dyuthi\smartnotes\build\flutter_plugin_android_lifecycle\intermediates\verified_library_resources\release\verifyReleaseResources\compiled\values-bn_values-bn.arsc.flat
[        ] Compiling xml file C:\Users\Dyuthi\smartnotes\build\flutter_plugin_android_lifecycle\intermediates\merged_res\release\mergeReleaseResources\layout-v21\notification_action.xml to C:\Users\Dyuthi\smartnotes\build\flutter_plugin_android_lifecycle\intermediates\verified_library_resources\release\verifyReleaseResources\compiled\layout-v21_notification_action.xml.flat
[        ] Compiling XML table C:\Users\Dyuthi\smartnotes\build\flutter_plugin_android_lifecycle\intermediates\merged_res\release\mergeReleaseResources\values-bs\values-bs.xml to C:\Users\Dyuthi\smartnotes\build\flutter_plugin_android_lifecycle\intermediates\verified_library_resources\release\verifyReleaseResources\compiled\values-bs_values-bs.arsc.flat
[        ] Compiling XML table C:\Users\Dyuthi\smartnotes\build\flutter_plugin_android_lifecycle\intermediates\merged_res\release\mergeReleaseResources\values-fa\values-fa.xml to C:\Users\Dyuthi\smartnotes\build\flutter_plugin_android_lifecycle\intermediates\verified_library_resources\release\verifyReleaseResources\compiled\values-fa_values-fa.arsc.flat
[        ] Compiling XML table C:\Users\Dyuthi\smartnotes\build\flutter_plugin_android_lifecycle\intermediates\merged_res\release\mergeReleaseResources\values-fi\values-fi.xml to C:\Users\Dyuthi\smartnotes\build\flutter_plugin_android_lifecycle\intermediates\verified_library_resources\release\verifyReleaseResources\compiled\values-fi_values-fi.arsc.flat
[        ] Compiling XML table C:\Users\Dyuthi\smartnotes\build\flutter_plugin_android_lifecycle\intermediates\merged_res\release\mergeReleaseResources\values-hr\values-hr.xml to C:\Users\Dyuthi\smartnotes\build\flutter_plugin_android_lifecycle\intermediates\verified_library_resources\release\verifyReleaseResources\compiled\values-hr_values-hr.arsc.flat
[        ] Compiling XML table C:\Users\Dyuthi\smartnotes\build\flutter_plugin_android_lifecycle\intermediates\merged_res\release\mergeReleaseResources\values-kk\values-kk.xml to C:\Users\Dyuthi\smartnotes\build\flutter_plugin_android_lifecycle\intermediates\verified_library_resources\release\verifyReleaseResources\compiled\values-kk_values-kk.arsc.flat
[        ] Compiling XML table C:\Users\Dyuthi\smartnotes\build\flutter_plugin_android_lifecycle\intermediates\merged_res\release\mergeReleaseResources\values-km\values-km.xml to C:\Users\Dyuthi\smartnotes\build\flutter_plugin_android_lifecycle\intermediates\verified_library_resources\release\verifyReleaseResources\compiled\values-km_values-km.arsc.flat
[        ] Compiling XML table C:\Users\Dyuthi\smartnotes\build\flutter_plugin_android_lifecycle\intermediates\merged_res\release\mergeReleaseResources\values-cs\values-cs.xml to C:\Users\Dyuthi\smartnotes\build\flutter_plugin_android_lifecycle\intermediates\verified_library_resources\release\verifyReleaseResources\compiled\values-cs_values-cs.arsc.flat
[        ] Compiling XML table C:\Users\Dyuthi\smartnotes\build\flutter_plugin_android_lifecycle\intermediates\merged_res\release\mergeReleaseResources\values-nl\values-nl.xml to C:\Users\Dyuthi\smartnotes\build\flutter_plugin_android_lifecycle\intermediates\verified_library_resources\release\verifyReleaseResources\compiled\values-nl_values-nl.arsc.flat
[        ] Compiling XML table C:\Users\Dyuthi\smartnotes\build\flutter_plugin_android_lifecycle\intermediates\merged_res\release\mergeReleaseResources\values-or\values-or.xml to C:\Users\Dyuthi\smartnotes\build\flutter_plugin_android_lifecycle\intermediates\verified_library_resources\release\verifyReleaseResources\compiled\values-or_values-or.arsc.flat
[        ] Compiling XML table C:\Users\Dyuthi\smartnotes\build\flutter_plugin_android_lifecycle\intermediates\merged_res\release\mergeReleaseResources\values-fr-rCA\values-fr-rCA.xml to C:\Users\Dyuthi\smartnotes\build\flutter_plugin_android_lifecycle\intermediates\verified_library_resources\release\verifyReleaseResources\compiled\values-fr-rCA_values-fr-rCA.arsc.flat
[        ] Compiling XML table C:\Users\Dyuthi\smartnotes\build\flutter_plugin_android_lifecycle\intermediates\merged_res\release\mergeReleaseResources\values-ta\values-ta.xml to C:\Users\Dyuthi\smartnotes\build\flutter_plugin_android_lifecycle\intermediates\verified_library_resources\release\verifyReleaseResources\compiled\values-ta_values-ta.arsc.flat
[        ] Compiling XML table C:\Users\Dyuthi\smartnotes\build\flutter_plugin_android_lifecycle\intermediates\merged_res\release\mergeReleaseResources\values-te\values-te.xml to C:\Users\Dyuthi\smartnotes\build\flutter_plugin_android_lifecycle\intermediates\verified_library_resources\release\verifyReleaseResources\compiled\values-te_values-te.arsc.flat
[        ] Compiling XML table C:\Users\Dyuthi\smartnotes\build\flutter_plugin_android_lifecycle\intermediates\merged_res\release\mergeReleaseResources\values-ko\values-ko.xml to C:\Users\Dyuthi\smartnotes\build\flutter_plugin_android_lifecycle\intermediates\verified_library_resources\release\verifyReleaseResources\compiled\values-ko_values-ko.arsc.flat
[        ] Compiling XML table C:\Users\Dyuthi\smartnotes\build\flutter_plugin_android_lifecycle\intermediates\merged_res\release\mergeReleaseResources\values-lv\values-lv.xml to C:\Users\Dyuthi\smartnotes\build\flutter_plugin_android_lifecycle\intermediates\verified_library_resources\release\verifyReleaseResources\compiled\values-lv_values-lv.arsc.flat
[        ] Compiling XML table C:\Users\Dyuthi\smartnotes\build\flutter_plugin_android_lifecycle\intermediates\merged_res\release\mergeReleaseResources\values-pl\values-pl.xml to C:\Users\Dyuthi\smartnotes\build\flutter_plugin_android_lifecycle\intermediates\verified_library_resources\release\verifyReleaseResources\compiled\values-pl_values-pl.arsc.flat
[        ] Compiling XML table C:\Users\Dyuthi\smartnotes\build\flutter_plugin_android_lifecycle\intermediates\merged_res\release\mergeReleaseResources\values-ro\values-ro.xml to C:\Users\Dyuthi\smartnotes\build\flutter_plugin_android_lifecycle\intermediates\verified_library_resources\release\verifyReleaseResources\compiled\values-ro_values-ro.arsc.flat
[        ] Compiling XML table C:\Users\Dyuthi\smartnotes\build\flutter_plugin_android_lifecycle\intermediates\merged_res\release\mergeReleaseResources\values-tl\values-tl.xml to C:\Users\Dyuthi\smartnotes\build\flutter_plugin_android_lifecycle\intermediates\verified_library_resources\release\verifyReleaseResources\compiled\values-tl_values-tl.arsc.flat
[        ] Compiling XML table C:\Users\Dyuthi\smartnotes\build\flutter_plugin_android_lifecycle\intermediates\merged_res\release\mergeReleaseResources\values-uz\values-uz.xml to C:\Users\Dyuthi\smartnotes\build\flutter_plugin_android_lifecycle\intermediates\verified_library_resources\release\verifyReleaseResources\compiled\values-uz_values-uz.arsc.flat
[        ] Compiling image file C:\Users\Dyuthi\smartnotes\build\flutter_plugin_android_lifecycle\intermediates\merged_res\release\mergeReleaseResources\drawable-xxhdpi-v4\ic_call_answer.png
[        ] Compiling file C:\Users\Dyuthi\smartnotes\build\flutter_plugin_android_lifecycle\intermediates\merged_res\release\mergeReleaseResources\drawable-xxhdpi-v4\ic_call_answer.png to C:\Users\Dyuthi\smartnotes\build\flutter_plugin_android_lifecycle\intermediates\verified_library_resources\release\verifyReleaseResources\compiled\drawable-xxhdpi-v4_ic_call_answer.png.flat
[        ] Compiling xml file C:\Users\Dyuthi\smartnotes\build\flutter_plugin_android_lifecycle\intermediates\merged_res\release\mergeReleaseResources\animator\fragment_close_exit.xml to C:\Users\Dyuthi\smartnotes\build\flutter_plugin_android_lifecycle\intermediates\verified_library_resources\release\verifyReleaseResources\compiled\animator_fragment_close_exit.xml.flat
[        ] Compiling xml file C:\Users\Dyuthi\smartnotes\build\flutter_plugin_android_lifecycle\intermediates\merged_res\release\mergeReleaseResources\drawable\notification_icon_background.xml to C:\Users\Dyuthi\smartnotes\build\flutter_plugin_android_lifecycle\intermediates\verified_library_resources\release\verifyReleaseResources\compiled\drawable_notification_icon_background.xml.flat
[        ] Compiling xml file C:\Users\Dyuthi\smartnotes\build\flutter_plugin_android_lifecycle\intermediates\merged_res\release\mergeReleaseResources\layout\notification_template_part_time.xml to C:\Users\Dyuthi\smartnotes\build\flutter_plugin_android_lifecycle\intermediates\verified_library_resources\release\verifyReleaseResources\compiled\layout_notification_template_part_time.xml.flat
[        ] Compiling image file C:\Users\Dyuthi\smartnotes\build\flutter_plugin_android_lifecycle\intermediates\merged_res\release\mergeReleaseResources\drawable-ldpi-v4\ic_call_answer.png
[        ] Compiling file C:\Users\Dyuthi\smartnotes\build\flutter_plugin_android_lifecycle\intermediates\merged_res\release\mergeReleaseResources\drawable-ldpi-v4\ic_call_answer.png to C:\Users\Dyuthi\smartnotes\build\flutter_plugin_android_lifecycle\intermediates\verified_library_resources\release\verifyReleaseResources\compiled\drawable-ldpi-v4_ic_call_answer.png.flat
[        ] Compiling image file C:\Users\Dyuthi\smartnotes\build\flutter_plugin_android_lifecycle\intermediates\merged_res\release\mergeReleaseResources\drawable-hdpi-v4\ic_call_answer_low.png
[        ] Compiling file C:\Users\Dyuthi\smartnotes\build\flutter_plugin_android_lifecycle\intermediates\merged_res\release\mergeReleaseResources\drawable-hdpi-v4\ic_call_answer_low.png to C:\Users\Dyuthi\smartnotes\build\flutter_plugin_android_lifecycle\intermediates\verified_library_resources\release\verifyReleaseResources\compiled\drawable-hdpi-v4_ic_call_answer_low.png.flat
[        ] Compiling XML table C:\Users\Dyuthi\smartnotes\build\flutter_plugin_android_lifecycle\intermediates\merged_res\release\mergeReleaseResources\values-ca\values-ca.xml to C:\Users\Dyuthi\smartnotes\build\flutter_plugin_android_lifecycle\intermediates\verified_library_resources\release\verifyReleaseResources\compiled\values-ca_values-ca.arsc.flat
[        ] Compiling image file C:\Users\Dyuthi\smartnotes\build\flutter_plugin_android_lifecycle\intermediates\merged_res\release\mergeReleaseResources\drawable-xhdpi-v4\ic_call_answer_video.png
[        ] Compiling file C:\Users\Dyuthi\smartnotes\build\flutter_plugin_android_lifecycle\intermediates\merged_res\release\mergeReleaseResources\drawable-xhdpi-v4\ic_call_answer_video.png to C:\Users\Dyuthi\smartnotes\build\flutter_plugin_android_lifecycle\intermediates\verified_library_resources\release\verifyReleaseResources\compiled\drawable-xhdpi-v4_ic_call_answer_video.png.flat
[        ] Compiling image file C:\Users\Dyuthi\smartnotes\build\flutter_plugin_android_lifecycle\intermediates\merged_res\release\mergeReleaseResources\drawable-mdpi-v4\ic_call_answer_video_low.png
[        ] Compiling file C:\Users\Dyuthi\smartnotes\build\flutter_plugin_android_lifecycle\intermediates\merged_res\release\mergeReleaseResources\drawable-mdpi-v4\ic_call_answer_video_low.png to C:\Users\Dyuthi\smartnotes\build\flutter_plugin_android_lifecycle\intermediates\verified_library_resources\release\verifyReleaseResources\compiled\drawable-mdpi-v4_ic_call_answer_video_low.png.flat
[        ] Compiling XML table C:\Users\Dyuthi\smartnotes\build\flutter_plugin_android_lifecycle\intermediates\merged_res\release\mergeReleaseResources\values-fr\values-fr.xml to C:\Users\Dyuthi\smartnotes\build\flutter_plugin_android_lifecycle\intermediates\verified_library_resources\release\verifyReleaseResources\compiled\values-fr_values-fr.arsc.flat
[        ] Compiling image file C:\Users\Dyuthi\smartnotes\build\flutter_plugin_android_lifecycle\intermediates\merged_res\release\mergeReleaseResources\drawable-xxhdpi-v4\ic_call_decline.png
[        ] Compiling file C:\Users\Dyuthi\smartnotes\build\flutter_plugin_android_lifecycle\intermediates\merged_res\release\mergeReleaseResources\drawable-xxhdpi-v4\ic_call_decline.png to C:\Users\Dyuthi\smartnotes\build\flutter_plugin_android_lifecycle\intermediates\verified_library_resources\release\verifyReleaseResources\compiled\drawable-xxhdpi-v4_ic_call_decline.png.flat
[        ] Compiling XML table C:\Users\Dyuthi\smartnotes\build\flutter_plugin_android_lifecycle\intermediates\merged_res\release\mergeReleaseResources\values-kn\values-kn.xml to C:\Users\Dyuthi\smartnotes\build\flutter_plugin_android_lifecycle\intermediates\verified_library_resources\release\verifyReleaseResources\compiled\values-kn_values-kn.arsc.flat
[        ] Compiling XML table C:\Users\Dyuthi\smartnotes\build\flutter_plugin_android_lifecycle\intermediates\merged_res\release\mergeReleaseResources\values-pa\values-pa.xml to C:\Users\Dyuthi\smartnotes\build\flutter_plugin_android_lifecycle\intermediates\verified_library_resources\release\verifyReleaseResources\compiled\values-pa_values-pa.arsc.flat
[        ] Compiling image file C:\Users\Dyuthi\smartnotes\build\flutter_plugin_android_lifecycle\intermediates\merged_res\release\mergeReleaseResources\drawable-xxxhdpi-v4\ic_call_decline_low.png
[        ] Compiling file C:\Users\Dyuthi\smartnotes\build\flutter_plugin_android_lifecycle\intermediates\merged_res\release\mergeReleaseResources\drawable-xxxhdpi-v4\ic_call_decline_low.png to C:\Users\Dyuthi\smartnotes\build\flutter_plugin_android_lifecycle\intermediates\verified_library_resources\release\verifyReleaseResources\compiled\drawable-xxxhdpi-v4_ic_call_decline_low.png.flat
[        ] Compiling xml file C:\Users\Dyuthi\smartnotes\build\flutter_plugin_android_lifecycle\intermediates\merged_res\release\mergeReleaseResources\layout-v21\notification_template_icon_group.xml to C:\Users\Dyuthi\smartnotes\build\flutter_plugin_android_lifecycle\intermediates\verified_library_resources\release\verifyReleaseResources\compiled\layout-v21_notification_template_icon_group.xml.flat
[        ] Compiling XML table C:\Users\Dyuthi\smartnotes\build\flutter_plugin_android_lifecycle\intermediates\merged_res\release\mergeReleaseResources\values-th\values-th.xml to C:\Users\Dyuthi\smartnotes\build\flutter_plugin_android_lifecycle\intermediates\verified_library_resources\release\verifyReleaseResources\compiled\values-th_values-th.arsc.flat
[        ] Compiling XML table C:\Users\Dyuthi\smartnotes\build\flutter_plugin_android_lifecycle\intermediates\merged_res\release\mergeReleaseResources\values-b+sr+Latn\values-b+sr+Latn.xml to C:\Users\Dyuthi\smartnotes\build\flutter_plugin_android_lifecycle\intermediates\verified_library_resources\release\verifyReleaseResources\compiled\values-b+sr+Latn_values-b+sr+Latn.arsc.flat
[        ] Compiling XML table C:\Users\Dyuthi\smartnotes\build\flutter_plugin_android_lifecycle\intermediates\merged_res\release\mergeReleaseResources\values-el\values-el.xml to C:\Users\Dyuthi\smartnotes\build\flutter_plugin_android_lifecycle\intermediates\verified_library_resources\release\verifyReleaseResources\compiled\values-el_values-el.arsc.flat
[        ] Compiling XML table C:\Users\Dyuthi\smartnotes\build\flutter_plugin_android_lifecycle\intermediates\merged_res\release\mergeReleaseResources\values-es-rUS\values-es-rUS.xml to C:\Users\Dyuthi\smartnotes\build\flutter_plugin_android_lifecycle\intermediates\verified_library_resources\release\verifyReleaseResources\compiled\values-es-rUS_values-es-rUS.arsc.flat
[        ] Compiling XML table C:\Users\Dyuthi\smartnotes\build\flutter_plugin_android_lifecycle\intermediates\merged_res\release\mergeReleaseResources\values-iw\values-iw.xml to C:\Users\Dyuthi\smartnotes\build\flutter_plugin_android_lifecycle\intermediates\verified_library_resources\release\verifyReleaseResources\compiled\values-iw_values-iw.arsc.flat
[        ] Compiling XML table C:\Users\Dyuthi\smartnotes\build\flutter_plugin_android_lifecycle\intermediates\merged_res\release\mergeReleaseResources\values-hi\values-hi.xml to C:\Users\Dyuthi\smartnotes\build\flutter_plugin_android_lifecycle\intermediates\verified_library_resources\release\verifyReleaseResources\compiled\values-hi_values-hi.arsc.flat
[        ] Compiling XML table C:\Users\Dyuthi\smartnotes\build\flutter_plugin_android_lifecycle\intermediates\merged_res\release\mergeReleaseResources\values-lt\values-lt.xml to C:\Users\Dyuthi\smartnotes\build\flutter_plugin_android_lifecycle\intermediates\verified_library_resources\release\verifyReleaseResources\compiled\values-lt_values-lt.arsc.flat
[        ] Compiling XML table C:\Users\Dyuthi\smartnotes\build\flutter_plugin_android_lifecycle\intermediates\merged_res\release\mergeReleaseResources\values-my\values-my.xml to C:\Users\Dyuthi\smartnotes\build\flutter_plugin_android_lifecycle\intermediates\verified_library_resources\release\verifyReleaseResources\compiled\values-my_values-my.arsc.flat
[        ] Compiling XML table C:\Users\Dyuthi\smartnotes\build\flutter_plugin_android_lifecycle\intermediates\merged_res\release\mergeReleaseResources\values-sr\values-sr.xml to C:\Users\Dyuthi\smartnotes\build\flutter_plugin_android_lifecycle\intermediates\verified_library_resources\release\verifyReleaseResources\compiled\values-sr_values-sr.arsc.flat
[        ] Compiling XML table C:\Users\Dyuthi\smartnotes\build\flutter_plugin_android_lifecycle\intermediates\merged_res\release\mergeReleaseResources\values-pt-rPT\values-pt-rPT.xml to C:\Users\Dyuthi\smartnotes\build\flutter_plugin_android_lifecycle\intermediates\verified_library_resources\release\verifyReleaseResources\compiled\values-pt-rPT_values-pt-rPT.arsc.flat
[        ] Compiling XML table C:\Users\Dyuthi\smartnotes\build\flutter_plugin_android_lifecycle\intermediates\merged_res\release\mergeReleaseResources\values-zu\values-zu.xml to C:\Users\Dyuthi\smartnotes\build\flutter_plugin_android_lifecycle\intermediates\verified_library_resources\release\verifyReleaseResources\compiled\values-zu_values-zu.arsc.flat
[        ] Compiling XML table C:\Users\Dyuthi\smartnotes\build\flutter_plugin_android_lifecycle\intermediates\merged_res\release\mergeReleaseResources\values-ur\values-ur.xml to C:\Users\Dyuthi\smartnotes\build\flutter_plugin_android_lifecycle\intermediates\verified_library_resources\release\verifyReleaseResources\compiled\values-ur_values-ur.arsc.flat
[ +278 ms] > Task :image_picker_android:mergeReleaseResources
[        ] Caching disabled for task ':image_picker_android:mergeReleaseResources' because:
[        ]   Build cache is disabled
[        ] Task ':image_picker_android:mergeReleaseResources' is not up-to-date because:
[        ]   Output property 'blameLogOutputFolder' file C:\Users\Dyuthi\smartnotes\build\image_picker_android\intermediates\merged_res_blame_folder\release\mergeReleaseResources\out has been removed.
[        ]   Output property 'blameLogOutputFolder' file C:\Users\Dyuthi\smartnotes\build\image_picker_android\intermediates\merged_res_blame_folder\release\mergeReleaseResources\out\multi-v2 has been removed.
[        ]   Output property 'blameLogOutputFolder' file C:\Users\Dyuthi\smartnotes\build\image_picker_android\intermediates\merged_res_blame_folder\release\mergeReleaseResources\out\multi-v2\values-af.json has been removed.
[        ]   and more...
[        ] The input changes require a full rebuild for incremental task ':image_picker_android:mergeReleaseResources'.
[        ] [MergeResources] Inputs are non-incremental full task action.
[        ] work action resolve out (project :jni) (Thread[#531,Execution worker Thread 15,5,main]) started.
[        ] work action resolve out (project :flutter_plugin_android_lifecycle) (Thread[#531,Execution worker Thread 15,5,main]) started.
[        ] work action resolve out (project :file_picker) (Thread[#531,Execution worker Thread 15,5,main]) started.
[        ] work action resolve out (project :camera_android) (Thread[#531,Execution worker Thread 15,5,main]) started.
[        ] work action resolve out (project :jni) (Thread[#531,Execution worker Thread 15,5,main]) started.
[        ] work action resolve out (project :flutter_plugin_android_lifecycle) (Thread[#531,Execution worker Thread 15,5,main]) started.
[        ] work action resolve out (project :file_picker) (Thread[#531,Execution worker Thread 15,5,main]) started.
[        ] work action resolve out (project :camera_android) (Thread[#531,Execution worker Thread 15,5,main]) started.
[        ] Resolve mutations for :file_picker:assembleRelease (Thread[#531,Execution worker Thread 15,5,main]) started.
[        ] :file_picker:assembleRelease (Thread[#531,Execution worker Thread 15,5,main]) started.
[        ] > Task :file_picker:assembleRelease
[        ] Skipping task ':file_picker:assembleRelease' as it has no actions.
[        ] Resolve mutations for :flutter_plugin_android_lifecycle:assembleRelease (Thread[#531,Execution worker Thread 15,5,main]) started.
[        ] :flutter_plugin_android_lifecycle:assembleRelease (Thread[#531,Execution worker Thread 15,5,main]) started.
[        ] > Task :flutter_plugin_android_lifecycle:assembleRelease
[        ] Skipping task ':flutter_plugin_android_lifecycle:assembleRelease' as it has no actions.
[        ] Resolve mutations for :image_picker_android:verifyReleaseResources (Thread[#531,Execution worker Thread 15,5,main]) started.
[        ] :image_picker_android:verifyReleaseResources (Thread[#531,Execution worker Thread 15,5,main]) started.
[        ] Resolve mutations for :jni:bundleReleaseAar (Thread[#525,Execution worker Thread 9,5,main]) started.
[        ] :jni:bundleReleaseAar (Thread[#525,Execution worker Thread 9,5,main]) started.
[  +91 ms] > Task :jni:bundleReleaseAar
[        ] Caching disabled for task ':jni:bundleReleaseAar' because:
[        ]   Build cache is disabled
[        ]   Caching has been disabled for the task
[        ] Task ':jni:bundleReleaseAar' is not up-to-date because:
[        ]   Output property 'archiveFile' file C:\Users\Dyuthi\smartnotes\build\jni\outputs\aar\jni-release.aar has been removed.
[        ] file or directory 'C:\Users\Dyuthi\smartnotes\build\jni\intermediates\public_res\release\packageReleaseResources\public.txt', not found
[        ] file or directory 'C:\Users\Dyuthi\smartnotes\build\jni\intermediates\navigation_json_for_aar\release\extractDeepLinksForAarRelease\navigation.json', not found
[        ] file or directory 'C:\Users\Dyuthi\smartnotes\build\jni\intermediates\annotations_zip\release\extractReleaseAnnotations\annotations.zip', not found
[        ] file or directory 'C:\Users\Dyuthi\smartnotes\build\jni\intermediates\lint_publish_jar\global\prepareLintJarForPublish\lint.jar', not found
[        ] file or directory 'C:\Users\Dyuthi\smartnotes\build\jni\intermediates\library_art_profile\release\prepareReleaseArtProfile\baseline-prof.txt', not found
[        ] Resolve mutations for :jni:mapReleaseSourceSetPaths (Thread[#525,Execution worker Thread 9,5,main]) started.
[        ] :jni:mapReleaseSourceSetPaths (Thread[#525,Execution worker Thread 9,5,main]) started.
[        ] > Task :jni:mapReleaseSourceSetPaths
[        ] Caching disabled for task ':jni:mapReleaseSourceSetPaths' because:
[        ]   Build cache is disabled
[        ]   Caching has been disabled for the task
[        ] Task ':jni:mapReleaseSourceSetPaths' is not up-to-date because:
[        ]   Output property 'filepathMappingFile' file C:\Users\Dyuthi\smartnotes\build\jni\intermediates\source_set_path_map\release\mapReleaseSourceSetPaths\file-map.txt has been removed.
[        ] Resolve mutations for :jni:mergeReleaseResources (Thread[#525,Execution worker Thread 9,5,main]) started.
[        ] :jni:mergeReleaseResources (Thread[#525,Execution worker Thread 9,5,main]) started.
[ +312 ms] > Task :image_picker_android:verifyReleaseResources
[        ] Caching disabled for task ':image_picker_android:verifyReleaseResources' because:
[        ]   Build cache is disabled
[        ] Task ':image_picker_android:verifyReleaseResources' is not up-to-date because:
[        ]   Output property 'compiledDirectory' file C:\Users\Dyuthi\smartnotes\build\image_picker_android\intermediates\verified_library_resources\release\verifyReleaseResources has been removed.
[        ]   Output property 'compiledDirectory' file C:\Users\Dyuthi\smartnotes\build\image_picker_android\intermediates\verified_library_resources\release\verifyReleaseResources\compiled has been removed.
[        ]   Output property 'compiledDirectory' file C:\Users\Dyuthi\smartnotes\build\image_picker_android\intermediates\verified_library_resources\release\verifyReleaseResources\compiled\anim-v21_fragment_fast_out_extra_slow_in.xml.flat has been removed.
[        ]   and more...
[        ] The input changes require a full rebuild for incremental task ':image_picker_android:verifyReleaseResources'.
[        ] Compiling xml file C:\Users\Dyuthi\smartnotes\build\image_picker_android\intermediates\merged_res\release\mergeReleaseResources\anim-v21\fragment_fast_out_extra_slow_in.xml to C:\Users\Dyuthi\smartnotes\build\image_picker_android\intermediates\verified_library_resources\release\verifyReleaseResources\compiled\anim-v21_fragment_fast_out_extra_slow_in.xml.flat
[        ] Compiling xml file C:\Users\Dyuthi\smartnotes\build\image_picker_android\intermediates\merged_res\release\mergeReleaseResources\animator\fragment_close_enter.xml to C:\Users\Dyuthi\smartnotes\build\image_picker_android\intermediates\verified_library_resources\release\verifyReleaseResources\compiled\animator_fragment_close_enter.xml.flat
[        ] Compiling xml file C:\Users\Dyuthi\smartnotes\build\image_picker_android\intermediates\merged_res\release\mergeReleaseResources\animator\fragment_close_exit.xml to C:\Users\Dyuthi\smartnotes\build\image_picker_android\intermediates\verified_library_resources\release\verifyReleaseResources\compiled\animator_fragment_close_exit.xml.flat
[        ] Compiling xml file C:\Users\Dyuthi\smartnotes\build\image_picker_android\intermediates\merged_res\release\mergeReleaseResources\animator\fragment_fade_enter.xml to C:\Users\Dyuthi\smartnotes\build\image_picker_android\intermediates\verified_library_resources\release\verifyReleaseResources\compiled\animator_fragment_fade_enter.xml.flat
[        ] Compiling xml file C:\Users\Dyuthi\smartnotes\build\image_picker_android\intermediates\merged_res\release\mergeReleaseResources\animator\fragment_fade_exit.xml to C:\Users\Dyuthi\smartnotes\build\image_picker_android\intermediates\verified_library_resources\release\verifyReleaseResources\compiled\animator_fragment_fade_exit.xml.flat
[        ] Compiling xml file C:\Users\Dyuthi\smartnotes\build\image_picker_android\intermediates\merged_res\release\mergeReleaseResources\animator\fragment_open_enter.xml to C:\Users\Dyuthi\smartnotes\build\image_picker_android\intermediates\verified_library_resources\release\verifyReleaseResources\compiled\animator_fragment_open_enter.xml.flat
[        ] Compiling xml file C:\Users\Dyuthi\smartnotes\build\image_picker_android\intermediates\merged_res\release\mergeReleaseResources\animator\fragment_open_exit.xml to C:\Users\Dyuthi\smartnotes\build\image_picker_android\intermediates\verified_library_resources\release\verifyReleaseResources\compiled\animator_fragment_open_exit.xml.flat
[        ] Compiling xml file C:\Users\Dyuthi\smartnotes\build\image_picker_android\intermediates\merged_res\release\mergeReleaseResources\drawable\ic_call_answer.xml to C:\Users\Dyuthi\smartnotes\build\image_picker_android\intermediates\verified_library_resources\release\verifyReleaseResources\compiled\drawable_ic_call_answer.xml.flat
[        ] Compiling xml file C:\Users\Dyuthi\smartnotes\build\image_picker_android\intermediates\merged_res\release\mergeReleaseResources\drawable\ic_call_answer_video.xml to C:\Users\Dyuthi\smartnotes\build\image_picker_android\intermediates\verified_library_resources\release\verifyReleaseResources\compiled\drawable_ic_call_answer_video.xml.flat
[        ] Compiling xml file C:\Users\Dyuthi\smartnotes\build\image_picker_android\intermediates\merged_res\release\mergeReleaseResources\drawable\ic_call_answer_low.xml to C:\Users\Dyuthi\smartnotes\build\image_picker_android\intermediates\verified_library_resources\release\verifyReleaseResources\compiled\drawable_ic_call_answer_low.xml.flat
[        ] Compiling xml file C:\Users\Dyuthi\smartnotes\build\image_picker_android\intermediates\merged_res\release\mergeReleaseResources\drawable\ic_call_answer_video_low.xml to C:\Users\Dyuthi\smartnotes\build\image_picker_android\intermediates\verified_library_resources\release\verifyReleaseResources\compiled\drawable_ic_call_answer_video_low.xml.flat
[        ] Compiling xml file C:\Users\Dyuthi\smartnotes\build\image_picker_android\intermediates\merged_res\release\mergeReleaseResources\drawable\ic_call_decline.xml to C:\Users\Dyuthi\smartnotes\build\image_picker_android\intermediates\verified_library_resources\release\verifyReleaseResources\compiled\drawable_ic_call_decline.xml.flat
[        ] Compiling xml file C:\Users\Dyuthi\smartnotes\build\image_picker_android\intermediates\merged_res\release\mergeReleaseResources\layout\notification_action.xml to C:\Users\Dyuthi\smartnotes\build\image_picker_android\intermediates\verified_library_resources\release\verifyReleaseResources\compiled\layout_notification_action.xml.flat
[        ] Compiling xml file C:\Users\Dyuthi\smartnotes\build\image_picker_android\intermediates\merged_res\release\mergeReleaseResources\layout\ime_base_split_test_activity.xml to C:\Users\Dyuthi\smartnotes\build\image_picker_android\intermediates\verified_library_resources\release\verifyReleaseResources\compiled\layout_ime_base_split_test_activity.xml.flat
[        ] Compiling xml file C:\Users\Dyuthi\smartnotes\build\image_picker_android\intermediates\merged_res\release\mergeReleaseResources\drawable\notification_icon_background.xml to C:\Users\Dyuthi\smartnotes\build\image_picker_android\intermediates\verified_library_resources\release\verifyReleaseResources\compiled\drawable_notification_icon_background.xml.flat
[        ] Compiling xml file C:\Users\Dyuthi\smartnotes\build\image_picker_android\intermediates\merged_res\release\mergeReleaseResources\layout\custom_dialog.xml to C:\Users\Dyuthi\smartnotes\build\image_picker_android\intermediates\verified_library_resources\release\verifyReleaseResources\compiled\layout_custom_dialog.xml.flat
[        ] Compiling image file C:\Users\Dyuthi\smartnotes\build\image_picker_android\intermediates\merged_res\release\mergeReleaseResources\drawable-xhdpi-v4\notify_panel_notification_icon_bg.png
[        ] Compiling file C:\Users\Dyuthi\smartnotes\build\image_picker_android\intermediates\merged_res\release\mergeReleaseResources\drawable-xhdpi-v4\notify_panel_notification_icon_bg.png to C:\Users\Dyuthi\smartnotes\build\image_picker_android\intermediates\verified_library_resources\release\verifyReleaseResources\compiled\drawable-xhdpi-v4_notify_panel_notification_icon_bg.png.flat
[        ] Compiling image file C:\Users\Dyuthi\smartnotes\build\image_picker_android\intermediates\merged_res\release\mergeReleaseResources\drawable-hdpi-v4\notify_panel_notification_icon_bg.png
[        ] Compiling file C:\Users\Dyuthi\smartnotes\build\image_picker_android\intermediates\merged_res\release\mergeReleaseResources\drawable-hdpi-v4\notify_panel_notification_icon_bg.png to C:\Users\Dyuthi\smartnotes\build\image_picker_android\intermediates\verified_library_resources\release\verifyReleaseResources\compiled\drawable-hdpi-v4_notify_panel_notification_icon_bg.png.flat
[        ] Compiling image file C:\Users\Dyuthi\smartnotes\build\image_picker_android\intermediates\merged_res\release\mergeReleaseResources\drawable-hdpi-v4\notification_oversize_large_icon_bg.png
[        ] Compiling file C:\Users\Dyuthi\smartnotes\build\image_picker_android\intermediates\merged_res\release\mergeReleaseResources\drawable-hdpi-v4\notification_oversize_large_icon_bg.png to C:\Users\Dyuthi\smartnotes\build\image_picker_android\intermediates\verified_library_resources\release\verifyReleaseResources\compiled\drawable-hdpi-v4_notification_oversize_large_icon_bg.png.flat
[        ] Compiling xml file C:\Users\Dyuthi\smartnotes\build\image_picker_android\intermediates\merged_res\release\mergeReleaseResources\drawable\notification_action_background.xml to C:\Users\Dyuthi\smartnotes\build\image_picker_android\intermediates\verified_library_resources\release\verifyReleaseResources\compiled\drawable_notification_action_background.xml.flat
[        ] Compiling image file C:\Users\Dyuthi\smartnotes\build\image_picker_android\intermediates\merged_res\release\mergeReleaseResources\drawable-mdpi-v4\notify_panel_notification_icon_bg.png
[        ] Compiling file C:\Users\Dyuthi\smartnotes\build\image_picker_android\intermediates\merged_res\release\mergeReleaseResources\drawable-mdpi-v4\notify_panel_notification_icon_bg.png to C:\Users\Dyuthi\smartnotes\build\image_picker_android\intermediates\verified_library_resources\release\verifyReleaseResources\compiled\drawable-mdpi-v4_notify_panel_notification_icon_bg.png.flat
[        ] Compiling xml file C:\Users\Dyuthi\smartnotes\build\image_picker_android\intermediates\merged_res\release\mergeReleaseResources\layout\ime_secondary_split_test_activity.xml to C:\Users\Dyuthi\smartnotes\build\image_picker_android\intermediates\verified_library_resources\release\verifyReleaseResources\compiled\layout_ime_secondary_split_test_activity.xml.flat
[        ] Compiling xml file C:\Users\Dyuthi\smartnotes\build\image_picker_android\intermediates\merged_res\release\mergeReleaseResources\layout\notification_action_tombstone.xml to C:\Users\Dyuthi\smartnotes\build\image_picker_android\intermediates\verified_library_resources\release\verifyReleaseResources\compiled\layout_notification_action_tombstone.xml.flat
[        ] Compiling xml file C:\Users\Dyuthi\smartnotes\build\image_picker_android\intermediates\merged_res\release\mergeReleaseResources\drawable\notification_tile_bg.xml to C:\Users\Dyuthi\smartnotes\build\image_picker_android\intermediates\verified_library_resources\release\verifyReleaseResources\compiled\drawable_notification_tile_bg.xml.flat
[        ] Compiling xml file C:\Users\Dyuthi\smartnotes\build\image_picker_android\intermediates\merged_res\release\mergeReleaseResources\layout\notification_template_custom_big.xml to C:\Users\Dyuthi\smartnotes\build\image_picker_android\intermediates\verified_library_resources\release\verifyReleaseResources\compiled\layout_notification_template_custom_big.xml.flat
[        ] Compiling XML table C:\Users\Dyuthi\smartnotes\build\image_picker_android\intermediates\merged_res\release\mergeReleaseResources\values-af\values-af.xml to C:\Users\Dyuthi\smartnotes\build\image_picker_android\intermediates\verified_library_resources\release\verifyReleaseResources\compiled\values-af_values-af.arsc.flat
[        ] Compiling XML table C:\Users\Dyuthi\smartnotes\build\image_picker_android\intermediates\merged_res\release\mergeReleaseResources\values-bs\values-bs.xml to C:\Users\Dyuthi\smartnotes\build\image_picker_android\intermediates\verified_library_resources\release\verifyReleaseResources\compiled\values-bs_values-bs.arsc.flat
[        ] Compiling XML table C:\Users\Dyuthi\smartnotes\build\image_picker_android\intermediates\merged_res\release\mergeReleaseResources\values-as\values-as.xml to C:\Users\Dyuthi\smartnotes\build\image_picker_android\intermediates\verified_library_resources\release\verifyReleaseResources\compiled\values-as_values-as.arsc.flat
[        ] Compiling XML table C:\Users\Dyuthi\smartnotes\build\image_picker_android\intermediates\merged_res\release\mergeReleaseResources\values-bg\values-bg.xml to C:\Users\Dyuthi\smartnotes\build\image_picker_android\intermediates\verified_library_resources\release\verifyReleaseResources\compiled\values-bg_values-bg.arsc.flat
[        ] Compiling XML table C:\Users\Dyuthi\smartnotes\build\image_picker_android\intermediates\merged_res\release\mergeReleaseResources\values-be\values-be.xml to C:\Users\Dyuthi\smartnotes\build\image_picker_android\intermediates\verified_library_resources\release\verifyReleaseResources\compiled\values-be_values-be.arsc.flat
[        ] Compiling XML table C:\Users\Dyuthi\smartnotes\build\image_picker_android\intermediates\merged_res\release\mergeReleaseResources\values-ar\values-ar.xml to C:\Users\Dyuthi\smartnotes\build\image_picker_android\intermediates\verified_library_resources\release\verifyReleaseResources\compiled\values-ar_values-ar.arsc.flat
[        ] Compiling XML table C:\Users\Dyuthi\smartnotes\build\image_picker_android\intermediates\merged_res\release\mergeReleaseResources\values-b+sr+Latn\values-b+sr+Latn.xml to C:\Users\Dyuthi\smartnotes\build\image_picker_android\intermediates\verified_library_resources\release\verifyReleaseResources\compiled\values-b+sr+Latn_values-b+sr+Latn.arsc.flat
[        ] Compiling XML table C:\Users\Dyuthi\smartnotes\build\image_picker_android\intermediates\merged_res\release\mergeReleaseResources\values-am\values-am.xml to C:\Users\Dyuthi\smartnotes\build\image_picker_android\intermediates\verified_library_resources\release\verifyReleaseResources\compiled\values-am_values-am.arsc.flat
[        ] Compiling XML table C:\Users\Dyuthi\smartnotes\build\image_picker_android\intermediates\merged_res\release\mergeReleaseResources\values-az\values-az.xml to C:\Users\Dyuthi\smartnotes\build\image_picker_android\intermediates\verified_library_resources\release\verifyReleaseResources\compiled\values-az_values-az.arsc.flat
[        ] Compiling xml file C:\Users\Dyuthi\smartnotes\build\image_picker_android\intermediates\merged_res\release\mergeReleaseResources\layout\notification_template_part_chronometer.xml to C:\Users\Dyuthi\smartnotes\build\image_picker_android\intermediates\verified_library_resources\release\verifyReleaseResources\compiled\layout_notification_template_part_chronometer.xml.flat
[        ] Compiling XML table C:\Users\Dyuthi\smartnotes\build\image_picker_android\intermediates\merged_res\release\mergeReleaseResources\values-en-rCA\values-en-rCA.xml to C:\Users\Dyuthi\smartnotes\build\image_picker_android\intermediates\verified_library_resources\release\verifyReleaseResources\compiled\values-en-rCA_values-en-rCA.arsc.flat
[        ] Compiling XML table C:\Users\Dyuthi\smartnotes\build\image_picker_android\intermediates\merged_res\release\mergeReleaseResources\values-fi\values-fi.xml to C:\Users\Dyuthi\smartnotes\build\image_picker_android\intermediates\verified_library_resources\release\verifyReleaseResources\compiled\values-fi_values-fi.arsc.flat
[        ] Compiling XML table C:\Users\Dyuthi\smartnotes\build\image_picker_android\intermediates\merged_res\release\mergeReleaseResources\values-ca\values-ca.xml to C:\Users\Dyuthi\smartnotes\build\image_picker_android\intermediates\verified_library_resources\release\verifyReleaseResources\compiled\values-ca_values-ca.arsc.flat
[        ] Compiling XML table C:\Users\Dyuthi\smartnotes\build\image_picker_android\intermediates\merged_res\release\mergeReleaseResources\values-bn\values-bn.xml to C:\Users\Dyuthi\smartnotes\build\image_picker_android\intermediates\verified_library_resources\release\verifyReleaseResources\compiled\values-bn_values-bn.arsc.flat
[        ] Compiling XML table C:\Users\Dyuthi\smartnotes\build\image_picker_android\intermediates\merged_res\release\mergeReleaseResources\values-en-rXC\values-en-rXC.xml to C:\Users\Dyuthi\smartnotes\build\image_picker_android\intermediates\verified_library_resources\release\verifyReleaseResources\compiled\values-en-rXC_values-en-rXC.arsc.flat
[        ] Compiling XML table C:\Users\Dyuthi\smartnotes\build\image_picker_android\intermediates\merged_res\release\mergeReleaseResources\values-eu\values-eu.xml to C:\Users\Dyuthi\smartnotes\build\image_picker_android\intermediates\verified_library_resources\release\verifyReleaseResources\compiled\values-eu_values-eu.arsc.flat
[        ] Compiling XML table C:\Users\Dyuthi\smartnotes\build\image_picker_android\intermediates\merged_res\release\mergeReleaseResources\values-cs\values-cs.xml to C:\Users\Dyuthi\smartnotes\build\image_picker_android\intermediates\verified_library_resources\release\verifyReleaseResources\compiled\values-cs_values-cs.arsc.flat
[        ] Compiling XML table C:\Users\Dyuthi\smartnotes\build\image_picker_android\intermediates\merged_res\release\mergeReleaseResources\values-et\values-et.xml to C:\Users\Dyuthi\smartnotes\build\image_picker_android\intermediates\verified_library_resources\release\verifyReleaseResources\compiled\values-et_values-et.arsc.flat
[        ] Compiling XML table C:\Users\Dyuthi\smartnotes\build\image_picker_android\intermediates\merged_res\release\mergeReleaseResources\values-en-rIN\values-en-rIN.xml to C:\Users\Dyuthi\smartnotes\build\image_picker_android\intermediates\verified_library_resources\release\verifyReleaseResources\compiled\values-en-rIN_values-en-rIN.arsc.flat
[        ] Compiling XML table C:\Users\Dyuthi\smartnotes\build\image_picker_android\intermediates\merged_res\release\mergeReleaseResources\values-es-rUS\values-es-rUS.xml to C:\Users\Dyuthi\smartnotes\build\image_picker_android\intermediates\verified_library_resources\release\verifyReleaseResources\compiled\values-es-rUS_values-es-rUS.arsc.flat
[        ] Compiling XML table C:\Users\Dyuthi\smartnotes\build\image_picker_android\intermediates\merged_res\release\mergeReleaseResources\values-en-rGB\values-en-rGB.xml to C:\Users\Dyuthi\smartnotes\build\image_picker_android\intermediates\verified_library_resources\release\verifyReleaseResources\compiled\values-en-rGB_values-en-rGB.arsc.flat
[        ] Compiling XML table C:\Users\Dyuthi\smartnotes\build\image_picker_android\intermediates\merged_res\release\mergeReleaseResources\values-es\values-es.xml to C:\Users\Dyuthi\smartnotes\build\image_picker_android\intermediates\verified_library_resources\release\verifyReleaseResources\compiled\values-es_values-es.arsc.flat
[        ] Compiling XML table C:\Users\Dyuthi\smartnotes\build\image_picker_android\intermediates\merged_res\release\mergeReleaseResources\values-hu\values-hu.xml to C:\Users\Dyuthi\smartnotes\build\image_picker_android\intermediates\verified_library_resources\release\verifyReleaseResources\compiled\values-hu_values-hu.arsc.flat
[        ] Compiling XML table C:\Users\Dyuthi\smartnotes\build\image_picker_android\intermediates\merged_res\release\mergeReleaseResources\values-km\values-km.xml to C:\Users\Dyuthi\smartnotes\build\image_picker_android\intermediates\verified_library_resources\release\verifyReleaseResources\compiled\values-km_values-km.arsc.flat
[        ] Compiling XML table C:\Users\Dyuthi\smartnotes\build\image_picker_android\intermediates\merged_res\release\mergeReleaseResources\values-fr\values-fr.xml to C:\Users\Dyuthi\smartnotes\build\image_picker_android\intermediates\verified_library_resources\release\verifyReleaseResources\compiled\values-fr_values-fr.arsc.flat
[        ] Compiling XML table C:\Users\Dyuthi\smartnotes\build\image_picker_android\intermediates\merged_res\release\mergeReleaseResources\values-fa\values-fa.xml to C:\Users\Dyuthi\smartnotes\build\image_picker_android\intermediates\verified_library_resources\release\verifyReleaseResources\compiled\values-fa_values-fa.arsc.flat
[        ] Compiling XML table C:\Users\Dyuthi\smartnotes\build\image_picker_android\intermediates\merged_res\release\mergeReleaseResources\values-is\values-is.xml to C:\Users\Dyuthi\smartnotes\build\image_picker_android\intermediates\verified_library_resources\release\verifyReleaseResources\compiled\values-is_values-is.arsc.flat
[        ] Compiling XML table C:\Users\Dyuthi\smartnotes\build\image_picker_android\intermediates\merged_res\release\mergeReleaseResources\values-ka\values-ka.xml to C:\Users\Dyuthi\smartnotes\build\image_picker_android\intermediates\verified_library_resources\release\verifyReleaseResources\compiled\values-ka_values-ka.arsc.flat
[        ] Compiling XML table C:\Users\Dyuthi\smartnotes\build\image_picker_android\intermediates\merged_res\release\mergeReleaseResources\values-ja\values-ja.xml to C:\Users\Dyuthi\smartnotes\build\image_picker_android\intermediates\verified_library_resources\release\verifyReleaseResources\compiled\values-ja_values-ja.arsc.flat
[        ] Compiling XML table C:\Users\Dyuthi\smartnotes\build\image_picker_android\intermediates\merged_res\release\mergeReleaseResources\values-fr-rCA\values-fr-rCA.xml to C:\Users\Dyuthi\smartnotes\build\image_picker_android\intermediates\verified_library_resources\release\verifyReleaseResources\compiled\values-fr-rCA_values-fr-rCA.arsc.flat
[        ] Compiling XML table C:\Users\Dyuthi\smartnotes\build\image_picker_android\intermediates\merged_res\release\mergeReleaseResources\values-in\values-in.xml to C:\Users\Dyuthi\smartnotes\build\image_picker_android\intermediates\verified_library_resources\release\verifyReleaseResources\compiled\values-in_values-in.arsc.flat
[        ] Compiling XML table C:\Users\Dyuthi\smartnotes\build\image_picker_android\intermediates\merged_res\release\mergeReleaseResources\values-iw\values-iw.xml to C:\Users\Dyuthi\smartnotes\build\image_picker_android\intermediates\verified_library_resources\release\verifyReleaseResources\compiled\values-iw_values-iw.arsc.flat
[        ] Compiling XML table C:\Users\Dyuthi\smartnotes\build\image_picker_android\intermediates\merged_res\release\mergeReleaseResources\values-hy\values-hy.xml to C:\Users\Dyuthi\smartnotes\build\image_picker_android\intermediates\verified_library_resources\release\verifyReleaseResources\compiled\values-hy_values-hy.arsc.flat
[        ] Compiling XML table C:\Users\Dyuthi\smartnotes\build\image_picker_android\intermediates\merged_res\release\mergeReleaseResources\values-it\values-it.xml to C:\Users\Dyuthi\smartnotes\build\image_picker_android\intermediates\verified_library_resources\release\verifyReleaseResources\compiled\values-it_values-it.arsc.flat
[        ] Compiling XML table C:\Users\Dyuthi\smartnotes\build\image_picker_android\intermediates\merged_res\release\mergeReleaseResources\values-de\values-de.xml to C:\Users\Dyuthi\smartnotes\build\image_picker_android\intermediates\verified_library_resources\release\verifyReleaseResources\compiled\values-de_values-de.arsc.flat
[        ] Compiling XML table C:\Users\Dyuthi\smartnotes\build\image_picker_android\intermediates\merged_res\release\mergeReleaseResources\values-mk\values-mk.xml to C:\Users\Dyuthi\smartnotes\build\image_picker_android\intermediates\verified_library_resources\release\verifyReleaseResources\compiled\values-mk_values-mk.arsc.flat
[        ] Compiling XML table C:\Users\Dyuthi\smartnotes\build\image_picker_android\intermediates\merged_res\release\mergeReleaseResources\values-kk\values-kk.xml to C:\Users\Dyuthi\smartnotes\build\image_picker_android\intermediates\verified_library_resources\release\verifyReleaseResources\compiled\values-kk_values-kk.arsc.flat
[        ] Compiling XML table C:\Users\Dyuthi\smartnotes\build\image_picker_android\intermediates\merged_res\release\mergeReleaseResources\values-kn\values-kn.xml to C:\Users\Dyuthi\smartnotes\build\image_picker_android\intermediates\verified_library_resources\release\verifyReleaseResources\compiled\values-kn_values-kn.arsc.flat
[        ] Compiling XML table C:\Users\Dyuthi\smartnotes\build\image_picker_android\intermediates\merged_res\release\mergeReleaseResources\values-mr\values-mr.xml to C:\Users\Dyuthi\smartnotes\build\image_picker_android\intermediates\verified_library_resources\release\verifyReleaseResources\compiled\values-mr_values-mr.arsc.flat
[        ] Compiling XML table C:\Users\Dyuthi\smartnotes\build\image_picker_android\intermediates\merged_res\release\mergeReleaseResources\values-or\values-or.xml to C:\Users\Dyuthi\smartnotes\build\image_picker_android\intermediates\verified_library_resources\release\verifyReleaseResources\compiled\values-or_values-or.arsc.flat
[        ] Compiling XML table C:\Users\Dyuthi\smartnotes\build\image_picker_android\intermediates\merged_res\release\mergeReleaseResources\values-nb\values-nb.xml to C:\Users\Dyuthi\smartnotes\build\image_picker_android\intermediates\verified_library_resources\release\verifyReleaseResources\compiled\values-nb_values-nb.arsc.flat
[        ] Compiling XML table C:\Users\Dyuthi\smartnotes\build\image_picker_android\intermediates\merged_res\release\mergeReleaseResources\values-ko\values-ko.xml to C:\Users\Dyuthi\smartnotes\build\image_picker_android\intermediates\verified_library_resources\release\verifyReleaseResources\compiled\values-ko_values-ko.arsc.flat
[        ] Compiling XML table C:\Users\Dyuthi\smartnotes\build\image_picker_android\intermediates\merged_res\release\mergeReleaseResources\values-ne\values-ne.xml to C:\Users\Dyuthi\smartnotes\build\image_picker_android\intermediates\verified_library_resources\release\verifyReleaseResources\compiled\values-ne_values-ne.arsc.flat
[        ] Compiling XML table C:\Users\Dyuthi\smartnotes\build\image_picker_android\intermediates\merged_res\release\mergeReleaseResources\values-mn\values-mn.xml to C:\Users\Dyuthi\smartnotes\build\image_picker_android\intermediates\verified_library_resources\release\verifyReleaseResources\compiled\values-mn_values-mn.arsc.flat
[        ] Compiling XML table C:\Users\Dyuthi\smartnotes\build\image_picker_android\intermediates\merged_res\release\mergeReleaseResources\values-my\values-my.xml to C:\Users\Dyuthi\smartnotes\build\image_picker_android\intermediates\verified_library_resources\release\verifyReleaseResources\compiled\values-my_values-my.arsc.flat
[        ] Compiling XML table C:\Users\Dyuthi\smartnotes\build\image_picker_android\intermediates\merged_res\release\mergeReleaseResources\values-ml\values-ml.xml to C:\Users\Dyuthi\smartnotes\build\image_picker_android\intermediates\verified_library_resources\release\verifyReleaseResources\compiled\values-ml_values-ml.arsc.flat
[        ] Compiling XML table C:\Users\Dyuthi\smartnotes\build\image_picker_android\intermediates\merged_res\release\mergeReleaseResources\values-pa\values-pa.xml to C:\Users\Dyuthi\smartnotes\build\image_picker_android\intermediates\verified_library_resources\release\verifyReleaseResources\compiled\values-pa_values-pa.arsc.flat
[        ] Compiling XML table C:\Users\Dyuthi\smartnotes\build\image_picker_android\intermediates\merged_res\release\mergeReleaseResources\values-nl\values-nl.xml to C:\Users\Dyuthi\smartnotes\build\image_picker_android\intermediates\verified_library_resources\release\verifyReleaseResources\compiled\values-nl_values-nl.arsc.flat
[        ] Compiling XML table C:\Users\Dyuthi\smartnotes\build\image_picker_android\intermediates\merged_res\release\mergeReleaseResources\values-ru\values-ru.xml to C:\Users\Dyuthi\smartnotes\build\image_picker_android\intermediates\verified_library_resources\release\verifyReleaseResources\compiled\values-ru_values-ru.arsc.flat
[        ] Compiling XML table C:\Users\Dyuthi\smartnotes\build\image_picker_android\intermediates\merged_res\release\mergeReleaseResources\values-gu\values-gu.xml to C:\Users\Dyuthi\smartnotes\build\image_picker_android\intermediates\verified_library_resources\release\verifyReleaseResources\compiled\values-gu_values-gu.arsc.flat
[        ] Compiling XML table C:\Users\Dyuthi\smartnotes\build\image_picker_android\intermediates\merged_res\release\mergeReleaseResources\values-ms\values-ms.xml to C:\Users\Dyuthi\smartnotes\build\image_picker_android\intermediates\verified_library_resources\release\verifyReleaseResources\compiled\values-ms_values-ms.arsc.flat
[        ] Compiling XML table C:\Users\Dyuthi\smartnotes\build\image_picker_android\intermediates\merged_res\release\mergeReleaseResources\values-sl\values-sl.xml to C:\Users\Dyuthi\smartnotes\build\image_picker_android\intermediates\verified_library_resources\release\verifyReleaseResources\compiled\values-sl_values-sl.arsc.flat
[        ] Compiling XML table C:\Users\Dyuthi\smartnotes\build\image_picker_android\intermediates\merged_res\release\mergeReleaseResources\values-te\values-te.xml to C:\Users\Dyuthi\smartnotes\build\image_picker_android\intermediates\verified_library_resources\release\verifyReleaseResources\compiled\values-te_values-te.arsc.flat
[        ] Compiling XML table C:\Users\Dyuthi\smartnotes\build\image_picker_android\intermediates\merged_res\release\mergeReleaseResources\values-sw\values-sw.xml to C:\Users\Dyuthi\smartnotes\build\image_picker_android\intermediates\verified_library_resources\release\verifyReleaseResources\compiled\values-sw_values-sw.arsc.flat
[        ] Compiling XML table C:\Users\Dyuthi\smartnotes\build\image_picker_android\intermediates\merged_res\release\mergeReleaseResources\values-sv\values-sv.xml to C:\Users\Dyuthi\smartnotes\build\image_picker_android\intermediates\verified_library_resources\release\verifyReleaseResources\compiled\values-sv_values-sv.arsc.flat
[        ] Compiling XML table C:\Users\Dyuthi\smartnotes\build\image_picker_android\intermediates\merged_res\release\mergeReleaseResources\values-pl\values-pl.xml to C:\Users\Dyuthi\smartnotes\build\image_picker_android\intermediates\verified_library_resources\release\verifyReleaseResources\compiled\values-pl_values-pl.arsc.flat
[        ] Compiling XML table C:\Users\Dyuthi\smartnotes\build\image_picker_android\intermediates\merged_res\release\mergeReleaseResources\values-si\values-si.xml to C:\Users\Dyuthi\smartnotes\build\image_picker_android\intermediates\verified_library_resources\release\verifyReleaseResources\compiled\values-si_values-si.arsc.flat
[        ] Compiling XML table C:\Users\Dyuthi\smartnotes\build\image_picker_android\intermediates\merged_res\release\mergeReleaseResources\values-sk\values-sk.xml to C:\Users\Dyuthi\smartnotes\build\image_picker_android\intermediates\verified_library_resources\release\verifyReleaseResources\compiled\values-sk_values-sk.arsc.flat
[        ] Compiling XML table C:\Users\Dyuthi\smartnotes\build\image_picker_android\intermediates\merged_res\release\mergeReleaseResources\values-sr\values-sr.xml to C:\Users\Dyuthi\smartnotes\build\image_picker_android\intermediates\verified_library_resources\release\verifyReleaseResources\compiled\values-sr_values-sr.arsc.flat
[        ] Compiling XML table C:\Users\Dyuthi\smartnotes\build\image_picker_android\intermediates\merged_res\release\mergeReleaseResources\values-th\values-th.xml to C:\Users\Dyuthi\smartnotes\build\image_picker_android\intermediates\verified_library_resources\release\verifyReleaseResources\compiled\values-th_values-th.arsc.flat
[        ] Compiling XML table C:\Users\Dyuthi\smartnotes\build\image_picker_android\intermediates\merged_res\release\mergeReleaseResources\values-ta\values-ta.xml to C:\Users\Dyuthi\smartnotes\build\image_picker_android\intermediates\verified_library_resources\release\verifyReleaseResources\compiled\values-ta_values-ta.arsc.flat
[        ] Compiling XML table C:\Users\Dyuthi\smartnotes\build\image_picker_android\intermediates\merged_res\release\mergeReleaseResources\values-vi\values-vi.xml to C:\Users\Dyuthi\smartnotes\build\image_picker_android\intermediates\verified_library_resources\release\verifyReleaseResources\compiled\values-vi_values-vi.arsc.flat
[        ] Compiling XML table C:\Users\Dyuthi\smartnotes\build\image_picker_android\intermediates\merged_res\release\mergeReleaseResources\values-sq\values-sq.xml to C:\Users\Dyuthi\smartnotes\build\image_picker_android\intermediates\verified_library_resources\release\verifyReleaseResources\compiled\values-sq_values-sq.arsc.flat
[        ] Compiling XML table C:\Users\Dyuthi\smartnotes\build\image_picker_android\intermediates\merged_res\release\mergeReleaseResources\values-lo\values-lo.xml to C:\Users\Dyuthi\smartnotes\build\image_picker_android\intermediates\verified_library_resources\release\verifyReleaseResources\compiled\values-lo_values-lo.arsc.flat
[        ] Compiling XML table C:\Users\Dyuthi\smartnotes\build\image_picker_android\intermediates\merged_res\release\mergeReleaseResources\values-zh-rTW\values-zh-rTW.xml to C:\Users\Dyuthi\smartnotes\build\image_picker_android\intermediates\verified_library_resources\release\verifyReleaseResources\compiled\values-zh-rTW_values-zh-rTW.arsc.flat
[        ] Compiling xml file C:\Users\Dyuthi\smartnotes\build\image_picker_android\intermediates\merged_res\release\mergeReleaseResources\drawable\notification_bg_low.xml to C:\Users\Dyuthi\smartnotes\build\image_picker_android\intermediates\verified_library_resources\release\verifyReleaseResources\compiled\drawable_notification_bg_low.xml.flat
[        ] Compiling xml file C:\Users\Dyuthi\smartnotes\build\image_picker_android\intermediates\merged_res\release\mergeReleaseResources\drawable\notification_bg.xml to C:\Users\Dyuthi\smartnotes\build\image_picker_android\intermediates\verified_library_resources\release\verifyReleaseResources\compiled\drawable_notification_bg.xml.flat
[        ] Compiling XML table C:\Users\Dyuthi\smartnotes\build\image_picker_android\intermediates\merged_res\release\mergeReleaseResources\values-tl\values-tl.xml to C:\Users\Dyuthi\smartnotes\build\image_picker_android\intermediates\verified_library_resources\release\verifyReleaseResources\compiled\values-tl_values-tl.arsc.flat
[        ] Compiling XML table C:\Users\Dyuthi\smartnotes\build\image_picker_android\intermediates\merged_res\release\mergeReleaseResources\values-zh-rCN\values-zh-rCN.xml to C:\Users\Dyuthi\smartnotes\build\image_picker_android\intermediates\verified_library_resources\release\verifyReleaseResources\compiled\values-zh-rCN_values-zh-rCN.arsc.flat
[        ] Compiling XML table C:\Users\Dyuthi\smartnotes\build\image_picker_android\intermediates\merged_res\release\mergeReleaseResources\values-zh-rHK\values-zh-rHK.xml to C:\Users\Dyuthi\smartnotes\build\image_picker_android\intermediates\verified_library_resources\release\verifyReleaseResources\compiled\values-zh-rHK_values-zh-rHK.arsc.flat
[        ] Compiling xml file C:\Users\Dyuthi\smartnotes\build\image_picker_android\intermediates\merged_res\release\mergeReleaseResources\xml\flutter_image_picker_file_paths.xml to C:\Users\Dyuthi\smartnotes\build\image_picker_android\intermediates\verified_library_resources\release\verifyReleaseResources\compiled\xml_flutter_image_picker_file_paths.xml.flat
[        ] Compiling XML table C:\Users\Dyuthi\smartnotes\build\image_picker_android\intermediates\merged_res\release\mergeReleaseResources\values-pt-rBR\values-pt-rBR.xml to C:\Users\Dyuthi\smartnotes\build\image_picker_android\intermediates\verified_library_resources\release\verifyReleaseResources\compiled\values-pt-rBR_values-pt-rBR.arsc.flat
[        ] Compiling XML table C:\Users\Dyuthi\smartnotes\build\image_picker_android\intermediates\merged_res\release\mergeReleaseResources\values-zu\values-zu.xml to C:\Users\Dyuthi\smartnotes\build\image_picker_android\intermediates\verified_library_resources\release\verifyReleaseResources\compiled\values-zu_values-zu.arsc.flat
[        ] Compiling XML table C:\Users\Dyuthi\smartnotes\build\image_picker_android\intermediates\merged_res\release\mergeReleaseResources\values-uk\values-uk.xml to C:\Users\Dyuthi\smartnotes\build\image_picker_android\intermediates\verified_library_resources\release\verifyReleaseResources\compiled\values-uk_values-uk.arsc.flat
[        ] Compiling xml file C:\Users\Dyuthi\smartnotes\build\image_picker_android\intermediates\merged_res\release\mergeReleaseResources\drawable\ic_call_decline_low.xml to C:\Users\Dyuthi\smartnotes\build\image_picker_android\intermediates\verified_library_resources\release\verifyReleaseResources\compiled\drawable_ic_call_decline_low.xml.flat
[        ] Compiling XML table C:\Users\Dyuthi\smartnotes\build\image_picker_android\intermediates\merged_res\release\mergeReleaseResources\values\values.xml to C:\Users\Dyuthi\smartnotes\build\image_picker_android\intermediates\verified_library_resources\release\verifyReleaseResources\compiled\values_values.arsc.flat
[        ] Compiling xml file C:\Users\Dyuthi\smartnotes\build\image_picker_android\intermediates\merged_res\release\mergeReleaseResources\layout\notification_template_part_time.xml to C:\Users\Dyuthi\smartnotes\build\image_picker_android\intermediates\verified_library_resources\release\verifyReleaseResources\compiled\layout_notification_template_part_time.xml.flat
[        ] Compiling xml file C:\Users\Dyuthi\smartnotes\build\image_picker_android\intermediates\merged_res\release\mergeReleaseResources\layout\notification_template_icon_group.xml to C:\Users\Dyuthi\smartnotes\build\image_picker_android\intermediates\verified_library_resources\release\verifyReleaseResources\compiled\layout_notification_template_icon_group.xml.flat
[        ] Compiling XML table C:\Users\Dyuthi\smartnotes\build\image_picker_android\intermediates\merged_res\release\mergeReleaseResources\values-da\values-da.xml to C:\Users\Dyuthi\smartnotes\build\image_picker_android\intermediates\verified_library_resources\release\verifyReleaseResources\compiled\values-da_values-da.arsc.flat
[        ] Compiling XML table C:\Users\Dyuthi\smartnotes\build\image_picker_android\intermediates\merged_res\release\mergeReleaseResources\values-el\values-el.xml to C:\Users\Dyuthi\smartnotes\build\image_picker_android\intermediates\verified_library_resources\release\verifyReleaseResources\compiled\values-el_values-el.arsc.flat
[        ] Compiling XML table C:\Users\Dyuthi\smartnotes\build\image_picker_android\intermediates\merged_res\release\mergeReleaseResources\values-en-rAU\values-en-rAU.xml to C:\Users\Dyuthi\smartnotes\build\image_picker_android\intermediates\verified_library_resources\release\verifyReleaseResources\compiled\values-en-rAU_values-en-rAU.arsc.flat
[        ] Compiling XML table C:\Users\Dyuthi\smartnotes\build\image_picker_android\intermediates\merged_res\release\mergeReleaseResources\values-gl\values-gl.xml to C:\Users\Dyuthi\smartnotes\build\image_picker_android\intermediates\verified_library_resources\release\verifyReleaseResources\compiled\values-gl_values-gl.arsc.flat
[        ] Compiling XML table C:\Users\Dyuthi\smartnotes\build\image_picker_android\intermediates\merged_res\release\mergeReleaseResources\values-hi\values-hi.xml to C:\Users\Dyuthi\smartnotes\build\image_picker_android\intermediates\verified_library_resources\release\verifyReleaseResources\compiled\values-hi_values-hi.arsc.flat
[        ] Compiling XML table C:\Users\Dyuthi\smartnotes\build\image_picker_android\intermediates\merged_res\release\mergeReleaseResources\values-hr\values-hr.xml to C:\Users\Dyuthi\smartnotes\build\image_picker_android\intermediates\verified_library_resources\release\verifyReleaseResources\compiled\values-hr_values-hr.arsc.flat
[        ] Compiling XML table C:\Users\Dyuthi\smartnotes\build\image_picker_android\intermediates\merged_res\release\mergeReleaseResources\values-ky\values-ky.xml to C:\Users\Dyuthi\smartnotes\build\image_picker_android\intermediates\verified_library_resources\release\verifyReleaseResources\compiled\values-ky_values-ky.arsc.flat
[        ] Compiling XML table C:\Users\Dyuthi\smartnotes\build\image_picker_android\intermediates\merged_res\release\mergeReleaseResources\values-lt\values-lt.xml to C:\Users\Dyuthi\smartnotes\build\image_picker_android\intermediates\verified_library_resources\release\verifyReleaseResources\compiled\values-lt_values-lt.arsc.flat
[        ] Compiling XML table C:\Users\Dyuthi\smartnotes\build\image_picker_android\intermediates\merged_res\release\mergeReleaseResources\values-lv\values-lv.xml to C:\Users\Dyuthi\smartnotes\build\image_picker_android\intermediates\verified_library_resources\release\verifyReleaseResources\compiled\values-lv_values-lv.arsc.flat
[        ] Compiling XML table C:\Users\Dyuthi\smartnotes\build\image_picker_android\intermediates\merged_res\release\mergeReleaseResources\values-pt\values-pt.xml to C:\Users\Dyuthi\smartnotes\build\image_picker_android\intermediates\verified_library_resources\release\verifyReleaseResources\compiled\values-pt_values-pt.arsc.flat
[        ] Compiling XML table C:\Users\Dyuthi\smartnotes\build\image_picker_android\intermediates\merged_res\release\mergeReleaseResources\values-pt-rPT\values-pt-rPT.xml to C:\Users\Dyuthi\smartnotes\build\image_picker_android\intermediates\verified_library_resources\release\verifyReleaseResources\compiled\values-pt-rPT_values-pt-rPT.arsc.flat
[        ] Compiling XML table C:\Users\Dyuthi\smartnotes\build\image_picker_android\intermediates\merged_res\release\mergeReleaseResources\values-ro\values-ro.xml to C:\Users\Dyuthi\smartnotes\build\image_picker_android\intermediates\verified_library_resources\release\verifyReleaseResources\compiled\values-ro_values-ro.arsc.flat
[        ] Compiling XML table C:\Users\Dyuthi\smartnotes\build\image_picker_android\intermediates\merged_res\release\mergeReleaseResources\values-tr\values-tr.xml to C:\Users\Dyuthi\smartnotes\build\image_picker_android\intermediates\verified_library_resources\release\verifyReleaseResources\compiled\values-tr_values-tr.arsc.flat
[        ] Compiling XML table C:\Users\Dyuthi\smartnotes\build\image_picker_android\intermediates\merged_res\release\mergeReleaseResources\values-ur\values-ur.xml to C:\Users\Dyuthi\smartnotes\build\image_picker_android\intermediates\verified_library_resources\release\verifyReleaseResources\compiled\values-ur_values-ur.arsc.flat
[        ] Compiling XML table C:\Users\Dyuthi\smartnotes\build\image_picker_android\intermediates\merged_res\release\mergeReleaseResources\values-uz\values-uz.xml to C:\Users\Dyuthi\smartnotes\build\image_picker_android\intermediates\verified_library_resources\release\verifyReleaseResources\compiled\values-uz_values-uz.arsc.flat
[ +379 ms] > Task :jni:mergeReleaseResources
[        ] Caching disabled for task ':jni:mergeReleaseResources' because:
[        ]   Build cache is disabled
[        ] Task ':jni:mergeReleaseResources' is not up-to-date because:
[        ]   Output property 'blameLogOutputFolder' file C:\Users\Dyuthi\smartnotes\build\jni\intermediates\merged_res_blame_folder\release\mergeReleaseResources\out has been removed.
[        ]   Output property 'blameLogOutputFolder' file C:\Users\Dyuthi\smartnotes\build\jni\intermediates\merged_res_blame_folder\release\mergeReleaseResources\out\multi-v2 has been removed.
[        ]   Output property 'blameLogOutputFolder' file C:\Users\Dyuthi\smartnotes\build\jni\intermediates\merged_res_blame_folder\release\mergeReleaseResources\out\multi-v2\values-af.json has been removed.
[        ]   and more...
[        ] The input changes require a full rebuild for incremental task ':jni:mergeReleaseResources'.
[        ] [MergeResources] Inputs are non-incremental full task action.
[        ] work action resolve out (project :image_picker_android) (Thread[#525,Execution worker Thread 9,5,main]) started.
[        ] work action resolve out (project :image_picker_android) (Thread[#525,Execution worker Thread 9,5,main]) started.
[        ] Resolve mutations for :image_picker_android:assembleRelease (Thread[#525,Execution worker Thread 9,5,main]) started.
[        ] :image_picker_android:assembleRelease (Thread[#530,Execution worker Thread 14,5,main]) started.
[        ] > Task :image_picker_android:assembleRelease
[        ] Skipping task ':image_picker_android:assembleRelease' as it has no actions.
[        ] Resolve mutations for :jni:verifyReleaseResources (Thread[#530,Execution worker Thread 14,5,main]) started.
[        ] :jni:verifyReleaseResources (Thread[#530,Execution worker Thread 14,5,main]) started.
[ +110 ms] Resolve mutations for :jni_flutter:bundleReleaseAar (Thread[#517,Execution worker,5,main]) started.
[        ] :jni_flutter:bundleReleaseAar (Thread[#517,Execution worker,5,main]) started.
[        ] > Task :jni_flutter:bundleReleaseAar
[        ] Caching disabled for task ':jni_flutter:bundleReleaseAar' because:
[        ]   Build cache is disabled
[        ]   Caching has been disabled for the task
[        ] Task ':jni_flutter:bundleReleaseAar' is not up-to-date because:
[        ]   Output property 'archiveFile' file C:\Users\Dyuthi\smartnotes\build\jni_flutter\outputs\aar\jni_flutter-release.aar has been removed.
[        ] file or directory 'C:\Users\Dyuthi\smartnotes\build\jni_flutter\intermediates\public_res\release\packageReleaseResources\public.txt', not found
[        ] file or directory 'C:\Users\Dyuthi\smartnotes\build\jni_flutter\intermediates\navigation_json_for_aar\release\extractDeepLinksForAarRelease\navigation.json', not found
[        ] file or directory 'C:\Users\Dyuthi\smartnotes\build\jni_flutter\intermediates\annotations_zip\release\extractReleaseAnnotations\annotations.zip', not found
[        ] file or directory 'C:\Users\Dyuthi\smartnotes\build\jni_flutter\intermediates\lint_publish_jar\global\prepareLintJarForPublish\lint.jar', not found
[        ] file or directory 'C:\Users\Dyuthi\smartnotes\build\jni_flutter\intermediates\library_art_profile\release\prepareReleaseArtProfile\baseline-prof.txt', not found
[        ] Resolve mutations for :jni:compileReleaseLibraryResources (Thread[#517,Execution worker,5,main]) started.
[        ] :jni:compileReleaseLibraryResources (Thread[#517,Execution worker,5,main]) started.
[        ] Resolve mutations for :jni_flutter:mapReleaseSourceSetPaths (Thread[#527,Execution worker Thread 11,5,main]) started.
[        ] :jni_flutter:mapReleaseSourceSetPaths (Thread[#527,Execution worker Thread 11,5,main]) started.
[        ] > Task :jni_flutter:mapReleaseSourceSetPaths
[        ] Caching disabled for task ':jni_flutter:mapReleaseSourceSetPaths' because:
[        ]   Build cache is disabled
[        ]   Caching has been disabled for the task
[        ] Task ':jni_flutter:mapReleaseSourceSetPaths' is not up-to-date because:
[        ]   Output property 'filepathMappingFile' file C:\Users\Dyuthi\smartnotes\build\jni_flutter\intermediates\source_set_path_map\release\mapReleaseSourceSetPaths\file-map.txt has been removed.
[        ] Resolve mutations for :jni_flutter:mergeReleaseResources (Thread[#527,Execution worker Thread 11,5,main]) started.
[        ] :jni_flutter:mergeReleaseResources (Thread[#527,Execution worker Thread 11,5,main]) started.
[        ] > Task :jni:compileReleaseLibraryResources
[        ] Caching disabled for task ':jni:compileReleaseLibraryResources' because:
[        ]   Build cache is disabled
[        ] Task ':jni:compileReleaseLibraryResources' is not up-to-date because:
[        ]   Output property 'outputDir' file C:\Users\Dyuthi\smartnotes\build\jni\intermediates\compiled_local_resources\release\compileReleaseLibraryResources\out has been removed.
[        ] The input changes require a full rebuild for incremental task ':jni:compileReleaseLibraryResources'.
[ +386 ms] > Task :record_android:compileReleaseKotlin
[        ] w: file:///C:/Users/Dyuthi/AppData/Local/Pub/Cache/hosted/pub.dev/record_android-1.5.1/android/src/main/kotlin/com/llfbandit/record/record/format/Format.kt:121:21 Only safe (?.) or non-null asserted (!!.) calls are allowed on a nullable receiver of type 'MediaCodecInfo.AudioCapabilities?'.
[        ] w: file:///C:/Users/Dyuthi/AppData/Local/Pub/Cache/hosted/pub.dev/record_android-1.5.1/android/src/main/kotlin/com/llfbandit/record/record/format/Format.kt:123:11 Only safe (?.) or non-null asserted (!!.) calls are allowed on a nullable receiver of type 'MediaCodecInfo.AudioCapabilities?'.
[        ] w: file:///C:/Users/Dyuthi/AppData/Local/Pub/Cache/hosted/pub.dev/record_android-1.5.1/android/src/main/kotlin/com/llfbandit/record/record/format/Format.kt:127:13 Only safe (?.) or non-null asserted (!!.) calls are allowed on a nullable receiver of type 'MediaCodecInfo.AudioCapabilities?'.
[        ] w: file:///C:/Users/Dyuthi/AppData/Local/Pub/Cache/hosted/pub.dev/record_android-1.5.1/android/src/main/kotlin/com/llfbandit/record/record/format/Format.kt:135:25 Only safe (?.) or non-null asserted (!!.) calls are allowed on a nullable receiver of type 'MediaCodecInfo.AudioCapabilities?'.
[        ] Finished executing kotlin compiler using DAEMON strategy
[ +296 ms] > Task :jni_flutter:mergeReleaseResources
[        ] Caching disabled for task ':jni_flutter:mergeReleaseResources' because:
[        ]   Build cache is disabled
[        ] Task ':jni_flutter:mergeReleaseResources' is not up-to-date because:
[        ]   Output property 'blameLogOutputFolder' file C:\Users\Dyuthi\smartnotes\build\jni_flutter\intermediates\merged_res_blame_folder\release\mergeReleaseResources\out has been removed.
[        ]   Output property 'blameLogOutputFolder' file C:\Users\Dyuthi\smartnotes\build\jni_flutter\intermediates\merged_res_blame_folder\release\mergeReleaseResources\out\multi-v2 has been removed.
[        ]   Output property 'blameLogOutputFolder' file C:\Users\Dyuthi\smartnotes\build\jni_flutter\intermediates\merged_res_blame_folder\release\mergeReleaseResources\out\multi-v2\values-af.json has been removed.
[        ]   and more...
[        ] The input changes require a full rebuild for incremental task ':jni_flutter:mergeReleaseResources'.
[        ] [MergeResources] Inputs are non-incremental full task action.
[        ] work action resolve out (project :jni) (Thread[#527,Execution worker Thread 11,5,main]) started.
[        ] Resolve mutations for :record_android:compileReleaseJavaWithJavac (Thread[#527,Execution worker Thread 11,5,main]) started.
[        ] :record_android:compileReleaseJavaWithJavac (Thread[#527,Execution worker Thread 11,5,main]) started.
[        ] > Task :jni:verifyReleaseResources
[        ] Caching disabled for task ':jni:verifyReleaseResources' because:
[        ]   Build cache is disabled
[        ] Task ':jni:verifyReleaseResources' is not up-to-date because:
[        ]   Output property 'compiledDirectory' file C:\Users\Dyuthi\smartnotes\build\jni\intermediates\verified_library_resources\release\verifyReleaseResources has been removed.
[        ]   Output property 'compiledDirectory' file C:\Users\Dyuthi\smartnotes\build\jni\intermediates\verified_library_resources\release\verifyReleaseResources\compiled has been removed.
[        ]   Output property 'compiledDirectory' file C:\Users\Dyuthi\smartnotes\build\jni\intermediates\verified_library_resources\release\verifyReleaseResources\compiled\anim-v21_fragment_fast_out_extra_slow_in.xml.flat has been removed.
[        ]   and more...
[        ] The input changes require a full rebuild for incremental task ':jni:verifyReleaseResources'.
[        ] Compiling xml file C:\Users\Dyuthi\smartnotes\build\jni\intermediates\merged_res\release\mergeReleaseResources\anim-v21\fragment_fast_out_extra_slow_in.xml to C:\Users\Dyuthi\smartnotes\build\jni\intermediates\verified_library_resources\release\verifyReleaseResources\compiled\anim-v21_fragment_fast_out_extra_slow_in.xml.flat
[        ] Compiling xml file C:\Users\Dyuthi\smartnotes\build\jni\intermediates\merged_res\release\mergeReleaseResources\animator\fragment_close_enter.xml to C:\Users\Dyuthi\smartnotes\build\jni\intermediates\verified_library_resources\release\verifyReleaseResources\compiled\animator_fragment_close_enter.xml.flat
[        ] Compiling xml file C:\Users\Dyuthi\smartnotes\build\jni\intermediates\merged_res\release\mergeReleaseResources\animator\fragment_close_exit.xml to C:\Users\Dyuthi\smartnotes\build\jni\intermediates\verified_library_resources\release\verifyReleaseResources\compiled\animator_fragment_close_exit.xml.flat
[        ] Compiling xml file C:\Users\Dyuthi\smartnotes\build\jni\intermediates\merged_res\release\mergeReleaseResources\animator\fragment_fade_enter.xml to C:\Users\Dyuthi\smartnotes\build\jni\intermediates\verified_library_resources\release\verifyReleaseResources\compiled\animator_fragment_fade_enter.xml.flat
[        ] Compiling xml file C:\Users\Dyuthi\smartnotes\build\jni\intermediates\merged_res\release\mergeReleaseResources\animator\fragment_fade_exit.xml to C:\Users\Dyuthi\smartnotes\build\jni\intermediates\verified_library_resources\release\verifyReleaseResources\compiled\animator_fragment_fade_exit.xml.flat
[        ] Compiling xml file C:\Users\Dyuthi\smartnotes\build\jni\intermediates\merged_res\release\mergeReleaseResources\animator\fragment_open_enter.xml to C:\Users\Dyuthi\smartnotes\build\jni\intermediates\verified_library_resources\release\verifyReleaseResources\compiled\animator_fragment_open_enter.xml.flat
[        ] Compiling xml file C:\Users\Dyuthi\smartnotes\build\jni\intermediates\merged_res\release\mergeReleaseResources\animator\fragment_open_exit.xml to C:\Users\Dyuthi\smartnotes\build\jni\intermediates\verified_library_resources\release\verifyReleaseResources\compiled\animator_fragment_open_exit.xml.flat
[        ] Compiling xml file C:\Users\Dyuthi\smartnotes\build\jni\intermediates\merged_res\release\mergeReleaseResources\drawable\notification_bg.xml to C:\Users\Dyuthi\smartnotes\build\jni\intermediates\verified_library_resources\release\verifyReleaseResources\compiled\drawable_notification_bg.xml.flat
[        ] Compiling xml file C:\Users\Dyuthi\smartnotes\build\jni\intermediates\merged_res\release\mergeReleaseResources\drawable\notification_bg_low.xml to C:\Users\Dyuthi\smartnotes\build\jni\intermediates\verified_library_resources\release\verifyReleaseResources\compiled\drawable_notification_bg_low.xml.flat
[        ] Compiling xml file C:\Users\Dyuthi\smartnotes\build\jni\intermediates\merged_res\release\mergeReleaseResources\drawable\notification_icon_background.xml to C:\Users\Dyuthi\smartnotes\build\jni\intermediates\verified_library_resources\release\verifyReleaseResources\compiled\drawable_notification_icon_background.xml.flat
[        ] Compiling xml file C:\Users\Dyuthi\smartnotes\build\jni\intermediates\merged_res\release\mergeReleaseResources\drawable-anydpi-v21\ic_call_answer.xml to C:\Users\Dyuthi\smartnotes\build\jni\intermediates\verified_library_resources\release\verifyReleaseResources\compiled\drawable-anydpi-v21_ic_call_answer.xml.flat
[        ] Compiling xml file C:\Users\Dyuthi\smartnotes\build\jni\intermediates\merged_res\release\mergeReleaseResources\drawable-anydpi-v21\ic_call_answer_low.xml to C:\Users\Dyuthi\smartnotes\build\jni\intermediates\verified_library_resources\release\verifyReleaseResources\compiled\drawable-anydpi-v21_ic_call_answer_low.xml.flat
[        ] Compiling xml file C:\Users\Dyuthi\smartnotes\build\jni\intermediates\merged_res\release\mergeReleaseResources\drawable\notification_tile_bg.xml to C:\Users\Dyuthi\smartnotes\build\jni\intermediates\verified_library_resources\release\verifyReleaseResources\compiled\drawable_notification_tile_bg.xml.flat
[        ] Compiling image file C:\Users\Dyuthi\smartnotes\build\jni\intermediates\merged_res\release\mergeReleaseResources\drawable-hdpi-v4\ic_call_answer_video.png
[        ] Compiling image file C:\Users\Dyuthi\smartnotes\build\jni\intermediates\merged_res\release\mergeReleaseResources\drawable-hdpi-v4\ic_call_answer_low.png
[        ] Compiling file C:\Users\Dyuthi\smartnotes\build\jni\intermediates\merged_res\release\mergeReleaseResources\drawable-hdpi-v4\ic_call_answer_low.png to C:\Users\Dyuthi\smartnotes\build\jni\intermediates\verified_library_resources\release\verifyReleaseResources\compiled\drawable-hdpi-v4_ic_call_answer_low.png.flat
[        ] Compiling xml file C:\Users\Dyuthi\smartnotes\build\jni\intermediates\merged_res\release\mergeReleaseResources\drawable-anydpi-v21\ic_call_decline_low.xml to C:\Users\Dyuthi\smartnotes\build\jni\intermediates\verified_library_resources\release\verifyReleaseResources\compiled\drawable-anydpi-v21_ic_call_decline_low.xml.flat
[        ] Compiling file C:\Users\Dyuthi\smartnotes\build\jni\intermediates\merged_res\release\mergeReleaseResources\drawable-hdpi-v4\ic_call_answer_video.png to C:\Users\Dyuthi\smartnotes\build\jni\intermediates\verified_library_resources\release\verifyReleaseResources\compiled\drawable-hdpi-v4_ic_call_answer_video.png.flat
[        ] Compiling image file C:\Users\Dyuthi\smartnotes\build\jni\intermediates\merged_res\release\mergeReleaseResources\drawable-hdpi-v4\ic_call_answer_video_low.png
[        ] Compiling file C:\Users\Dyuthi\smartnotes\build\jni\intermediates\merged_res\release\mergeReleaseResources\drawable-hdpi-v4\ic_call_answer_video_low.png to C:\Users\Dyuthi\smartnotes\build\jni\intermediates\verified_library_resources\release\verifyReleaseResources\compiled\drawable-hdpi-v4_ic_call_answer_video_low.png.flat
[        ] Compiling image file C:\Users\Dyuthi\smartnotes\build\jni\intermediates\merged_res\release\mergeReleaseResources\drawable-ldpi-v4\ic_call_answer_video.png
[        ] Compiling file C:\Users\Dyuthi\smartnotes\build\jni\intermediates\merged_res\release\mergeReleaseResources\drawable-ldpi-v4\ic_call_answer_video.png to C:\Users\Dyuthi\smartnotes\build\jni\intermediates\verified_library_resources\release\verifyReleaseResources\compiled\drawable-ldpi-v4_ic_call_answer_video.png.flat
[        ] Compiling image file C:\Users\Dyuthi\smartnotes\build\jni\intermediates\merged_res\release\mergeReleaseResources\drawable-hdpi-v4\ic_call_decline_low.png
[        ] Compiling file C:\Users\Dyuthi\smartnotes\build\jni\intermediates\merged_res\release\mergeReleaseResources\drawable-hdpi-v4\ic_call_decline_low.png to C:\Users\Dyuthi\smartnotes\build\jni\intermediates\verified_library_resources\release\verifyReleaseResources\compiled\drawable-hdpi-v4_ic_call_decline_low.png.flat
[        ] Compiling image file C:\Users\Dyuthi\smartnotes\build\jni\intermediates\merged_res\release\mergeReleaseResources\drawable-hdpi-v4\ic_call_answer.png
[        ] Compiling file C:\Users\Dyuthi\smartnotes\build\jni\intermediates\merged_res\release\mergeReleaseResources\drawable-hdpi-v4\ic_call_answer.png to C:\Users\Dyuthi\smartnotes\build\jni\intermediates\verified_library_resources\release\verifyReleaseResources\compiled\drawable-hdpi-v4_ic_call_answer.png.flat
[        ] Compiling image file C:\Users\Dyuthi\smartnotes\build\jni\intermediates\merged_res\release\mergeReleaseResources\drawable-hdpi-v4\notification_oversize_large_icon_bg.png
[        ] Compiling file C:\Users\Dyuthi\smartnotes\build\jni\intermediates\merged_res\release\mergeReleaseResources\drawable-hdpi-v4\notification_oversize_large_icon_bg.png to C:\Users\Dyuthi\smartnotes\build\jni\intermediates\verified_library_resources\release\verifyReleaseResources\compiled\drawable-hdpi-v4_notification_oversize_large_icon_bg.png.flat
[        ] Compiling image file C:\Users\Dyuthi\smartnotes\build\jni\intermediates\merged_res\release\mergeReleaseResources\drawable-ldpi-v4\ic_call_answer_low.png
[        ] Compiling file C:\Users\Dyuthi\smartnotes\build\jni\intermediates\merged_res\release\mergeReleaseResources\drawable-ldpi-v4\ic_call_answer_low.png to C:\Users\Dyuthi\smartnotes\build\jni\intermediates\verified_library_resources\release\verifyReleaseResources\compiled\drawable-ldpi-v4_ic_call_answer_low.png.flat
[        ] Compiling image file C:\Users\Dyuthi\smartnotes\build\jni\intermediates\merged_res\release\mergeReleaseResources\drawable-hdpi-v4\ic_call_decline.png
[        ] Compiling file C:\Users\Dyuthi\smartnotes\build\jni\intermediates\merged_res\release\mergeReleaseResources\drawable-hdpi-v4\ic_call_decline.png to C:\Users\Dyuthi\smartnotes\build\jni\intermediates\verified_library_resources\release\verifyReleaseResources\compiled\drawable-hdpi-v4_ic_call_decline.png.flat
[        ] Compiling image file C:\Users\Dyuthi\smartnotes\build\jni\intermediates\merged_res\release\mergeReleaseResources\drawable-ldpi-v4\ic_call_answer_video_low.png
[        ] Compiling file C:\Users\Dyuthi\smartnotes\build\jni\intermediates\merged_res\release\mergeReleaseResources\drawable-ldpi-v4\ic_call_answer_video_low.png to C:\Users\Dyuthi\smartnotes\build\jni\intermediates\verified_library_resources\release\verifyReleaseResources\compiled\drawable-ldpi-v4_ic_call_answer_video_low.png.flat
[        ] Compiling xml file C:\Users\Dyuthi\smartnotes\build\jni\intermediates\merged_res\release\mergeReleaseResources\drawable-anydpi-v21\ic_call_answer_video_low.xml to C:\Users\Dyuthi\smartnotes\build\jni\intermediates\verified_library_resources\release\verifyReleaseResources\compiled\drawable-anydpi-v21_ic_call_answer_video_low.xml.flat
[        ] Compiling image file C:\Users\Dyuthi\smartnotes\build\jni\intermediates\merged_res\release\mergeReleaseResources\drawable-ldpi-v4\ic_call_answer.png
[        ] Compiling file C:\Users\Dyuthi\smartnotes\build\jni\intermediates\merged_res\release\mergeReleaseResources\drawable-ldpi-v4\ic_call_answer.png to C:\Users\Dyuthi\smartnotes\build\jni\intermediates\verified_library_resources\release\verifyReleaseResources\compiled\drawable-ldpi-v4_ic_call_answer.png.flat
[        ] Compiling image file C:\Users\Dyuthi\smartnotes\build\jni\intermediates\merged_res\release\mergeReleaseResources\drawable-hdpi-v4\notify_panel_notification_icon_bg.png
[        ] Compiling file C:\Users\Dyuthi\smartnotes\build\jni\intermediates\merged_res\release\mergeReleaseResources\drawable-hdpi-v4\notify_panel_notification_icon_bg.png to C:\Users\Dyuthi\smartnotes\build\jni\intermediates\verified_library_resources\release\verifyReleaseResources\compiled\drawable-hdpi-v4_notify_panel_notification_icon_bg.png.flat
[        ] Compiling image file C:\Users\Dyuthi\smartnotes\build\jni\intermediates\merged_res\release\mergeReleaseResources\drawable-mdpi-v4\ic_call_decline_low.png
[        ] Compiling file C:\Users\Dyuthi\smartnotes\build\jni\intermediates\merged_res\release\mergeReleaseResources\drawable-mdpi-v4\ic_call_decline_low.png to C:\Users\Dyuthi\smartnotes\build\jni\intermediates\verified_library_resources\release\verifyReleaseResources\compiled\drawable-mdpi-v4_ic_call_decline_low.png.flat
[        ] Compiling xml file C:\Users\Dyuthi\smartnotes\build\jni\intermediates\merged_res\release\mergeReleaseResources\drawable-v21\notification_action_background.xml to C:\Users\Dyuthi\smartnotes\build\jni\intermediates\verified_library_resources\release\verifyReleaseResources\compiled\drawable-v21_notification_action_background.xml.flat
[        ] Compiling image file C:\Users\Dyuthi\smartnotes\build\jni\intermediates\merged_res\release\mergeReleaseResources\drawable-xhdpi-v4\ic_call_answer_video_low.png
[        ] Compiling image file C:\Users\Dyuthi\smartnotes\build\jni\intermediates\merged_res\release\mergeReleaseResources\drawable-mdpi-v4\ic_call_decline.png
[        ] Compiling file C:\Users\Dyuthi\smartnotes\build\jni\intermediates\merged_res\release\mergeReleaseResources\drawable-mdpi-v4\ic_call_decline.png to C:\Users\Dyuthi\smartnotes\build\jni\intermediates\verified_library_resources\release\verifyReleaseResources\compiled\drawable-mdpi-v4_ic_call_decline.png.flat
[        ] Compiling file C:\Users\Dyuthi\smartnotes\build\jni\intermediates\merged_res\release\mergeReleaseResources\drawable-xhdpi-v4\ic_call_answer_video_low.png to C:\Users\Dyuthi\smartnotes\build\jni\intermediates\verified_library_resources\release\verifyReleaseResources\compiled\drawable-xhdpi-v4_ic_call_answer_video_low.png.flat
[        ] Compiling image file C:\Users\Dyuthi\smartnotes\build\jni\intermediates\merged_res\release\mergeReleaseResources\drawable-mdpi-v4\ic_call_answer_low.png
[        ] Compiling file C:\Users\Dyuthi\smartnotes\build\jni\intermediates\merged_res\release\mergeReleaseResources\drawable-mdpi-v4\ic_call_answer_low.png to C:\Users\Dyuthi\smartnotes\build\jni\intermediates\verified_library_resources\release\verifyReleaseResources\compiled\drawable-mdpi-v4_ic_call_answer_low.png.flat
[        ] Compiling image file C:\Users\Dyuthi\smartnotes\build\jni\intermediates\merged_res\release\mergeReleaseResources\drawable-xhdpi-v4\ic_call_decline.png
[        ] Compiling file C:\Users\Dyuthi\smartnotes\build\jni\intermediates\merged_res\release\mergeReleaseResources\drawable-xhdpi-v4\ic_call_decline.png to C:\Users\Dyuthi\smartnotes\build\jni\intermediates\verified_library_resources\release\verifyReleaseResources\compiled\drawable-xhdpi-v4_ic_call_decline.png.flat
[        ] Compiling image file C:\Users\Dyuthi\smartnotes\build\jni\intermediates\merged_res\release\mergeReleaseResources\drawable-xhdpi-v4\ic_call_answer.png
[        ] Compiling file C:\Users\Dyuthi\smartnotes\build\jni\intermediates\merged_res\release\mergeReleaseResources\drawable-xhdpi-v4\ic_call_answer.png to C:\Users\Dyuthi\smartnotes\build\jni\intermediates\verified_library_resources\release\verifyReleaseResources\compiled\drawable-xhdpi-v4_ic_call_answer.png.flat
[        ] Compiling image file C:\Users\Dyuthi\smartnotes\build\jni\intermediates\merged_res\release\mergeReleaseResources\drawable-mdpi-v4\notify_panel_notification_icon_bg.png
[        ] Compiling file C:\Users\Dyuthi\smartnotes\build\jni\intermediates\merged_res\release\mergeReleaseResources\drawable-mdpi-v4\notify_panel_notification_icon_bg.png to C:\Users\Dyuthi\smartnotes\build\jni\intermediates\verified_library_resources\release\verifyReleaseResources\compiled\drawable-mdpi-v4_notify_panel_notification_icon_bg.png.flat
[        ] Compiling image file C:\Users\Dyuthi\smartnotes\build\jni\intermediates\merged_res\release\mergeReleaseResources\drawable-mdpi-v4\ic_call_answer_video_low.png
[        ] Compiling file C:\Users\Dyuthi\smartnotes\build\jni\intermediates\merged_res\release\mergeReleaseResources\drawable-mdpi-v4\ic_call_answer_video_low.png to C:\Users\Dyuthi\smartnotes\build\jni\intermediates\verified_library_resources\release\verifyReleaseResources\compiled\drawable-mdpi-v4_ic_call_answer_video_low.png.flat
[        ] Compiling image file C:\Users\Dyuthi\smartnotes\build\jni\intermediates\merged_res\release\mergeReleaseResources\drawable-mdpi-v4\ic_call_answer_video.png
[        ] Compiling file C:\Users\Dyuthi\smartnotes\build\jni\intermediates\merged_res\release\mergeReleaseResources\drawable-mdpi-v4\ic_call_answer_video.png to C:\Users\Dyuthi\smartnotes\build\jni\intermediates\verified_library_resources\release\verifyReleaseResources\compiled\drawable-mdpi-v4_ic_call_answer_video.png.flat
[        ] Compiling image file C:\Users\Dyuthi\smartnotes\build\jni\intermediates\merged_res\release\mergeReleaseResources\drawable-xhdpi-v4\ic_call_answer_low.png
[        ] Compiling file C:\Users\Dyuthi\smartnotes\build\jni\intermediates\merged_res\release\mergeReleaseResources\drawable-xhdpi-v4\ic_call_answer_low.png to C:\Users\Dyuthi\smartnotes\build\jni\intermediates\verified_library_resources\release\verifyReleaseResources\compiled\drawable-xhdpi-v4_ic_call_answer_low.png.flat
[        ] Compiling image file C:\Users\Dyuthi\smartnotes\build\jni\intermediates\merged_res\release\mergeReleaseResources\drawable-ldpi-v4\ic_call_decline_low.png
[        ] Compiling file C:\Users\Dyuthi\smartnotes\build\jni\intermediates\merged_res\release\mergeReleaseResources\drawable-ldpi-v4\ic_call_decline_low.png to C:\Users\Dyuthi\smartnotes\build\jni\intermediates\verified_library_resources\release\verifyReleaseResources\compiled\drawable-ldpi-v4_ic_call_decline_low.png.flat
[        ] Compiling image file C:\Users\Dyuthi\smartnotes\build\jni\intermediates\merged_res\release\mergeReleaseResources\drawable-xhdpi-v4\ic_call_decline_low.png
[        ] Compiling file C:\Users\Dyuthi\smartnotes\build\jni\intermediates\merged_res\release\mergeReleaseResources\drawable-xhdpi-v4\ic_call_decline_low.png to C:\Users\Dyuthi\smartnotes\build\jni\intermediates\verified_library_resources\release\verifyReleaseResources\compiled\drawable-xhdpi-v4_ic_call_decline_low.png.flat
[        ] Compiling image file C:\Users\Dyuthi\smartnotes\build\jni\intermediates\merged_res\release\mergeReleaseResources\drawable-xxxhdpi-v4\ic_call_answer_video.png
[        ] Compiling file C:\Users\Dyuthi\smartnotes\build\jni\intermediates\merged_res\release\mergeReleaseResources\drawable-xxxhdpi-v4\ic_call_answer_video.png to C:\Users\Dyuthi\smartnotes\build\jni\intermediates\verified_library_resources\release\verifyReleaseResources\compiled\drawable-xxxhdpi-v4_ic_call_answer_video.png.flat
[        ] Compiling xml file C:\Users\Dyuthi\smartnotes\build\jni\intermediates\merged_res\release\mergeReleaseResources\layout\custom_dialog.xml to C:\Users\Dyuthi\smartnotes\build\jni\intermediates\verified_library_resources\release\verifyReleaseResources\compiled\layout_custom_dialog.xml.flat
[        ] Compiling image file C:\Users\Dyuthi\smartnotes\build\jni\intermediates\merged_res\release\mergeReleaseResources\drawable-xxhdpi-v4\ic_call_answer_video.png
[        ] Compiling file C:\Users\Dyuthi\smartnotes\build\jni\intermediates\merged_res\release\mergeReleaseResources\drawable-xxhdpi-v4\ic_call_answer_video.png to C:\Users\Dyuthi\smartnotes\build\jni\intermediates\verified_library_resources\release\verifyReleaseResources\compiled\drawable-xxhdpi-v4_ic_call_answer_video.png.flat
[        ] Compiling image file C:\Users\Dyuthi\smartnotes\build\jni\intermediates\merged_res\release\mergeReleaseResources\drawable-xxxhdpi-v4\ic_call_answer.png
[        ] Compiling file C:\Users\Dyuthi\smartnotes\build\jni\intermediates\merged_res\release\mergeReleaseResources\drawable-xxxhdpi-v4\ic_call_answer.png to C:\Users\Dyuthi\smartnotes\build\jni\intermediates\verified_library_resources\release\verifyReleaseResources\compiled\drawable-xxxhdpi-v4_ic_call_answer.png.flat
[        ] Compiling image file C:\Users\Dyuthi\smartnotes\build\jni\intermediates\merged_res\release\mergeReleaseResources\drawable-xxxhdpi-v4\ic_call_answer_video_low.png
[        ] Compiling file C:\Users\Dyuthi\smartnotes\build\jni\intermediates\merged_res\release\mergeReleaseResources\drawable-xxxhdpi-v4\ic_call_answer_video_low.png to C:\Users\Dyuthi\smartnotes\build\jni\intermediates\verified_library_resources\release\verifyReleaseResources\compiled\drawable-xxxhdpi-v4_ic_call_answer_video_low.png.flat
[        ] Compiling image file C:\Users\Dyuthi\smartnotes\build\jni\intermediates\merged_res\release\mergeReleaseResources\drawable-xxxhdpi-v4\ic_call_answer_low.png
[        ] Compiling file C:\Users\Dyuthi\smartnotes\build\jni\intermediates\merged_res\release\mergeReleaseResources\drawable-xxxhdpi-v4\ic_call_answer_low.png to C:\Users\Dyuthi\smartnotes\build\jni\intermediates\verified_library_resources\release\verifyReleaseResources\compiled\drawable-xxxhdpi-v4_ic_call_answer_low.png.flat
[        ] Compiling xml file C:\Users\Dyuthi\smartnotes\build\jni\intermediates\merged_res\release\mergeReleaseResources\layout\ime_base_split_test_activity.xml to C:\Users\Dyuthi\smartnotes\build\jni\intermediates\verified_library_resources\release\verifyReleaseResources\compiled\layout_ime_base_split_test_activity.xml.flat
[        ] Compiling image file C:\Users\Dyuthi\smartnotes\build\jni\intermediates\merged_res\release\mergeReleaseResources\drawable-xxhdpi-v4\ic_call_decline.png
[        ] Compiling file C:\Users\Dyuthi\smartnotes\build\jni\intermediates\merged_res\release\mergeReleaseResources\drawable-xxhdpi-v4\ic_call_decline.png to C:\Users\Dyuthi\smartnotes\build\jni\intermediates\verified_library_resources\release\verifyReleaseResources\compiled\drawable-xxhdpi-v4_ic_call_decline.png.flat
[        ] Compiling image file C:\Users\Dyuthi\smartnotes\build\jni\intermediates\merged_res\release\mergeReleaseResources\drawable-xxhdpi-v4\ic_call_answer.png
[        ] Compiling file C:\Users\Dyuthi\smartnotes\build\jni\intermediates\merged_res\release\mergeReleaseResources\drawable-xxhdpi-v4\ic_call_answer.png to C:\Users\Dyuthi\smartnotes\build\jni\intermediates\verified_library_resources\release\verifyReleaseResources\compiled\drawable-xxhdpi-v4_ic_call_answer.png.flat
[        ] Compiling xml file C:\Users\Dyuthi\smartnotes\build\jni\intermediates\merged_res\release\mergeReleaseResources\layout\ime_secondary_split_test_activity.xml to C:\Users\Dyuthi\smartnotes\build\jni\intermediates\verified_library_resources\release\verifyReleaseResources\compiled\layout_ime_secondary_split_test_activity.xml.flat
[        ] Compiling XML table C:\Users\Dyuthi\smartnotes\build\jni\intermediates\merged_res\release\mergeReleaseResources\values-ar\values-ar.xml to C:\Users\Dyuthi\smartnotes\build\jni\intermediates\verified_library_resources\release\verifyReleaseResources\compiled\values-ar_values-ar.arsc.flat
[        ] Compiling image file C:\Users\Dyuthi\smartnotes\build\jni\intermediates\merged_res\release\mergeReleaseResources\drawable-xxxhdpi-v4\ic_call_decline.png
[        ] Compiling file C:\Users\Dyuthi\smartnotes\build\jni\intermediates\merged_res\release\mergeReleaseResources\drawable-xxxhdpi-v4\ic_call_decline.png to C:\Users\Dyuthi\smartnotes\build\jni\intermediates\verified_library_resources\release\verifyReleaseResources\compiled\drawable-xxxhdpi-v4_ic_call_decline.png.flat
[        ] Compiling image file C:\Users\Dyuthi\smartnotes\build\jni\intermediates\merged_res\release\mergeReleaseResources\drawable-xhdpi-v4\ic_call_answer_video.png
[        ] Compiling file C:\Users\Dyuthi\smartnotes\build\jni\intermediates\merged_res\release\mergeReleaseResources\drawable-xhdpi-v4\ic_call_answer_video.png to C:\Users\Dyuthi\smartnotes\build\jni\intermediates\verified_library_resources\release\verifyReleaseResources\compiled\drawable-xhdpi-v4_ic_call_answer_video.png.flat
[        ] Compiling XML table C:\Users\Dyuthi\smartnotes\build\jni\intermediates\merged_res\release\mergeReleaseResources\values-af\values-af.xml to C:\Users\Dyuthi\smartnotes\build\jni\intermediates\verified_library_resources\release\verifyReleaseResources\compiled\values-af_values-af.arsc.flat
[        ] Compiling xml file C:\Users\Dyuthi\smartnotes\build\jni\intermediates\merged_res\release\mergeReleaseResources\layout-v21\notification_action_tombstone.xml to C:\Users\Dyuthi\smartnotes\build\jni\intermediates\verified_library_resources\release\verifyReleaseResources\compiled\layout-v21_notification_action_tombstone.xml.flat
[        ] Compiling XML table C:\Users\Dyuthi\smartnotes\build\jni\intermediates\merged_res\release\mergeReleaseResources\values-be\values-be.xml to C:\Users\Dyuthi\smartnotes\build\jni\intermediates\verified_library_resources\release\verifyReleaseResources\compiled\values-be_values-be.arsc.flat
[        ] Compiling XML table C:\Users\Dyuthi\smartnotes\build\jni\intermediates\merged_res\release\mergeReleaseResources\values-am\values-am.xml to C:\Users\Dyuthi\smartnotes\build\jni\intermediates\verified_library_resources\release\verifyReleaseResources\compiled\values-am_values-am.arsc.flat
[        ] Compiling XML table C:\Users\Dyuthi\smartnotes\build\jni\intermediates\merged_res\release\mergeReleaseResources\values-as\values-as.xml to C:\Users\Dyuthi\smartnotes\build\jni\intermediates\verified_library_resources\release\verifyReleaseResources\compiled\values-as_values-as.arsc.flat
[        ] Compiling xml file C:\Users\Dyuthi\smartnotes\build\jni\intermediates\merged_res\release\mergeReleaseResources\layout-v21\notification_template_icon_group.xml to C:\Users\Dyuthi\smartnotes\build\jni\intermediates\verified_library_resources\release\verifyReleaseResources\compiled\layout-v21_notification_template_icon_group.xml.flat
[        ] Compiling XML table C:\Users\Dyuthi\smartnotes\build\jni\intermediates\merged_res\release\mergeReleaseResources\values-en-rIN\values-en-rIN.xml to C:\Users\Dyuthi\smartnotes\build\jni\intermediates\verified_library_resources\release\verifyReleaseResources\compiled\values-en-rIN_values-en-rIN.arsc.flat
[        ] Compiling XML table C:\Users\Dyuthi\smartnotes\build\jni\intermediates\merged_res\release\mergeReleaseResources\values-bg\values-bg.xml to C:\Users\Dyuthi\smartnotes\build\jni\intermediates\verified_library_resources\release\verifyReleaseResources\compiled\values-bg_values-bg.arsc.flat
[        ] Compiling xml file C:\Users\Dyuthi\smartnotes\build\jni\intermediates\merged_res\release\mergeReleaseResources\layout\notification_template_part_time.xml to C:\Users\Dyuthi\smartnotes\build\jni\intermediates\verified_library_resources\release\verifyReleaseResources\compiled\layout_notification_template_part_time.xml.flat
[        ] Compiling image file C:\Users\Dyuthi\smartnotes\build\jni\intermediates\merged_res\release\mergeReleaseResources\drawable-xxxhdpi-v4\ic_call_decline_low.png
[        ] Compiling XML table C:\Users\Dyuthi\smartnotes\build\jni\intermediates\merged_res\release\mergeReleaseResources\values-en-rCA\values-en-rCA.xml to C:\Users\Dyuthi\smartnotes\build\jni\intermediates\verified_library_resources\release\verifyReleaseResources\compiled\values-en-rCA_values-en-rCA.arsc.flat
[        ] Compiling file C:\Users\Dyuthi\smartnotes\build\jni\intermediates\merged_res\release\mergeReleaseResources\drawable-xxxhdpi-v4\ic_call_decline_low.png to C:\Users\Dyuthi\smartnotes\build\jni\intermediates\verified_library_resources\release\verifyReleaseResources\compiled\drawable-xxxhdpi-v4_ic_call_decline_low.png.flat
[        ] Compiling image file C:\Users\Dyuthi\smartnotes\build\jni\intermediates\merged_res\release\mergeReleaseResources\drawable-xxhdpi-v4\ic_call_decline_low.png
[        ] Compiling file C:\Users\Dyuthi\smartnotes\build\jni\intermediates\merged_res\release\mergeReleaseResources\drawable-xxhdpi-v4\ic_call_decline_low.png to C:\Users\Dyuthi\smartnotes\build\jni\intermediates\verified_library_resources\release\verifyReleaseResources\compiled\drawable-xxhdpi-v4_ic_call_decline_low.png.flat
[        ] Compiling XML table C:\Users\Dyuthi\smartnotes\build\jni\intermediates\merged_res\release\mergeReleaseResources\values-az\values-az.xml to C:\Users\Dyuthi\smartnotes\build\jni\intermediates\verified_library_resources\release\verifyReleaseResources\compiled\values-az_values-az.arsc.flat
[        ] Compiling XML table C:\Users\Dyuthi\smartnotes\build\jni\intermediates\merged_res\release\mergeReleaseResources\values-en-rGB\values-en-rGB.xml to C:\Users\Dyuthi\smartnotes\build\jni\intermediates\verified_library_resources\release\verifyReleaseResources\compiled\values-en-rGB_values-en-rGB.arsc.flat
[        ] Compiling XML table C:\Users\Dyuthi\smartnotes\build\jni\intermediates\merged_res\release\mergeReleaseResources\values-et\values-et.xml to C:\Users\Dyuthi\smartnotes\build\jni\intermediates\verified_library_resources\release\verifyReleaseResources\compiled\values-et_values-et.arsc.flat
[        ] Compiling XML table C:\Users\Dyuthi\smartnotes\build\jni\intermediates\merged_res\release\mergeReleaseResources\values-in\values-in.xml to C:\Users\Dyuthi\smartnotes\build\jni\intermediates\verified_library_resources\release\verifyReleaseResources\compiled\values-in_values-in.arsc.flat
[        ] Compiling image file C:\Users\Dyuthi\smartnotes\build\jni\intermediates\merged_res\release\mergeReleaseResources\drawable-xxhdpi-v4\ic_call_answer_video_low.png
[        ] Compiling file C:\Users\Dyuthi\smartnotes\build\jni\intermediates\merged_res\release\mergeReleaseResources\drawable-xxhdpi-v4\ic_call_answer_video_low.png to C:\Users\Dyuthi\smartnotes\build\jni\intermediates\verified_library_resources\release\verifyReleaseResources\compiled\drawable-xxhdpi-v4_ic_call_answer_video_low.png.flat
[        ] Compiling XML table C:\Users\Dyuthi\smartnotes\build\jni\intermediates\merged_res\release\mergeReleaseResources\values-hu\values-hu.xml to C:\Users\Dyuthi\smartnotes\build\jni\intermediates\verified_library_resources\release\verifyReleaseResources\compiled\values-hu_values-hu.arsc.flat
[        ] Compiling XML table C:\Users\Dyuthi\smartnotes\build\jni\intermediates\merged_res\release\mergeReleaseResources\values-en-rXC\values-en-rXC.xml to C:\Users\Dyuthi\smartnotes\build\jni\intermediates\verified_library_resources\release\verifyReleaseResources\compiled\values-en-rXC_values-en-rXC.arsc.flat
[        ] Compiling XML table C:\Users\Dyuthi\smartnotes\build\jni\intermediates\merged_res\release\mergeReleaseResources\values-es\values-es.xml to C:\Users\Dyuthi\smartnotes\build\jni\intermediates\verified_library_resources\release\verifyReleaseResources\compiled\values-es_values-es.arsc.flat
[        ] Compiling XML table C:\Users\Dyuthi\smartnotes\build\jni\intermediates\merged_res\release\mergeReleaseResources\values-bn\values-bn.xml to C:\Users\Dyuthi\smartnotes\build\jni\intermediates\verified_library_resources\release\verifyReleaseResources\compiled\values-bn_values-bn.arsc.flat
[        ] Compiling XML table C:\Users\Dyuthi\smartnotes\build\jni\intermediates\merged_res\release\mergeReleaseResources\values-eu\values-eu.xml to C:\Users\Dyuthi\smartnotes\build\jni\intermediates\verified_library_resources\release\verifyReleaseResources\compiled\values-eu_values-eu.arsc.flat
[        ] Compiling XML table C:\Users\Dyuthi\smartnotes\build\jni\intermediates\merged_res\release\mergeReleaseResources\values-mn\values-mn.xml to C:\Users\Dyuthi\smartnotes\build\jni\intermediates\verified_library_resources\release\verifyReleaseResources\compiled\values-mn_values-mn.arsc.flat
[        ] Compiling XML table C:\Users\Dyuthi\smartnotes\build\jni\intermediates\merged_res\release\mergeReleaseResources\values-hy\values-hy.xml to C:\Users\Dyuthi\smartnotes\build\jni\intermediates\verified_library_resources\release\verifyReleaseResources\compiled\values-hy_values-hy.arsc.flat
[        ] Compiling XML table C:\Users\Dyuthi\smartnotes\build\jni\intermediates\merged_res\release\mergeReleaseResources\values-mk\values-mk.xml to C:\Users\Dyuthi\smartnotes\build\jni\intermediates\verified_library_resources\release\verifyReleaseResources\compiled\values-mk_values-mk.arsc.flat
[        ] Compiling XML table C:\Users\Dyuthi\smartnotes\build\jni\intermediates\merged_res\release\mergeReleaseResources\values-el\values-el.xml to C:\Users\Dyuthi\smartnotes\build\jni\intermediates\verified_library_resources\release\verifyReleaseResources\compiled\values-el_values-el.arsc.flat
[        ] Compiling XML table C:\Users\Dyuthi\smartnotes\build\jni\intermediates\merged_res\release\mergeReleaseResources\values-ca\values-ca.xml to C:\Users\Dyuthi\smartnotes\build\jni\intermediates\verified_library_resources\release\verifyReleaseResources\compiled\values-ca_values-ca.arsc.flat
[        ] Compiling XML table C:\Users\Dyuthi\smartnotes\build\jni\intermediates\merged_res\release\mergeReleaseResources\values-ja\values-ja.xml to C:\Users\Dyuthi\smartnotes\build\jni\intermediates\verified_library_resources\release\verifyReleaseResources\compiled\values-ja_values-ja.arsc.flat
[        ] Compiling XML table C:\Users\Dyuthi\smartnotes\build\jni\intermediates\merged_res\release\mergeReleaseResources\values-it\values-it.xml to C:\Users\Dyuthi\smartnotes\build\jni\intermediates\verified_library_resources\release\verifyReleaseResources\compiled\values-it_values-it.arsc.flat
[        ] Compiling XML table C:\Users\Dyuthi\smartnotes\build\jni\intermediates\merged_res\release\mergeReleaseResources\values-is\values-is.xml to C:\Users\Dyuthi\smartnotes\build\jni\intermediates\verified_library_resources\release\verifyReleaseResources\compiled\values-is_values-is.arsc.flat
[        ] Compiling XML table C:\Users\Dyuthi\smartnotes\build\jni\intermediates\merged_res\release\mergeReleaseResources\values-sk\values-sk.xml to C:\Users\Dyuthi\smartnotes\build\jni\intermediates\verified_library_resources\release\verifyReleaseResources\compiled\values-sk_values-sk.arsc.flat
[        ] Compiling XML table C:\Users\Dyuthi\smartnotes\build\jni\intermediates\merged_res\release\mergeReleaseResources\values-ka\values-ka.xml to C:\Users\Dyuthi\smartnotes\build\jni\intermediates\verified_library_resources\release\verifyReleaseResources\compiled\values-ka_values-ka.arsc.flat
[        ] Compiling XML table C:\Users\Dyuthi\smartnotes\build\jni\intermediates\merged_res\release\mergeReleaseResources\values-fa\values-fa.xml to C:\Users\Dyuthi\smartnotes\build\jni\intermediates\verified_library_resources\release\verifyReleaseResources\compiled\values-fa_values-fa.arsc.flat
[        ] Compiling XML table C:\Users\Dyuthi\smartnotes\build\jni\intermediates\merged_res\release\mergeReleaseResources\values\values.xml to C:\Users\Dyuthi\smartnotes\build\jni\intermediates\verified_library_resources\release\verifyReleaseResources\compiled\values_values.arsc.flat
[        ] Compiling XML table C:\Users\Dyuthi\smartnotes\build\jni\intermediates\merged_res\release\mergeReleaseResources\values-ml\values-ml.xml to C:\Users\Dyuthi\smartnotes\build\jni\intermediates\verified_library_resources\release\verifyReleaseResources\compiled\values-ml_values-ml.arsc.flat
[        ] Compiling xml file C:\Users\Dyuthi\smartnotes\build\jni\intermediates\merged_res\release\mergeReleaseResources\layout-v21\notification_template_custom_big.xml to C:\Users\Dyuthi\smartnotes\build\jni\intermediates\verified_library_resources\release\verifyReleaseResources\compiled\layout-v21_notification_template_custom_big.xml.flat
[        ] Compiling XML table C:\Users\Dyuthi\smartnotes\build\jni\intermediates\merged_res\release\mergeReleaseResources\values-ru\values-ru.xml to C:\Users\Dyuthi\smartnotes\build\jni\intermediates\verified_library_resources\release\verifyReleaseResources\compiled\values-ru_values-ru.arsc.flat
[        ] Compiling XML table C:\Users\Dyuthi\smartnotes\build\jni\intermediates\merged_res\release\mergeReleaseResources\values-hi\values-hi.xml to C:\Users\Dyuthi\smartnotes\build\jni\intermediates\verified_library_resources\release\verifyReleaseResources\compiled\values-hi_values-hi.arsc.flat
[        ] Compiling XML table C:\Users\Dyuthi\smartnotes\build\jni\intermediates\merged_res\release\mergeReleaseResources\values-fr\values-fr.xml to C:\Users\Dyuthi\smartnotes\build\jni\intermediates\verified_library_resources\release\verifyReleaseResources\compiled\values-fr_values-fr.arsc.flat
[        ] Compiling XML table C:\Users\Dyuthi\smartnotes\build\jni\intermediates\merged_res\release\mergeReleaseResources\values-ms\values-ms.xml to C:\Users\Dyuthi\smartnotes\build\jni\intermediates\verified_library_resources\release\verifyReleaseResources\compiled\values-ms_values-ms.arsc.flat
[        ] Compiling XML table C:\Users\Dyuthi\smartnotes\build\jni\intermediates\merged_res\release\mergeReleaseResources\values-nb\values-nb.xml to C:\Users\Dyuthi\smartnotes\build\jni\intermediates\verified_library_resources\release\verifyReleaseResources\compiled\values-nb_values-nb.arsc.flat
[        ] Compiling XML table C:\Users\Dyuthi\smartnotes\build\jni\intermediates\merged_res\release\mergeReleaseResources\values-mr\values-mr.xml to C:\Users\Dyuthi\smartnotes\build\jni\intermediates\verified_library_resources\release\verifyReleaseResources\compiled\values-mr_values-mr.arsc.flat
[        ] Compiling XML table C:\Users\Dyuthi\smartnotes\build\jni\intermediates\merged_res\release\mergeReleaseResources\values-zh-rCN\values-zh-rCN.xml to C:\Users\Dyuthi\smartnotes\build\jni\intermediates\verified_library_resources\release\verifyReleaseResources\compiled\values-zh-rCN_values-zh-rCN.arsc.flat
[        ] Compiling XML table C:\Users\Dyuthi\smartnotes\build\jni\intermediates\merged_res\release\mergeReleaseResources\values-b+sr+Latn\values-b+sr+Latn.xml to C:\Users\Dyuthi\smartnotes\build\jni\intermediates\verified_library_resources\release\verifyReleaseResources\compiled\values-b+sr+Latn_values-b+sr+Latn.arsc.flat
[        ] Compiling XML table C:\Users\Dyuthi\smartnotes\build\jni\intermediates\merged_res\release\mergeReleaseResources\values-ne\values-ne.xml to C:\Users\Dyuthi\smartnotes\build\jni\intermediates\verified_library_resources\release\verifyReleaseResources\compiled\values-ne_values-ne.arsc.flat
[        ] Compiling XML table C:\Users\Dyuthi\smartnotes\build\jni\intermediates\merged_res\release\mergeReleaseResources\values-kk\values-kk.xml to C:\Users\Dyuthi\smartnotes\build\jni\intermediates\verified_library_resources\release\verifyReleaseResources\compiled\values-kk_values-kk.arsc.flat
[        ] Compiling XML table C:\Users\Dyuthi\smartnotes\build\jni\intermediates\merged_res\release\mergeReleaseResources\values-da\values-da.xml to C:\Users\Dyuthi\smartnotes\build\jni\intermediates\verified_library_resources\release\verifyReleaseResources\compiled\values-da_values-da.arsc.flat
[        ] Compiling XML table C:\Users\Dyuthi\smartnotes\build\jni\intermediates\merged_res\release\mergeReleaseResources\values-si\values-si.xml to C:\Users\Dyuthi\smartnotes\build\jni\intermediates\verified_library_resources\release\verifyReleaseResources\compiled\values-si_values-si.arsc.flat
[        ] Compiling XML table C:\Users\Dyuthi\smartnotes\build\jni\intermediates\merged_res\release\mergeReleaseResources\values-v21\values-v21.xml to C:\Users\Dyuthi\smartnotes\build\jni\intermediates\verified_library_resources\release\verifyReleaseResources\compiled\values-v21_values-v21.arsc.flat
[        ] Compiling XML table C:\Users\Dyuthi\smartnotes\build\jni\intermediates\merged_res\release\mergeReleaseResources\values-kn\values-kn.xml to C:\Users\Dyuthi\smartnotes\build\jni\intermediates\verified_library_resources\release\verifyReleaseResources\compiled\values-kn_values-kn.arsc.flat
[        ] Compiling XML table C:\Users\Dyuthi\smartnotes\build\jni\intermediates\merged_res\release\mergeReleaseResources\values-lt\values-lt.xml to C:\Users\Dyuthi\smartnotes\build\jni\intermediates\verified_library_resources\release\verifyReleaseResources\compiled\values-lt_values-lt.arsc.flat
[        ] Compiling XML table C:\Users\Dyuthi\smartnotes\build\jni\intermediates\merged_res\release\mergeReleaseResources\values-sq\values-sq.xml to C:\Users\Dyuthi\smartnotes\build\jni\intermediates\verified_library_resources\release\verifyReleaseResources\compiled\values-sq_values-sq.arsc.flat
[        ] Compiling XML table C:\Users\Dyuthi\smartnotes\build\jni\intermediates\merged_res\release\mergeReleaseResources\values-sv\values-sv.xml to C:\Users\Dyuthi\smartnotes\build\jni\intermediates\verified_library_resources\release\verifyReleaseResources\compiled\values-sv_values-sv.arsc.flat
[        ] Compiling XML table C:\Users\Dyuthi\smartnotes\build\jni\intermediates\merged_res\release\mergeReleaseResources\values-sl\values-sl.xml to C:\Users\Dyuthi\smartnotes\build\jni\intermediates\verified_library_resources\release\verifyReleaseResources\compiled\values-sl_values-sl.arsc.flat
[        ] Compiling xml file C:\Users\Dyuthi\smartnotes\build\jni\intermediates\merged_res\release\mergeReleaseResources\drawable-anydpi-v21\ic_call_decline.xml to C:\Users\Dyuthi\smartnotes\build\jni\intermediates\verified_library_resources\release\verifyReleaseResources\compiled\drawable-anydpi-v21_ic_call_decline.xml.flat
[        ] Compiling XML table C:\Users\Dyuthi\smartnotes\build\jni\intermediates\merged_res\release\mergeReleaseResources\values-es-rUS\values-es-rUS.xml to C:\Users\Dyuthi\smartnotes\build\jni\intermediates\verified_library_resources\release\verifyReleaseResources\compiled\values-es-rUS_values-es-rUS.arsc.flat
[        ] Compiling XML table C:\Users\Dyuthi\smartnotes\build\jni\intermediates\merged_res\release\mergeReleaseResources\values-sw\values-sw.xml to C:\Users\Dyuthi\smartnotes\build\jni\intermediates\verified_library_resources\release\verifyReleaseResources\compiled\values-sw_values-sw.arsc.flat
[        ] Compiling XML table C:\Users\Dyuthi\smartnotes\build\jni\intermediates\merged_res\release\mergeReleaseResources\values-en-rAU\values-en-rAU.xml to C:\Users\Dyuthi\smartnotes\build\jni\intermediates\verified_library_resources\release\verifyReleaseResources\compiled\values-en-rAU_values-en-rAU.arsc.flat
[        ] Compiling XML table C:\Users\Dyuthi\smartnotes\build\jni\intermediates\merged_res\release\mergeReleaseResources\values-nl\values-nl.xml to C:\Users\Dyuthi\smartnotes\build\jni\intermediates\verified_library_resources\release\verifyReleaseResources\compiled\values-nl_values-nl.arsc.flat
[        ] Compiling XML table C:\Users\Dyuthi\smartnotes\build\jni\intermediates\merged_res\release\mergeReleaseResources\values-gl\values-gl.xml to C:\Users\Dyuthi\smartnotes\build\jni\intermediates\verified_library_resources\release\verifyReleaseResources\compiled\values-gl_values-gl.arsc.flat
[        ] Compiling XML table C:\Users\Dyuthi\smartnotes\build\jni\intermediates\merged_res\release\mergeReleaseResources\values-vi\values-vi.xml to C:\Users\Dyuthi\smartnotes\build\jni\intermediates\verified_library_resources\release\verifyReleaseResources\compiled\values-vi_values-vi.arsc.flat
[        ] Compiling XML table C:\Users\Dyuthi\smartnotes\build\jni\intermediates\merged_res\release\mergeReleaseResources\values-de\values-de.xml to C:\Users\Dyuthi\smartnotes\build\jni\intermediates\verified_library_resources\release\verifyReleaseResources\compiled\values-de_values-de.arsc.flat
[        ] Compiling XML table C:\Users\Dyuthi\smartnotes\build\jni\intermediates\merged_res\release\mergeReleaseResources\values-pt-rPT\values-pt-rPT.xml to C:\Users\Dyuthi\smartnotes\build\jni\intermediates\verified_library_resources\release\verifyReleaseResources\compiled\values-pt-rPT_values-pt-rPT.arsc.flat
[        ] Compiling XML table C:\Users\Dyuthi\smartnotes\build\jni\intermediates\merged_res\release\mergeReleaseResources\values-pa\values-pa.xml to C:\Users\Dyuthi\smartnotes\build\jni\intermediates\verified_library_resources\release\verifyReleaseResources\compiled\values-pa_values-pa.arsc.flat
[        ] Compiling XML table C:\Users\Dyuthi\smartnotes\build\jni\intermediates\merged_res\release\mergeReleaseResources\values-zh-rTW\values-zh-rTW.xml to C:\Users\Dyuthi\smartnotes\build\jni\intermediates\verified_library_resources\release\verifyReleaseResources\compiled\values-zh-rTW_values-zh-rTW.arsc.flat
[        ] Compiling XML table C:\Users\Dyuthi\smartnotes\build\jni\intermediates\merged_res\release\mergeReleaseResources\values-zh-rHK\values-zh-rHK.xml to C:\Users\Dyuthi\smartnotes\build\jni\intermediates\verified_library_resources\release\verifyReleaseResources\compiled\values-zh-rHK_values-zh-rHK.arsc.flat
[        ] Compiling XML table C:\Users\Dyuthi\smartnotes\build\jni\intermediates\merged_res\release\mergeReleaseResources\values-iw\values-iw.xml to C:\Users\Dyuthi\smartnotes\build\jni\intermediates\verified_library_resources\release\verifyReleaseResources\compiled\values-iw_values-iw.arsc.flat
[        ] Compiling XML table C:\Users\Dyuthi\smartnotes\build\jni\intermediates\merged_res\release\mergeReleaseResources\values-hr\values-hr.xml to C:\Users\Dyuthi\smartnotes\build\jni\intermediates\verified_library_resources\release\verifyReleaseResources\compiled\values-hr_values-hr.arsc.flat
[        ] Compiling XML table C:\Users\Dyuthi\smartnotes\build\jni\intermediates\merged_res\release\mergeReleaseResources\values-ky\values-ky.xml to C:\Users\Dyuthi\smartnotes\build\jni\intermediates\verified_library_resources\release\verifyReleaseResources\compiled\values-ky_values-ky.arsc.flat
[        ] Compiling XML table C:\Users\Dyuthi\smartnotes\build\jni\intermediates\merged_res\release\mergeReleaseResources\values-ta\values-ta.xml to C:\Users\Dyuthi\smartnotes\build\jni\intermediates\verified_library_resources\release\verifyReleaseResources\compiled\values-ta_values-ta.arsc.flat
[        ] Compiling XML table C:\Users\Dyuthi\smartnotes\build\jni\intermediates\merged_res\release\mergeReleaseResources\values-gu\values-gu.xml to C:\Users\Dyuthi\smartnotes\build\jni\intermediates\verified_library_resources\release\verifyReleaseResources\compiled\values-gu_values-gu.arsc.flat
[        ] Compiling image file C:\Users\Dyuthi\smartnotes\build\jni\intermediates\merged_res\release\mergeReleaseResources\drawable-mdpi-v4\ic_call_answer.png
[        ] Compiling file C:\Users\Dyuthi\smartnotes\build\jni\intermediates\merged_res\release\mergeReleaseResources\drawable-mdpi-v4\ic_call_answer.png to C:\Users\Dyuthi\smartnotes\build\jni\intermediates\verified_library_resources\release\verifyReleaseResources\compiled\drawable-mdpi-v4_ic_call_answer.png.flat
[        ] Compiling XML table C:\Users\Dyuthi\smartnotes\build\jni\intermediates\merged_res\release\mergeReleaseResources\values-th\values-th.xml to C:\Users\Dyuthi\smartnotes\build\jni\intermediates\verified_library_resources\release\verifyReleaseResources\compiled\values-th_values-th.arsc.flat
[        ] Compiling XML table C:\Users\Dyuthi\smartnotes\build\jni\intermediates\merged_res\release\mergeReleaseResources\values-my\values-my.xml to C:\Users\Dyuthi\smartnotes\build\jni\intermediates\verified_library_resources\release\verifyReleaseResources\compiled\values-my_values-my.arsc.flat
[        ] Compiling XML table C:\Users\Dyuthi\smartnotes\build\jni\intermediates\merged_res\release\mergeReleaseResources\values-sr\values-sr.xml to C:\Users\Dyuthi\smartnotes\build\jni\intermediates\verified_library_resources\release\verifyReleaseResources\compiled\values-sr_values-sr.arsc.flat
[        ] Compiling XML table C:\Users\Dyuthi\smartnotes\build\jni\intermediates\merged_res\release\mergeReleaseResources\values-ur\values-ur.xml to C:\Users\Dyuthi\smartnotes\build\jni\intermediates\verified_library_resources\release\verifyReleaseResources\compiled\values-ur_values-ur.arsc.flat
[        ] Compiling XML table C:\Users\Dyuthi\smartnotes\build\jni\intermediates\merged_res\release\mergeReleaseResources\values-lo\values-lo.xml to C:\Users\Dyuthi\smartnotes\build\jni\intermediates\verified_library_resources\release\verifyReleaseResources\compiled\values-lo_values-lo.arsc.flat
[        ] Compiling XML table C:\Users\Dyuthi\smartnotes\build\jni\intermediates\merged_res\release\mergeReleaseResources\values-lv\values-lv.xml to C:\Users\Dyuthi\smartnotes\build\jni\intermediates\verified_library_resources\release\verifyReleaseResources\compiled\values-lv_values-lv.arsc.flat
[        ] Compiling XML table C:\Users\Dyuthi\smartnotes\build\jni\intermediates\merged_res\release\mergeReleaseResources\values-pt\values-pt.xml to C:\Users\Dyuthi\smartnotes\build\jni\intermediates\verified_library_resources\release\verifyReleaseResources\compiled\values-pt_values-pt.arsc.flat
[        ] Compiling XML table C:\Users\Dyuthi\smartnotes\build\jni\intermediates\merged_res\release\mergeReleaseResources\values-zu\values-zu.xml to C:\Users\Dyuthi\smartnotes\build\jni\intermediates\verified_library_resources\release\verifyReleaseResources\compiled\values-zu_values-zu.arsc.flat
[        ] Compiling XML table C:\Users\Dyuthi\smartnotes\build\jni\intermediates\merged_res\release\mergeReleaseResources\values-pt-rBR\values-pt-rBR.xml to C:\Users\Dyuthi\smartnotes\build\jni\intermediates\verified_library_resources\release\verifyReleaseResources\compiled\values-pt-rBR_values-pt-rBR.arsc.flat
[        ] Compiling XML table C:\Users\Dyuthi\smartnotes\build\jni\intermediates\merged_res\release\mergeReleaseResources\values-uk\values-uk.xml to C:\Users\Dyuthi\smartnotes\build\jni\intermediates\verified_library_resources\release\verifyReleaseResources\compiled\values-uk_values-uk.arsc.flat
[        ] Compiling XML table C:\Users\Dyuthi\smartnotes\build\jni\intermediates\merged_res\release\mergeReleaseResources\values-tr\values-tr.xml to C:\Users\Dyuthi\smartnotes\build\jni\intermediates\verified_library_resources\release\verifyReleaseResources\compiled\values-tr_values-tr.arsc.flat
[        ] Compiling xml file C:\Users\Dyuthi\smartnotes\build\jni\intermediates\merged_res\release\mergeReleaseResources\drawable-anydpi-v21\ic_call_answer_video.xml to C:\Users\Dyuthi\smartnotes\build\jni\intermediates\verified_library_resources\release\verifyReleaseResources\compiled\drawable-anydpi-v21_ic_call_answer_video.xml.flat
[        ] Compiling image file C:\Users\Dyuthi\smartnotes\build\jni\intermediates\merged_res\release\mergeReleaseResources\drawable-xxhdpi-v4\ic_call_answer_low.png
[        ] Compiling file C:\Users\Dyuthi\smartnotes\build\jni\intermediates\merged_res\release\mergeReleaseResources\drawable-xxhdpi-v4\ic_call_answer_low.png to C:\Users\Dyuthi\smartnotes\build\jni\intermediates\verified_library_resources\release\verifyReleaseResources\compiled\drawable-xxhdpi-v4_ic_call_answer_low.png.flat
[        ] Compiling XML table C:\Users\Dyuthi\smartnotes\build\jni\intermediates\merged_res\release\mergeReleaseResources\values-ro\values-ro.xml to C:\Users\Dyuthi\smartnotes\build\jni\intermediates\verified_library_resources\release\verifyReleaseResources\compiled\values-ro_values-ro.arsc.flat
[        ] Compiling image file C:\Users\Dyuthi\smartnotes\build\jni\intermediates\merged_res\release\mergeReleaseResources\drawable-ldpi-v4\ic_call_decline.png
[        ] Compiling file C:\Users\Dyuthi\smartnotes\build\jni\intermediates\merged_res\release\mergeReleaseResources\drawable-ldpi-v4\ic_call_decline.png to C:\Users\Dyuthi\smartnotes\build\jni\intermediates\verified_library_resources\release\verifyReleaseResources\compiled\drawable-ldpi-v4_ic_call_decline.png.flat
[        ] Compiling XML table C:\Users\Dyuthi\smartnotes\build\jni\intermediates\merged_res\release\mergeReleaseResources\values-uz\values-uz.xml to C:\Users\Dyuthi\smartnotes\build\jni\intermediates\verified_library_resources\release\verifyReleaseResources\compiled\values-uz_values-uz.arsc.flat
[        ] Compiling xml file C:\Users\Dyuthi\smartnotes\build\jni\intermediates\merged_res\release\mergeReleaseResources\layout-v21\notification_action.xml to C:\Users\Dyuthi\smartnotes\build\jni\intermediates\verified_library_resources\release\verifyReleaseResources\compiled\layout-v21_notification_action.xml.flat
[        ] Compiling image file C:\Users\Dyuthi\smartnotes\build\jni\intermediates\merged_res\release\mergeReleaseResources\drawable-xhdpi-v4\notify_panel_notification_icon_bg.png
[        ] Compiling file C:\Users\Dyuthi\smartnotes\build\jni\intermediates\merged_res\release\mergeReleaseResources\drawable-xhdpi-v4\notify_panel_notification_icon_bg.png to C:\Users\Dyuthi\smartnotes\build\jni\intermediates\verified_library_resources\release\verifyReleaseResources\compiled\drawable-xhdpi-v4_notify_panel_notification_icon_bg.png.flat
[        ] Compiling xml file C:\Users\Dyuthi\smartnotes\build\jni\intermediates\merged_res\release\mergeReleaseResources\layout\notification_template_part_chronometer.xml to C:\Users\Dyuthi\smartnotes\build\jni\intermediates\verified_library_resources\release\verifyReleaseResources\compiled\layout_notification_template_part_chronometer.xml.flat
[        ] Compiling XML table C:\Users\Dyuthi\smartnotes\build\jni\intermediates\merged_res\release\mergeReleaseResources\values-cs\values-cs.xml to C:\Users\Dyuthi\smartnotes\build\jni\intermediates\verified_library_resources\release\verifyReleaseResources\compiled\values-cs_values-cs.arsc.flat
[        ] Compiling XML table C:\Users\Dyuthi\smartnotes\build\jni\intermediates\merged_res\release\mergeReleaseResources\values-fr-rCA\values-fr-rCA.xml to C:\Users\Dyuthi\smartnotes\build\jni\intermediates\verified_library_resources\release\verifyReleaseResources\compiled\values-fr-rCA_values-fr-rCA.arsc.flat
[        ] Compiling XML table C:\Users\Dyuthi\smartnotes\build\jni\intermediates\merged_res\release\mergeReleaseResources\values-ko\values-ko.xml to C:\Users\Dyuthi\smartnotes\build\jni\intermediates\verified_library_resources\release\verifyReleaseResources\compiled\values-ko_values-ko.arsc.flat
[        ] Compiling XML table C:\Users\Dyuthi\smartnotes\build\jni\intermediates\merged_res\release\mergeReleaseResources\values-bs\values-bs.xml to C:\Users\Dyuthi\smartnotes\build\jni\intermediates\verified_library_resources\release\verifyReleaseResources\compiled\values-bs_values-bs.arsc.flat
[        ] Compiling XML table C:\Users\Dyuthi\smartnotes\build\jni\intermediates\merged_res\release\mergeReleaseResources\values-pl\values-pl.xml to C:\Users\Dyuthi\smartnotes\build\jni\intermediates\verified_library_resources\release\verifyReleaseResources\compiled\values-pl_values-pl.arsc.flat
[        ] Compiling XML table C:\Users\Dyuthi\smartnotes\build\jni\intermediates\merged_res\release\mergeReleaseResources\values-fi\values-fi.xml to C:\Users\Dyuthi\smartnotes\build\jni\intermediates\verified_library_resources\release\verifyReleaseResources\compiled\values-fi_values-fi.arsc.flat
[        ] Compiling XML table C:\Users\Dyuthi\smartnotes\build\jni\intermediates\merged_res\release\mergeReleaseResources\values-tl\values-tl.xml to C:\Users\Dyuthi\smartnotes\build\jni\intermediates\verified_library_resources\release\verifyReleaseResources\compiled\values-tl_values-tl.arsc.flat
[        ] Compiling XML table C:\Users\Dyuthi\smartnotes\build\jni\intermediates\merged_res\release\mergeReleaseResources\values-km\values-km.xml to C:\Users\Dyuthi\smartnotes\build\jni\intermediates\verified_library_resources\release\verifyReleaseResources\compiled\values-km_values-km.arsc.flat
[        ] Compiling XML table C:\Users\Dyuthi\smartnotes\build\jni\intermediates\merged_res\release\mergeReleaseResources\values-or\values-or.xml to C:\Users\Dyuthi\smartnotes\build\jni\intermediates\verified_library_resources\release\verifyReleaseResources\compiled\values-or_values-or.arsc.flat
[        ] Compiling XML table C:\Users\Dyuthi\smartnotes\build\jni\intermediates\merged_res\release\mergeReleaseResources\values-te\values-te.xml to C:\Users\Dyuthi\smartnotes\build\jni\intermediates\verified_library_resources\release\verifyReleaseResources\compiled\values-te_values-te.arsc.flat
[ +192 ms] > Task :record_android:compileReleaseJavaWithJavac
[        ] Custom actions are attached to task ':record_android:compileReleaseJavaWithJavac'.
[        ] Caching disabled for task ':record_android:compileReleaseJavaWithJavac' because:
[        ]   Build cache is disabled
[        ] Task ':record_android:compileReleaseJavaWithJavac' is not up-to-date because:
[        ]   Output property 'destinationDirectory' file C:\Users\Dyuthi\smartnotes\build\record_android\intermediates\javac\release\compileReleaseJavaWithJavac\classes has been removed.
[        ]   Output property 'destinationDirectory' file C:\Users\Dyuthi\smartnotes\build\record_android\intermediates\javac\release\compileReleaseJavaWithJavac\classes\com has been removed.
[        ]   Output property 'destinationDirectory' file C:\Users\Dyuthi\smartnotes\build\record_android\intermediates\javac\release\compileReleaseJavaWithJavac\classes\com\llfbandit has been removed.
[        ]   and more...
[        ] The input changes require a full rebuild for incremental task ':record_android:compileReleaseJavaWithJavac'.
[        ] Compilation mode: in-process compilation
[        ] Full recompilation is required because no incremental change information is available. This is usually caused by clean builds or changing compiler arguments.
[        ] Compiling with toolchain 'C:\Program Files\Android\Android Studio\jbr'.
[        ] file or directory 'C:\Users\Dyuthi\AppData\Local\Pub\Cache\hosted\pub.dev\record_android-1.5.1\android\src\main\java', not found
[        ] file or directory 'C:\Users\Dyuthi\AppData\Local\Pub\Cache\hosted\pub.dev\record_android-1.5.1\android\src\release\java', not found
[        ] Compiling with JDK Java compiler API.
[        ] Class dependency analysis for incremental compilation took 0.001 secs.
[        ] Created classpath snapshot for incremental compilation in 0.015 secs.
[        ] Resolve mutations for :record_android:mergeReleaseGeneratedProguardFiles (Thread[#527,Execution worker Thread 11,5,main]) started.
[        ] :record_android:mergeReleaseGeneratedProguardFiles (Thread[#527,Execution worker Thread 11,5,main]) started.
[        ] > Task :record_android:mergeReleaseGeneratedProguardFiles UP-TO-DATE
[        ] Caching disabled for task ':record_android:mergeReleaseGeneratedProguardFiles' because:
[        ]   Build cache is disabled
[        ]   Simple merging task
[        ] Skipping task ':record_android:mergeReleaseGeneratedProguardFiles' as it is up-to-date.
[        ] Resolve mutations for :record_android:exportReleaseConsumerProguardFiles (Thread[#527,Execution worker Thread 11,5,main]) started.
[        ] :record_android:exportReleaseConsumerProguardFiles (Thread[#527,Execution worker Thread 11,5,main]) started.
[        ] > Task :record_android:exportReleaseConsumerProguardFiles UP-TO-DATE
[        ] Caching disabled for task ':record_android:exportReleaseConsumerProguardFiles' because:
[        ]   Build cache is disabled
[        ]   Caching has been disabled for the task
[        ] Skipping task ':record_android:exportReleaseConsumerProguardFiles' as it is up-to-date.
[        ] work action resolve exportReleaseConsumerProguardFiles (project :record_android) (Thread[#527,Execution worker Thread 11,5,main]) started.
[        ] FilterShrinkerRulesTransform (Thread[#527,Execution worker Thread 11,5,main]) started.
[        ] Resolve mutations for :record_android:bundleLibCompileToJarRelease (Thread[#521,Execution worker Thread 5,5,main]) started.
[        ] :record_android:bundleLibCompileToJarRelease (Thread[#521,Execution worker Thread 5,5,main]) started.
[        ] Resolve mutations for :record_android:bundleLibRuntimeToJarRelease (Thread[#531,Execution worker Thread 15,5,main]) started.
[        ] :record_android:bundleLibRuntimeToJarRelease (Thread[#531,Execution worker Thread 15,5,main]) started.
[        ] Resolve mutations for :record_android:processReleaseJavaRes (Thread[#529,Execution worker Thread 13,5,main]) started.
[        ] :record_android:processReleaseJavaRes (Thread[#529,Execution worker Thread 13,5,main]) started.
[        ] > Task :record_android:bundleLibCompileToJarRelease
[        ] Caching disabled for task ':record_android:bundleLibCompileToJarRelease' because:
[        ]   Build cache is disabled
[        ]   Simple merging task
[        ] Task ':record_android:bundleLibCompileToJarRelease' is not up-to-date because:
[        ]   Output property 'output' file C:\Users\Dyuthi\smartnotes\build\record_android\intermediates\compile_library_classes_jar\release\bundleLibCompileToJarRelease\classes.jar has been removed.
[        ] > Task :record_android:bundleLibRuntimeToJarRelease
[        ] Caching disabled for task ':record_android:bundleLibRuntimeToJarRelease' because:
[        ]   Build cache is disabled
[        ]   Simple merging task
[        ] Task ':record_android:bundleLibRuntimeToJarRelease' is not up-to-date because:
[        ]   Output property 'output' file C:\Users\Dyuthi\smartnotes\build\record_android\intermediates\runtime_library_classes_jar\release\bundleLibRuntimeToJarRelease\classes.jar has been removed.
[        ] > Task :record_android:processReleaseJavaRes
[        ] file or directory 'C:\Users\Dyuthi\AppData\Local\Pub\Cache\hosted\pub.dev\record_android-1.5.1\android\src\main\resources', not found
[        ] file or directory 'C:\Users\Dyuthi\AppData\Local\Pub\Cache\hosted\pub.dev\record_android-1.5.1\android\src\release\resources', not found
[        ] file or directory 'C:\Users\Dyuthi\AppData\Local\Pub\Cache\hosted\pub.dev\record_android-1.5.1\android\src\main\resources', not found
[        ] file or directory 'C:\Users\Dyuthi\AppData\Local\Pub\Cache\hosted\pub.dev\record_android-1.5.1\android\src\release\resources', not found
[        ] Caching disabled for task ':record_android:processReleaseJavaRes' because:
[        ]   Build cache is disabled
[        ]   Caching has been disabled for the task
[        ] Task ':record_android:processReleaseJavaRes' is not up-to-date because:
[        ]   Output property 'destinationDir' file C:\Users\Dyuthi\smartnotes\build\record_android\intermediates\java_res\release\processReleaseJavaRes\out has been removed.
[        ]   Output property 'destinationDir' file C:\Users\Dyuthi\smartnotes\build\record_android\intermediates\java_res\release\processReleaseJavaRes\out\com has been removed.
[        ]   Output property 'destinationDir' file C:\Users\Dyuthi\smartnotes\build\record_android\intermediates\java_res\release\processReleaseJavaRes\out\com\llfbandit has been removed.
[        ]   and more...
[        ] file or directory 'C:\Users\Dyuthi\AppData\Local\Pub\Cache\hosted\pub.dev\record_android-1.5.1\android\src\main\resources', not found
[        ] file or directory 'C:\Users\Dyuthi\AppData\Local\Pub\Cache\hosted\pub.dev\record_android-1.5.1\android\src\release\resources', not found
[        ] file or directory 'C:\Users\Dyuthi\AppData\Local\Pub\Cache\hosted\pub.dev\record_android-1.5.1\android\src\main\resources', not found
[        ] file or directory 'C:\Users\Dyuthi\AppData\Local\Pub\Cache\hosted\pub.dev\record_android-1.5.1\android\src\release\resources', not found
[        ] work action resolve classes.jar (project :record_android) (Thread[#529,Execution worker Thread 13,5,main]) started.
[        ] work action resolve classes.jar (project :record_android) (Thread[#529,Execution worker Thread 13,5,main]) started.
[        ] work action resolve out (project :record_android) (Thread[#529,Execution worker Thread 13,5,main]) started.
[        ] Resolve mutations for :app:compileReleaseKotlin (Thread[#529,Execution worker Thread 13,5,main]) started.
[        ] :app:compileReleaseKotlin (Thread[#529,Execution worker Thread 13,5,main]) started.
[ +106 ms] Resolve mutations for :record_android:createFullJarRelease (Thread[#526,Execution worker Thread 10,5,main]) started.
[        ] :record_android:createFullJarRelease (Thread[#526,Execution worker Thread 10,5,main]) started.
[  +95 ms] > Task :record_android:createFullJarRelease
[        ] Caching disabled for task ':record_android:createFullJarRelease' because:
[        ]   Build cache is disabled
[        ]   Simple merging task
[        ] Task ':record_android:createFullJarRelease' is not up-to-date because:
[        ]   Output property 'outputFile' file C:\Users\Dyuthi\smartnotes\build\record_android\intermediates\full_jar\release\createFullJarRelease\full.jar has been removed.
[        ] work action resolve full.jar (project :record_android) (Thread[#526,Execution worker Thread 10,5,main]) started.
[        ] work action resolve full.jar (project :record_android) (Thread[#526,Execution worker Thread 10,5,main]) started.
[        ] Resolve mutations for :record_android:generateReleaseLintModel (Thread[#526,Execution worker Thread 10,5,main]) started.
[        ] :record_android:generateReleaseLintModel (Thread[#526,Execution worker Thread 10,5,main]) started.
[   +1 ms] > Task :record_android:generateReleaseLintModel
[        ] Caching disabled for task ':record_android:generateReleaseLintModel' because:
[        ]   Build cache is disabled
[        ]   Caching has been disabled for the task
[        ] Task ':record_android:generateReleaseLintModel' is not up-to-date because:
[        ]   Output property 'outputDirectory' file C:\Users\Dyuthi\smartnotes\build\record_android\intermediates\lint_model\release\generateReleaseLintModel has been removed.
[        ]   Output property 'outputDirectory' file C:\Users\Dyuthi\smartnotes\build\record_android\intermediates\lint_model\release\generateReleaseLintModel\module.xml has been removed.
[        ]   Output property 'outputDirectory' file C:\Users\Dyuthi\smartnotes\build\record_android\intermediates\lint_model\release\generateReleaseLintModel\release-artifact-dependencies.xml has been removed.
[        ]   and more...
[        ] work action resolve generateReleaseLintModel (project :record_android) (Thread[#526,Execution worker Thread 10,5,main]) started.
[        ] work action resolve generateReleaseLintModel (project :record_android) (Thread[#526,Execution worker Thread 10,5,main]) started.
[        ] Resolve mutations for :record_android:extractReleaseAnnotations (Thread[#526,Execution worker Thread 10,5,main]) started.
[        ] :record_android:extractReleaseAnnotations (Thread[#526,Execution worker Thread 10,5,main]) started.
[        ] > Task :record_android:extractReleaseAnnotations
[        ] Caching disabled for task ':record_android:extractReleaseAnnotations' because:
[        ]   Build cache is disabled
[        ] Task ':record_android:extractReleaseAnnotations' is not up-to-date because:
[        ]   Output property 'typedefFile' file C:\Users\Dyuthi\smartnotes\build\record_android\intermediates\annotations_typedef_file\release\extractReleaseAnnotations\typedefs.txt has been removed.
[        ] file or directory 'C:\Users\Dyuthi\AppData\Local\Pub\Cache\hosted\pub.dev\record_android-1.5.1\android\src\main\java', not found
[        ] file or directory 'C:\Users\Dyuthi\AppData\Local\Pub\Cache\hosted\pub.dev\record_android-1.5.1\android\src\release\java', not found
[        ] Resolve mutations for :record_android:mergeReleaseConsumerProguardFiles (Thread[#526,Execution worker Thread 10,5,main]) started.
[        ] :record_android:mergeReleaseConsumerProguardFiles (Thread[#526,Execution worker Thread 10,5,main]) started.
[        ] > Task :record_android:mergeReleaseConsumerProguardFiles UP-TO-DATE
[        ] Caching disabled for task ':record_android:mergeReleaseConsumerProguardFiles' because:
[        ]   Build cache is disabled
[        ]   Simple merging task
[        ] Skipping task ':record_android:mergeReleaseConsumerProguardFiles' as it is up-to-date.
[        ] Resolve mutations for :record_android:mergeReleaseJavaResource (Thread[#526,Execution worker Thread 10,5,main]) started.
[        ] :record_android:mergeReleaseJavaResource (Thread[#526,Execution worker Thread 10,5,main]) started.
[        ] Resolve mutations for :record_android:lintVitalAnalyzeRelease (Thread[#530,Execution worker Thread 14,5,main]) started.
[        ] :record_android:lintVitalAnalyzeRelease (Thread[#530,Execution worker Thread 14,5,main]) started.
[ +102 ms] Resolve mutations for :record_android:generateReleaseLintVitalModel (Thread[#523,Execution worker Thread 7,5,main]) started.
[        ] :record_android:generateReleaseLintVitalModel (Thread[#523,Execution worker Thread 7,5,main]) started.
[        ] > Task :record_android:mergeReleaseJavaResource
[        ] Caching disabled for task ':record_android:mergeReleaseJavaResource' because:
[        ]   Build cache is disabled
[        ]   Caching has been disabled for the task
[        ] Task ':record_android:mergeReleaseJavaResource' is not up-to-date because:
[        ]   Output property 'cacheDir' file C:\Users\Dyuthi\smartnotes\build\record_android\intermediates\incremental\release-mergeJavaRes\zip-cache has been removed.
[        ]   Output property 'outputFile' file C:\Users\Dyuthi\smartnotes\build\record_android\intermediates\merged_java_res\release\mergeReleaseJavaResource\feature-record_android.jar has been removed.
[        ] The input changes require a full rebuild for incremental task ':record_android:mergeReleaseJavaResource'.
[        ] > Task :record_android:generateReleaseLintVitalModel
[        ] Caching disabled for task ':record_android:generateReleaseLintVitalModel' because:
[        ]   Build cache is disabled
[   +1 ms]   Caching has been disabled for the task
[        ] Task ':record_android:generateReleaseLintVitalModel' is not up-to-date because:
[        ]   Output property 'outputDirectory' file C:\Users\Dyuthi\smartnotes\build\record_android\intermediates\lint_vital_lint_model\release\generateReleaseLintVitalModel has been removed.
[        ]   Output property 'outputDirectory' file C:\Users\Dyuthi\smartnotes\build\record_android\intermediates\lint_vital_lint_model\release\generateReleaseLintVitalModel\module.xml has been removed.
[        ]   Output property 'outputDirectory' file C:\Users\Dyuthi\smartnotes\build\record_android\intermediates\lint_vital_lint_model\release\generateReleaseLintVitalModel\release-artifact-dependencies.xml has been removed.
[        ]   and more...
[        ] work action resolve generateReleaseLintVitalModel (project :record_android) (Thread[#523,Execution worker Thread 7,5,main]) started.
[        ] work action resolve generateReleaseLintVitalModel (project :record_android) (Thread[#523,Execution worker Thread 7,5,main]) started.
[   +2 ms] Resolve mutations for :record_android:syncReleaseLibJars (Thread[#523,Execution worker Thread 7,5,main]) started.
[        ] :record_android:syncReleaseLibJars (Thread[#523,Execution worker Thread 7,5,main]) started.
[        ] > Task :record_android:syncReleaseLibJars
[        ] Caching disabled for task ':record_android:syncReleaseLibJars' because:
[        ]   Build cache is disabled
[        ] Task ':record_android:syncReleaseLibJars' is not up-to-date because:
[        ]   Output property 'localJarsLocation' file C:\Users\Dyuthi\smartnotes\build\record_android\intermediates\aar_libs_directory\release\syncReleaseLibJars\libs has been removed.
[        ]   Output property 'mainClassLocation' file C:\Users\Dyuthi\smartnotes\build\record_android\intermediates\aar_main_jar\release\syncReleaseLibJars\classes.jar has been removed.
[        ] Resolve mutations for :record_android:bundleReleaseLocalLintAar (Thread[#523,Execution worker Thread 7,5,main]) started.
[        ] :record_android:bundleReleaseLocalLintAar (Thread[#523,Execution worker Thread 7,5,main]) started.
[        ] > Task :record_android:bundleReleaseLocalLintAar
[        ] Caching disabled for task ':record_android:bundleReleaseLocalLintAar' because:
[        ]   Build cache is disabled
[        ]   Caching has been disabled for the task
[        ] Task ':record_android:bundleReleaseLocalLintAar' is not up-to-date because:
[        ]   Output property 'archiveFile' file C:\Users\Dyuthi\smartnotes\build\record_android\intermediates\local_aar_for_lint\release\out.aar has been removed.
[        ] file or directory 'C:\Users\Dyuthi\smartnotes\build\record_android\intermediates\public_res\release\packageReleaseResources\public.txt', not found
[        ] file or directory 'C:\Users\Dyuthi\smartnotes\build\record_android\intermediates\navigation_json_for_aar\release\extractDeepLinksForAarRelease\navigation.json', not found
[        ] file or directory 'C:\Users\Dyuthi\smartnotes\build\record_android\intermediates\annotations_zip\release\extractReleaseAnnotations\annotations.zip', not found
[        ] file or directory 'C:\Users\Dyuthi\smartnotes\build\record_android\intermediates\merged_consumer_proguard_file\release\mergeReleaseConsumerProguardFiles\proguard.txt', not found
[        ] file or directory 'C:\Users\Dyuthi\smartnotes\build\record_android\intermediates\lint_publish_jar\global\prepareLintJarForPublish\lint.jar', not found
[        ] file or directory 'C:\Users\Dyuthi\smartnotes\build\record_android\intermediates\library_art_profile\release\prepareReleaseArtProfile\baseline-prof.txt', not found
[        ] work action resolve out.aar (project :record_android) (Thread[#523,Execution worker Thread 7,5,main]) started.
[        ] work action resolve out.aar (project :record_android) (Thread[#527,Execution worker Thread 11,5,main]) started.
[        ] ExtractAarTransform (Thread[#531,Execution worker Thread 15,5,main]) started.
[        ] ExtractAarTransform (Thread[#527,Execution worker Thread 11,5,main]) started.
[        ] Resolve mutations for :jni:assembleRelease (Thread[#525,Execution worker Thread 9,5,main]) started.
[        ] :jni:assembleRelease (Thread[#525,Execution worker Thread 9,5,main]) started.
[        ] > Task :jni:assembleRelease
[        ] Skipping task ':jni:assembleRelease' as it has no actions.
[        ] Resolve mutations for :jni_flutter:verifyReleaseResources (Thread[#525,Execution worker Thread 9,5,main]) started.
[        ] :jni_flutter:verifyReleaseResources (Thread[#525,Execution worker Thread 9,5,main]) started.
[        ] Resolve mutations for :record_android:bundleReleaseAar (Thread[#528,Execution worker Thread 12,5,main]) started.
[        ] :record_android:bundleReleaseAar (Thread[#528,Execution worker Thread 12,5,main]) started.
[  +88 ms] > Task :record_android:bundleReleaseAar
[        ] Caching disabled for task ':record_android:bundleReleaseAar' because:
[        ]   Build cache is disabled
[        ]   Caching has been disabled for the task
[        ] Task ':record_android:bundleReleaseAar' is not up-to-date because:
[        ]   Output property 'archiveFile' file C:\Users\Dyuthi\smartnotes\build\record_android\outputs\aar\record_android-release.aar has been removed.
[        ] file or directory 'C:\Users\Dyuthi\smartnotes\build\record_android\intermediates\public_res\release\packageReleaseResources\public.txt', not found
[        ] file or directory 'C:\Users\Dyuthi\smartnotes\build\record_android\intermediates\navigation_json_for_aar\release\extractDeepLinksForAarRelease\navigation.json', not found
[        ] file or directory 'C:\Users\Dyuthi\smartnotes\build\record_android\intermediates\annotations_zip\release\extractReleaseAnnotations\annotations.zip', not found
[        ] file or directory 'C:\Users\Dyuthi\smartnotes\build\record_android\intermediates\merged_consumer_proguard_file\release\mergeReleaseConsumerProguardFiles\proguard.txt', not found
[        ] file or directory 'C:\Users\Dyuthi\smartnotes\build\record_android\intermediates\lint_publish_jar\global\prepareLintJarForPublish\lint.jar', not found
[        ] file or directory 'C:\Users\Dyuthi\smartnotes\build\record_android\intermediates\library_art_profile\release\prepareReleaseArtProfile\baseline-prof.txt', not found
[        ] Resolve mutations for :record_android:mapReleaseSourceSetPaths (Thread[#528,Execution worker Thread 12,5,main]) started.
[        ] :record_android:mapReleaseSourceSetPaths (Thread[#528,Execution worker Thread 12,5,main]) started.
[        ] > Task :record_android:mapReleaseSourceSetPaths
[        ] Caching disabled for task ':record_android:mapReleaseSourceSetPaths' because:
[        ]   Build cache is disabled
[        ]   Caching has been disabled for the task
[        ] Task ':record_android:mapReleaseSourceSetPaths' is not up-to-date because:
[        ]   Output property 'filepathMappingFile' file C:\Users\Dyuthi\smartnotes\build\record_android\intermediates\source_set_path_map\release\mapReleaseSourceSetPaths\file-map.txt has been removed.
[        ] Resolve mutations for :record_android:mergeReleaseResources (Thread[#528,Execution worker Thread 12,5,main]) started.
[        ] :record_android:mergeReleaseResources (Thread[#528,Execution worker Thread 12,5,main]) started.
[ +497 ms] > Task :jni_flutter:verifyReleaseResources
[        ] Caching disabled for task ':jni_flutter:verifyReleaseResources' because:
[        ]   Build cache is disabled
[        ] Task ':jni_flutter:verifyReleaseResources' is not up-to-date because:
[        ]   Output property 'compiledDirectory' file C:\Users\Dyuthi\smartnotes\build\jni_flutter\intermediates\verified_library_resources\release\verifyReleaseResources has been removed.
[        ]   Output property 'compiledDirectory' file C:\Users\Dyuthi\smartnotes\build\jni_flutter\intermediates\verified_library_resources\release\verifyReleaseResources\compiled has been removed.
[        ]   Output property 'compiledDirectory' file C:\Users\Dyuthi\smartnotes\build\jni_flutter\intermediates\verified_library_resources\release\verifyReleaseResources\compiled\anim-v21_fragment_fast_out_extra_slow_in.xml.flat has been removed.
[        ]   and more...
[        ] The input changes require a full rebuild for incremental task ':jni_flutter:verifyReleaseResources'.
[        ] Compiling xml file C:\Users\Dyuthi\smartnotes\build\jni_flutter\intermediates\merged_res\release\mergeReleaseResources\animator\fragment_close_enter.xml to C:\Users\Dyuthi\smartnotes\build\jni_flutter\intermediates\verified_library_resources\release\verifyReleaseResources\compiled\animator_fragment_close_enter.xml.flat
[        ] Compiling xml file C:\Users\Dyuthi\smartnotes\build\jni_flutter\intermediates\merged_res\release\mergeReleaseResources\anim-v21\fragment_fast_out_extra_slow_in.xml to C:\Users\Dyuthi\smartnotes\build\jni_flutter\intermediates\verified_library_resources\release\verifyReleaseResources\compiled\anim-v21_fragment_fast_out_extra_slow_in.xml.flat
[        ] Compiling xml file C:\Users\Dyuthi\smartnotes\build\jni_flutter\intermediates\merged_res\release\mergeReleaseResources\animator\fragment_close_exit.xml to C:\Users\Dyuthi\smartnotes\build\jni_flutter\intermediates\verified_library_resources\release\verifyReleaseResources\compiled\animator_fragment_close_exit.xml.flat
[        ] Compiling xml file C:\Users\Dyuthi\smartnotes\build\jni_flutter\intermediates\merged_res\release\mergeReleaseResources\animator\fragment_fade_enter.xml to C:\Users\Dyuthi\smartnotes\build\jni_flutter\intermediates\verified_library_resources\release\verifyReleaseResources\compiled\animator_fragment_fade_enter.xml.flat
[        ] Compiling xml file C:\Users\Dyuthi\smartnotes\build\jni_flutter\intermediates\merged_res\release\mergeReleaseResources\animator\fragment_open_enter.xml to C:\Users\Dyuthi\smartnotes\build\jni_flutter\intermediates\verified_library_resources\release\verifyReleaseResources\compiled\animator_fragment_open_enter.xml.flat
[        ] Compiling xml file C:\Users\Dyuthi\smartnotes\build\jni_flutter\intermediates\merged_res\release\mergeReleaseResources\animator\fragment_fade_exit.xml to C:\Users\Dyuthi\smartnotes\build\jni_flutter\intermediates\verified_library_resources\release\verifyReleaseResources\compiled\animator_fragment_fade_exit.xml.flat
[        ] Compiling xml file C:\Users\Dyuthi\smartnotes\build\jni_flutter\intermediates\merged_res\release\mergeReleaseResources\drawable\notification_bg.xml to C:\Users\Dyuthi\smartnotes\build\jni_flutter\intermediates\verified_library_resources\release\verifyReleaseResources\compiled\drawable_notification_bg.xml.flat
[        ] Compiling xml file C:\Users\Dyuthi\smartnotes\build\jni_flutter\intermediates\merged_res\release\mergeReleaseResources\drawable\notification_icon_background.xml to C:\Users\Dyuthi\smartnotes\build\jni_flutter\intermediates\verified_library_resources\release\verifyReleaseResources\compiled\drawable_notification_icon_background.xml.flat
[        ] Compiling xml file C:\Users\Dyuthi\smartnotes\build\jni_flutter\intermediates\merged_res\release\mergeReleaseResources\drawable-anydpi-v21\ic_call_decline_low.xml to C:\Users\Dyuthi\smartnotes\build\jni_flutter\intermediates\verified_library_resources\release\verifyReleaseResources\compiled\drawable-anydpi-v21_ic_call_decline_low.xml.flat
[        ] Compiling image file C:\Users\Dyuthi\smartnotes\build\jni_flutter\intermediates\merged_res\release\mergeReleaseResources\drawable-hdpi-v4\ic_call_answer_video.png
[        ] Compiling file C:\Users\Dyuthi\smartnotes\build\jni_flutter\intermediates\merged_res\release\mergeReleaseResources\drawable-hdpi-v4\ic_call_answer_video.png to C:\Users\Dyuthi\smartnotes\build\jni_flutter\intermediates\verified_library_resources\release\verifyReleaseResources\compiled\drawable-hdpi-v4_ic_call_answer_video.png.flat
[        ] Compiling image file C:\Users\Dyuthi\smartnotes\build\jni_flutter\intermediates\merged_res\release\mergeReleaseResources\drawable-hdpi-v4\ic_call_answer_video_low.png
[        ] Compiling file C:\Users\Dyuthi\smartnotes\build\jni_flutter\intermediates\merged_res\release\mergeReleaseResources\drawable-hdpi-v4\ic_call_answer_video_low.png to C:\Users\Dyuthi\smartnotes\build\jni_flutter\intermediates\verified_library_resources\release\verifyReleaseResources\compiled\drawable-hdpi-v4_ic_call_answer_video_low.png.flat
[        ] Compiling image file C:\Users\Dyuthi\smartnotes\build\jni_flutter\intermediates\merged_res\release\mergeReleaseResources\drawable-hdpi-v4\ic_call_decline.png
[        ] Compiling file C:\Users\Dyuthi\smartnotes\build\jni_flutter\intermediates\merged_res\release\mergeReleaseResources\drawable-hdpi-v4\ic_call_decline.png to C:\Users\Dyuthi\smartnotes\build\jni_flutter\intermediates\verified_library_resources\release\verifyReleaseResources\compiled\drawable-hdpi-v4_ic_call_decline.png.flat
[        ] Compiling image file C:\Users\Dyuthi\smartnotes\build\jni_flutter\intermediates\merged_res\release\mergeReleaseResources\drawable-ldpi-v4\ic_call_answer.png
[        ] Compiling file C:\Users\Dyuthi\smartnotes\build\jni_flutter\intermediates\merged_res\release\mergeReleaseResources\drawable-ldpi-v4\ic_call_answer.png to C:\Users\Dyuthi\smartnotes\build\jni_flutter\intermediates\verified_library_resources\release\verifyReleaseResources\compiled\drawable-ldpi-v4_ic_call_answer.png.flat
[        ] Compiling xml file C:\Users\Dyuthi\smartnotes\build\jni_flutter\intermediates\merged_res\release\mergeReleaseResources\animator\fragment_open_exit.xml to C:\Users\Dyuthi\smartnotes\build\jni_flutter\intermediates\verified_library_resources\release\verifyReleaseResources\compiled\animator_fragment_open_exit.xml.flat
[        ] Compiling xml file C:\Users\Dyuthi\smartnotes\build\jni_flutter\intermediates\merged_res\release\mergeReleaseResources\drawable\notification_bg_low.xml to C:\Users\Dyuthi\smartnotes\build\jni_flutter\intermediates\verified_library_resources\release\verifyReleaseResources\compiled\drawable_notification_bg_low.xml.flat
[        ] Compiling image file C:\Users\Dyuthi\smartnotes\build\jni_flutter\intermediates\merged_res\release\mergeReleaseResources\drawable-mdpi-v4\notify_panel_notification_icon_bg.png
[        ] Compiling file C:\Users\Dyuthi\smartnotes\build\jni_flutter\intermediates\merged_res\release\mergeReleaseResources\drawable-mdpi-v4\notify_panel_notification_icon_bg.png to C:\Users\Dyuthi\smartnotes\build\jni_flutter\intermediates\verified_library_resources\release\verifyReleaseResources\compiled\drawable-mdpi-v4_notify_panel_notification_icon_bg.png.flat
[        ] Compiling image file C:\Users\Dyuthi\smartnotes\build\jni_flutter\intermediates\merged_res\release\mergeReleaseResources\drawable-mdpi-v4\ic_call_decline_low.png
[        ] Compiling file C:\Users\Dyuthi\smartnotes\build\jni_flutter\intermediates\merged_res\release\mergeReleaseResources\drawable-mdpi-v4\ic_call_decline_low.png to C:\Users\Dyuthi\smartnotes\build\jni_flutter\intermediates\verified_library_resources\release\verifyReleaseResources\compiled\drawable-mdpi-v4_ic_call_decline_low.png.flat
[        ] Compiling image file C:\Users\Dyuthi\smartnotes\build\jni_flutter\intermediates\merged_res\release\mergeReleaseResources\drawable-mdpi-v4\ic_call_answer_low.png
[        ] Compiling image file C:\Users\Dyuthi\smartnotes\build\jni_flutter\intermediates\merged_res\release\mergeReleaseResources\drawable-mdpi-v4\ic_call_decline.png
[        ] Compiling file C:\Users\Dyuthi\smartnotes\build\jni_flutter\intermediates\merged_res\release\mergeReleaseResources\drawable-mdpi-v4\ic_call_decline.png to C:\Users\Dyuthi\smartnotes\build\jni_flutter\intermediates\verified_library_resources\release\verifyReleaseResources\compiled\drawable-mdpi-v4_ic_call_decline.png.flat
[        ] Compiling file C:\Users\Dyuthi\smartnotes\build\jni_flutter\intermediates\merged_res\release\mergeReleaseResources\drawable-mdpi-v4\ic_call_answer_low.png to C:\Users\Dyuthi\smartnotes\build\jni_flutter\intermediates\verified_library_resources\release\verifyReleaseResources\compiled\drawable-mdpi-v4_ic_call_answer_low.png.flat
[        ] Compiling image file C:\Users\Dyuthi\smartnotes\build\jni_flutter\intermediates\merged_res\release\mergeReleaseResources\drawable-xxxhdpi-v4\ic_call_answer.png
[        ] Compiling file C:\Users\Dyuthi\smartnotes\build\jni_flutter\intermediates\merged_res\release\mergeReleaseResources\drawable-xxxhdpi-v4\ic_call_answer.png to C:\Users\Dyuthi\smartnotes\build\jni_flutter\intermediates\verified_library_resources\release\verifyReleaseResources\compiled\drawable-xxxhdpi-v4_ic_call_answer.png.flat
[        ] Compiling image file C:\Users\Dyuthi\smartnotes\build\jni_flutter\intermediates\merged_res\release\mergeReleaseResources\drawable-hdpi-v4\ic_call_decline_low.png
[        ] Compiling file C:\Users\Dyuthi\smartnotes\build\jni_flutter\intermediates\merged_res\release\mergeReleaseResources\drawable-hdpi-v4\ic_call_decline_low.png to C:\Users\Dyuthi\smartnotes\build\jni_flutter\intermediates\verified_library_resources\release\verifyReleaseResources\compiled\drawable-hdpi-v4_ic_call_decline_low.png.flat
[        ] Compiling image file C:\Users\Dyuthi\smartnotes\build\jni_flutter\intermediates\merged_res\release\mergeReleaseResources\drawable-hdpi-v4\ic_call_answer.png
[        ] Compiling file C:\Users\Dyuthi\smartnotes\build\jni_flutter\intermediates\merged_res\release\mergeReleaseResources\drawable-hdpi-v4\ic_call_answer.png to C:\Users\Dyuthi\smartnotes\build\jni_flutter\intermediates\verified_library_resources\release\verifyReleaseResources\compiled\drawable-hdpi-v4_ic_call_answer.png.flat
[        ] Compiling image file C:\Users\Dyuthi\smartnotes\build\jni_flutter\intermediates\merged_res\release\mergeReleaseResources\drawable-xxxhdpi-v4\ic_call_answer_low.png
[        ] Compiling file C:\Users\Dyuthi\smartnotes\build\jni_flutter\intermediates\merged_res\release\mergeReleaseResources\drawable-xxxhdpi-v4\ic_call_answer_low.png to C:\Users\Dyuthi\smartnotes\build\jni_flutter\intermediates\verified_library_resources\release\verifyReleaseResources\compiled\drawable-xxxhdpi-v4_ic_call_answer_low.png.flat
[        ] Compiling xml file C:\Users\Dyuthi\smartnotes\build\jni_flutter\intermediates\merged_res\release\mergeReleaseResources\drawable-anydpi-v21\ic_call_answer_low.xml to C:\Users\Dyuthi\smartnotes\build\jni_flutter\intermediates\verified_library_resources\release\verifyReleaseResources\compiled\drawable-anydpi-v21_ic_call_answer_low.xml.flat
[        ] Compiling image file C:\Users\Dyuthi\smartnotes\build\jni_flutter\intermediates\merged_res\release\mergeReleaseResources\drawable-xxhdpi-v4\ic_call_decline_low.png
[        ] Compiling file C:\Users\Dyuthi\smartnotes\build\jni_flutter\intermediates\merged_res\release\mergeReleaseResources\drawable-xxhdpi-v4\ic_call_decline_low.png to C:\Users\Dyuthi\smartnotes\build\jni_flutter\intermediates\verified_library_resources\release\verifyReleaseResources\compiled\drawable-xxhdpi-v4_ic_call_decline_low.png.flat
[        ] Compiling image file C:\Users\Dyuthi\smartnotes\build\jni_flutter\intermediates\merged_res\release\mergeReleaseResources\drawable-hdpi-v4\notify_panel_notification_icon_bg.png
[        ] Compiling file C:\Users\Dyuthi\smartnotes\build\jni_flutter\intermediates\merged_res\release\mergeReleaseResources\drawable-hdpi-v4\notify_panel_notification_icon_bg.png to C:\Users\Dyuthi\smartnotes\build\jni_flutter\intermediates\verified_library_resources\release\verifyReleaseResources\compiled\drawable-hdpi-v4_notify_panel_notification_icon_bg.png.flat
[        ] Compiling image file C:\Users\Dyuthi\smartnotes\build\jni_flutter\intermediates\merged_res\release\mergeReleaseResources\drawable-xxhdpi-v4\ic_call_answer_video.png
[        ] Compiling file C:\Users\Dyuthi\smartnotes\build\jni_flutter\intermediates\merged_res\release\mergeReleaseResources\drawable-xxhdpi-v4\ic_call_answer_video.png to C:\Users\Dyuthi\smartnotes\build\jni_flutter\intermediates\verified_library_resources\release\verifyReleaseResources\compiled\drawable-xxhdpi-v4_ic_call_answer_video.png.flat
[        ] Compiling xml file C:\Users\Dyuthi\smartnotes\build\jni_flutter\intermediates\merged_res\release\mergeReleaseResources\drawable-v21\notification_action_background.xml to C:\Users\Dyuthi\smartnotes\build\jni_flutter\intermediates\verified_library_resources\release\verifyReleaseResources\compiled\drawable-v21_notification_action_background.xml.flat
[        ] Compiling XML table C:\Users\Dyuthi\smartnotes\build\jni_flutter\intermediates\merged_res\release\mergeReleaseResources\values-af\values-af.xml to C:\Users\Dyuthi\smartnotes\build\jni_flutter\intermediates\verified_library_resources\release\verifyReleaseResources\compiled\values-af_values-af.arsc.flat
[        ] Compiling XML table C:\Users\Dyuthi\smartnotes\build\jni_flutter\intermediates\merged_res\release\mergeReleaseResources\values-am\values-am.xml to C:\Users\Dyuthi\smartnotes\build\jni_flutter\intermediates\verified_library_resources\release\verifyReleaseResources\compiled\values-am_values-am.arsc.flat
[        ] Compiling image file C:\Users\Dyuthi\smartnotes\build\jni_flutter\intermediates\merged_res\release\mergeReleaseResources\drawable-xhdpi-v4\ic_call_answer_low.png
[        ] Compiling file C:\Users\Dyuthi\smartnotes\build\jni_flutter\intermediates\merged_res\release\mergeReleaseResources\drawable-xhdpi-v4\ic_call_answer_low.png to C:\Users\Dyuthi\smartnotes\build\jni_flutter\intermediates\verified_library_resources\release\verifyReleaseResources\compiled\drawable-xhdpi-v4_ic_call_answer_low.png.flat
[        ] Compiling image file C:\Users\Dyuthi\smartnotes\build\jni_flutter\intermediates\merged_res\release\mergeReleaseResources\drawable-mdpi-v4\ic_call_answer_video.png
[        ] Compiling file C:\Users\Dyuthi\smartnotes\build\jni_flutter\intermediates\merged_res\release\mergeReleaseResources\drawable-mdpi-v4\ic_call_answer_video.png to C:\Users\Dyuthi\smartnotes\build\jni_flutter\intermediates\verified_library_resources\release\verifyReleaseResources\compiled\drawable-mdpi-v4_ic_call_answer_video.png.flat
[        ] Compiling XML table C:\Users\Dyuthi\smartnotes\build\jni_flutter\intermediates\merged_res\release\mergeReleaseResources\values\values.xml to C:\Users\Dyuthi\smartnotes\build\jni_flutter\intermediates\verified_library_resources\release\verifyReleaseResources\compiled\values_values.arsc.flat
[        ] Compiling image file C:\Users\Dyuthi\smartnotes\build\jni_flutter\intermediates\merged_res\release\mergeReleaseResources\drawable-ldpi-v4\ic_call_answer_video_low.png
[        ] Compiling file C:\Users\Dyuthi\smartnotes\build\jni_flutter\intermediates\merged_res\release\mergeReleaseResources\drawable-ldpi-v4\ic_call_answer_video_low.png to C:\Users\Dyuthi\smartnotes\build\jni_flutter\intermediates\verified_library_resources\release\verifyReleaseResources\compiled\drawable-ldpi-v4_ic_call_answer_video_low.png.flat
[        ] Compiling XML table C:\Users\Dyuthi\smartnotes\build\jni_flutter\intermediates\merged_res\release\mergeReleaseResources\values-en-rCA\values-en-rCA.xml to C:\Users\Dyuthi\smartnotes\build\jni_flutter\intermediates\verified_library_resources\release\verifyReleaseResources\compiled\values-en-rCA_values-en-rCA.arsc.flat
[        ] Compiling image file C:\Users\Dyuthi\smartnotes\build\jni_flutter\intermediates\merged_res\release\mergeReleaseResources\drawable-hdpi-v4\notification_oversize_large_icon_bg.png
[        ] Compiling file C:\Users\Dyuthi\smartnotes\build\jni_flutter\intermediates\merged_res\release\mergeReleaseResources\drawable-hdpi-v4\notification_oversize_large_icon_bg.png to C:\Users\Dyuthi\smartnotes\build\jni_flutter\intermediates\verified_library_resources\release\verifyReleaseResources\compiled\drawable-hdpi-v4_notification_oversize_large_icon_bg.png.flat
[        ] Compiling image file C:\Users\Dyuthi\smartnotes\build\jni_flutter\intermediates\merged_res\release\mergeReleaseResources\drawable-hdpi-v4\ic_call_answer_low.png
[        ] Compiling file C:\Users\Dyuthi\smartnotes\build\jni_flutter\intermediates\merged_res\release\mergeReleaseResources\drawable-hdpi-v4\ic_call_answer_low.png to C:\Users\Dyuthi\smartnotes\build\jni_flutter\intermediates\verified_library_resources\release\verifyReleaseResources\compiled\drawable-hdpi-v4_ic_call_answer_low.png.flat
[        ] Compiling image file C:\Users\Dyuthi\smartnotes\build\jni_flutter\intermediates\merged_res\release\mergeReleaseResources\drawable-xxxhdpi-v4\ic_call_decline.png
[        ] Compiling file C:\Users\Dyuthi\smartnotes\build\jni_flutter\intermediates\merged_res\release\mergeReleaseResources\drawable-xxxhdpi-v4\ic_call_decline.png to C:\Users\Dyuthi\smartnotes\build\jni_flutter\intermediates\verified_library_resources\release\verifyReleaseResources\compiled\drawable-xxxhdpi-v4_ic_call_decline.png.flat
[        ] Compiling image file C:\Users\Dyuthi\smartnotes\build\jni_flutter\intermediates\merged_res\release\mergeReleaseResources\drawable-xxxhdpi-v4\ic_call_answer_video.png
[        ] Compiling file C:\Users\Dyuthi\smartnotes\build\jni_flutter\intermediates\merged_res\release\mergeReleaseResources\drawable-xxxhdpi-v4\ic_call_answer_video.png to C:\Users\Dyuthi\smartnotes\build\jni_flutter\intermediates\verified_library_resources\release\verifyReleaseResources\compiled\drawable-xxxhdpi-v4_ic_call_answer_video.png.flat
[        ] Compiling XML table C:\Users\Dyuthi\smartnotes\build\jni_flutter\intermediates\merged_res\release\mergeReleaseResources\values-hu\values-hu.xml to C:\Users\Dyuthi\smartnotes\build\jni_flutter\intermediates\verified_library_resources\release\verifyReleaseResources\compiled\values-hu_values-hu.arsc.flat
[        ] Compiling XML table C:\Users\Dyuthi\smartnotes\build\jni_flutter\intermediates\merged_res\release\mergeReleaseResources\values-en-rGB\values-en-rGB.xml to C:\Users\Dyuthi\smartnotes\build\jni_flutter\intermediates\verified_library_resources\release\verifyReleaseResources\compiled\values-en-rGB_values-en-rGB.arsc.flat
[        ] Compiling xml file C:\Users\Dyuthi\smartnotes\build\jni_flutter\intermediates\merged_res\release\mergeReleaseResources\layout-v21\notification_action_tombstone.xml to C:\Users\Dyuthi\smartnotes\build\jni_flutter\intermediates\verified_library_resources\release\verifyReleaseResources\compiled\layout-v21_notification_action_tombstone.xml.flat
[        ] Compiling XML table C:\Users\Dyuthi\smartnotes\build\jni_flutter\intermediates\merged_res\release\mergeReleaseResources\values-en-rAU\values-en-rAU.xml to C:\Users\Dyuthi\smartnotes\build\jni_flutter\intermediates\verified_library_resources\release\verifyReleaseResources\compiled\values-en-rAU_values-en-rAU.arsc.flat
[        ] Compiling image file C:\Users\Dyuthi\smartnotes\build\jni_flutter\intermediates\merged_res\release\mergeReleaseResources\drawable-xxhdpi-v4\ic_call_answer_video_low.png
[        ] Compiling file C:\Users\Dyuthi\smartnotes\build\jni_flutter\intermediates\merged_res\release\mergeReleaseResources\drawable-xxhdpi-v4\ic_call_answer_video_low.png to C:\Users\Dyuthi\smartnotes\build\jni_flutter\intermediates\verified_library_resources\release\verifyReleaseResources\compiled\drawable-xxhdpi-v4_ic_call_answer_video_low.png.flat
[        ] Compiling image file C:\Users\Dyuthi\smartnotes\build\jni_flutter\intermediates\merged_res\release\mergeReleaseResources\drawable-xhdpi-v4\ic_call_decline_low.png
[        ] Compiling file C:\Users\Dyuthi\smartnotes\build\jni_flutter\intermediates\merged_res\release\mergeReleaseResources\drawable-xhdpi-v4\ic_call_decline_low.png to C:\Users\Dyuthi\smartnotes\build\jni_flutter\intermediates\verified_library_resources\release\verifyReleaseResources\compiled\drawable-xhdpi-v4_ic_call_decline_low.png.flat
[        ] Compiling XML table C:\Users\Dyuthi\smartnotes\build\jni_flutter\intermediates\merged_res\release\mergeReleaseResources\values-mk\values-mk.xml to C:\Users\Dyuthi\smartnotes\build\jni_flutter\intermediates\verified_library_resources\release\verifyReleaseResources\compiled\values-mk_values-mk.arsc.flat
[        ] Compiling image file C:\Users\Dyuthi\smartnotes\build\jni_flutter\intermediates\merged_res\release\mergeReleaseResources\drawable-xhdpi-v4\ic_call_answer.png
[        ] Compiling file C:\Users\Dyuthi\smartnotes\build\jni_flutter\intermediates\merged_res\release\mergeReleaseResources\drawable-xhdpi-v4\ic_call_answer.png to C:\Users\Dyuthi\smartnotes\build\jni_flutter\intermediates\verified_library_resources\release\verifyReleaseResources\compiled\drawable-xhdpi-v4_ic_call_answer.png.flat
[        ] Compiling image file C:\Users\Dyuthi\smartnotes\build\jni_flutter\intermediates\merged_res\release\mergeReleaseResources\drawable-mdpi-v4\ic_call_answer_video_low.png
[        ] Compiling file C:\Users\Dyuthi\smartnotes\build\jni_flutter\intermediates\merged_res\release\mergeReleaseResources\drawable-mdpi-v4\ic_call_answer_video_low.png to C:\Users\Dyuthi\smartnotes\build\jni_flutter\intermediates\verified_library_resources\release\verifyReleaseResources\compiled\drawable-mdpi-v4_ic_call_answer_video_low.png.flat
[        ] Compiling XML table C:\Users\Dyuthi\smartnotes\build\jni_flutter\intermediates\merged_res\release\mergeReleaseResources\values-hy\values-hy.xml to C:\Users\Dyuthi\smartnotes\build\jni_flutter\intermediates\verified_library_resources\release\verifyReleaseResources\compiled\values-hy_values-hy.arsc.flat
[        ] Compiling XML table C:\Users\Dyuthi\smartnotes\build\jni_flutter\intermediates\merged_res\release\mergeReleaseResources\values-hr\values-hr.xml to C:\Users\Dyuthi\smartnotes\build\jni_flutter\intermediates\verified_library_resources\release\verifyReleaseResources\compiled\values-hr_values-hr.arsc.flat
[        ] Compiling XML table C:\Users\Dyuthi\smartnotes\build\jni_flutter\intermediates\merged_res\release\mergeReleaseResources\values-ru\values-ru.xml to C:\Users\Dyuthi\smartnotes\build\jni_flutter\intermediates\verified_library_resources\release\verifyReleaseResources\compiled\values-ru_values-ru.arsc.flat
[        ] Compiling XML table C:\Users\Dyuthi\smartnotes\build\jni_flutter\intermediates\merged_res\release\mergeReleaseResources\values-ml\values-ml.xml to C:\Users\Dyuthi\smartnotes\build\jni_flutter\intermediates\verified_library_resources\release\verifyReleaseResources\compiled\values-ml_values-ml.arsc.flat
[        ] Compiling XML table C:\Users\Dyuthi\smartnotes\build\jni_flutter\intermediates\merged_res\release\mergeReleaseResources\values-lv\values-lv.xml to C:\Users\Dyuthi\smartnotes\build\jni_flutter\intermediates\verified_library_resources\release\verifyReleaseResources\compiled\values-lv_values-lv.arsc.flat
[        ] Compiling XML table C:\Users\Dyuthi\smartnotes\build\jni_flutter\intermediates\merged_res\release\mergeReleaseResources\values-da\values-da.xml to C:\Users\Dyuthi\smartnotes\build\jni_flutter\intermediates\verified_library_resources\release\verifyReleaseResources\compiled\values-da_values-da.arsc.flat
[        ] Compiling XML table C:\Users\Dyuthi\smartnotes\build\jni_flutter\intermediates\merged_res\release\mergeReleaseResources\values-ar\values-ar.xml to C:\Users\Dyuthi\smartnotes\build\jni_flutter\intermediates\verified_library_resources\release\verifyReleaseResources\compiled\values-ar_values-ar.arsc.flat
[        ] Compiling XML table C:\Users\Dyuthi\smartnotes\build\jni_flutter\intermediates\merged_res\release\mergeReleaseResources\values-v21\values-v21.xml to C:\Users\Dyuthi\smartnotes\build\jni_flutter\intermediates\verified_library_resources\release\verifyReleaseResources\compiled\values-v21_values-v21.arsc.flat
[        ] Compiling xml file C:\Users\Dyuthi\smartnotes\build\jni_flutter\intermediates\merged_res\release\mergeReleaseResources\layout-v21\notification_template_custom_big.xml to C:\Users\Dyuthi\smartnotes\build\jni_flutter\intermediates\verified_library_resources\release\verifyReleaseResources\compiled\layout-v21_notification_template_custom_big.xml.flat
[        ] Compiling XML table C:\Users\Dyuthi\smartnotes\build\jni_flutter\intermediates\merged_res\release\mergeReleaseResources\values-az\values-az.xml to C:\Users\Dyuthi\smartnotes\build\jni_flutter\intermediates\verified_library_resources\release\verifyReleaseResources\compiled\values-az_values-az.arsc.flat
[        ] Compiling XML table C:\Users\Dyuthi\smartnotes\build\jni_flutter\intermediates\merged_res\release\mergeReleaseResources\values-si\values-si.xml to C:\Users\Dyuthi\smartnotes\build\jni_flutter\intermediates\verified_library_resources\release\verifyReleaseResources\compiled\values-si_values-si.arsc.flat
[        ] Compiling XML table C:\Users\Dyuthi\smartnotes\build\jni_flutter\intermediates\merged_res\release\mergeReleaseResources\values-gl\values-gl.xml to C:\Users\Dyuthi\smartnotes\build\jni_flutter\intermediates\verified_library_resources\release\verifyReleaseResources\compiled\values-gl_values-gl.arsc.flat
[        ] Compiling XML table C:\Users\Dyuthi\smartnotes\build\jni_flutter\intermediates\merged_res\release\mergeReleaseResources\values-ro\values-ro.xml to C:\Users\Dyuthi\smartnotes\build\jni_flutter\intermediates\verified_library_resources\release\verifyReleaseResources\compiled\values-ro_values-ro.arsc.flat
[        ] Compiling image file C:\Users\Dyuthi\smartnotes\build\jni_flutter\intermediates\merged_res\release\mergeReleaseResources\drawable-xxxhdpi-v4\ic_call_answer_video_low.png
[        ] Compiling file C:\Users\Dyuthi\smartnotes\build\jni_flutter\intermediates\merged_res\release\mergeReleaseResources\drawable-xxxhdpi-v4\ic_call_answer_video_low.png to C:\Users\Dyuthi\smartnotes\build\jni_flutter\intermediates\verified_library_resources\release\verifyReleaseResources\compiled\drawable-xxxhdpi-v4_ic_call_answer_video_low.png.flat
[        ] Compiling XML table C:\Users\Dyuthi\smartnotes\build\jni_flutter\intermediates\merged_res\release\mergeReleaseResources\values-es\values-es.xml to C:\Users\Dyuthi\smartnotes\build\jni_flutter\intermediates\verified_library_resources\release\verifyReleaseResources\compiled\values-es_values-es.arsc.flat
[        ] Compiling XML table C:\Users\Dyuthi\smartnotes\build\jni_flutter\intermediates\merged_res\release\mergeReleaseResources\values-vi\values-vi.xml to C:\Users\Dyuthi\smartnotes\build\jni_flutter\intermediates\verified_library_resources\release\verifyReleaseResources\compiled\values-vi_values-vi.arsc.flat
[        ] Compiling XML table C:\Users\Dyuthi\smartnotes\build\jni_flutter\intermediates\merged_res\release\mergeReleaseResources\values-ky\values-ky.xml to C:\Users\Dyuthi\smartnotes\build\jni_flutter\intermediates\verified_library_resources\release\verifyReleaseResources\compiled\values-ky_values-ky.arsc.flat
[        ] Compiling XML table C:\Users\Dyuthi\smartnotes\build\jni_flutter\intermediates\merged_res\release\mergeReleaseResources\values-en-rIN\values-en-rIN.xml to C:\Users\Dyuthi\smartnotes\build\jni_flutter\intermediates\verified_library_resources\release\verifyReleaseResources\compiled\values-en-rIN_values-en-rIN.arsc.flat
[        ] Compiling image file C:\Users\Dyuthi\smartnotes\build\jni_flutter\intermediates\merged_res\release\mergeReleaseResources\drawable-xhdpi-v4\ic_call_answer_video.png
[        ] Compiling file C:\Users\Dyuthi\smartnotes\build\jni_flutter\intermediates\merged_res\release\mergeReleaseResources\drawable-xhdpi-v4\ic_call_answer_video.png to C:\Users\Dyuthi\smartnotes\build\jni_flutter\intermediates\verified_library_resources\release\verifyReleaseResources\compiled\drawable-xhdpi-v4_ic_call_answer_video.png.flat
[        ] Compiling xml file C:\Users\Dyuthi\smartnotes\build\jni_flutter\intermediates\merged_res\release\mergeReleaseResources\drawable-anydpi-v21\ic_call_answer_video_low.xml to C:\Users\Dyuthi\smartnotes\build\jni_flutter\intermediates\verified_library_resources\release\verifyReleaseResources\compiled\drawable-anydpi-v21_ic_call_answer_video_low.xml.flat
[        ] Compiling XML table C:\Users\Dyuthi\smartnotes\build\jni_flutter\intermediates\merged_res\release\mergeReleaseResources\values-uz\values-uz.xml to C:\Users\Dyuthi\smartnotes\build\jni_flutter\intermediates\verified_library_resources\release\verifyReleaseResources\compiled\values-uz_values-uz.arsc.flat
[        ] Compiling XML table C:\Users\Dyuthi\smartnotes\build\jni_flutter\intermediates\merged_res\release\mergeReleaseResources\values-it\values-it.xml to C:\Users\Dyuthi\smartnotes\build\jni_flutter\intermediates\verified_library_resources\release\verifyReleaseResources\compiled\values-it_values-it.arsc.flat
[        ] Compiling XML table C:\Users\Dyuthi\smartnotes\build\jni_flutter\intermediates\merged_res\release\mergeReleaseResources\values-as\values-as.xml to C:\Users\Dyuthi\smartnotes\build\jni_flutter\intermediates\verified_library_resources\release\verifyReleaseResources\compiled\values-as_values-as.arsc.flat
[        ] Compiling xml file C:\Users\Dyuthi\smartnotes\build\jni_flutter\intermediates\merged_res\release\mergeReleaseResources\drawable-anydpi-v21\ic_call_decline.xml to C:\Users\Dyuthi\smartnotes\build\jni_flutter\intermediates\verified_library_resources\release\verifyReleaseResources\compiled\drawable-anydpi-v21_ic_call_decline.xml.flat
[        ] Compiling XML table C:\Users\Dyuthi\smartnotes\build\jni_flutter\intermediates\merged_res\release\mergeReleaseResources\values-pt\values-pt.xml to C:\Users\Dyuthi\smartnotes\build\jni_flutter\intermediates\verified_library_resources\release\verifyReleaseResources\compiled\values-pt_values-pt.arsc.flat
[        ] Compiling XML table C:\Users\Dyuthi\smartnotes\build\jni_flutter\intermediates\merged_res\release\mergeReleaseResources\values-in\values-in.xml to C:\Users\Dyuthi\smartnotes\build\jni_flutter\intermediates\verified_library_resources\release\verifyReleaseResources\compiled\values-in_values-in.arsc.flat
[        ] Compiling XML table C:\Users\Dyuthi\smartnotes\build\jni_flutter\intermediates\merged_res\release\mergeReleaseResources\values-de\values-de.xml to C:\Users\Dyuthi\smartnotes\build\jni_flutter\intermediates\verified_library_resources\release\verifyReleaseResources\compiled\values-de_values-de.arsc.flat
[        ] Compiling image file C:\Users\Dyuthi\smartnotes\build\jni_flutter\intermediates\merged_res\release\mergeReleaseResources\drawable-xxxhdpi-v4\ic_call_decline_low.png
[        ] Compiling file C:\Users\Dyuthi\smartnotes\build\jni_flutter\intermediates\merged_res\release\mergeReleaseResources\drawable-xxxhdpi-v4\ic_call_decline_low.png to C:\Users\Dyuthi\smartnotes\build\jni_flutter\intermediates\verified_library_resources\release\verifyReleaseResources\compiled\drawable-xxxhdpi-v4_ic_call_decline_low.png.flat
[        ] Compiling xml file C:\Users\Dyuthi\smartnotes\build\jni_flutter\intermediates\merged_res\release\mergeReleaseResources\layout\ime_secondary_split_test_activity.xml to C:\Users\Dyuthi\smartnotes\build\jni_flutter\intermediates\verified_library_resources\release\verifyReleaseResources\compiled\layout_ime_secondary_split_test_activity.xml.flat
[        ] Compiling image file C:\Users\Dyuthi\smartnotes\build\jni_flutter\intermediates\merged_res\release\mergeReleaseResources\drawable-xxhdpi-v4\ic_call_decline.png
[        ] Compiling file C:\Users\Dyuthi\smartnotes\build\jni_flutter\intermediates\merged_res\release\mergeReleaseResources\drawable-xxhdpi-v4\ic_call_decline.png to C:\Users\Dyuthi\smartnotes\build\jni_flutter\intermediates\verified_library_resources\release\verifyReleaseResources\compiled\drawable-xxhdpi-v4_ic_call_decline.png.flat
[        ] Compiling image file C:\Users\Dyuthi\smartnotes\build\jni_flutter\intermediates\merged_res\release\mergeReleaseResources\drawable-ldpi-v4\ic_call_decline_low.png
[        ] Compiling file C:\Users\Dyuthi\smartnotes\build\jni_flutter\intermediates\merged_res\release\mergeReleaseResources\drawable-ldpi-v4\ic_call_decline_low.png to C:\Users\Dyuthi\smartnotes\build\jni_flutter\intermediates\verified_library_resources\release\verifyReleaseResources\compiled\drawable-ldpi-v4_ic_call_decline_low.png.flat
[        ] Compiling XML table C:\Users\Dyuthi\smartnotes\build\jni_flutter\intermediates\merged_res\release\mergeReleaseResources\values-en-rXC\values-en-rXC.xml to C:\Users\Dyuthi\smartnotes\build\jni_flutter\intermediates\verified_library_resources\release\verifyReleaseResources\compiled\values-en-rXC_values-en-rXC.arsc.flat
[        ] Compiling XML table C:\Users\Dyuthi\smartnotes\build\jni_flutter\intermediates\merged_res\release\mergeReleaseResources\values-gu\values-gu.xml to C:\Users\Dyuthi\smartnotes\build\jni_flutter\intermediates\verified_library_resources\release\verifyReleaseResources\compiled\values-gu_values-gu.arsc.flat
[        ] Compiling XML table C:\Users\Dyuthi\smartnotes\build\jni_flutter\intermediates\merged_res\release\mergeReleaseResources\values-tr\values-tr.xml to C:\Users\Dyuthi\smartnotes\build\jni_flutter\intermediates\verified_library_resources\release\verifyReleaseResources\compiled\values-tr_values-tr.arsc.flat
[        ] Compiling image file C:\Users\Dyuthi\smartnotes\build\jni_flutter\intermediates\merged_res\release\mergeReleaseResources\drawable-xxhdpi-v4\ic_call_answer.png
[        ] Compiling file C:\Users\Dyuthi\smartnotes\build\jni_flutter\intermediates\merged_res\release\mergeReleaseResources\drawable-xxhdpi-v4\ic_call_answer.png to C:\Users\Dyuthi\smartnotes\build\jni_flutter\intermediates\verified_library_resources\release\verifyReleaseResources\compiled\drawable-xxhdpi-v4_ic_call_answer.png.flat
[        ] Compiling XML table C:\Users\Dyuthi\smartnotes\build\jni_flutter\intermediates\merged_res\release\mergeReleaseResources\values-mn\values-mn.xml to C:\Users\Dyuthi\smartnotes\build\jni_flutter\intermediates\verified_library_resources\release\verifyReleaseResources\compiled\values-mn_values-mn.arsc.flat
[        ] Compiling XML table C:\Users\Dyuthi\smartnotes\build\jni_flutter\intermediates\merged_res\release\mergeReleaseResources\values-ms\values-ms.xml to C:\Users\Dyuthi\smartnotes\build\jni_flutter\intermediates\verified_library_resources\release\verifyReleaseResources\compiled\values-ms_values-ms.arsc.flat
[        ] Compiling XML table C:\Users\Dyuthi\smartnotes\build\jni_flutter\intermediates\merged_res\release\mergeReleaseResources\values-b+sr+Latn\values-b+sr+Latn.xml to C:\Users\Dyuthi\smartnotes\build\jni_flutter\intermediates\verified_library_resources\release\verifyReleaseResources\compiled\values-b+sr+Latn_values-b+sr+Latn.arsc.flat
[        ] Compiling xml file C:\Users\Dyuthi\smartnotes\build\jni_flutter\intermediates\merged_res\release\mergeReleaseResources\layout-v21\notification_template_icon_group.xml to C:\Users\Dyuthi\smartnotes\build\jni_flutter\intermediates\verified_library_resources\release\verifyReleaseResources\compiled\layout-v21_notification_template_icon_group.xml.flat
[        ] Compiling XML table C:\Users\Dyuthi\smartnotes\build\jni_flutter\intermediates\merged_res\release\mergeReleaseResources\values-sk\values-sk.xml to C:\Users\Dyuthi\smartnotes\build\jni_flutter\intermediates\verified_library_resources\release\verifyReleaseResources\compiled\values-sk_values-sk.arsc.flat
[        ] Compiling XML table C:\Users\Dyuthi\smartnotes\build\jni_flutter\intermediates\merged_res\release\mergeReleaseResources\values-is\values-is.xml to C:\Users\Dyuthi\smartnotes\build\jni_flutter\intermediates\verified_library_resources\release\verifyReleaseResources\compiled\values-is_values-is.arsc.flat
[        ] Compiling XML table C:\Users\Dyuthi\smartnotes\build\jni_flutter\intermediates\merged_res\release\mergeReleaseResources\values-sq\values-sq.xml to C:\Users\Dyuthi\smartnotes\build\jni_flutter\intermediates\verified_library_resources\release\verifyReleaseResources\compiled\values-sq_values-sq.arsc.flat
[        ] Compiling XML table C:\Users\Dyuthi\smartnotes\build\jni_flutter\intermediates\merged_res\release\mergeReleaseResources\values-bn\values-bn.xml to C:\Users\Dyuthi\smartnotes\build\jni_flutter\intermediates\verified_library_resources\release\verifyReleaseResources\compiled\values-bn_values-bn.arsc.flat
[        ] Compiling image file C:\Users\Dyuthi\smartnotes\build\jni_flutter\intermediates\merged_res\release\mergeReleaseResources\drawable-mdpi-v4\ic_call_answer.png
[        ] Compiling file C:\Users\Dyuthi\smartnotes\build\jni_flutter\intermediates\merged_res\release\mergeReleaseResources\drawable-mdpi-v4\ic_call_answer.png to C:\Users\Dyuthi\smartnotes\build\jni_flutter\intermediates\verified_library_resources\release\verifyReleaseResources\compiled\drawable-mdpi-v4_ic_call_answer.png.flat
[        ] Compiling XML table C:\Users\Dyuthi\smartnotes\build\jni_flutter\intermediates\merged_res\release\mergeReleaseResources\values-mr\values-mr.xml to C:\Users\Dyuthi\smartnotes\build\jni_flutter\intermediates\verified_library_resources\release\verifyReleaseResources\compiled\values-mr_values-mr.arsc.flat
[        ] Compiling XML table C:\Users\Dyuthi\smartnotes\build\jni_flutter\intermediates\merged_res\release\mergeReleaseResources\values-lo\values-lo.xml to C:\Users\Dyuthi\smartnotes\build\jni_flutter\intermediates\verified_library_resources\release\verifyReleaseResources\compiled\values-lo_values-lo.arsc.flat
[        ] Compiling XML table C:\Users\Dyuthi\smartnotes\build\jni_flutter\intermediates\merged_res\release\mergeReleaseResources\values-zh-rTW\values-zh-rTW.xml to C:\Users\Dyuthi\smartnotes\build\jni_flutter\intermediates\verified_library_resources\release\verifyReleaseResources\compiled\values-zh-rTW_values-zh-rTW.arsc.flat
[        ] Compiling XML table C:\Users\Dyuthi\smartnotes\build\jni_flutter\intermediates\merged_res\release\mergeReleaseResources\values-zh-rCN\values-zh-rCN.xml to C:\Users\Dyuthi\smartnotes\build\jni_flutter\intermediates\verified_library_resources\release\verifyReleaseResources\compiled\values-zh-rCN_values-zh-rCN.arsc.flat
[        ] Compiling XML table C:\Users\Dyuthi\smartnotes\build\jni_flutter\intermediates\merged_res\release\mergeReleaseResources\values-pt-rBR\values-pt-rBR.xml to C:\Users\Dyuthi\smartnotes\build\jni_flutter\intermediates\verified_library_resources\release\verifyReleaseResources\compiled\values-pt-rBR_values-pt-rBR.arsc.flat
[        ] Compiling XML table C:\Users\Dyuthi\smartnotes\build\jni_flutter\intermediates\merged_res\release\mergeReleaseResources\values-uk\values-uk.xml to C:\Users\Dyuthi\smartnotes\build\jni_flutter\intermediates\verified_library_resources\release\verifyReleaseResources\compiled\values-uk_values-uk.arsc.flat
[        ] Compiling XML table C:\Users\Dyuthi\smartnotes\build\jni_flutter\intermediates\merged_res\release\mergeReleaseResources\values-sl\values-sl.xml to C:\Users\Dyuthi\smartnotes\build\jni_flutter\intermediates\verified_library_resources\release\verifyReleaseResources\compiled\values-sl_values-sl.arsc.flat
[        ] Compiling XML table C:\Users\Dyuthi\smartnotes\build\jni_flutter\intermediates\merged_res\release\mergeReleaseResources\values-fa\values-fa.xml to C:\Users\Dyuthi\smartnotes\build\jni_flutter\intermediates\verified_library_resources\release\verifyReleaseResources\compiled\values-fa_values-fa.arsc.flat
[        ] Compiling XML table C:\Users\Dyuthi\smartnotes\build\jni_flutter\intermediates\merged_res\release\mergeReleaseResources\values-es-rUS\values-es-rUS.xml to C:\Users\Dyuthi\smartnotes\build\jni_flutter\intermediates\verified_library_resources\release\verifyReleaseResources\compiled\values-es-rUS_values-es-rUS.arsc.flat
[        ] Compiling XML table C:\Users\Dyuthi\smartnotes\build\jni_flutter\intermediates\merged_res\release\mergeReleaseResources\values-zh-rHK\values-zh-rHK.xml to C:\Users\Dyuthi\smartnotes\build\jni_flutter\intermediates\verified_library_resources\release\verifyReleaseResources\compiled\values-zh-rHK_values-zh-rHK.arsc.flat
[        ] Compiling XML table C:\Users\Dyuthi\smartnotes\build\jni_flutter\intermediates\merged_res\release\mergeReleaseResources\values-el\values-el.xml to C:\Users\Dyuthi\smartnotes\build\jni_flutter\intermediates\verified_library_resources\release\verifyReleaseResources\compiled\values-el_values-el.arsc.flat
[        ] Compiling XML table C:\Users\Dyuthi\smartnotes\build\jni_flutter\intermediates\merged_res\release\mergeReleaseResources\values-hi\values-hi.xml to C:\Users\Dyuthi\smartnotes\build\jni_flutter\intermediates\verified_library_resources\release\verifyReleaseResources\compiled\values-hi_values-hi.arsc.flat
[        ] Compiling XML table C:\Users\Dyuthi\smartnotes\build\jni_flutter\intermediates\merged_res\release\mergeReleaseResources\values-iw\values-iw.xml to C:\Users\Dyuthi\smartnotes\build\jni_flutter\intermediates\verified_library_resources\release\verifyReleaseResources\compiled\values-iw_values-iw.arsc.flat
[        ] Compiling XML table C:\Users\Dyuthi\smartnotes\build\jni_flutter\intermediates\merged_res\release\mergeReleaseResources\values-lt\values-lt.xml to C:\Users\Dyuthi\smartnotes\build\jni_flutter\intermediates\verified_library_resources\release\verifyReleaseResources\compiled\values-lt_values-lt.arsc.flat
[        ] Compiling XML table C:\Users\Dyuthi\smartnotes\build\jni_flutter\intermediates\merged_res\release\mergeReleaseResources\values-my\values-my.xml to C:\Users\Dyuthi\smartnotes\build\jni_flutter\intermediates\verified_library_resources\release\verifyReleaseResources\compiled\values-my_values-my.arsc.flat
[        ] Compiling image file C:\Users\Dyuthi\smartnotes\build\jni_flutter\intermediates\merged_res\release\mergeReleaseResources\drawable-xxhdpi-v4\ic_call_answer_low.png
[        ] Compiling file C:\Users\Dyuthi\smartnotes\build\jni_flutter\intermediates\merged_res\release\mergeReleaseResources\drawable-xxhdpi-v4\ic_call_answer_low.png to C:\Users\Dyuthi\smartnotes\build\jni_flutter\intermediates\verified_library_resources\release\verifyReleaseResources\compiled\drawable-xxhdpi-v4_ic_call_answer_low.png.flat
[        ] Compiling XML table C:\Users\Dyuthi\smartnotes\build\jni_flutter\intermediates\merged_res\release\mergeReleaseResources\values-pt-rPT\values-pt-rPT.xml to C:\Users\Dyuthi\smartnotes\build\jni_flutter\intermediates\verified_library_resources\release\verifyReleaseResources\compiled\values-pt-rPT_values-pt-rPT.arsc.flat
[        ] Compiling XML table C:\Users\Dyuthi\smartnotes\build\jni_flutter\intermediates\merged_res\release\mergeReleaseResources\values-sr\values-sr.xml to C:\Users\Dyuthi\smartnotes\build\jni_flutter\intermediates\verified_library_resources\release\verifyReleaseResources\compiled\values-sr_values-sr.arsc.flat
[        ] Compiling XML table C:\Users\Dyuthi\smartnotes\build\jni_flutter\intermediates\merged_res\release\mergeReleaseResources\values-kk\values-kk.xml to C:\Users\Dyuthi\smartnotes\build\jni_flutter\intermediates\verified_library_resources\release\verifyReleaseResources\compiled\values-kk_values-kk.arsc.flat
[        ] Compiling XML table C:\Users\Dyuthi\smartnotes\build\jni_flutter\intermediates\merged_res\release\mergeReleaseResources\values-ur\values-ur.xml to C:\Users\Dyuthi\smartnotes\build\jni_flutter\intermediates\verified_library_resources\release\verifyReleaseResources\compiled\values-ur_values-ur.arsc.flat
[        ] Compiling XML table C:\Users\Dyuthi\smartnotes\build\jni_flutter\intermediates\merged_res\release\mergeReleaseResources\values-zu\values-zu.xml to C:\Users\Dyuthi\smartnotes\build\jni_flutter\intermediates\verified_library_resources\release\verifyReleaseResources\compiled\values-zu_values-zu.arsc.flat
[        ] Compiling XML table C:\Users\Dyuthi\smartnotes\build\jni_flutter\intermediates\merged_res\release\mergeReleaseResources\values-nl\values-nl.xml to C:\Users\Dyuthi\smartnotes\build\jni_flutter\intermediates\verified_library_resources\release\verifyReleaseResources\compiled\values-nl_values-nl.arsc.flat
[        ] Compiling xml file C:\Users\Dyuthi\smartnotes\build\jni_flutter\intermediates\merged_res\release\mergeReleaseResources\drawable-anydpi-v21\ic_call_answer.xml to C:\Users\Dyuthi\smartnotes\build\jni_flutter\intermediates\verified_library_resources\release\verifyReleaseResources\compiled\drawable-anydpi-v21_ic_call_answer.xml.flat
[        ] Compiling xml file C:\Users\Dyuthi\smartnotes\build\jni_flutter\intermediates\merged_res\release\mergeReleaseResources\layout-v21\notification_action.xml to C:\Users\Dyuthi\smartnotes\build\jni_flutter\intermediates\verified_library_resources\release\verifyReleaseResources\compiled\layout-v21_notification_action.xml.flat
[        ] Compiling xml file C:\Users\Dyuthi\smartnotes\build\jni_flutter\intermediates\merged_res\release\mergeReleaseResources\drawable\notification_tile_bg.xml to C:\Users\Dyuthi\smartnotes\build\jni_flutter\intermediates\verified_library_resources\release\verifyReleaseResources\compiled\drawable_notification_tile_bg.xml.flat
[        ] Compiling xml file C:\Users\Dyuthi\smartnotes\build\jni_flutter\intermediates\merged_res\release\mergeReleaseResources\drawable-anydpi-v21\ic_call_answer_video.xml to C:\Users\Dyuthi\smartnotes\build\jni_flutter\intermediates\verified_library_resources\release\verifyReleaseResources\compiled\drawable-anydpi-v21_ic_call_answer_video.xml.flat
[        ] Compiling XML table C:\Users\Dyuthi\smartnotes\build\jni_flutter\intermediates\merged_res\release\mergeReleaseResources\values-ta\values-ta.xml to C:\Users\Dyuthi\smartnotes\build\jni_flutter\intermediates\verified_library_resources\release\verifyReleaseResources\compiled\values-ta_values-ta.arsc.flat
[        ] Compiling image file C:\Users\Dyuthi\smartnotes\build\jni_flutter\intermediates\merged_res\release\mergeReleaseResources\drawable-ldpi-v4\ic_call_answer_video.png
[        ] Compiling file C:\Users\Dyuthi\smartnotes\build\jni_flutter\intermediates\merged_res\release\mergeReleaseResources\drawable-ldpi-v4\ic_call_answer_video.png to C:\Users\Dyuthi\smartnotes\build\jni_flutter\intermediates\verified_library_resources\release\verifyReleaseResources\compiled\drawable-ldpi-v4_ic_call_answer_video.png.flat
[        ] Compiling image file C:\Users\Dyuthi\smartnotes\build\jni_flutter\intermediates\merged_res\release\mergeReleaseResources\drawable-ldpi-v4\ic_call_decline.png
[        ] Compiling file C:\Users\Dyuthi\smartnotes\build\jni_flutter\intermediates\merged_res\release\mergeReleaseResources\drawable-ldpi-v4\ic_call_decline.png to C:\Users\Dyuthi\smartnotes\build\jni_flutter\intermediates\verified_library_resources\release\verifyReleaseResources\compiled\drawable-ldpi-v4_ic_call_decline.png.flat
[        ] Compiling image file C:\Users\Dyuthi\smartnotes\build\jni_flutter\intermediates\merged_res\release\mergeReleaseResources\drawable-ldpi-v4\ic_call_answer_low.png
[        ] Compiling file C:\Users\Dyuthi\smartnotes\build\jni_flutter\intermediates\merged_res\release\mergeReleaseResources\drawable-ldpi-v4\ic_call_answer_low.png to C:\Users\Dyuthi\smartnotes\build\jni_flutter\intermediates\verified_library_resources\release\verifyReleaseResources\compiled\drawable-ldpi-v4_ic_call_answer_low.png.flat
[        ] Compiling XML table C:\Users\Dyuthi\smartnotes\build\jni_flutter\intermediates\merged_res\release\mergeReleaseResources\values-cs\values-cs.xml to C:\Users\Dyuthi\smartnotes\build\jni_flutter\intermediates\verified_library_resources\release\verifyReleaseResources\compiled\values-cs_values-cs.arsc.flat
[        ] Compiling xml file C:\Users\Dyuthi\smartnotes\build\jni_flutter\intermediates\merged_res\release\mergeReleaseResources\layout\notification_template_part_time.xml to C:\Users\Dyuthi\smartnotes\build\jni_flutter\intermediates\verified_library_resources\release\verifyReleaseResources\compiled\layout_notification_template_part_time.xml.flat
[        ] Compiling image file C:\Users\Dyuthi\smartnotes\build\jni_flutter\intermediates\merged_res\release\mergeReleaseResources\drawable-xhdpi-v4\ic_call_decline.png
[        ] Compiling file C:\Users\Dyuthi\smartnotes\build\jni_flutter\intermediates\merged_res\release\mergeReleaseResources\drawable-xhdpi-v4\ic_call_decline.png to C:\Users\Dyuthi\smartnotes\build\jni_flutter\intermediates\verified_library_resources\release\verifyReleaseResources\compiled\drawable-xhdpi-v4_ic_call_decline.png.flat
[        ] Compiling image file C:\Users\Dyuthi\smartnotes\build\jni_flutter\intermediates\merged_res\release\mergeReleaseResources\drawable-xhdpi-v4\ic_call_answer_video_low.png
[        ] Compiling file C:\Users\Dyuthi\smartnotes\build\jni_flutter\intermediates\merged_res\release\mergeReleaseResources\drawable-xhdpi-v4\ic_call_answer_video_low.png to C:\Users\Dyuthi\smartnotes\build\jni_flutter\intermediates\verified_library_resources\release\verifyReleaseResources\compiled\drawable-xhdpi-v4_ic_call_answer_video_low.png.flat
[        ] Compiling XML table C:\Users\Dyuthi\smartnotes\build\jni_flutter\intermediates\merged_res\release\mergeReleaseResources\values-fr-rCA\values-fr-rCA.xml to C:\Users\Dyuthi\smartnotes\build\jni_flutter\intermediates\verified_library_resources\release\verifyReleaseResources\compiled\values-fr-rCA_values-fr-rCA.arsc.flat
[        ] Compiling XML table C:\Users\Dyuthi\smartnotes\build\jni_flutter\intermediates\merged_res\release\mergeReleaseResources\values-ko\values-ko.xml to C:\Users\Dyuthi\smartnotes\build\jni_flutter\intermediates\verified_library_resources\release\verifyReleaseResources\compiled\values-ko_values-ko.arsc.flat
[        ] Compiling xml file C:\Users\Dyuthi\smartnotes\build\jni_flutter\intermediates\merged_res\release\mergeReleaseResources\layout\ime_base_split_test_activity.xml to C:\Users\Dyuthi\smartnotes\build\jni_flutter\intermediates\verified_library_resources\release\verifyReleaseResources\compiled\layout_ime_base_split_test_activity.xml.flat
[        ] Compiling xml file C:\Users\Dyuthi\smartnotes\build\jni_flutter\intermediates\merged_res\release\mergeReleaseResources\layout\custom_dialog.xml to C:\Users\Dyuthi\smartnotes\build\jni_flutter\intermediates\verified_library_resources\release\verifyReleaseResources\compiled\layout_custom_dialog.xml.flat
[        ] Compiling XML table C:\Users\Dyuthi\smartnotes\build\jni_flutter\intermediates\merged_res\release\mergeReleaseResources\values-ca\values-ca.xml to C:\Users\Dyuthi\smartnotes\build\jni_flutter\intermediates\verified_library_resources\release\verifyReleaseResources\compiled\values-ca_values-ca.arsc.flat
[        ] Compiling image file C:\Users\Dyuthi\smartnotes\build\jni_flutter\intermediates\merged_res\release\mergeReleaseResources\drawable-xhdpi-v4\notify_panel_notification_icon_bg.png
[        ] Compiling file C:\Users\Dyuthi\smartnotes\build\jni_flutter\intermediates\merged_res\release\mergeReleaseResources\drawable-xhdpi-v4\notify_panel_notification_icon_bg.png to C:\Users\Dyuthi\smartnotes\build\jni_flutter\intermediates\verified_library_resources\release\verifyReleaseResources\compiled\drawable-xhdpi-v4_notify_panel_notification_icon_bg.png.flat
[        ] Compiling XML table C:\Users\Dyuthi\smartnotes\build\jni_flutter\intermediates\merged_res\release\mergeReleaseResources\values-pl\values-pl.xml to C:\Users\Dyuthi\smartnotes\build\jni_flutter\intermediates\verified_library_resources\release\verifyReleaseResources\compiled\values-pl_values-pl.arsc.flat
[        ] Compiling XML table C:\Users\Dyuthi\smartnotes\build\jni_flutter\intermediates\merged_res\release\mergeReleaseResources\values-fr\values-fr.xml to C:\Users\Dyuthi\smartnotes\build\jni_flutter\intermediates\verified_library_resources\release\verifyReleaseResources\compiled\values-fr_values-fr.arsc.flat
[        ] Compiling XML table C:\Users\Dyuthi\smartnotes\build\jni_flutter\intermediates\merged_res\release\mergeReleaseResources\values-tl\values-tl.xml to C:\Users\Dyuthi\smartnotes\build\jni_flutter\intermediates\verified_library_resources\release\verifyReleaseResources\compiled\values-tl_values-tl.arsc.flat
[        ] Compiling XML table C:\Users\Dyuthi\smartnotes\build\jni_flutter\intermediates\merged_res\release\mergeReleaseResources\values-kn\values-kn.xml to C:\Users\Dyuthi\smartnotes\build\jni_flutter\intermediates\verified_library_resources\release\verifyReleaseResources\compiled\values-kn_values-kn.arsc.flat
[        ] Compiling XML table C:\Users\Dyuthi\smartnotes\build\jni_flutter\intermediates\merged_res\release\mergeReleaseResources\values-be\values-be.xml to C:\Users\Dyuthi\smartnotes\build\jni_flutter\intermediates\verified_library_resources\release\verifyReleaseResources\compiled\values-be_values-be.arsc.flat
[        ] Compiling XML table C:\Users\Dyuthi\smartnotes\build\jni_flutter\intermediates\merged_res\release\mergeReleaseResources\values-pa\values-pa.xml to C:\Users\Dyuthi\smartnotes\build\jni_flutter\intermediates\verified_library_resources\release\verifyReleaseResources\compiled\values-pa_values-pa.arsc.flat
[        ] Compiling XML table C:\Users\Dyuthi\smartnotes\build\jni_flutter\intermediates\merged_res\release\mergeReleaseResources\values-bg\values-bg.xml to C:\Users\Dyuthi\smartnotes\build\jni_flutter\intermediates\verified_library_resources\release\verifyReleaseResources\compiled\values-bg_values-bg.arsc.flat
[        ] Compiling XML table C:\Users\Dyuthi\smartnotes\build\jni_flutter\intermediates\merged_res\release\mergeReleaseResources\values-et\values-et.xml to C:\Users\Dyuthi\smartnotes\build\jni_flutter\intermediates\verified_library_resources\release\verifyReleaseResources\compiled\values-et_values-et.arsc.flat
[        ] Compiling xml file C:\Users\Dyuthi\smartnotes\build\jni_flutter\intermediates\merged_res\release\mergeReleaseResources\layout\notification_template_part_chronometer.xml to C:\Users\Dyuthi\smartnotes\build\jni_flutter\intermediates\verified_library_resources\release\verifyReleaseResources\compiled\layout_notification_template_part_chronometer.xml.flat
[        ] Compiling XML table C:\Users\Dyuthi\smartnotes\build\jni_flutter\intermediates\merged_res\release\mergeReleaseResources\values-eu\values-eu.xml to C:\Users\Dyuthi\smartnotes\build\jni_flutter\intermediates\verified_library_resources\release\verifyReleaseResources\compiled\values-eu_values-eu.arsc.flat
[        ] Compiling XML table C:\Users\Dyuthi\smartnotes\build\jni_flutter\intermediates\merged_res\release\mergeReleaseResources\values-th\values-th.xml to C:\Users\Dyuthi\smartnotes\build\jni_flutter\intermediates\verified_library_resources\release\verifyReleaseResources\compiled\values-th_values-th.arsc.flat
[        ] Compiling XML table C:\Users\Dyuthi\smartnotes\build\jni_flutter\intermediates\merged_res\release\mergeReleaseResources\values-ja\values-ja.xml to C:\Users\Dyuthi\smartnotes\build\jni_flutter\intermediates\verified_library_resources\release\verifyReleaseResources\compiled\values-ja_values-ja.arsc.flat
[        ] Compiling XML table C:\Users\Dyuthi\smartnotes\build\jni_flutter\intermediates\merged_res\release\mergeReleaseResources\values-ka\values-ka.xml to C:\Users\Dyuthi\smartnotes\build\jni_flutter\intermediates\verified_library_resources\release\verifyReleaseResources\compiled\values-ka_values-ka.arsc.flat
[        ] Compiling XML table C:\Users\Dyuthi\smartnotes\build\jni_flutter\intermediates\merged_res\release\mergeReleaseResources\values-nb\values-nb.xml to C:\Users\Dyuthi\smartnotes\build\jni_flutter\intermediates\verified_library_resources\release\verifyReleaseResources\compiled\values-nb_values-nb.arsc.flat
[        ] Compiling XML table C:\Users\Dyuthi\smartnotes\build\jni_flutter\intermediates\merged_res\release\mergeReleaseResources\values-sv\values-sv.xml to C:\Users\Dyuthi\smartnotes\build\jni_flutter\intermediates\verified_library_resources\release\verifyReleaseResources\compiled\values-sv_values-sv.arsc.flat
[        ] Compiling XML table C:\Users\Dyuthi\smartnotes\build\jni_flutter\intermediates\merged_res\release\mergeReleaseResources\values-ne\values-ne.xml to C:\Users\Dyuthi\smartnotes\build\jni_flutter\intermediates\verified_library_resources\release\verifyReleaseResources\compiled\values-ne_values-ne.arsc.flat
[        ] Compiling XML table C:\Users\Dyuthi\smartnotes\build\jni_flutter\intermediates\merged_res\release\mergeReleaseResources\values-sw\values-sw.xml to C:\Users\Dyuthi\smartnotes\build\jni_flutter\intermediates\verified_library_resources\release\verifyReleaseResources\compiled\values-sw_values-sw.arsc.flat
[        ] Compiling XML table C:\Users\Dyuthi\smartnotes\build\jni_flutter\intermediates\merged_res\release\mergeReleaseResources\values-bs\values-bs.xml to C:\Users\Dyuthi\smartnotes\build\jni_flutter\intermediates\verified_library_resources\release\verifyReleaseResources\compiled\values-bs_values-bs.arsc.flat
[        ] Compiling XML table C:\Users\Dyuthi\smartnotes\build\jni_flutter\intermediates\merged_res\release\mergeReleaseResources\values-fi\values-fi.xml to C:\Users\Dyuthi\smartnotes\build\jni_flutter\intermediates\verified_library_resources\release\verifyReleaseResources\compiled\values-fi_values-fi.arsc.flat
[        ] Compiling XML table C:\Users\Dyuthi\smartnotes\build\jni_flutter\intermediates\merged_res\release\mergeReleaseResources\values-km\values-km.xml to C:\Users\Dyuthi\smartnotes\build\jni_flutter\intermediates\verified_library_resources\release\verifyReleaseResources\compiled\values-km_values-km.arsc.flat
[        ] Compiling XML table C:\Users\Dyuthi\smartnotes\build\jni_flutter\intermediates\merged_res\release\mergeReleaseResources\values-or\values-or.xml to C:\Users\Dyuthi\smartnotes\build\jni_flutter\intermediates\verified_library_resources\release\verifyReleaseResources\compiled\values-or_values-or.arsc.flat
[        ] Compiling XML table C:\Users\Dyuthi\smartnotes\build\jni_flutter\intermediates\merged_res\release\mergeReleaseResources\values-te\values-te.xml to C:\Users\Dyuthi\smartnotes\build\jni_flutter\intermediates\verified_library_resources\release\verifyReleaseResources\compiled\values-te_values-te.arsc.flat
[        ] > Task :app:compileReleaseKotlin
[        ] Adding -Xuse-inline-scopes-numbers Kotlin compiler flag for task :app:compileDebugAndroidTestKotlin
[        ] Caching disabled for BuildToolsApiClasspathEntrySnapshotTransform: C:\Users\Dyuthi\smartnotes\build\app\intermediates\flutter\release\libs.jar because:
[        ]   Build cache is disabled
[        ] Caching disabled for task ':app:compileReleaseKotlin' because:
[        ]   Build cache is disabled
[        ] Task ':app:compileReleaseKotlin' is not up-to-date because:
[        ]   Output property 'classpathSnapshotProperties.classpathSnapshotDir' file C:\Users\Dyuthi\smartnotes\build\app\kotlin\compileReleaseKotlin\classpath-snapshot has been removed.
[        ]   Output property 'classpathSnapshotProperties.classpathSnapshotDir' file C:\Users\Dyuthi\smartnotes\build\app\kotlin\compileReleaseKotlin\classpath-snapshot\shrunk-classpath-snapshot.bin has been removed.
[        ]   Output property 'destinationDirectory' file C:\Users\Dyuthi\smartnotes\build\app\tmp\kotlin-classes\release has been removed.
[        ]   and more...
[        ] The input changes require a full rebuild for incremental task ':app:compileReleaseKotlin'.
[        ] file or directory 'C:\Users\Dyuthi\smartnotes\android\app\src\release\kotlin', not found
[        ] file or directory 'C:\Users\Dyuthi\smartnotes\android\app\src\release\java', not found
[        ] file or directory 'C:\Users\Dyuthi\smartnotes\android\app\src\release\kotlin', not found
[        ] file or directory 'C:\Users\Dyuthi\smartnotes\android\app\src\release\kotlin', not found
[        ] file or directory 'C:\Users\Dyuthi\smartnotes\android\app\src\release\java', not found
[        ] file or directory 'C:\Users\Dyuthi\smartnotes\android\app\src\release\java', not found
[        ] file or directory 'C:\Users\Dyuthi\smartnotes\android\app\src\release\kotlin', not found
[        ] file or directory 'C:\Users\Dyuthi\smartnotes\android\app\src\release\java', not found
[        ] file or directory 'C:\Users\Dyuthi\smartnotes\android\app\src\release\kotlin', not found
[        ] file or directory 'C:\Users\Dyuthi\smartnotes\android\app\src\release\kotlin', not found
[        ] file or directory 'C:\Users\Dyuthi\smartnotes\android\app\src\release\java', not found
[        ] file or directory 'C:\Users\Dyuthi\smartnotes\android\app\src\release\kotlin', not found
[        ] file or directory 'C:\Users\Dyuthi\smartnotes\android\app\src\release\java', not found
[        ] file or directory 'C:\Users\Dyuthi\smartnotes\android\app\src\release\kotlin', not found
[        ] file or directory 'C:\Users\Dyuthi\smartnotes\android\app\src\release\kotlin', not found
[        ] file or directory 'C:\Users\Dyuthi\smartnotes\android\app\src\release\java', not found
[        ] file or directory 'C:\Users\Dyuthi\smartnotes\android\app\src\release\java', not found
[        ] file or directory 'C:\Users\Dyuthi\smartnotes\android\app\src\release\kotlin', not found
[        ] file or directory 'C:\Users\Dyuthi\smartnotes\android\app\src\release\java', not found
[        ] file or directory 'C:\Users\Dyuthi\smartnotes\android\app\src\release\kotlin', not found
[   +1 ms] file or directory 'C:\Users\Dyuthi\smartnotes\android\app\src\release\kotlin', not found
[        ] file or directory 'C:\Users\Dyuthi\smartnotes\android\app\src\release\java', not found
[        ] file or directory 'C:\Users\Dyuthi\smartnotes\android\app\src\release\java', not found
[        ] file or directory 'C:\Users\Dyuthi\smartnotes\android\app\src\release\kotlin', not found
[        ] file or directory 'C:\Users\Dyuthi\smartnotes\android\app\src\release\java', not found
[        ] file or directory 'C:\Users\Dyuthi\smartnotes\android\app\src\release\kotlin', not found
[        ] file or directory 'C:\Users\Dyuthi\smartnotes\android\app\src\release\kotlin', not found
[        ] file or directory 'C:\Users\Dyuthi\smartnotes\android\app\src\release\java', not found
[        ] file or directory 'C:\Users\Dyuthi\smartnotes\android\app\src\release\java', not found
[        ] Kotlin source files: C:\Users\Dyuthi\smartnotes\android\app\src\main\kotlin\com\example\smart_lecture_notes\MainActivity.kt
[        ] Java source files: C:\Users\Dyuthi\smartnotes\android\app\src\main\java\io\flutter\plugins\GeneratedPluginRegistrant.java
[        ] Script source files: 
[        ] Script file extensions: 
[        ] Using Kotlin/JVM incremental compilation
[        ] [KOTLIN] Kotlin compilation 'jdkHome' argument: null
[        ] Options for KOTLIN DAEMON: IncrementalCompilationOptions(super=CompilationOptions(compilerMode=INCREMENTAL_COMPILER, targetPlatform=JVM, reportCategories=[0, 3], reportSeverity=2, requestedCompilationResults=[0], kotlinScriptExtensions=[]), sourceChanges=org.jetbrains.kotlin.buildtools.api.SourcesChanges$Unknown@1ea5f979, classpathChanges=NotAvailableForNonIncrementalRun, workingDir=C:\Users\Dyuthi\smartnotes\build\app\kotlin\compileReleaseKotlin\cacheable, multiModuleICSettings=MultiModuleICSettings(buildHistoryFile=C:\Users\Dyuthi\smartnotes\build\app\kotlin\compileReleaseKotlin\local-state\build-history.bin, useModuleDetection=true), icFeatures=IncrementalCompilationFeatures(usePreciseJavaTracking=true, withAbiSnapshot=false, preciseCompilationResultsBackup=true, keepIncrementalCompilationCachesInMemory=true, enableUnsafeIncrementalCompilationForMultiplatform=false, enableMonotonousIncrementalCompileSetExpansion=true), outputFiles=[C:\Users\Dyuthi\smartnotes\build\app\tmp\kotlin-classes\release, C:\Users\Dyuthi\smartnotes\build\app\kotlin\compileReleaseKotlin\cacheable, C:\Users\Dyuthi\smartnotes\build\app\kotlin\compileReleaseKotlin\local-state])
[        ] Finished executing kotlin compiler using DAEMON strategy
[ +282 ms] > Task :record_android:mergeReleaseResources
[        ] Caching disabled for task ':record_android:mergeReleaseResources' because:
[        ]   Build cache is disabled
[        ] Task ':record_android:mergeReleaseResources' is not up-to-date because:
[        ]   Output property 'blameLogOutputFolder' file C:\Users\Dyuthi\smartnotes\build\record_android\intermediates\merged_res_blame_folder\release\mergeReleaseResources\out has been removed.
[        ]   Output property 'blameLogOutputFolder' file C:\Users\Dyuthi\smartnotes\build\record_android\intermediates\merged_res_blame_folder\release\mergeReleaseResources\out\multi-v2 has been removed.
[        ]   Output property 'blameLogOutputFolder' file C:\Users\Dyuthi\smartnotes\build\record_android\intermediates\merged_res_blame_folder\release\mergeReleaseResources\out\multi-v2\values-af.json has been removed.
[        ]   and more...
[        ] The input changes require a full rebuild for incremental task ':record_android:mergeReleaseResources'.
[        ] [MergeResources] Inputs are non-incremental full task action.
[        ] Resolve mutations for :app:compileReleaseJavaWithJavac (Thread[#528,Execution worker Thread 12,5,main]) started.
[        ] :app:compileReleaseJavaWithJavac (Thread[#528,Execution worker Thread 12,5,main]) started.
[ +202 ms] > Task :app:compileReleaseJavaWithJavac
[        ] Custom actions are attached to task ':app:compileReleaseJavaWithJavac'.
[        ] Caching disabled for task ':app:compileReleaseJavaWithJavac' because:
[        ]   Build cache is disabled
[        ] Task ':app:compileReleaseJavaWithJavac' is not up-to-date because:
[        ]   Output property 'destinationDirectory' file C:\Users\Dyuthi\smartnotes\build\app\intermediates\javac\release\compileReleaseJavaWithJavac\classes has been removed.
[        ]   Output property 'destinationDirectory' file C:\Users\Dyuthi\smartnotes\build\app\intermediates\javac\release\compileReleaseJavaWithJavac\classes\io has been removed.
[        ]   Output property 'destinationDirectory' file C:\Users\Dyuthi\smartnotes\build\app\intermediates\javac\release\compileReleaseJavaWithJavac\classes\io\flutter has been removed.
[        ]   and more...
[        ] The input changes require a full rebuild for incremental task ':app:compileReleaseJavaWithJavac'.
[        ] Compilation mode: in-process compilation
[        ] Full recompilation is required because no incremental change information is available. This is usually caused by clean builds or changing compiler arguments.
[        ] Compiling with toolchain 'C:\Program Files\Android\Android Studio\jbr'.
[        ] file or directory 'C:\Users\Dyuthi\smartnotes\android\app\src\release\java', not found
[        ] Compiling with JDK Java compiler API.
[        ] Class dependency analysis for incremental compilation took 0.001 secs.
[        ] Created classpath snapshot for incremental compilation in 0.026 secs.
[        ] Resolve mutations for :app:expandReleaseArtProfileWildcards (Thread[#528,Execution worker Thread 12,5,main]) started.
[        ] :app:expandReleaseArtProfileWildcards (Thread[#516,included builds,5,main]) started.
[ +203 ms] Resolve mutations for :app:mergeReleaseGeneratedProguardFiles (Thread[#528,Execution worker Thread 12,5,main]) started.
[        ] :app:mergeReleaseGeneratedProguardFiles (Thread[#528,Execution worker Thread 12,5,main]) started.
[        ] > Task :app:mergeReleaseGeneratedProguardFiles UP-TO-DATE
[        ] Caching disabled for task ':app:mergeReleaseGeneratedProguardFiles' because:
[        ]   Build cache is disabled
[        ]   Simple merging task
[        ] Skipping task ':app:mergeReleaseGeneratedProguardFiles' as it is up-to-date.
[        ] Resolve mutations for :app:processReleaseJavaRes (Thread[#528,Execution worker Thread 12,5,main]) started.
[        ] :app:processReleaseJavaRes (Thread[#528,Execution worker Thread 12,5,main]) started.
[        ] > Task :app:processReleaseJavaRes
[        ] file or directory 'C:\Users\Dyuthi\smartnotes\android\app\src\main\resources', not found
[        ] file or directory 'C:\Users\Dyuthi\smartnotes\android\app\src\release\resources', not found
[        ] file or directory 'C:\Users\Dyuthi\smartnotes\android\app\src\main\resources', not found
[        ] file or directory 'C:\Users\Dyuthi\smartnotes\android\app\src\release\resources', not found
[        ] Caching disabled for task ':app:processReleaseJavaRes' because:
[        ]   Build cache is disabled
[        ]   Caching has been disabled for the task
[        ] Task ':app:processReleaseJavaRes' is not up-to-date because:
[        ]   Output property 'destinationDir' file C:\Users\Dyuthi\smartnotes\build\app\intermediates\java_res\release\processReleaseJavaRes\out has been removed.
[        ]   Output property 'destinationDir' file C:\Users\Dyuthi\smartnotes\build\app\intermediates\java_res\release\processReleaseJavaRes\out\com has been removed.
[        ]   Output property 'destinationDir' file C:\Users\Dyuthi\smartnotes\build\app\intermediates\java_res\release\processReleaseJavaRes\out\com\example has been removed.
[        ]   and more...
[        ] file or directory 'C:\Users\Dyuthi\smartnotes\android\app\src\main\resources', not found
[        ] file or directory 'C:\Users\Dyuthi\smartnotes\android\app\src\release\resources', not found
[        ] file or directory 'C:\Users\Dyuthi\smartnotes\android\app\src\main\resources', not found
[        ] file or directory 'C:\Users\Dyuthi\smartnotes\android\app\src\release\resources', not found
[        ] Resolve mutations for :app:mergeReleaseJavaResource (Thread[#528,Execution worker Thread 12,5,main]) started.
[        ] :app:mergeReleaseJavaResource (Thread[#528,Execution worker Thread 12,5,main]) started.
[        ] Resolve mutations for :app:generateReleaseLintVitalReportModel (Thread[#531,Execution worker Thread 15,5,main]) started.
[        ] :app:generateReleaseLintVitalReportModel (Thread[#531,Execution worker Thread 15,5,main]) started.
[  +91 ms] > Task :app:generateReleaseLintVitalReportModel
[        ] Caching disabled for task ':app:generateReleaseLintVitalReportModel' because:
[        ]   Build cache is disabled
[        ]   Caching has been disabled for the task
[        ] Task ':app:generateReleaseLintVitalReportModel' is not up-to-date because:
[        ]   Output property 'outputDirectory' file C:\Users\Dyuthi\smartnotes\build\app\intermediates\lint_vital_report_lint_model\release\generateReleaseLintVitalReportModel has been removed.
[        ]   Output property 'outputDirectory' file C:\Users\Dyuthi\smartnotes\build\app\intermediates\lint_vital_report_lint_model\release\generateReleaseLintVitalReportModel\module.xml has been removed.
[        ]   Output property 'outputDirectory' file C:\Users\Dyuthi\smartnotes\build\app\intermediates\lint_vital_report_lint_model\release\generateReleaseLintVitalReportModel\release-artifact-dependencies.xml has been removed.
[        ]   and more...
[        ] Resolve mutations for :jni_flutter:assembleRelease (Thread[#531,Execution worker Thread 15,5,main]) started.
[        ] :jni_flutter:assembleRelease (Thread[#531,Execution worker Thread 15,5,main]) started.
[        ] > Task :jni_flutter:assembleRelease
[        ] Skipping task ':jni_flutter:assembleRelease' as it has no actions.
[        ] Resolve mutations for :record_android:verifyReleaseResources (Thread[#531,Execution worker Thread 15,5,main]) started.
[        ] :record_android:verifyReleaseResources (Thread[#531,Execution worker Thread 15,5,main]) started.
[ +405 ms] > Task :record_android:verifyReleaseResources
[        ] Caching disabled for task ':record_android:verifyReleaseResources' because:
[        ]   Build cache is disabled
[        ] Task ':record_android:verifyReleaseResources' is not up-to-date because:
[        ]   Output property 'compiledDirectory' file C:\Users\Dyuthi\smartnotes\build\record_android\intermediates\verified_library_resources\release\verifyReleaseResources has been removed.
[        ]   Output property 'compiledDirectory' file C:\Users\Dyuthi\smartnotes\build\record_android\intermediates\verified_library_resources\release\verifyReleaseResources\compiled has been removed.
[        ]   Output property 'compiledDirectory' file C:\Users\Dyuthi\smartnotes\build\record_android\intermediates\verified_library_resources\release\verifyReleaseResources\compiled\anim-v21_fragment_fast_out_extra_slow_in.xml.flat has been removed.
[        ]   and more...
[        ] The input changes require a full rebuild for incremental task ':record_android:verifyReleaseResources'.
[        ] Compiling xml file C:\Users\Dyuthi\smartnotes\build\record_android\intermediates\merged_res\release\mergeReleaseResources\anim-v21\fragment_fast_out_extra_slow_in.xml to C:\Users\Dyuthi\smartnotes\build\record_android\intermediates\verified_library_resources\release\verifyReleaseResources\compiled\anim-v21_fragment_fast_out_extra_slow_in.xml.flat
[        ] Compiling xml file C:\Users\Dyuthi\smartnotes\build\record_android\intermediates\merged_res\release\mergeReleaseResources\animator\fragment_close_enter.xml to C:\Users\Dyuthi\smartnotes\build\record_android\intermediates\verified_library_resources\release\verifyReleaseResources\compiled\animator_fragment_close_enter.xml.flat
[        ] Compiling xml file C:\Users\Dyuthi\smartnotes\build\record_android\intermediates\merged_res\release\mergeReleaseResources\animator\fragment_fade_enter.xml to C:\Users\Dyuthi\smartnotes\build\record_android\intermediates\verified_library_resources\release\verifyReleaseResources\compiled\animator_fragment_fade_enter.xml.flat
[        ] Compiling xml file C:\Users\Dyuthi\smartnotes\build\record_android\intermediates\merged_res\release\mergeReleaseResources\animator\fragment_close_exit.xml to C:\Users\Dyuthi\smartnotes\build\record_android\intermediates\verified_library_resources\release\verifyReleaseResources\compiled\animator_fragment_close_exit.xml.flat
[        ] Compiling xml file C:\Users\Dyuthi\smartnotes\build\record_android\intermediates\merged_res\release\mergeReleaseResources\animator\fragment_fade_exit.xml to C:\Users\Dyuthi\smartnotes\build\record_android\intermediates\verified_library_resources\release\verifyReleaseResources\compiled\animator_fragment_fade_exit.xml.flat
[        ] Compiling xml file C:\Users\Dyuthi\smartnotes\build\record_android\intermediates\merged_res\release\mergeReleaseResources\animator\fragment_open_enter.xml to C:\Users\Dyuthi\smartnotes\build\record_android\intermediates\verified_library_resources\release\verifyReleaseResources\compiled\animator_fragment_open_enter.xml.flat
[        ] Compiling xml file C:\Users\Dyuthi\smartnotes\build\record_android\intermediates\merged_res\release\mergeReleaseResources\animator\fragment_open_exit.xml to C:\Users\Dyuthi\smartnotes\build\record_android\intermediates\verified_library_resources\release\verifyReleaseResources\compiled\animator_fragment_open_exit.xml.flat
[        ] Compiling xml file C:\Users\Dyuthi\smartnotes\build\record_android\intermediates\merged_res\release\mergeReleaseResources\drawable\ic_mic.xml to C:\Users\Dyuthi\smartnotes\build\record_android\intermediates\verified_library_resources\release\verifyReleaseResources\compiled\drawable_ic_mic.xml.flat
[        ] Compiling xml file C:\Users\Dyuthi\smartnotes\build\record_android\intermediates\merged_res\release\mergeReleaseResources\drawable\notification_bg.xml to C:\Users\Dyuthi\smartnotes\build\record_android\intermediates\verified_library_resources\release\verifyReleaseResources\compiled\drawable_notification_bg.xml.flat
[        ] Compiling xml file C:\Users\Dyuthi\smartnotes\build\record_android\intermediates\merged_res\release\mergeReleaseResources\drawable\notification_bg_low.xml to C:\Users\Dyuthi\smartnotes\build\record_android\intermediates\verified_library_resources\release\verifyReleaseResources\compiled\drawable_notification_bg_low.xml.flat
[        ] Compiling xml file C:\Users\Dyuthi\smartnotes\build\record_android\intermediates\merged_res\release\mergeReleaseResources\drawable\notification_icon_background.xml to C:\Users\Dyuthi\smartnotes\build\record_android\intermediates\verified_library_resources\release\verifyReleaseResources\compiled\drawable_notification_icon_background.xml.flat
[        ] Compiling xml file C:\Users\Dyuthi\smartnotes\build\record_android\intermediates\merged_res\release\mergeReleaseResources\drawable\notification_tile_bg.xml to C:\Users\Dyuthi\smartnotes\build\record_android\intermediates\verified_library_resources\release\verifyReleaseResources\compiled\drawable_notification_tile_bg.xml.flat
[        ] Compiling xml file C:\Users\Dyuthi\smartnotes\build\record_android\intermediates\merged_res\release\mergeReleaseResources\drawable-anydpi-v21\ic_call_decline.xml to C:\Users\Dyuthi\smartnotes\build\record_android\intermediates\verified_library_resources\release\verifyReleaseResources\compiled\drawable-anydpi-v21_ic_call_decline.xml.flat
[        ] Compiling image file C:\Users\Dyuthi\smartnotes\build\record_android\intermediates\merged_res\release\mergeReleaseResources\drawable-hdpi-v4\ic_call_decline_low.png
[        ] Compiling file C:\Users\Dyuthi\smartnotes\build\record_android\intermediates\merged_res\release\mergeReleaseResources\drawable-hdpi-v4\ic_call_decline_low.png to C:\Users\Dyuthi\smartnotes\build\record_android\intermediates\verified_library_resources\release\verifyReleaseResources\compiled\drawable-hdpi-v4_ic_call_decline_low.png.flat
[        ] Compiling image file C:\Users\Dyuthi\smartnotes\build\record_android\intermediates\merged_res\release\mergeReleaseResources\drawable-hdpi-v4\ic_call_answer_video_low.png
[        ] Compiling file C:\Users\Dyuthi\smartnotes\build\record_android\intermediates\merged_res\release\mergeReleaseResources\drawable-hdpi-v4\ic_call_answer_video_low.png to C:\Users\Dyuthi\smartnotes\build\record_android\intermediates\verified_library_resources\release\verifyReleaseResources\compiled\drawable-hdpi-v4_ic_call_answer_video_low.png.flat
[        ] Compiling image file C:\Users\Dyuthi\smartnotes\build\record_android\intermediates\merged_res\release\mergeReleaseResources\drawable-ldpi-v4\ic_call_answer_low.png
[        ] Compiling file C:\Users\Dyuthi\smartnotes\build\record_android\intermediates\merged_res\release\mergeReleaseResources\drawable-ldpi-v4\ic_call_answer_low.png to C:\Users\Dyuthi\smartnotes\build\record_android\intermediates\verified_library_resources\release\verifyReleaseResources\compiled\drawable-ldpi-v4_ic_call_answer_low.png.flat
[        ] Compiling image file C:\Users\Dyuthi\smartnotes\build\record_android\intermediates\merged_res\release\mergeReleaseResources\drawable-hdpi-v4\ic_call_answer_video.png
[        ] Compiling image file C:\Users\Dyuthi\smartnotes\build\record_android\intermediates\merged_res\release\mergeReleaseResources\drawable-hdpi-v4\ic_call_answer.png
[        ] Compiling file C:\Users\Dyuthi\smartnotes\build\record_android\intermediates\merged_res\release\mergeReleaseResources\drawable-hdpi-v4\ic_call_answer.png to C:\Users\Dyuthi\smartnotes\build\record_android\intermediates\verified_library_resources\release\verifyReleaseResources\compiled\drawable-hdpi-v4_ic_call_answer.png.flat
[        ] Compiling image file C:\Users\Dyuthi\smartnotes\build\record_android\intermediates\merged_res\release\mergeReleaseResources\drawable-hdpi-v4\notification_oversize_large_icon_bg.png
[        ] Compiling file C:\Users\Dyuthi\smartnotes\build\record_android\intermediates\merged_res\release\mergeReleaseResources\drawable-hdpi-v4\ic_call_answer_video.png to C:\Users\Dyuthi\smartnotes\build\record_android\intermediates\verified_library_resources\release\verifyReleaseResources\compiled\drawable-hdpi-v4_ic_call_answer_video.png.flat
[        ] Compiling file C:\Users\Dyuthi\smartnotes\build\record_android\intermediates\merged_res\release\mergeReleaseResources\drawable-hdpi-v4\notification_oversize_large_icon_bg.png to C:\Users\Dyuthi\smartnotes\build\record_android\intermediates\verified_library_resources\release\verifyReleaseResources\compiled\drawable-hdpi-v4_notification_oversize_large_icon_bg.png.flat
[        ] Compiling image file C:\Users\Dyuthi\smartnotes\build\record_android\intermediates\merged_res\release\mergeReleaseResources\drawable-hdpi-v4\notify_panel_notification_icon_bg.png
[        ] Compiling file C:\Users\Dyuthi\smartnotes\build\record_android\intermediates\merged_res\release\mergeReleaseResources\drawable-hdpi-v4\notify_panel_notification_icon_bg.png to C:\Users\Dyuthi\smartnotes\build\record_android\intermediates\verified_library_resources\release\verifyReleaseResources\compiled\drawable-hdpi-v4_notify_panel_notification_icon_bg.png.flat
[        ] Compiling image file C:\Users\Dyuthi\smartnotes\build\record_android\intermediates\merged_res\release\mergeReleaseResources\drawable-hdpi-v4\ic_call_decline.png
[        ] Compiling file C:\Users\Dyuthi\smartnotes\build\record_android\intermediates\merged_res\release\mergeReleaseResources\drawable-hdpi-v4\ic_call_decline.png to C:\Users\Dyuthi\smartnotes\build\record_android\intermediates\verified_library_resources\release\verifyReleaseResources\compiled\drawable-hdpi-v4_ic_call_decline.png.flat
[        ] Compiling image file C:\Users\Dyuthi\smartnotes\build\record_android\intermediates\merged_res\release\mergeReleaseResources\drawable-mdpi-v4\ic_call_decline_low.png
[        ] Compiling file C:\Users\Dyuthi\smartnotes\build\record_android\intermediates\merged_res\release\mergeReleaseResources\drawable-mdpi-v4\ic_call_decline_low.png to C:\Users\Dyuthi\smartnotes\build\record_android\intermediates\verified_library_resources\release\verifyReleaseResources\compiled\drawable-mdpi-v4_ic_call_decline_low.png.flat
[        ] Compiling xml file C:\Users\Dyuthi\smartnotes\build\record_android\intermediates\merged_res\release\mergeReleaseResources\drawable-anydpi-v21\ic_call_decline_low.xml to C:\Users\Dyuthi\smartnotes\build\record_android\intermediates\verified_library_resources\release\verifyReleaseResources\compiled\drawable-anydpi-v21_ic_call_decline_low.xml.flat
[        ] Compiling image file C:\Users\Dyuthi\smartnotes\build\record_android\intermediates\merged_res\release\mergeReleaseResources\drawable-mdpi-v4\ic_call_decline.png
[        ] Compiling file C:\Users\Dyuthi\smartnotes\build\record_android\intermediates\merged_res\release\mergeReleaseResources\drawable-mdpi-v4\ic_call_decline.png to C:\Users\Dyuthi\smartnotes\build\record_android\intermediates\verified_library_resources\release\verifyReleaseResources\compiled\drawable-mdpi-v4_ic_call_decline.png.flat
[        ] Compiling image file C:\Users\Dyuthi\smartnotes\build\record_android\intermediates\merged_res\release\mergeReleaseResources\drawable-xhdpi-v4\ic_call_answer_video_low.png
[        ] Compiling file C:\Users\Dyuthi\smartnotes\build\record_android\intermediates\merged_res\release\mergeReleaseResources\drawable-xhdpi-v4\ic_call_answer_video_low.png to C:\Users\Dyuthi\smartnotes\build\record_android\intermediates\verified_library_resources\release\verifyReleaseResources\compiled\drawable-xhdpi-v4_ic_call_answer_video_low.png.flat
[        ] Compiling xml file C:\Users\Dyuthi\smartnotes\build\record_android\intermediates\merged_res\release\mergeReleaseResources\drawable-anydpi-v21\ic_call_answer.xml to C:\Users\Dyuthi\smartnotes\build\record_android\intermediates\verified_library_resources\release\verifyReleaseResources\compiled\drawable-anydpi-v21_ic_call_answer.xml.flat
[        ] Compiling image file C:\Users\Dyuthi\smartnotes\build\record_android\intermediates\merged_res\release\mergeReleaseResources\drawable-mdpi-v4\ic_call_answer_low.png
[        ] Compiling file C:\Users\Dyuthi\smartnotes\build\record_android\intermediates\merged_res\release\mergeReleaseResources\drawable-mdpi-v4\ic_call_answer_low.png to C:\Users\Dyuthi\smartnotes\build\record_android\intermediates\verified_library_resources\release\verifyReleaseResources\compiled\drawable-mdpi-v4_ic_call_answer_low.png.flat
[        ] Compiling image file C:\Users\Dyuthi\smartnotes\build\record_android\intermediates\merged_res\release\mergeReleaseResources\drawable-xxhdpi-v4\ic_call_decline_low.png
[        ] Compiling file C:\Users\Dyuthi\smartnotes\build\record_android\intermediates\merged_res\release\mergeReleaseResources\drawable-xxhdpi-v4\ic_call_decline_low.png to C:\Users\Dyuthi\smartnotes\build\record_android\intermediates\verified_library_resources\release\verifyReleaseResources\compiled\drawable-xxhdpi-v4_ic_call_decline_low.png.flat
[        ] Compiling image file C:\Users\Dyuthi\smartnotes\build\record_android\intermediates\merged_res\release\mergeReleaseResources\drawable-xhdpi-v4\ic_call_answer_low.png
[        ] Compiling xml file C:\Users\Dyuthi\smartnotes\build\record_android\intermediates\merged_res\release\mergeReleaseResources\layout\custom_dialog.xml to C:\Users\Dyuthi\smartnotes\build\record_android\intermediates\verified_library_resources\release\verifyReleaseResources\compiled\layout_custom_dialog.xml.flat
[        ] Compiling file C:\Users\Dyuthi\smartnotes\build\record_android\intermediates\merged_res\release\mergeReleaseResources\drawable-xhdpi-v4\ic_call_answer_low.png to C:\Users\Dyuthi\smartnotes\build\record_android\intermediates\verified_library_resources\release\verifyReleaseResources\compiled\drawable-xhdpi-v4_ic_call_answer_low.png.flat
[        ] Compiling image file C:\Users\Dyuthi\smartnotes\build\record_android\intermediates\merged_res\release\mergeReleaseResources\drawable-mdpi-v4\ic_call_answer_video.png
[        ] Compiling file C:\Users\Dyuthi\smartnotes\build\record_android\intermediates\merged_res\release\mergeReleaseResources\drawable-mdpi-v4\ic_call_answer_video.png to C:\Users\Dyuthi\smartnotes\build\record_android\intermediates\verified_library_resources\release\verifyReleaseResources\compiled\drawable-mdpi-v4_ic_call_answer_video.png.flat
[        ] Compiling xml file C:\Users\Dyuthi\smartnotes\build\record_android\intermediates\merged_res\release\mergeReleaseResources\drawable-v21\notification_action_background.xml to C:\Users\Dyuthi\smartnotes\build\record_android\intermediates\verified_library_resources\release\verifyReleaseResources\compiled\drawable-v21_notification_action_background.xml.flat
[        ] Compiling image file C:\Users\Dyuthi\smartnotes\build\record_android\intermediates\merged_res\release\mergeReleaseResources\drawable-mdpi-v4\ic_call_answer.png
[        ] Compiling file C:\Users\Dyuthi\smartnotes\build\record_android\intermediates\merged_res\release\mergeReleaseResources\drawable-mdpi-v4\ic_call_answer.png to C:\Users\Dyuthi\smartnotes\build\record_android\intermediates\verified_library_resources\release\verifyReleaseResources\compiled\drawable-mdpi-v4_ic_call_answer.png.flat
[        ] Compiling image file C:\Users\Dyuthi\smartnotes\build\record_android\intermediates\merged_res\release\mergeReleaseResources\drawable-xxhdpi-v4\ic_call_answer_video.png
[        ] Compiling image file C:\Users\Dyuthi\smartnotes\build\record_android\intermediates\merged_res\release\mergeReleaseResources\drawable-hdpi-v4\ic_call_answer_low.png
[        ] Compiling file C:\Users\Dyuthi\smartnotes\build\record_android\intermediates\merged_res\release\mergeReleaseResources\drawable-xxhdpi-v4\ic_call_answer_video.png to C:\Users\Dyuthi\smartnotes\build\record_android\intermediates\verified_library_resources\release\verifyReleaseResources\compiled\drawable-xxhdpi-v4_ic_call_answer_video.png.flat
[        ] Compiling file C:\Users\Dyuthi\smartnotes\build\record_android\intermediates\merged_res\release\mergeReleaseResources\drawable-hdpi-v4\ic_call_answer_low.png to C:\Users\Dyuthi\smartnotes\build\record_android\intermediates\verified_library_resources\release\verifyReleaseResources\compiled\drawable-hdpi-v4_ic_call_answer_low.png.flat
[        ] Compiling XML table C:\Users\Dyuthi\smartnotes\build\record_android\intermediates\merged_res\release\mergeReleaseResources\values\values.xml to C:\Users\Dyuthi\smartnotes\build\record_android\intermediates\verified_library_resources\release\verifyReleaseResources\compiled\values_values.arsc.flat
[        ] Compiling XML table C:\Users\Dyuthi\smartnotes\build\record_android\intermediates\merged_res\release\mergeReleaseResources\values-be\values-be.xml to C:\Users\Dyuthi\smartnotes\build\record_android\intermediates\verified_library_resources\release\verifyReleaseResources\compiled\values-be_values-be.arsc.flat
[        ] Compiling image file C:\Users\Dyuthi\smartnotes\build\record_android\intermediates\merged_res\release\mergeReleaseResources\drawable-xxhdpi-v4\ic_call_answer_low.png
[        ] Compiling file C:\Users\Dyuthi\smartnotes\build\record_android\intermediates\merged_res\release\mergeReleaseResources\drawable-xxhdpi-v4\ic_call_answer_low.png to C:\Users\Dyuthi\smartnotes\build\record_android\intermediates\verified_library_resources\release\verifyReleaseResources\compiled\drawable-xxhdpi-v4_ic_call_answer_low.png.flat
[        ] Compiling image file C:\Users\Dyuthi\smartnotes\build\record_android\intermediates\merged_res\release\mergeReleaseResources\drawable-ldpi-v4\ic_call_answer_video.png
[        ] Compiling file C:\Users\Dyuthi\smartnotes\build\record_android\intermediates\merged_res\release\mergeReleaseResources\drawable-ldpi-v4\ic_call_answer_video.png to C:\Users\Dyuthi\smartnotes\build\record_android\intermediates\verified_library_resources\release\verifyReleaseResources\compiled\drawable-ldpi-v4_ic_call_answer_video.png.flat
[        ] Compiling image file C:\Users\Dyuthi\smartnotes\build\record_android\intermediates\merged_res\release\mergeReleaseResources\drawable-xxxhdpi-v4\ic_call_decline.png
[        ] Compiling file C:\Users\Dyuthi\smartnotes\build\record_android\intermediates\merged_res\release\mergeReleaseResources\drawable-xxxhdpi-v4\ic_call_decline.png to C:\Users\Dyuthi\smartnotes\build\record_android\intermediates\verified_library_resources\release\verifyReleaseResources\compiled\drawable-xxxhdpi-v4_ic_call_decline.png.flat
[        ] Compiling image file C:\Users\Dyuthi\smartnotes\build\record_android\intermediates\merged_res\release\mergeReleaseResources\drawable-xxhdpi-v4\ic_call_answer_video_low.png
[        ] Compiling file C:\Users\Dyuthi\smartnotes\build\record_android\intermediates\merged_res\release\mergeReleaseResources\drawable-xxhdpi-v4\ic_call_answer_video_low.png to C:\Users\Dyuthi\smartnotes\build\record_android\intermediates\verified_library_resources\release\verifyReleaseResources\compiled\drawable-xxhdpi-v4_ic_call_answer_video_low.png.flat
[        ] Compiling XML table C:\Users\Dyuthi\smartnotes\build\record_android\intermediates\merged_res\release\mergeReleaseResources\values-et\values-et.xml to C:\Users\Dyuthi\smartnotes\build\record_android\intermediates\verified_library_resources\release\verifyReleaseResources\compiled\values-et_values-et.arsc.flat
[        ] Compiling image file C:\Users\Dyuthi\smartnotes\build\record_android\intermediates\merged_res\release\mergeReleaseResources\drawable-mdpi-v4\notify_panel_notification_icon_bg.png
[        ] Compiling file C:\Users\Dyuthi\smartnotes\build\record_android\intermediates\merged_res\release\mergeReleaseResources\drawable-mdpi-v4\notify_panel_notification_icon_bg.png to C:\Users\Dyuthi\smartnotes\build\record_android\intermediates\verified_library_resources\release\verifyReleaseResources\compiled\drawable-mdpi-v4_notify_panel_notification_icon_bg.png.flat
[        ] Compiling image file C:\Users\Dyuthi\smartnotes\build\record_android\intermediates\merged_res\release\mergeReleaseResources\drawable-ldpi-v4\ic_call_answer.png
[        ] Compiling image file C:\Users\Dyuthi\smartnotes\build\record_android\intermediates\merged_res\release\mergeReleaseResources\drawable-mdpi-v4\ic_call_answer_video_low.png
[        ] Compiling file C:\Users\Dyuthi\smartnotes\build\record_android\intermediates\merged_res\release\mergeReleaseResources\drawable-ldpi-v4\ic_call_answer.png to C:\Users\Dyuthi\smartnotes\build\record_android\intermediates\verified_library_resources\release\verifyReleaseResources\compiled\drawable-ldpi-v4_ic_call_answer.png.flat
[        ] Compiling file C:\Users\Dyuthi\smartnotes\build\record_android\intermediates\merged_res\release\mergeReleaseResources\drawable-mdpi-v4\ic_call_answer_video_low.png to C:\Users\Dyuthi\smartnotes\build\record_android\intermediates\verified_library_resources\release\verifyReleaseResources\compiled\drawable-mdpi-v4_ic_call_answer_video_low.png.flat
[        ] Compiling xml file C:\Users\Dyuthi\smartnotes\build\record_android\intermediates\merged_res\release\mergeReleaseResources\layout-v21\notification_action_tombstone.xml to C:\Users\Dyuthi\smartnotes\build\record_android\intermediates\verified_library_resources\release\verifyReleaseResources\compiled\layout-v21_notification_action_tombstone.xml.flat
[        ] Compiling XML table C:\Users\Dyuthi\smartnotes\build\record_android\intermediates\merged_res\release\mergeReleaseResources\values-ja\values-ja.xml to C:\Users\Dyuthi\smartnotes\build\record_android\intermediates\verified_library_resources\release\verifyReleaseResources\compiled\values-ja_values-ja.arsc.flat
[        ] Compiling XML table C:\Users\Dyuthi\smartnotes\build\record_android\intermediates\merged_res\release\mergeReleaseResources\values-az\values-az.xml to C:\Users\Dyuthi\smartnotes\build\record_android\intermediates\verified_library_resources\release\verifyReleaseResources\compiled\values-az_values-az.arsc.flat
[        ] Compiling image file C:\Users\Dyuthi\smartnotes\build\record_android\intermediates\merged_res\release\mergeReleaseResources\drawable-xhdpi-v4\ic_call_answer.png
[        ] Compiling file C:\Users\Dyuthi\smartnotes\build\record_android\intermediates\merged_res\release\mergeReleaseResources\drawable-xhdpi-v4\ic_call_answer.png to C:\Users\Dyuthi\smartnotes\build\record_android\intermediates\verified_library_resources\release\verifyReleaseResources\compiled\drawable-xhdpi-v4_ic_call_answer.png.flat
[        ] Compiling xml file C:\Users\Dyuthi\smartnotes\build\record_android\intermediates\merged_res\release\mergeReleaseResources\layout-v21\notification_action.xml to C:\Users\Dyuthi\smartnotes\build\record_android\intermediates\verified_library_resources\release\verifyReleaseResources\compiled\layout-v21_notification_action.xml.flat
[        ] Compiling xml file C:\Users\Dyuthi\smartnotes\build\record_android\intermediates\merged_res\release\mergeReleaseResources\layout-v21\notification_template_custom_big.xml to C:\Users\Dyuthi\smartnotes\build\record_android\intermediates\verified_library_resources\release\verifyReleaseResources\compiled\layout-v21_notification_template_custom_big.xml.flat
[        ] Compiling XML table C:\Users\Dyuthi\smartnotes\build\record_android\intermediates\merged_res\release\mergeReleaseResources\values-es\values-es.xml to C:\Users\Dyuthi\smartnotes\build\record_android\intermediates\verified_library_resources\release\verifyReleaseResources\compiled\values-es_values-es.arsc.flat
[        ] Compiling XML table C:\Users\Dyuthi\smartnotes\build\record_android\intermediates\merged_res\release\mergeReleaseResources\values-en-rAU\values-en-rAU.xml to C:\Users\Dyuthi\smartnotes\build\record_android\intermediates\verified_library_resources\release\verifyReleaseResources\compiled\values-en-rAU_values-en-rAU.arsc.flat
[        ] Compiling XML table C:\Users\Dyuthi\smartnotes\build\record_android\intermediates\merged_res\release\mergeReleaseResources\values-nb\values-nb.xml to C:\Users\Dyuthi\smartnotes\build\record_android\intermediates\verified_library_resources\release\verifyReleaseResources\compiled\values-nb_values-nb.arsc.flat
[        ] Compiling image file C:\Users\Dyuthi\smartnotes\build\record_android\intermediates\merged_res\release\mergeReleaseResources\drawable-xxxhdpi-v4\ic_call_answer.png
[        ] Compiling file C:\Users\Dyuthi\smartnotes\build\record_android\intermediates\merged_res\release\mergeReleaseResources\drawable-xxxhdpi-v4\ic_call_answer.png to C:\Users\Dyuthi\smartnotes\build\record_android\intermediates\verified_library_resources\release\verifyReleaseResources\compiled\drawable-xxxhdpi-v4_ic_call_answer.png.flat
[        ] Compiling image file C:\Users\Dyuthi\smartnotes\build\record_android\intermediates\merged_res\release\mergeReleaseResources\drawable-xxhdpi-v4\ic_call_decline.png
[        ] Compiling file C:\Users\Dyuthi\smartnotes\build\record_android\intermediates\merged_res\release\mergeReleaseResources\drawable-xxhdpi-v4\ic_call_decline.png to C:\Users\Dyuthi\smartnotes\build\record_android\intermediates\verified_library_resources\release\verifyReleaseResources\compiled\drawable-xxhdpi-v4_ic_call_decline.png.flat
[        ] Compiling image file C:\Users\Dyuthi\smartnotes\build\record_android\intermediates\merged_res\release\mergeReleaseResources\drawable-xhdpi-v4\ic_call_answer_video.png
[        ] Compiling XML table C:\Users\Dyuthi\smartnotes\build\record_android\intermediates\merged_res\release\mergeReleaseResources\values-it\values-it.xml to C:\Users\Dyuthi\smartnotes\build\record_android\intermediates\verified_library_resources\release\verifyReleaseResources\compiled\values-it_values-it.arsc.flat
[        ] Compiling file C:\Users\Dyuthi\smartnotes\build\record_android\intermediates\merged_res\release\mergeReleaseResources\drawable-xhdpi-v4\ic_call_answer_video.png to C:\Users\Dyuthi\smartnotes\build\record_android\intermediates\verified_library_resources\release\verifyReleaseResources\compiled\drawable-xhdpi-v4_ic_call_answer_video.png.flat
[        ] Compiling image file C:\Users\Dyuthi\smartnotes\build\record_android\intermediates\merged_res\release\mergeReleaseResources\drawable-xxxhdpi-v4\ic_call_answer_video.png
[        ] Compiling file C:\Users\Dyuthi\smartnotes\build\record_android\intermediates\merged_res\release\mergeReleaseResources\drawable-xxxhdpi-v4\ic_call_answer_video.png to C:\Users\Dyuthi\smartnotes\build\record_android\intermediates\verified_library_resources\release\verifyReleaseResources\compiled\drawable-xxxhdpi-v4_ic_call_answer_video.png.flat
[        ] Compiling XML table C:\Users\Dyuthi\smartnotes\build\record_android\intermediates\merged_res\release\mergeReleaseResources\values-da\values-da.xml to C:\Users\Dyuthi\smartnotes\build\record_android\intermediates\verified_library_resources\release\verifyReleaseResources\compiled\values-da_values-da.arsc.flat
[        ] Compiling XML table C:\Users\Dyuthi\smartnotes\build\record_android\intermediates\merged_res\release\mergeReleaseResources\values-ms\values-ms.xml to C:\Users\Dyuthi\smartnotes\build\record_android\intermediates\verified_library_resources\release\verifyReleaseResources\compiled\values-ms_values-ms.arsc.flat
[        ] Compiling XML table C:\Users\Dyuthi\smartnotes\build\record_android\intermediates\merged_res\release\mergeReleaseResources\values-de\values-de.xml to C:\Users\Dyuthi\smartnotes\build\record_android\intermediates\verified_library_resources\release\verifyReleaseResources\compiled\values-de_values-de.arsc.flat
[        ] Compiling image file C:\Users\Dyuthi\smartnotes\build\record_android\intermediates\merged_res\release\mergeReleaseResources\drawable-xxxhdpi-v4\ic_call_answer_video_low.png
[        ] Compiling file C:\Users\Dyuthi\smartnotes\build\record_android\intermediates\merged_res\release\mergeReleaseResources\drawable-xxxhdpi-v4\ic_call_answer_video_low.png to C:\Users\Dyuthi\smartnotes\build\record_android\intermediates\verified_library_resources\release\verifyReleaseResources\compiled\drawable-xxxhdpi-v4_ic_call_answer_video_low.png.flat
[        ] Compiling XML table C:\Users\Dyuthi\smartnotes\build\record_android\intermediates\merged_res\release\mergeReleaseResources\values-cs\values-cs.xml to C:\Users\Dyuthi\smartnotes\build\record_android\intermediates\verified_library_resources\release\verifyReleaseResources\compiled\values-cs_values-cs.arsc.flat
[        ] Compiling XML table C:\Users\Dyuthi\smartnotes\build\record_android\intermediates\merged_res\release\mergeReleaseResources\values-sv\values-sv.xml to C:\Users\Dyuthi\smartnotes\build\record_android\intermediates\verified_library_resources\release\verifyReleaseResources\compiled\values-sv_values-sv.arsc.flat
[        ] Compiling XML table C:\Users\Dyuthi\smartnotes\build\record_android\intermediates\merged_res\release\mergeReleaseResources\values-hr\values-hr.xml to C:\Users\Dyuthi\smartnotes\build\record_android\intermediates\verified_library_resources\release\verifyReleaseResources\compiled\values-hr_values-hr.arsc.flat
[        ] Compiling XML table C:\Users\Dyuthi\smartnotes\build\record_android\intermediates\merged_res\release\mergeReleaseResources\values-gl\values-gl.xml to C:\Users\Dyuthi\smartnotes\build\record_android\intermediates\verified_library_resources\release\verifyReleaseResources\compiled\values-gl_values-gl.arsc.flat
[        ] Compiling xml file C:\Users\Dyuthi\smartnotes\build\record_android\intermediates\merged_res\release\mergeReleaseResources\layout-v21\notification_template_icon_group.xml to C:\Users\Dyuthi\smartnotes\build\record_android\intermediates\verified_library_resources\release\verifyReleaseResources\compiled\layout-v21_notification_template_icon_group.xml.flat
[        ] Compiling XML table C:\Users\Dyuthi\smartnotes\build\record_android\intermediates\merged_res\release\mergeReleaseResources\values-sq\values-sq.xml to C:\Users\Dyuthi\smartnotes\build\record_android\intermediates\verified_library_resources\release\verifyReleaseResources\compiled\values-sq_values-sq.arsc.flat
[        ] Compiling XML table C:\Users\Dyuthi\smartnotes\build\record_android\intermediates\merged_res\release\mergeReleaseResources\values-as\values-as.xml to C:\Users\Dyuthi\smartnotes\build\record_android\intermediates\verified_library_resources\release\verifyReleaseResources\compiled\values-as_values-as.arsc.flat
[        ] Compiling XML table C:\Users\Dyuthi\smartnotes\build\record_android\intermediates\merged_res\release\mergeReleaseResources\values-af\values-af.xml to C:\Users\Dyuthi\smartnotes\build\record_android\intermediates\verified_library_resources\release\verifyReleaseResources\compiled\values-af_values-af.arsc.flat
[        ] Compiling XML table C:\Users\Dyuthi\smartnotes\build\record_android\intermediates\merged_res\release\mergeReleaseResources\values-gu\values-gu.xml to C:\Users\Dyuthi\smartnotes\build\record_android\intermediates\verified_library_resources\release\verifyReleaseResources\compiled\values-gu_values-gu.arsc.flat
[        ] Compiling XML table C:\Users\Dyuthi\smartnotes\build\record_android\intermediates\merged_res\release\mergeReleaseResources\values-fr-rCA\values-fr-rCA.xml to C:\Users\Dyuthi\smartnotes\build\record_android\intermediates\verified_library_resources\release\verifyReleaseResources\compiled\values-fr-rCA_values-fr-rCA.arsc.flat
[        ] Compiling image file C:\Users\Dyuthi\smartnotes\build\record_android\intermediates\merged_res\release\mergeReleaseResources\drawable-xxxhdpi-v4\ic_call_decline_low.png
[        ] Compiling file C:\Users\Dyuthi\smartnotes\build\record_android\intermediates\merged_res\release\mergeReleaseResources\drawable-xxxhdpi-v4\ic_call_decline_low.png to C:\Users\Dyuthi\smartnotes\build\record_android\intermediates\verified_library_resources\release\verifyReleaseResources\compiled\drawable-xxxhdpi-v4_ic_call_decline_low.png.flat
[        ] Compiling XML table C:\Users\Dyuthi\smartnotes\build\record_android\intermediates\merged_res\release\mergeReleaseResources\values-lv\values-lv.xml to C:\Users\Dyuthi\smartnotes\build\record_android\intermediates\verified_library_resources\release\verifyReleaseResources\compiled\values-lv_values-lv.arsc.flat
[        ] Compiling xml file C:\Users\Dyuthi\smartnotes\build\record_android\intermediates\merged_res\release\mergeReleaseResources\drawable-anydpi-v21\ic_call_answer_low.xml to C:\Users\Dyuthi\smartnotes\build\record_android\intermediates\verified_library_resources\release\verifyReleaseResources\compiled\drawable-anydpi-v21_ic_call_answer_low.xml.flat
[        ] Compiling image file C:\Users\Dyuthi\smartnotes\build\record_android\intermediates\merged_res\release\mergeReleaseResources\drawable-xxxhdpi-v4\ic_call_answer_low.png
[        ] Compiling file C:\Users\Dyuthi\smartnotes\build\record_android\intermediates\merged_res\release\mergeReleaseResources\drawable-xxxhdpi-v4\ic_call_answer_low.png to C:\Users\Dyuthi\smartnotes\build\record_android\intermediates\verified_library_resources\release\verifyReleaseResources\compiled\drawable-xxxhdpi-v4_ic_call_answer_low.png.flat
[        ] Compiling XML table C:\Users\Dyuthi\smartnotes\build\record_android\intermediates\merged_res\release\mergeReleaseResources\values-ar\values-ar.xml to C:\Users\Dyuthi\smartnotes\build\record_android\intermediates\verified_library_resources\release\verifyReleaseResources\compiled\values-ar_values-ar.arsc.flat
[        ] Compiling XML table C:\Users\Dyuthi\smartnotes\build\record_android\intermediates\merged_res\release\mergeReleaseResources\values-ky\values-ky.xml to C:\Users\Dyuthi\smartnotes\build\record_android\intermediates\verified_library_resources\release\verifyReleaseResources\compiled\values-ky_values-ky.arsc.flat
[        ] Compiling XML table C:\Users\Dyuthi\smartnotes\build\record_android\intermediates\merged_res\release\mergeReleaseResources\values-en-rXC\values-en-rXC.xml to C:\Users\Dyuthi\smartnotes\build\record_android\intermediates\verified_library_resources\release\verifyReleaseResources\compiled\values-en-rXC_values-en-rXC.arsc.flat
[        ] Compiling XML table C:\Users\Dyuthi\smartnotes\build\record_android\intermediates\merged_res\release\mergeReleaseResources\values-zh-rTW\values-zh-rTW.xml to C:\Users\Dyuthi\smartnotes\build\record_android\intermediates\verified_library_resources\release\verifyReleaseResources\compiled\values-zh-rTW_values-zh-rTW.arsc.flat
[        ] Compiling XML table C:\Users\Dyuthi\smartnotes\build\record_android\intermediates\merged_res\release\mergeReleaseResources\values-ko\values-ko.xml to C:\Users\Dyuthi\smartnotes\build\record_android\intermediates\verified_library_resources\release\verifyReleaseResources\compiled\values-ko_values-ko.arsc.flat
[        ] Compiling XML table C:\Users\Dyuthi\smartnotes\build\record_android\intermediates\merged_res\release\mergeReleaseResources\values-en-rCA\values-en-rCA.xml to C:\Users\Dyuthi\smartnotes\build\record_android\intermediates\verified_library_resources\release\verifyReleaseResources\compiled\values-en-rCA_values-en-rCA.arsc.flat
[        ] Compiling XML table C:\Users\Dyuthi\smartnotes\build\record_android\intermediates\merged_res\release\mergeReleaseResources\values-ro\values-ro.xml to C:\Users\Dyuthi\smartnotes\build\record_android\intermediates\verified_library_resources\release\verifyReleaseResources\compiled\values-ro_values-ro.arsc.flat
[        ] Compiling XML table C:\Users\Dyuthi\smartnotes\build\record_android\intermediates\merged_res\release\mergeReleaseResources\values-pt\values-pt.xml to C:\Users\Dyuthi\smartnotes\build\record_android\intermediates\verified_library_resources\release\verifyReleaseResources\compiled\values-pt_values-pt.arsc.flat
[        ] Compiling XML table C:\Users\Dyuthi\smartnotes\build\record_android\intermediates\merged_res\release\mergeReleaseResources\values-lo\values-lo.xml to C:\Users\Dyuthi\smartnotes\build\record_android\intermediates\verified_library_resources\release\verifyReleaseResources\compiled\values-lo_values-lo.arsc.flat
[        ] Compiling XML table C:\Users\Dyuthi\smartnotes\build\record_android\intermediates\merged_res\release\mergeReleaseResources\values-en-rIN\values-en-rIN.xml to C:\Users\Dyuthi\smartnotes\build\record_android\intermediates\verified_library_resources\release\verifyReleaseResources\compiled\values-en-rIN_values-en-rIN.arsc.flat
[        ] Compiling XML table C:\Users\Dyuthi\smartnotes\build\record_android\intermediates\merged_res\release\mergeReleaseResources\values-el\values-el.xml to C:\Users\Dyuthi\smartnotes\build\record_android\intermediates\verified_library_resources\release\verifyReleaseResources\compiled\values-el_values-el.arsc.flat
[        ] Compiling xml file C:\Users\Dyuthi\smartnotes\build\record_android\intermediates\merged_res\release\mergeReleaseResources\drawable-anydpi-v21\ic_call_answer_video.xml to C:\Users\Dyuthi\smartnotes\build\record_android\intermediates\verified_library_resources\release\verifyReleaseResources\compiled\drawable-anydpi-v21_ic_call_answer_video.xml.flat
[        ] Compiling image file C:\Users\Dyuthi\smartnotes\build\record_android\intermediates\merged_res\release\mergeReleaseResources\drawable-ldpi-v4\ic_call_answer_video_low.png
[        ] Compiling file C:\Users\Dyuthi\smartnotes\build\record_android\intermediates\merged_res\release\mergeReleaseResources\drawable-ldpi-v4\ic_call_answer_video_low.png to C:\Users\Dyuthi\smartnotes\build\record_android\intermediates\verified_library_resources\release\verifyReleaseResources\compiled\drawable-ldpi-v4_ic_call_answer_video_low.png.flat
[        ] Compiling XML table C:\Users\Dyuthi\smartnotes\build\record_android\intermediates\merged_res\release\mergeReleaseResources\values-is\values-is.xml to C:\Users\Dyuthi\smartnotes\build\record_android\intermediates\verified_library_resources\release\verifyReleaseResources\compiled\values-is_values-is.arsc.flat
[        ] Compiling XML table C:\Users\Dyuthi\smartnotes\build\record_android\intermediates\merged_res\release\mergeReleaseResources\values-b+sr+Latn\values-b+sr+Latn.xml to C:\Users\Dyuthi\smartnotes\build\record_android\intermediates\verified_library_resources\release\verifyReleaseResources\compiled\values-b+sr+Latn_values-b+sr+Latn.arsc.flat
[        ] Compiling XML table C:\Users\Dyuthi\smartnotes\build\record_android\intermediates\merged_res\release\mergeReleaseResources\values-am\values-am.xml to C:\Users\Dyuthi\smartnotes\build\record_android\intermediates\verified_library_resources\release\verifyReleaseResources\compiled\values-am_values-am.arsc.flat
[        ] Compiling XML table C:\Users\Dyuthi\smartnotes\build\record_android\intermediates\merged_res\release\mergeReleaseResources\values-hu\values-hu.xml to C:\Users\Dyuthi\smartnotes\build\record_android\intermediates\verified_library_resources\release\verifyReleaseResources\compiled\values-hu_values-hu.arsc.flat
[        ] Compiling XML table C:\Users\Dyuthi\smartnotes\build\record_android\intermediates\merged_res\release\mergeReleaseResources\values-pl\values-pl.xml to C:\Users\Dyuthi\smartnotes\build\record_android\intermediates\verified_library_resources\release\verifyReleaseResources\compiled\values-pl_values-pl.arsc.flat
[        ] Compiling XML table C:\Users\Dyuthi\smartnotes\build\record_android\intermediates\merged_res\release\mergeReleaseResources\values-uz\values-uz.xml to C:\Users\Dyuthi\smartnotes\build\record_android\intermediates\verified_library_resources\release\verifyReleaseResources\compiled\values-uz_values-uz.arsc.flat
[        ] Compiling XML table C:\Users\Dyuthi\smartnotes\build\record_android\intermediates\merged_res\release\mergeReleaseResources\values-tr\values-tr.xml to C:\Users\Dyuthi\smartnotes\build\record_android\intermediates\verified_library_resources\release\verifyReleaseResources\compiled\values-tr_values-tr.arsc.flat
[        ] Compiling XML table C:\Users\Dyuthi\smartnotes\build\record_android\intermediates\merged_res\release\mergeReleaseResources\values-in\values-in.xml to C:\Users\Dyuthi\smartnotes\build\record_android\intermediates\verified_library_resources\release\verifyReleaseResources\compiled\values-in_values-in.arsc.flat
[        ] Compiling XML table C:\Users\Dyuthi\smartnotes\build\record_android\intermediates\merged_res\release\mergeReleaseResources\values-hi\values-hi.xml to C:\Users\Dyuthi\smartnotes\build\record_android\intermediates\verified_library_resources\release\verifyReleaseResources\compiled\values-hi_values-hi.arsc.flat
[        ] Compiling XML table C:\Users\Dyuthi\smartnotes\build\record_android\intermediates\merged_res\release\mergeReleaseResources\values-mr\values-mr.xml to C:\Users\Dyuthi\smartnotes\build\record_android\intermediates\verified_library_resources\release\verifyReleaseResources\compiled\values-mr_values-mr.arsc.flat
[        ] Compiling XML table C:\Users\Dyuthi\smartnotes\build\record_android\intermediates\merged_res\release\mergeReleaseResources\values-es-rUS\values-es-rUS.xml to C:\Users\Dyuthi\smartnotes\build\record_android\intermediates\verified_library_resources\release\verifyReleaseResources\compiled\values-es-rUS_values-es-rUS.arsc.flat
[        ] Compiling XML table C:\Users\Dyuthi\smartnotes\build\record_android\intermediates\merged_res\release\mergeReleaseResources\values-pt-rBR\values-pt-rBR.xml to C:\Users\Dyuthi\smartnotes\build\record_android\intermediates\verified_library_resources\release\verifyReleaseResources\compiled\values-pt-rBR_values-pt-rBR.arsc.flat
[        ] Compiling XML table C:\Users\Dyuthi\smartnotes\build\record_android\intermediates\merged_res\release\mergeReleaseResources\values-en-rGB\values-en-rGB.xml to C:\Users\Dyuthi\smartnotes\build\record_android\intermediates\verified_library_resources\release\verifyReleaseResources\compiled\values-en-rGB_values-en-rGB.arsc.flat
[        ] Compiling XML table C:\Users\Dyuthi\smartnotes\build\record_android\intermediates\merged_res\release\mergeReleaseResources\values-tl\values-tl.xml to C:\Users\Dyuthi\smartnotes\build\record_android\intermediates\verified_library_resources\release\verifyReleaseResources\compiled\values-tl_values-tl.arsc.flat
[        ] Compiling XML table C:\Users\Dyuthi\smartnotes\build\record_android\intermediates\merged_res\release\mergeReleaseResources\values-mk\values-mk.xml to C:\Users\Dyuthi\smartnotes\build\record_android\intermediates\verified_library_resources\release\verifyReleaseResources\compiled\values-mk_values-mk.arsc.flat
[        ] Compiling xml file C:\Users\Dyuthi\smartnotes\build\record_android\intermediates\merged_res\release\mergeReleaseResources\drawable-anydpi-v21\ic_call_answer_video_low.xml to C:\Users\Dyuthi\smartnotes\build\record_android\intermediates\verified_library_resources\release\verifyReleaseResources\compiled\drawable-anydpi-v21_ic_call_answer_video_low.xml.flat
[        ] Compiling XML table C:\Users\Dyuthi\smartnotes\build\record_android\intermediates\merged_res\release\mergeReleaseResources\values-mn\values-mn.xml to C:\Users\Dyuthi\smartnotes\build\record_android\intermediates\verified_library_resources\release\verifyReleaseResources\compiled\values-mn_values-mn.arsc.flat
[        ] Compiling XML table C:\Users\Dyuthi\smartnotes\build\record_android\intermediates\merged_res\release\mergeReleaseResources\values-lt\values-lt.xml to C:\Users\Dyuthi\smartnotes\build\record_android\intermediates\verified_library_resources\release\verifyReleaseResources\compiled\values-lt_values-lt.arsc.flat
[        ] Compiling image file C:\Users\Dyuthi\smartnotes\build\record_android\intermediates\merged_res\release\mergeReleaseResources\drawable-xhdpi-v4\ic_call_decline_low.png
[        ] Compiling file C:\Users\Dyuthi\smartnotes\build\record_android\intermediates\merged_res\release\mergeReleaseResources\drawable-xhdpi-v4\ic_call_decline_low.png to C:\Users\Dyuthi\smartnotes\build\record_android\intermediates\verified_library_resources\release\verifyReleaseResources\compiled\drawable-xhdpi-v4_ic_call_decline_low.png.flat
[        ] Compiling XML table C:\Users\Dyuthi\smartnotes\build\record_android\intermediates\merged_res\release\mergeReleaseResources\values-iw\values-iw.xml to C:\Users\Dyuthi\smartnotes\build\record_android\intermediates\verified_library_resources\release\verifyReleaseResources\compiled\values-iw_values-iw.arsc.flat
[        ] Compiling XML table C:\Users\Dyuthi\smartnotes\build\record_android\intermediates\merged_res\release\mergeReleaseResources\values-sl\values-sl.xml to C:\Users\Dyuthi\smartnotes\build\record_android\intermediates\verified_library_resources\release\verifyReleaseResources\compiled\values-sl_values-sl.arsc.flat
[        ] Compiling XML table C:\Users\Dyuthi\smartnotes\build\record_android\intermediates\merged_res\release\mergeReleaseResources\values-hy\values-hy.xml to C:\Users\Dyuthi\smartnotes\build\record_android\intermediates\verified_library_resources\release\verifyReleaseResources\compiled\values-hy_values-hy.arsc.flat
[        ] Compiling XML table C:\Users\Dyuthi\smartnotes\build\record_android\intermediates\merged_res\release\mergeReleaseResources\values-uk\values-uk.xml to C:\Users\Dyuthi\smartnotes\build\record_android\intermediates\verified_library_resources\release\verifyReleaseResources\compiled\values-uk_values-uk.arsc.flat
[        ] Compiling image file C:\Users\Dyuthi\smartnotes\build\record_android\intermediates\merged_res\release\mergeReleaseResources\drawable-ldpi-v4\ic_call_decline.png
[        ] Compiling file C:\Users\Dyuthi\smartnotes\build\record_android\intermediates\merged_res\release\mergeReleaseResources\drawable-ldpi-v4\ic_call_decline.png to C:\Users\Dyuthi\smartnotes\build\record_android\intermediates\verified_library_resources\release\verifyReleaseResources\compiled\drawable-ldpi-v4_ic_call_decline.png.flat
[        ] Compiling XML table C:\Users\Dyuthi\smartnotes\build\record_android\intermediates\merged_res\release\mergeReleaseResources\values-my\values-my.xml to C:\Users\Dyuthi\smartnotes\build\record_android\intermediates\verified_library_resources\release\verifyReleaseResources\compiled\values-my_values-my.arsc.flat
[        ] Compiling XML table C:\Users\Dyuthi\smartnotes\build\record_android\intermediates\merged_res\release\mergeReleaseResources\values-sk\values-sk.xml to C:\Users\Dyuthi\smartnotes\build\record_android\intermediates\verified_library_resources\release\verifyReleaseResources\compiled\values-sk_values-sk.arsc.flat
[        ] Compiling XML table C:\Users\Dyuthi\smartnotes\build\record_android\intermediates\merged_res\release\mergeReleaseResources\values-ru\values-ru.xml to C:\Users\Dyuthi\smartnotes\build\record_android\intermediates\verified_library_resources\release\verifyReleaseResources\compiled\values-ru_values-ru.arsc.flat
[        ] Compiling XML table C:\Users\Dyuthi\smartnotes\build\record_android\intermediates\merged_res\release\mergeReleaseResources\values-pt-rPT\values-pt-rPT.xml to C:\Users\Dyuthi\smartnotes\build\record_android\intermediates\verified_library_resources\release\verifyReleaseResources\compiled\values-pt-rPT_values-pt-rPT.arsc.flat
[        ] Compiling XML table C:\Users\Dyuthi\smartnotes\build\record_android\intermediates\merged_res\release\mergeReleaseResources\values-ml\values-ml.xml to C:\Users\Dyuthi\smartnotes\build\record_android\intermediates\verified_library_resources\release\verifyReleaseResources\compiled\values-ml_values-ml.arsc.flat
[        ] Compiling XML table C:\Users\Dyuthi\smartnotes\build\record_android\intermediates\merged_res\release\mergeReleaseResources\values-zh-rHK\values-zh-rHK.xml to C:\Users\Dyuthi\smartnotes\build\record_android\intermediates\verified_library_resources\release\verifyReleaseResources\compiled\values-zh-rHK_values-zh-rHK.arsc.flat
[        ] Compiling image file C:\Users\Dyuthi\smartnotes\build\record_android\intermediates\merged_res\release\mergeReleaseResources\drawable-xhdpi-v4\notify_panel_notification_icon_bg.png
[        ] Compiling file C:\Users\Dyuthi\smartnotes\build\record_android\intermediates\merged_res\release\mergeReleaseResources\drawable-xhdpi-v4\notify_panel_notification_icon_bg.png to C:\Users\Dyuthi\smartnotes\build\record_android\intermediates\verified_library_resources\release\verifyReleaseResources\compiled\drawable-xhdpi-v4_notify_panel_notification_icon_bg.png.flat
[        ] Compiling XML table C:\Users\Dyuthi\smartnotes\build\record_android\intermediates\merged_res\release\mergeReleaseResources\values-ur\values-ur.xml to C:\Users\Dyuthi\smartnotes\build\record_android\intermediates\verified_library_resources\release\verifyReleaseResources\compiled\values-ur_values-ur.arsc.flat
[        ] Compiling XML table C:\Users\Dyuthi\smartnotes\build\record_android\intermediates\merged_res\release\mergeReleaseResources\values-v21\values-v21.xml to C:\Users\Dyuthi\smartnotes\build\record_android\intermediates\verified_library_resources\release\verifyReleaseResources\compiled\values-v21_values-v21.arsc.flat
[        ] Compiling XML table C:\Users\Dyuthi\smartnotes\build\record_android\intermediates\merged_res\release\mergeReleaseResources\values-sr\values-sr.xml to C:\Users\Dyuthi\smartnotes\build\record_android\intermediates\verified_library_resources\release\verifyReleaseResources\compiled\values-sr_values-sr.arsc.flat
[        ] Compiling image file C:\Users\Dyuthi\smartnotes\build\record_android\intermediates\merged_res\release\mergeReleaseResources\drawable-xhdpi-v4\ic_call_decline.png
[        ] Compiling file C:\Users\Dyuthi\smartnotes\build\record_android\intermediates\merged_res\release\mergeReleaseResources\drawable-xhdpi-v4\ic_call_decline.png to C:\Users\Dyuthi\smartnotes\build\record_android\intermediates\verified_library_resources\release\verifyReleaseResources\compiled\drawable-xhdpi-v4_ic_call_decline.png.flat
[        ] Compiling xml file C:\Users\Dyuthi\smartnotes\build\record_android\intermediates\merged_res\release\mergeReleaseResources\layout\ime_secondary_split_test_activity.xml to C:\Users\Dyuthi\smartnotes\build\record_android\intermediates\verified_library_resources\release\verifyReleaseResources\compiled\layout_ime_secondary_split_test_activity.xml.flat
[        ] Compiling XML table C:\Users\Dyuthi\smartnotes\build\record_android\intermediates\merged_res\release\mergeReleaseResources\values-zh-rCN\values-zh-rCN.xml to C:\Users\Dyuthi\smartnotes\build\record_android\intermediates\verified_library_resources\release\verifyReleaseResources\compiled\values-zh-rCN_values-zh-rCN.arsc.flat
[        ] Compiling XML table C:\Users\Dyuthi\smartnotes\build\record_android\intermediates\merged_res\release\mergeReleaseResources\values-si\values-si.xml to C:\Users\Dyuthi\smartnotes\build\record_android\intermediates\verified_library_resources\release\verifyReleaseResources\compiled\values-si_values-si.arsc.flat
[        ] Compiling XML table C:\Users\Dyuthi\smartnotes\build\record_android\intermediates\merged_res\release\mergeReleaseResources\values-zu\values-zu.xml to C:\Users\Dyuthi\smartnotes\build\record_android\intermediates\verified_library_resources\release\verifyReleaseResources\compiled\values-zu_values-zu.arsc.flat
[        ] Compiling xml file C:\Users\Dyuthi\smartnotes\build\record_android\intermediates\merged_res\release\mergeReleaseResources\layout\notification_template_part_chronometer.xml to C:\Users\Dyuthi\smartnotes\build\record_android\intermediates\verified_library_resources\release\verifyReleaseResources\compiled\layout_notification_template_part_chronometer.xml.flat
[        ] Compiling xml file C:\Users\Dyuthi\smartnotes\build\record_android\intermediates\merged_res\release\mergeReleaseResources\layout\ime_base_split_test_activity.xml to C:\Users\Dyuthi\smartnotes\build\record_android\intermediates\verified_library_resources\release\verifyReleaseResources\compiled\layout_ime_base_split_test_activity.xml.flat
[        ] Compiling image file C:\Users\Dyuthi\smartnotes\build\record_android\intermediates\merged_res\release\mergeReleaseResources\drawable-ldpi-v4\ic_call_decline_low.png
[        ] Compiling file C:\Users\Dyuthi\smartnotes\build\record_android\intermediates\merged_res\release\mergeReleaseResources\drawable-ldpi-v4\ic_call_decline_low.png to C:\Users\Dyuthi\smartnotes\build\record_android\intermediates\verified_library_resources\release\verifyReleaseResources\compiled\drawable-ldpi-v4_ic_call_decline_low.png.flat
[        ] Compiling XML table C:\Users\Dyuthi\smartnotes\build\record_android\intermediates\merged_res\release\mergeReleaseResources\values-vi\values-vi.xml to C:\Users\Dyuthi\smartnotes\build\record_android\intermediates\verified_library_resources\release\verifyReleaseResources\compiled\values-vi_values-vi.arsc.flat
[        ] Compiling XML table C:\Users\Dyuthi\smartnotes\build\record_android\intermediates\merged_res\release\mergeReleaseResources\values-bs\values-bs.xml to C:\Users\Dyuthi\smartnotes\build\record_android\intermediates\verified_library_resources\release\verifyReleaseResources\compiled\values-bs_values-bs.arsc.flat
[        ] Compiling XML table C:\Users\Dyuthi\smartnotes\build\record_android\intermediates\merged_res\release\mergeReleaseResources\values-fi\values-fi.xml to C:\Users\Dyuthi\smartnotes\build\record_android\intermediates\verified_library_resources\release\verifyReleaseResources\compiled\values-fi_values-fi.arsc.flat
[        ] Compiling XML table C:\Users\Dyuthi\smartnotes\build\record_android\intermediates\merged_res\release\mergeReleaseResources\values-bg\values-bg.xml to C:\Users\Dyuthi\smartnotes\build\record_android\intermediates\verified_library_resources\release\verifyReleaseResources\compiled\values-bg_values-bg.arsc.flat
[        ] Compiling XML table C:\Users\Dyuthi\smartnotes\build\record_android\intermediates\merged_res\release\mergeReleaseResources\values-km\values-km.xml to C:\Users\Dyuthi\smartnotes\build\record_android\intermediates\verified_library_resources\release\verifyReleaseResources\compiled\values-km_values-km.arsc.flat
[        ] Compiling image file C:\Users\Dyuthi\smartnotes\build\record_android\intermediates\merged_res\release\mergeReleaseResources\drawable-xxhdpi-v4\ic_call_answer.png
[        ] Compiling file C:\Users\Dyuthi\smartnotes\build\record_android\intermediates\merged_res\release\mergeReleaseResources\drawable-xxhdpi-v4\ic_call_answer.png to C:\Users\Dyuthi\smartnotes\build\record_android\intermediates\verified_library_resources\release\verifyReleaseResources\compiled\drawable-xxhdpi-v4_ic_call_answer.png.flat
[        ] Compiling XML table C:\Users\Dyuthi\smartnotes\build\record_android\intermediates\merged_res\release\mergeReleaseResources\values-eu\values-eu.xml to C:\Users\Dyuthi\smartnotes\build\record_android\intermediates\verified_library_resources\release\verifyReleaseResources\compiled\values-eu_values-eu.arsc.flat
[        ] Compiling XML table C:\Users\Dyuthi\smartnotes\build\record_android\intermediates\merged_res\release\mergeReleaseResources\values-or\values-or.xml to C:\Users\Dyuthi\smartnotes\build\record_android\intermediates\verified_library_resources\release\verifyReleaseResources\compiled\values-or_values-or.arsc.flat
[        ] Compiling XML table C:\Users\Dyuthi\smartnotes\build\record_android\intermediates\merged_res\release\mergeReleaseResources\values-ka\values-ka.xml to C:\Users\Dyuthi\smartnotes\build\record_android\intermediates\verified_library_resources\release\verifyReleaseResources\compiled\values-ka_values-ka.arsc.flat
[        ] Compiling XML table C:\Users\Dyuthi\smartnotes\build\record_android\intermediates\merged_res\release\mergeReleaseResources\values-te\values-te.xml to C:\Users\Dyuthi\smartnotes\build\record_android\intermediates\verified_library_resources\release\verifyReleaseResources\compiled\values-te_values-te.arsc.flat
[        ] Compiling XML table C:\Users\Dyuthi\smartnotes\build\record_android\intermediates\merged_res\release\mergeReleaseResources\values-ne\values-ne.xml to C:\Users\Dyuthi\smartnotes\build\record_android\intermediates\verified_library_resources\release\verifyReleaseResources\compiled\values-ne_values-ne.arsc.flat
[        ] Compiling xml file C:\Users\Dyuthi\smartnotes\build\record_android\intermediates\merged_res\release\mergeReleaseResources\layout\notification_template_part_time.xml to C:\Users\Dyuthi\smartnotes\build\record_android\intermediates\verified_library_resources\release\verifyReleaseResources\compiled\layout_notification_template_part_time.xml.flat
[        ] Compiling XML table C:\Users\Dyuthi\smartnotes\build\record_android\intermediates\merged_res\release\mergeReleaseResources\values-bn\values-bn.xml to C:\Users\Dyuthi\smartnotes\build\record_android\intermediates\verified_library_resources\release\verifyReleaseResources\compiled\values-bn_values-bn.arsc.flat
[        ] Compiling XML table C:\Users\Dyuthi\smartnotes\build\record_android\intermediates\merged_res\release\mergeReleaseResources\values-sw\values-sw.xml to C:\Users\Dyuthi\smartnotes\build\record_android\intermediates\verified_library_resources\release\verifyReleaseResources\compiled\values-sw_values-sw.arsc.flat
[        ] Compiling XML table C:\Users\Dyuthi\smartnotes\build\record_android\intermediates\merged_res\release\mergeReleaseResources\values-fa\values-fa.xml to C:\Users\Dyuthi\smartnotes\build\record_android\intermediates\verified_library_resources\release\verifyReleaseResources\compiled\values-fa_values-fa.arsc.flat
[        ] Compiling XML table C:\Users\Dyuthi\smartnotes\build\record_android\intermediates\merged_res\release\mergeReleaseResources\values-kk\values-kk.xml to C:\Users\Dyuthi\smartnotes\build\record_android\intermediates\verified_library_resources\release\verifyReleaseResources\compiled\values-kk_values-kk.arsc.flat
[        ] Compiling XML table C:\Users\Dyuthi\smartnotes\build\record_android\intermediates\merged_res\release\mergeReleaseResources\values-nl\values-nl.xml to C:\Users\Dyuthi\smartnotes\build\record_android\intermediates\verified_library_resources\release\verifyReleaseResources\compiled\values-nl_values-nl.arsc.flat
[        ] Compiling XML table C:\Users\Dyuthi\smartnotes\build\record_android\intermediates\merged_res\release\mergeReleaseResources\values-ca\values-ca.xml to C:\Users\Dyuthi\smartnotes\build\record_android\intermediates\verified_library_resources\release\verifyReleaseResources\compiled\values-ca_values-ca.arsc.flat
[        ] Compiling XML table C:\Users\Dyuthi\smartnotes\build\record_android\intermediates\merged_res\release\mergeReleaseResources\values-ta\values-ta.xml to C:\Users\Dyuthi\smartnotes\build\record_android\intermediates\verified_library_resources\release\verifyReleaseResources\compiled\values-ta_values-ta.arsc.flat
[        ] Compiling XML table C:\Users\Dyuthi\smartnotes\build\record_android\intermediates\merged_res\release\mergeReleaseResources\values-fr\values-fr.xml to C:\Users\Dyuthi\smartnotes\build\record_android\intermediates\verified_library_resources\release\verifyReleaseResources\compiled\values-fr_values-fr.arsc.flat
[        ] Compiling XML table C:\Users\Dyuthi\smartnotes\build\record_android\intermediates\merged_res\release\mergeReleaseResources\values-kn\values-kn.xml to C:\Users\Dyuthi\smartnotes\build\record_android\intermediates\verified_library_resources\release\verifyReleaseResources\compiled\values-kn_values-kn.arsc.flat
[        ] Compiling XML table C:\Users\Dyuthi\smartnotes\build\record_android\intermediates\merged_res\release\mergeReleaseResources\values-pa\values-pa.xml to C:\Users\Dyuthi\smartnotes\build\record_android\intermediates\verified_library_resources\release\verifyReleaseResources\compiled\values-pa_values-pa.arsc.flat
[        ] Compiling XML table C:\Users\Dyuthi\smartnotes\build\record_android\intermediates\merged_res\release\mergeReleaseResources\values-th\values-th.xml to C:\Users\Dyuthi\smartnotes\build\record_android\intermediates\verified_library_resources\release\verifyReleaseResources\compiled\values-th_values-th.arsc.flat
[        ] Resolve mutations for :record_android:assembleRelease (Thread[#531,Execution worker Thread 15,5,main]) started.
[        ] :record_android:assembleRelease (Thread[#531,Execution worker Thread 15,5,main]) started.
[        ] > Task :record_android:assembleRelease
[        ] Skipping task ':record_android:assembleRelease' as it has no actions.
[  +82 ms] > Task :record_android:lintVitalAnalyzeRelease
[        ] Caching disabled for task ':record_android:lintVitalAnalyzeRelease' because:
[        ]   Build cache is disabled
[        ] Task ':record_android:lintVitalAnalyzeRelease' is not up-to-date because:
[        ]   Value of input property 'printStackTrace' has changed for task ':record_android:lintVitalAnalyzeRelease'
[        ] Android Lint: Creating lint class loader 31.11.1_true
[  +93 ms] > Task :app:mergeReleaseJavaResource
[        ] Caching disabled for task ':app:mergeReleaseJavaResource' because:
[        ]   Build cache is disabled
[        ]   Caching has been disabled for the task
[        ] Task ':app:mergeReleaseJavaResource' is not up-to-date because:
[        ]   Output property 'cacheDir' file C:\Users\Dyuthi\smartnotes\build\app\intermediates\incremental\release-mergeJavaRes\zip-cache has been removed.
[        ]   Output property 'cacheDir' file C:\Users\Dyuthi\smartnotes\build\app\intermediates\incremental\release-mergeJavaRes\zip-cache\+dm7rbQHHb5pp_HiZ6KBVLmBgoc= has been removed.
[        ]   Output property 'cacheDir' file C:\Users\Dyuthi\smartnotes\build\app\intermediates\incremental\release-mergeJavaRes\zip-cache\+gj3BllalFtpPlQ76we9iLYpK+w= has been removed.
[        ]   and more...
[        ] The input changes require a full rebuild for incremental task ':app:mergeReleaseJavaResource'.
[        ] > Task :app:expandReleaseArtProfileWildcards
[        ] Caching disabled for task ':app:expandReleaseArtProfileWildcards' because:
[        ]   Build cache is disabled
[        ] Task ':app:expandReleaseArtProfileWildcards' is not up-to-date because:
[        ]   Output property 'expandedArtProfile' file C:\Users\Dyuthi\smartnotes\build\app\intermediates\r8_art_profile\release\expandReleaseArtProfileWildcards\baseline-prof.txt has been removed.
[        ] Resolve mutations for :app:minifyReleaseWithR8 (Thread[#516,included builds,5,main]) started.
[        ] :app:minifyReleaseWithR8 (Thread[#516,included builds,5,main]) started.
[+2005 ms] > Task :app:minifyReleaseWithR8
[        ] Caching disabled for ExtractProGuardRulesTransform: C:\Users\Dyuthi\smartnotes\build\app\intermediates\flutter\release\libs.jar because:
[        ]   Build cache is disabled
[        ] Caching disabled for AarTransform: C:\Users\Dyuthi\.gradle\caches\8.14\transforms\f09b34821176a576b3f79086c210e7b1\transformed\customview-1.0.0 because:
[        ]   Build cache is disabled
[        ]   Caching not enabled.
[        ] Caching disabled for ExtractProGuardRulesTransform: C:\Users\Dyuthi\.gradle\caches\modules-2\files-2.1\com.google.guava\listenablefuture\1.0\c949a840a6acbc5268d088e47b04177bf90b3cad\listenablefuture-1.0.jar because:
[        ]   Build cache is disabled
[        ] Caching disabled for task ':app:minifyReleaseWithR8' because:
[        ]   Build cache is disabled
[        ] Task ':app:minifyReleaseWithR8' is not up-to-date because:
[        ]   Output property 'mappingFile' file C:\Users\Dyuthi\smartnotes\build\app\outputs\mapping\release\mapping.txt has been removed.
[        ]   Output property 'outputArtProfile' file C:\Users\Dyuthi\smartnotes\build\app\intermediates\r8_art_profile\release\minifyReleaseWithR8\baseline-prof.txt has been removed.
[        ]   Output property 'outputDex' file C:\Users\Dyuthi\smartnotes\build\app\intermediates\dex\release\minifyReleaseWithR8 has been removed.
[        ]   and more...
[        ] R8 is a new Android code shrinker. If you experience any issues, please file a bug at
[        ] https://issuetracker.google.com, using 'Shrinker (R8)' as component name.
[        ] Current version is: 8.11.18.
[        ] file or directory 'C:\Users\Dyuthi\smartnotes\build\app\intermediates\generated_proguard_file\release\mergeReleaseGeneratedProguardFiles\proguard.txt', not found
[+1097 ms] INFO: C:\Users\Dyuthi\smartnotes\build\app\intermediates\aapt_proguard_file\release\processReleaseResources\aapt_rules.txt:1:1-50: R8: Proguard configuration rule does not match anything: `-keep class android.app.Application {
[        ]   <init>();
[        ] }`
[        ] INFO: C:\Users\Dyuthi\smartnotes\build\app\intermediates\aapt_proguard_file\release\processReleaseResources\aapt_rules.txt:6:1-77: R8: Proguard configuration rule does not match anything: `-keep class com.google.android.gms.metadata.ModuleDependencies {
[        ]   <init>();
[        ] }`
[        ] INFO: C:\Users\Dyuthi\smartnotes\build\app\intermediates\default_proguard_files\global\proguard-android-optimize.txt-8.11.1:21:1-22:1: R8: Proguard configuration rule does not match anything: `-keep public class com.google.vending.licensing.ILicensingService {
[        ]   <init>();
[        ] }`
[        ] INFO: C:\Users\Dyuthi\smartnotes\build\app\intermediates\default_proguard_files\global\proguard-android-optimize.txt-8.11.1:22:1-23:1: R8: Proguard configuration rule does not match anything: `-keep public class com.android.vending.licensing.ILicensingService {
[        ]   <init>();
[        ] }`
[        ] INFO: C:\Users\Dyuthi\smartnotes\build\app\intermediates\default_proguard_files\global\proguard-android-optimize.txt-8.11.1:23:1-24:1: R8: Proguard configuration rule does not match anything: `-keep public class com.google.android.vending.licensing.ILicensingService {
[        ]   <init>();
[        ] }`
[ +109 ms] INFO: C:\Users\Dyuthi\smartnotes\build\app\intermediates\default_proguard_files\global\proguard-android-optimize.txt-8.11.1:55:1-57:2: R8: Proguard configuration rule does not match anything: `-keepclassmembers class * {
[        ]   @android.webkit.JavascriptInterface <methods>;
[        ] }`
[        ] INFO: C:\Users\Dyuthi\smartnotes\build\app\intermediates\default_proguard_files\global\proguard-android-optimize.txt-8.11.1:68:1-70:1: R8: Proguard configuration rule does not match anything: `-keep class android.support.annotation.Keep {
[        ]   <init>();
[        ] }`
[        ] INFO: C:\Users\Dyuthi\smartnotes\build\app\intermediates\default_proguard_files\global\proguard-android-optimize.txt-8.11.1:70:1-52: R8: Proguard configuration rule does not match anything: `-keep @android.support.annotation.Keep class * {
[        ]   *;
[        ] }`
[        ] INFO: C:\Users\Dyuthi\smartnotes\build\app\intermediates\default_proguard_files\global\proguard-android-optimize.txt-8.11.1:72:1-74:2: R8: Proguard configuration rule does not match anything: `-keepclasseswithmembers class * {
[        ]   @android.support.annotation.Keep <methods>;
[        ] }`
[        ] INFO: C:\Users\Dyuthi\smartnotes\build\app\intermediates\default_proguard_files\global\proguard-android-optimize.txt-8.11.1:76:1-78:2: R8: Proguard configuration rule does not match anything: `-keepclasseswithmembers class * {
[        ]   @android.support.annotation.Keep <fields>;
[        ] }`
[        ] INFO: C:\Users\Dyuthi\smartnotes\build\app\intermediates\default_proguard_files\global\proguard-android-optimize.txt-8.11.1:80:1-82:2: R8: Proguard configuration rule does not match anything: `-keepclasseswithmembers class * {
[        ]   @android.support.annotation.Keep <init>(...);
[        ] }`
[        ] INFO: C:\Users\Dyuthi\.gradle\caches\8.14\transforms\20d783aebbd3b3e1ccfa231df42157f0\transformed\fragment-1.7.1\proguard.txt:16:1-19:2: R8: Proguard configuration rule does not match anything: `-if public class ** extends androidx.fragment.app.Fragment
[        ] -keepclasseswithmembers,allowrepackaging,allowobfuscation public class <1> {
[        ]   public <init>();
[        ] }`
[        ] INFO: C:\Users\Dyuthi\.gradle\caches\8.14\transforms\20d783aebbd3b3e1ccfa231df42157f0\transformed\fragment-1.7.1\proguard.txt:24:1-29:2: R8: Proguard configuration rule does not match anything: `-if class androidx.fragment.app.FragmentTransition {
[        ]   private static androidx.fragment.app.FragmentTransitionImpl resolveSupportImpl();
[        ] }
[        ] -keep class androidx.transition.FragmentTransitionSupport {
[        ]   public <init>();
[        ] }`
[        ] INFO: C:\Users\Dyuthi\.gradle\caches\8.14\transforms\7b12f943f5169712e22ddddc17de9bcf\transformed\lifecycle-viewmodel-2.7.0\proguard.txt:5:1-7:2: R8: Proguard configuration rule does not match anything: `-keepclassmembers,allowrepackaging,allowobfuscation class * extends androidx.lifecycle.AndroidViewModel {
[        ]   <init>(android.app.Application);
[        ] }`
[        ] INFO: C:\Users\Dyuthi\.gradle\caches\8.14\transforms\39aa7532b22fdec3772c2c1c55f43982\transformed\lifecycle-runtime-2.7.0\proguard.txt:10:1-12:2: R8: Proguard configuration rule does not match anything: `-keep class * implements androidx.lifecycle.GeneratedAdapter {
[        ]   <init>(...);
[        ] }`
[        ] INFO: C:\Users\Dyuthi\.gradle\caches\8.14\transforms\39aa7532b22fdec3772c2c1c55f43982\transformed\lifecycle-runtime-2.7.0\proguard.txt:14:1-16:2: R8: Proguard configuration rule does not match anything: `-keepclassmembers class ** {
[        ]   @androidx.lifecycle.OnLifecycleEvent *;
[        ] }`
[        ] INFO: C:\Users\Dyuthi\.gradle\caches\8.14\transforms\5b373c0a4506de526e8f60d9669d24e2\transformed\lifecycle-viewmodel-savedstate-2.7.0\proguard.txt:1:1-3:2: R8: Proguard configuration rule does not match anything: `-keepclassmembers,allowrepackaging,allowobfuscation class * extends androidx.lifecycle.ViewModel {
[        ]   <init>(androidx.lifecycle.SavedStateHandle);
[        ] }`
[        ] INFO: C:\Users\Dyuthi\.gradle\caches\8.14\transforms\5b373c0a4506de526e8f60d9669d24e2\transformed\lifecycle-viewmodel-savedstate-2.7.0\proguard.txt:5:1-7:2: R8: Proguard configuration rule does not match anything: `-keepclassmembers,allowrepackaging,allowobfuscation class * extends androidx.lifecycle.AndroidViewModel {
[        ]   <init>(android.app.Application,androidx.lifecycle.SavedStateHandle);
[        ] }`
[        ] INFO: C:\Users\Dyuthi\.gradle\caches\8.14\transforms\052055ffcb268baa5ee3672600efa5d6\transformed\rules\lib\META-INF\proguard\androidx-annotations.pro:4:1-6:2: R8: Proguard configuration rule does not match anything: `-keepclasseswithmembers class * {
[        ]   @androidx.annotation.Keep <methods>;
[        ] }`
[        ] INFO: C:\Users\Dyuthi\.gradle\caches\8.14\transforms\052055ffcb268baa5ee3672600efa5d6\transformed\rules\lib\META-INF\proguard\androidx-annotations.pro:8:1-10:2: R8: Proguard configuration rule does not match anything: `-keepclasseswithmembers class * {
[        ]   @androidx.annotation.Keep <fields>;
[        ] }`
[        ] INFO: C:\Users\Dyuthi\.gradle\caches\8.14\transforms\052055ffcb268baa5ee3672600efa5d6\transformed\rules\lib\META-INF\proguard\androidx-annotations.pro:12:1-14:2: R8: Proguard configuration rule does not match anything: `-keepclasseswithmembers class * {
[        ]   @androidx.annotation.Keep <init>(...);
[        ] }`
[+6285 ms] work action resolve out (project :record_android) (Thread[#530,Execution worker Thread 14,5,main]) started.
[        ] work action resolve out (project :record_android) (Thread[#530,Execution worker Thread 14,5,main]) started.
[        ] Resolve mutations for :app:lintVitalAnalyzeRelease (Thread[#530,Execution worker Thread 14,5,main]) started.
[        ] :app:lintVitalAnalyzeRelease (Thread[#530,Execution worker Thread 14,5,main]) started.
[+1401 ms] > Task :app:lintVitalAnalyzeRelease
[        ] Caching disabled for task ':app:lintVitalAnalyzeRelease' because:
[        ]   Build cache is disabled
[        ] Task ':app:lintVitalAnalyzeRelease' is not up-to-date because:
[        ]   Value of input property 'printStackTrace' has changed for task ':app:lintVitalAnalyzeRelease'
[        ] Android Lint: Reusing lint classloader 31.11.1_true
[        ] Resolve mutations for :app:lintVitalReportRelease (Thread[#530,Execution worker Thread 14,5,main]) started.
[        ] :app:lintVitalReportRelease (Thread[#530,Execution worker Thread 14,5,main]) started.
[  +94 ms] > Task :app:lintVitalReportRelease
[        ] Caching disabled for task ':app:lintVitalReportRelease' because:
[        ]   Build cache is disabled
[        ]   Caching has been disabled for the task
[        ] Task ':app:lintVitalReportRelease' is not up-to-date because:
[        ]   Value of input property 'printStackTrace' has changed for task ':app:lintVitalReportRelease'
[        ] Android Lint: Reusing lint classloader 31.11.1_true
[        ] Resolve mutations for :app:lintVitalRelease (Thread[#530,Execution worker Thread 14,5,main]) started.
[        ] :app:lintVitalRelease (Thread[#530,Execution worker Thread 14,5,main]) started.
[        ] > Task :app:lintVitalRelease
[        ] Caching disabled for task ':app:lintVitalRelease' because:
[        ]   Build cache is disabled
[        ]   Caching has been disabled for the task
[        ] Task ':app:lintVitalRelease' is not up-to-date because:
[        ]   Task.upToDateWhen is false.
[ +313 ms] Resolve mutations for :app:l8DexDesugarLibRelease (Thread[#516,included builds,5,main]) started.
[        ] :app:l8DexDesugarLibRelease (Thread[#516,included builds,5,main]) started.
[        ] Resolve mutations for :app:convertShrunkResourcesToBinaryRelease (Thread[#530,Execution worker Thread 14,5,main]) started.
[        ] :app:convertShrunkResourcesToBinaryRelease (Thread[#530,Execution worker Thread 14,5,main]) started.
[        ] > Task :app:convertShrunkResourcesToBinaryRelease
[        ] Custom actions are attached to task ':app:convertShrunkResourcesToBinaryRelease'.
[        ] Caching disabled for task ':app:convertShrunkResourcesToBinaryRelease' because:
[        ]   Build cache is disabled
[        ] Task ':app:convertShrunkResourcesToBinaryRelease' is not up-to-date because:
[        ]   Output property 'resourcesOutputDir' file C:\Users\Dyuthi\smartnotes\build\app\intermediates\shrunk_resources_binary_format\release\convertShrunkResourcesToBinaryRelease has been removed.
[        ]   Output property 'resourcesOutputDir' file C:\Users\Dyuthi\smartnotes\build\app\intermediates\shrunk_resources_binary_format\release\convertShrunkResourcesToBinaryRelease\output-metadata.json has been removed.
[        ]   Output property 'resourcesOutputDir' file C:\Users\Dyuthi\smartnotes\build\app\intermediates\shrunk_resources_binary_format\release\convertShrunkResourcesToBinaryRelease\shrunk-resources-binary-format-release.ap_ has been removed.
[        ] Resolve mutations for :app:optimizeReleaseResources (Thread[#530,Execution worker Thread 14,5,main]) started.
[        ] :app:optimizeReleaseResources (Thread[#530,Execution worker Thread 14,5,main]) started.
[  +92 ms] > Task :app:optimizeReleaseResources
[        ] Custom actions are attached to task ':app:optimizeReleaseResources'.
[        ] Caching disabled for task ':app:optimizeReleaseResources' because:
[        ]   Build cache is disabled
[        ] Task ':app:optimizeReleaseResources' is not up-to-date because:
[        ]   Output property 'optimizedProcessedRes' file C:\Users\Dyuthi\smartnotes\build\app\intermediates\optimized_processed_res\release\optimizeReleaseResources has been removed.
[        ]   Output property 'optimizedProcessedRes' file C:\Users\Dyuthi\smartnotes\build\app\intermediates\optimized_processed_res\release\optimizeReleaseResources\output-metadata.json has been removed.
[        ]   Output property 'optimizedProcessedRes' file C:\Users\Dyuthi\smartnotes\build\app\intermediates\optimized_processed_res\release\optimizeReleaseResources\resources-release-optimize.ap_ has been removed.
[+1595 ms] > Task :app:l8DexDesugarLibRelease
[        ] Caching disabled for task ':app:l8DexDesugarLibRelease' because:
[        ]   Build cache is disabled
[        ] Task ':app:l8DexDesugarLibRelease' is not up-to-date because:
[        ]   Output property 'desugarLibDex' file C:\Users\Dyuthi\smartnotes\build\app\intermediates\desugar_lib_dex\release\l8DexDesugarLibRelease has been removed.
[        ]   Output property 'desugarLibDex' file C:\Users\Dyuthi\smartnotes\build\app\intermediates\desugar_lib_dex\release\l8DexDesugarLibRelease\classes1000.dex has been removed.
[        ]   Output property 'keepRules' file C:\Users\Dyuthi\smartnotes\build\app\intermediates\desugar_lib_keep_rules\release\l8DexDesugarLibRelease\keep_rules.txt has been removed.
[        ]   and more...
[        ] Resolve mutations for :app:compileReleaseArtProfile (Thread[#516,included builds,5,main]) started.
[        ] :app:compileReleaseArtProfile (Thread[#516,included builds,5,main]) started.
[ +108 ms] > Task :app:compileReleaseArtProfile
[        ] Caching disabled for task ':app:compileReleaseArtProfile' because:
[        ]   Build cache is disabled
[        ] Task ':app:compileReleaseArtProfile' is not up-to-date because:
[        ]   Output property 'binaryArtProfile' file C:\Users\Dyuthi\smartnotes\build\app\intermediates\binary_art_profile\release\compileReleaseArtProfile\baseline.prof has been removed.
[        ]   Output property 'binaryArtProfileMetadata' file C:\Users\Dyuthi\smartnotes\build\app\intermediates\binary_art_profile_metadata\release\compileReleaseArtProfile\baseline.profm has been removed.
[        ]   Output property 'combinedArtProfile' file C:\Users\Dyuthi\smartnotes\build\app\intermediates\combined_art_profile\release\compileReleaseArtProfile\baseline-prof.txt has been removed.
[        ]   and more...
[        ] Resolve mutations for :app:packageRelease (Thread[#516,included builds,5,main]) started.
[        ] :app:packageRelease (Thread[#516,included builds,5,main]) started.
[ +299 ms] > Task :app:packageRelease
[        ] Custom actions are attached to task ':app:packageRelease'.
[        ] Caching disabled for task ':app:packageRelease' because:
[        ]   Build cache is disabled
[        ]   Caching has been disabled for the task
[        ] Task ':app:packageRelease' is not up-to-date because:
[        ]   Output property 'ideModelOutputFile' file C:\Users\Dyuthi\smartnotes\build\app\outputs\apk\release\output-metadata.json has been removed.
[        ]   Output property 'incrementalFolder' file C:\Users\Dyuthi\smartnotes\build\app\intermediates\incremental\packageRelease\tmp has been removed.
[        ]   Output property 'incrementalFolder' file C:\Users\Dyuthi\smartnotes\build\app\intermediates\incremental\packageRelease\tmp\release has been removed.
[        ]   and more...
[        ] The input changes require a full rebuild for incremental task ':app:packageRelease'.
[        ] Resolve mutations for :app:createReleaseApkListingFileRedirect (Thread[#516,included builds,5,main]) started.
[        ] :app:createReleaseApkListingFileRedirect (Thread[#516,included builds,5,main]) started.
[        ] > Task :app:createReleaseApkListingFileRedirect
[        ] Caching disabled for task ':app:createReleaseApkListingFileRedirect' because:
[        ]   Build cache is disabled
[        ]   Caching has been disabled for the task
[        ] Task ':app:createReleaseApkListingFileRedirect' is not up-to-date because:
[        ]   Output property 'redirectFile' file C:\Users\Dyuthi\smartnotes\build\app\intermediates\apk_ide_redirect_file\release\createReleaseApkListingFileRedirect\redirect.txt has been removed.
[        ] Resolve mutations for :app:assembleRelease (Thread[#516,included builds,5,main]) started.
[        ] :app:assembleRelease (Thread[#527,Execution worker Thread 11,5,main]) started.
[        ] > Task :app:assembleRelease
[        ] Caching disabled for task ':app:assembleRelease' because:
[        ]   Build cache is disabled
[        ] Task ':app:assembleRelease' is not up-to-date because:
[        ]   Task has not declared any outputs despite executing actions.
[ +189 ms] AAPT2 aapt2-8.11.1-12782657-windows Daemon #0: shutdown
[        ] AAPT2 aapt2-8.11.1-12782657-windows Daemon #1: shutdown
[        ] AAPT2 aapt2-8.11.1-12782657-windows Daemon #2: shutdown
[        ] AAPT2 aapt2-8.11.1-12782657-windows Daemon #3: shutdown
[        ] AAPT2 aapt2-8.11.1-12782657-windows Daemon #4: shutdown
[        ] AAPT2 aapt2-8.11.1-12782657-windows Daemon #5: shutdown
[        ] AAPT2 aapt2-8.11.1-12782657-windows Daemon #6: shutdown
[        ] AAPT2 aapt2-8.11.1-12782657-windows Daemon #7: shutdown
[        ] Android Lint: Disposing Uast application environment in lint classloaders [31.11.1_false, 31.11.1_true]
[        ] Build 68eaaf56-860e-48cd-b070-dde0e8eef6ea is closed
[        ] [Incubating] Problems report is available at: file:///C:/Users/Dyuthi/smartnotes/build/reports/problems/problems-report.html
[        ] Deprecated Gradle features were used in this build, making it incompatible with Gradle 9.0.
[        ] You can use '--warning-mode all' to show the individual deprecation warnings and determine if they come from your own scripts or plugins.
[        ] For more on this, please refer to https://docs.gradle.org/8.14/userguide/command_line_interface.html#sec:command_line_warnings in the Gradle documentation.
[        ] BUILD SUCCESSFUL in 55s
[        ] 342 actionable tasks: 304 executed, 38 up-to-date
[        ] Watched directory hierarchies: [C:\Users\Dyuthi\flutter\flutter\packages\flutter_tools\gradle, C:\Users\Dyuthi\smartnotes\android, C:\Users\Dyuthi\Downloads\flutter_windows_3.41.6-stable\flutter\packages\flutter_tools\gradle]
[  +60 ms] Running Gradle task 'assembleRelease'... (completed in 55.5s)
[   +2 ms] Calculate SHA1: LocalDirectory: 'C:\Users\Dyuthi\smartnotes\build\app\outputs\flutter-apk'/app-release.apk
[ +225 ms] ÔêÜ Built build\app\outputs\flutter-apk\app-release.apk (50.5MB)
[   +4 ms] "flutter apk" took 56,382ms.
[  +29 ms] Running 1 shutdown hook
[   +1 ms] Shutdown hooks complete
[ +122 ms] exiting with code 0
